cargo :    Compiling serde_core v1.0.228
At line:1 char:1
+ cargo test *> test_output.txt ; $LASTEXITCODE ; Get-Content test_outp ...
+ ~~~~~~~~~~~~~~~~~~~~~~~~~~~~~
    + CategoryInfo          : NotSpecified: (   Compiling serde_core v1.0.228: 
   String) [], RemoteException
    + FullyQualifiedErrorId : NativeCommandError
 
   Compiling itoa v1.0.18
   Compiling zmij v1.0.21
   Compiling memchr v2.8.0
   Compiling getrandom v0.2.17
   Compiling thiserror v1.0.69
   Compiling rand_core v0.6.4
   Compiling hashbrown v0.16.1
   Compiling ff v0.13.1
   Compiling group v0.13.0
   Compiling crypto-bigint v0.5.5
   Compiling signature v2.2.0
   Compiling indexmap v2.13.0
   Compiling num-traits v0.2.19
   Compiling zerocopy v0.8.47
   Compiling wasmparser v0.116.1
   Compiling serde v1.0.228
   Compiling serde_json v1.0.149
   Compiling hex v0.4.3
   Compiling serde_with v3.18.0
   Compiling crate-git-revision v0.0.6
   Compiling stellar-strkey v0.0.8
   Compiling stellar-xdr v21.2.0
   Compiling ppv-lite86 v0.2.21
   Compiling elliptic-curve v0.13.8
   Compiling sha2 v0.10.9
   Compiling curve25519-dalek v4.1.3
   Compiling derive_arbitrary v1.4.2
   Compiling ethnum v1.5.2
   Compiling arbitrary v1.3.2
   Compiling wasmi_core v0.13.0
   Compiling ecdsa v0.16.9
   Compiling soroban-env-common v21.2.1
   Compiling soroban-wasmi v0.31.1-soroban.20.0.1
   Compiling darling_core v0.20.11
error[E0433]: failed to resolve: could not find `details` in `arbitrary`
   --> C:\Users\pc\.cargo\registry\src\index.crates.io-1949cf8c6b5b557f\stellar
-xdr-21.2.0\src\curr\generated.rs:935:42
    |
935 | #[cfg_attr(feature = "arbitrary", derive(Arbitrary))]
    |                                          ^^^^^^^^^ could not find 
`details` in `arbitrary`
    |
    = note: this error originates in the derive macro `Arbitrary` (in Nightly 
builds, run with -Z macro-backtrace for more info)

error[E0407]: method `try_size_hint` is not a member of trait 
`arbitrary::Arbitrary`
   --> C:\Users\pc\.cargo\registry\src\index.crates.io-1949cf8c6b5b557f\stellar
-xdr-21.2.0\src\curr\generated.rs:935:42
    |
935 | #[cfg_attr(feature = "arbitrary", derive(Arbitrary))]
    |                                          ^^^^^^^^^
    |                                          |
    |                                          not a member of trait 
`arbitrary::Arbitrary`
    |                                          help: there is an associated 
function with a similar name: `size_hint`
    |
    = note: this error originates in the derive macro `Arbitrary` (in Nightly 
builds, run with -Z macro-backtrace for more info)

error[E0433]: failed to resolve: could not find `details` in `arbitrary`
    --> C:\Users\pc\.cargo\registry\src\index.crates.io-1949cf8c6b5b557f\stella
r-xdr-21.2.0\src\curr\generated.rs:1368:42
     |
1368 | #[cfg_attr(feature = "arbitrary", derive(Arbitrary))]
     |                                          ^^^^^^^^^ could not find 
`details` in `arbitrary`
     |
     = note: this error originates in the derive macro `Arbitrary` (in Nightly 
builds, run with -Z macro-backtrace for more info)

error[E0407]: method `try_size_hint` is not a member of trait 
`arbitrary::Arbitrary`
    --> C:\Users\pc\.cargo\registry\src\index.crates.io-1949cf8c6b5b557f\stella
r-xdr-21.2.0\src\curr\generated.rs:1368:42
     |
1368 | #[cfg_attr(feature = "arbitrary", derive(Arbitrary))]
     |                                          ^^^^^^^^^
     |                                          |
     |                                          not a member of trait 
`arbitrary::Arbitrary`
     |                                          help: there is an associated 
function with a similar name: `size_hint`
     |
     = note: this error originates in the derive macro `Arbitrary` (in Nightly 
builds, run with -Z macro-backtrace for more info)

error[E0433]: failed to resolve: could not find `details` in `arbitrary`
    --> C:\Users\pc\.cargo\registry\src\index.crates.io-1949cf8c6b5b557f\stella
r-xdr-21.2.0\src\curr\generated.rs:1783:42
     |
1783 | #[cfg_attr(feature = "arbitrary", derive(Arbitrary))]
     |                                          ^^^^^^^^^ could not find 
`details` in `arbitrary`
     |
     = note: this error originates in the derive macro `Arbitrary` (in Nightly 
builds, run with -Z macro-backtrace for more info)

error[E0407]: method `try_size_hint` is not a member of trait 
`arbitrary::Arbitrary`
    --> C:\Users\pc\.cargo\registry\src\index.crates.io-1949cf8c6b5b557f\stella
r-xdr-21.2.0\src\curr\generated.rs:1783:42
     |
1783 | #[cfg_attr(feature = "arbitrary", derive(Arbitrary))]
     |                                          ^^^^^^^^^
     |                                          |
     |                                          not a member of trait 
`arbitrary::Arbitrary`
     |                                          help: there is an associated 
function with a similar name: `size_hint`
     |
     = note: this error originates in the derive macro `Arbitrary` (in Nightly 
builds, run with -Z macro-backtrace for more info)

error[E0433]: failed to resolve: could not find `details` in `arbitrary`
    --> C:\Users\pc\.cargo\registry\src\index.crates.io-1949cf8c6b5b557f\stella
r-xdr-21.2.0\src\curr\generated.rs:2846:42
     |
2846 | #[cfg_attr(feature = "arbitrary", derive(Arbitrary))]
     |                                          ^^^^^^^^^ could not find 
`details` in `arbitrary`
     |
     = note: this error originates in the derive macro `Arbitrary` (in Nightly 
builds, run with -Z macro-backtrace for more info)

error[E0407]: method `try_size_hint` is not a member of trait 
`arbitrary::Arbitrary`
    --> C:\Users\pc\.cargo\registry\src\index.crates.io-1949cf8c6b5b557f\stella
r-xdr-21.2.0\src\curr\generated.rs:2846:42
     |
2846 | #[cfg_attr(feature = "arbitrary", derive(Arbitrary))]
     |                                          ^^^^^^^^^
     |                                          |
     |                                          not a member of trait 
`arbitrary::Arbitrary`
     |                                          help: there is an associated 
function with a similar name: `size_hint`
     |
     = note: this error originates in the derive macro `Arbitrary` (in Nightly 
builds, run with -Z macro-backtrace for more info)

error[E0433]: failed to resolve: could not find `details` in `arbitrary`
    --> C:\Users\pc\.cargo\registry\src\index.crates.io-1949cf8c6b5b557f\stella
r-xdr-21.2.0\src\curr\generated.rs:2956:42
     |
2956 | #[cfg_attr(feature = "arbitrary", derive(Arbitrary))]
     |                                          ^^^^^^^^^ could not find 
`details` in `arbitrary`
     |
     = note: this error originates in the derive macro `Arbitrary` (in Nightly 
builds, run with -Z macro-backtrace for more info)

error[E0407]: method `try_size_hint` is not a member of trait 
`arbitrary::Arbitrary`
    --> C:\Users\pc\.cargo\registry\src\index.crates.io-1949cf8c6b5b557f\stella
r-xdr-21.2.0\src\curr\generated.rs:2956:42
     |
2956 | #[cfg_attr(feature = "arbitrary", derive(Arbitrary))]
     |                                          ^^^^^^^^^
     |                                          |
     |                                          not a member of trait 
`arbitrary::Arbitrary`
     |                                          help: there is an associated 
function with a similar name: `size_hint`
     |
     = note: this error originates in the derive macro `Arbitrary` (in Nightly 
builds, run with -Z macro-backtrace for more info)

error[E0433]: failed to resolve: could not find `details` in `arbitrary`
    --> C:\Users\pc\.cargo\registry\src\index.crates.io-1949cf8c6b5b557f\stella
r-xdr-21.2.0\src\curr\generated.rs:3122:42
     |
3122 | #[cfg_attr(feature = "arbitrary", derive(Arbitrary))]
     |                                          ^^^^^^^^^ could not find 
`details` in `arbitrary`
     |
     = note: this error originates in the derive macro `Arbitrary` (in Nightly 
builds, run with -Z macro-backtrace for more info)

error[E0407]: method `try_size_hint` is not a member of trait 
`arbitrary::Arbitrary`
    --> C:\Users\pc\.cargo\registry\src\index.crates.io-1949cf8c6b5b557f\stella
r-xdr-21.2.0\src\curr\generated.rs:3122:42
     |
3122 | #[cfg_attr(feature = "arbitrary", derive(Arbitrary))]
     |                                          ^^^^^^^^^
     |                                          |
     |                                          not a member of trait 
`arbitrary::Arbitrary`
     |                                          help: there is an associated 
function with a similar name: `size_hint`
     |
     = note: this error originates in the derive macro `Arbitrary` (in Nightly 
builds, run with -Z macro-backtrace for more info)

error[E0433]: failed to resolve: could not find `details` in `arbitrary`
    --> C:\Users\pc\.cargo\registry\src\index.crates.io-1949cf8c6b5b557f\stella
r-xdr-21.2.0\src\curr\generated.rs:3175:42
     |
3175 | #[cfg_attr(feature = "arbitrary", derive(Arbitrary))]
     |                                          ^^^^^^^^^ could not find 
`details` in `arbitrary`
     |
     = note: this error originates in the derive macro `Arbitrary` (in Nightly 
builds, run with -Z macro-backtrace for more info)

error[E0407]: method `try_size_hint` is not a member of trait 
`arbitrary::Arbitrary`
    --> C:\Users\pc\.cargo\registry\src\index.crates.io-1949cf8c6b5b557f\stella
r-xdr-21.2.0\src\curr\generated.rs:3175:42
     |
3175 | #[cfg_attr(feature = "arbitrary", derive(Arbitrary))]
     |                                          ^^^^^^^^^
     |                                          |
     |                                          not a member of trait 
`arbitrary::Arbitrary`
     |                                          help: there is an associated 
function with a similar name: `size_hint`
     |
     = note: this error originates in the derive macro `Arbitrary` (in Nightly 
builds, run with -Z macro-backtrace for more info)

error[E0433]: failed to resolve: could not find `details` in `arbitrary`
    --> C:\Users\pc\.cargo\registry\src\index.crates.io-1949cf8c6b5b557f\stella
r-xdr-21.2.0\src\curr\generated.rs:3236:42
     |
3236 | #[cfg_attr(feature = "arbitrary", derive(Arbitrary))]
     |                                          ^^^^^^^^^ could not find 
`details` in `arbitrary`
     |
     = note: this error originates in the derive macro `Arbitrary` (in Nightly 
builds, run with -Z macro-backtrace for more info)

error[E0407]: method `try_size_hint` is not a member of trait 
`arbitrary::Arbitrary`
    --> C:\Users\pc\.cargo\registry\src\index.crates.io-1949cf8c6b5b557f\stella
r-xdr-21.2.0\src\curr\generated.rs:3236:42
     |
3236 | #[cfg_attr(feature = "arbitrary", derive(Arbitrary))]
     |                                          ^^^^^^^^^
     |                                          |
     |                                          not a member of trait 
`arbitrary::Arbitrary`
     |                                          help: there is an associated 
function with a similar name: `size_hint`
     |
     = note: this error originates in the derive macro `Arbitrary` (in Nightly 
builds, run with -Z macro-backtrace for more info)

error[E0433]: failed to resolve: could not find `details` in `arbitrary`
    --> C:\Users\pc\.cargo\registry\src\index.crates.io-1949cf8c6b5b557f\stella
r-xdr-21.2.0\src\curr\generated.rs:3292:42
     |
3292 | #[cfg_attr(feature = "arbitrary", derive(Arbitrary))]
     |                                          ^^^^^^^^^ could not find 
`details` in `arbitrary`
     |
     = note: this error originates in the derive macro `Arbitrary` (in Nightly 
builds, run with -Z macro-backtrace for more info)

error[E0407]: method `try_size_hint` is not a member of trait 
`arbitrary::Arbitrary`
    --> C:\Users\pc\.cargo\registry\src\index.crates.io-1949cf8c6b5b557f\stella
r-xdr-21.2.0\src\curr\generated.rs:3292:42
     |
3292 | #[cfg_attr(feature = "arbitrary", derive(Arbitrary))]
     |                                          ^^^^^^^^^
     |                                          |
     |                                          not a member of trait 
`arbitrary::Arbitrary`
     |                                          help: there is an associated 
function with a similar name: `size_hint`
     |
     = note: this error originates in the derive macro `Arbitrary` (in Nightly 
builds, run with -Z macro-backtrace for more info)

error[E0433]: failed to resolve: could not find `details` in `arbitrary`
    --> C:\Users\pc\.cargo\registry\src\index.crates.io-1949cf8c6b5b557f\stella
r-xdr-21.2.0\src\curr\generated.rs:3368:42
     |
3368 | #[cfg_attr(feature = "arbitrary", derive(Arbitrary))]
     |                                          ^^^^^^^^^ could not find 
`details` in `arbitrary`
     |
     = note: this error originates in the derive macro `Arbitrary` (in Nightly 
builds, run with -Z macro-backtrace for more info)

error[E0407]: method `try_size_hint` is not a member of trait 
`arbitrary::Arbitrary`
    --> C:\Users\pc\.cargo\registry\src\index.crates.io-1949cf8c6b5b557f\stella
r-xdr-21.2.0\src\curr\generated.rs:3368:42
     |
3368 | #[cfg_attr(feature = "arbitrary", derive(Arbitrary))]
     |                                          ^^^^^^^^^
     |                                          |
     |                                          not a member of trait 
`arbitrary::Arbitrary`
     |                                          help: there is an associated 
function with a similar name: `size_hint`
     |
     = note: this error originates in the derive macro `Arbitrary` (in Nightly 
builds, run with -Z macro-backtrace for more info)

error[E0433]: failed to resolve: could not find `details` in `arbitrary`
    --> C:\Users\pc\.cargo\registry\src\index.crates.io-1949cf8c6b5b557f\stella
r-xdr-21.2.0\src\curr\generated.rs:3523:42
     |
3523 | #[cfg_attr(feature = "arbitrary", derive(Arbitrary))]
     |                                          ^^^^^^^^^ could not find 
`details` in `arbitrary`
     |
     = note: this error originates in the derive macro `Arbitrary` (in Nightly 
builds, run with -Z macro-backtrace for more info)

error[E0407]: method `try_size_hint` is not a member of trait 
`arbitrary::Arbitrary`
    --> C:\Users\pc\.cargo\registry\src\index.crates.io-1949cf8c6b5b557f\stella
r-xdr-21.2.0\src\curr\generated.rs:3523:42
     |
3523 | #[cfg_attr(feature = "arbitrary", derive(Arbitrary))]
     |                                          ^^^^^^^^^
     |                                          |
     |                                          not a member of trait 
`arbitrary::Arbitrary`
     |                                          help: there is an associated 
function with a similar name: `size_hint`
     |
     = note: this error originates in the derive macro `Arbitrary` (in Nightly 
builds, run with -Z macro-backtrace for more info)

error[E0433]: failed to resolve: could not find `details` in `arbitrary`
    --> C:\Users\pc\.cargo\registry\src\index.crates.io-1949cf8c6b5b557f\stella
r-xdr-21.2.0\src\curr\generated.rs:3572:42
     |
3572 | #[cfg_attr(feature = "arbitrary", derive(Arbitrary))]
     |                                          ^^^^^^^^^ could not find 
`details` in `arbitrary`
     |
     = note: this error originates in the derive macro `Arbitrary` (in Nightly 
builds, run with -Z macro-backtrace for more info)

error[E0407]: method `try_size_hint` is not a member of trait 
`arbitrary::Arbitrary`
    --> C:\Users\pc\.cargo\registry\src\index.crates.io-1949cf8c6b5b557f\stella
r-xdr-21.2.0\src\curr\generated.rs:3572:42
     |
3572 | #[cfg_attr(feature = "arbitrary", derive(Arbitrary))]
     |                                          ^^^^^^^^^
     |                                          |
     |                                          not a member of trait 
`arbitrary::Arbitrary`
     |                                          help: there is an associated 
function with a similar name: `size_hint`
     |
     = note: this error originates in the derive macro `Arbitrary` (in Nightly 
builds, run with -Z macro-backtrace for more info)

error[E0433]: failed to resolve: could not find `details` in `arbitrary`
    --> C:\Users\pc\.cargo\registry\src\index.crates.io-1949cf8c6b5b557f\stella
r-xdr-21.2.0\src\curr\generated.rs:3619:42
     |
3619 | #[cfg_attr(feature = "arbitrary", derive(Arbitrary))]
     |                                          ^^^^^^^^^ could not find 
`details` in `arbitrary`
     |
     = note: this error originates in the derive macro `Arbitrary` (in Nightly 
builds, run with -Z macro-backtrace for more info)

error[E0407]: method `try_size_hint` is not a member of trait 
`arbitrary::Arbitrary`
    --> C:\Users\pc\.cargo\registry\src\index.crates.io-1949cf8c6b5b557f\stella
r-xdr-21.2.0\src\curr\generated.rs:3619:42
     |
3619 | #[cfg_attr(feature = "arbitrary", derive(Arbitrary))]
     |                                          ^^^^^^^^^
     |                                          |
     |                                          not a member of trait 
`arbitrary::Arbitrary`
     |                                          help: there is an associated 
function with a similar name: `size_hint`
     |
     = note: this error originates in the derive macro `Arbitrary` (in Nightly 
builds, run with -Z macro-backtrace for more info)

error[E0433]: failed to resolve: could not find `details` in `arbitrary`
    --> C:\Users\pc\.cargo\registry\src\index.crates.io-1949cf8c6b5b557f\stella
r-xdr-21.2.0\src\curr\generated.rs:3668:42
     |
3668 | #[cfg_attr(feature = "arbitrary", derive(Arbitrary))]
     |                                          ^^^^^^^^^ could not find 
`details` in `arbitrary`
     |
     = note: this error originates in the derive macro `Arbitrary` (in Nightly 
builds, run with -Z macro-backtrace for more info)

error[E0407]: method `try_size_hint` is not a member of trait 
`arbitrary::Arbitrary`
    --> C:\Users\pc\.cargo\registry\src\index.crates.io-1949cf8c6b5b557f\stella
r-xdr-21.2.0\src\curr\generated.rs:3668:42
     |
3668 | #[cfg_attr(feature = "arbitrary", derive(Arbitrary))]
     |                                          ^^^^^^^^^
     |                                          |
     |                                          not a member of trait 
`arbitrary::Arbitrary`
     |                                          help: there is an associated 
function with a similar name: `size_hint`
     |
     = note: this error originates in the derive macro `Arbitrary` (in Nightly 
builds, run with -Z macro-backtrace for more info)

error[E0433]: failed to resolve: could not find `details` in `arbitrary`
    --> C:\Users\pc\.cargo\registry\src\index.crates.io-1949cf8c6b5b557f\stella
r-xdr-21.2.0\src\curr\generated.rs:3719:42
     |
3719 | #[cfg_attr(feature = "arbitrary", derive(Arbitrary))]
     |                                          ^^^^^^^^^ could not find 
`details` in `arbitrary`
     |
     = note: this error originates in the derive macro `Arbitrary` (in Nightly 
builds, run with -Z macro-backtrace for more info)

error[E0407]: method `try_size_hint` is not a member of trait 
`arbitrary::Arbitrary`
    --> C:\Users\pc\.cargo\registry\src\index.crates.io-1949cf8c6b5b557f\stella
r-xdr-21.2.0\src\curr\generated.rs:3719:42
     |
3719 | #[cfg_attr(feature = "arbitrary", derive(Arbitrary))]
     |                                          ^^^^^^^^^
     |                                          |
     |                                          not a member of trait 
`arbitrary::Arbitrary`
     |                                          help: there is an associated 
function with a similar name: `size_hint`
     |
     = note: this error originates in the derive macro `Arbitrary` (in Nightly 
builds, run with -Z macro-backtrace for more info)

error[E0433]: failed to resolve: could not find `details` in `arbitrary`
    --> C:\Users\pc\.cargo\registry\src\index.crates.io-1949cf8c6b5b557f\stella
r-xdr-21.2.0\src\curr\generated.rs:3801:42
     |
3801 | #[cfg_attr(feature = "arbitrary", derive(Arbitrary))]
     |                                          ^^^^^^^^^ could not find 
`details` in `arbitrary`
     |
     = note: this error originates in the derive macro `Arbitrary` (in Nightly 
builds, run with -Z macro-backtrace for more info)

error[E0407]: method `try_size_hint` is not a member of trait 
`arbitrary::Arbitrary`
    --> C:\Users\pc\.cargo\registry\src\index.crates.io-1949cf8c6b5b557f\stella
r-xdr-21.2.0\src\curr\generated.rs:3801:42
     |
3801 | #[cfg_attr(feature = "arbitrary", derive(Arbitrary))]
     |                                          ^^^^^^^^^
     |                                          |
     |                                          not a member of trait 
`arbitrary::Arbitrary`
     |                                          help: there is an associated 
function with a similar name: `size_hint`
     |
     = note: this error originates in the derive macro `Arbitrary` (in Nightly 
builds, run with -Z macro-backtrace for more info)

error[E0433]: failed to resolve: could not find `details` in `arbitrary`
    --> C:\Users\pc\.cargo\registry\src\index.crates.io-1949cf8c6b5b557f\stella
r-xdr-21.2.0\src\curr\generated.rs:3885:42
     |
3885 | #[cfg_attr(feature = "arbitrary", derive(Arbitrary))]
     |                                          ^^^^^^^^^ could not find 
`details` in `arbitrary`
     |
     = note: this error originates in the derive macro `Arbitrary` (in Nightly 
builds, run with -Z macro-backtrace for more info)

error[E0407]: method `try_size_hint` is not a member of trait 
`arbitrary::Arbitrary`
    --> C:\Users\pc\.cargo\registry\src\index.crates.io-1949cf8c6b5b557f\stella
r-xdr-21.2.0\src\curr\generated.rs:3885:42
     |
3885 | #[cfg_attr(feature = "arbitrary", derive(Arbitrary))]
     |                                          ^^^^^^^^^
     |                                          |
     |                                          not a member of trait 
`arbitrary::Arbitrary`
     |                                          help: there is an associated 
function with a similar name: `size_hint`
     |
     = note: this error originates in the derive macro `Arbitrary` (in Nightly 
builds, run with -Z macro-backtrace for more info)

error[E0433]: failed to resolve: could not find `details` in `arbitrary`
    --> C:\Users\pc\.cargo\registry\src\index.crates.io-1949cf8c6b5b557f\stella
r-xdr-21.2.0\src\curr\generated.rs:3930:42
     |
3930 | #[cfg_attr(feature = "arbitrary", derive(Arbitrary))]
     |                                          ^^^^^^^^^ could not find 
`details` in `arbitrary`
     |
     = note: this error originates in the derive macro `Arbitrary` (in Nightly 
builds, run with -Z macro-backtrace for more info)

error[E0407]: method `try_size_hint` is not a member of trait 
`arbitrary::Arbitrary`
    --> C:\Users\pc\.cargo\registry\src\index.crates.io-1949cf8c6b5b557f\stella
r-xdr-21.2.0\src\curr\generated.rs:3930:42
     |
3930 | #[cfg_attr(feature = "arbitrary", derive(Arbitrary))]
     |                                          ^^^^^^^^^
     |                                          |
     |                                          not a member of trait 
`arbitrary::Arbitrary`
     |                                          help: there is an associated 
function with a similar name: `size_hint`
     |
     = note: this error originates in the derive macro `Arbitrary` (in Nightly 
builds, run with -Z macro-backtrace for more info)

error[E0433]: failed to resolve: could not find `details` in `arbitrary`
    --> C:\Users\pc\.cargo\registry\src\index.crates.io-1949cf8c6b5b557f\stella
r-xdr-21.2.0\src\curr\generated.rs:3981:42
     |
3981 | #[cfg_attr(feature = "arbitrary", derive(Arbitrary))]
     |                                          ^^^^^^^^^ could not find 
`details` in `arbitrary`
     |
     = note: this error originates in the derive macro `Arbitrary` (in Nightly 
builds, run with -Z macro-backtrace for more info)

error[E0407]: method `try_size_hint` is not a member of trait 
`arbitrary::Arbitrary`
    --> C:\Users\pc\.cargo\registry\src\index.crates.io-1949cf8c6b5b557f\stella
r-xdr-21.2.0\src\curr\generated.rs:3981:42
     |
3981 | #[cfg_attr(feature = "arbitrary", derive(Arbitrary))]
     |                                          ^^^^^^^^^
     |                                          |
     |                                          not a member of trait 
`arbitrary::Arbitrary`
     |                                          help: there is an associated 
function with a similar name: `size_hint`
     |
     = note: this error originates in the derive macro `Arbitrary` (in Nightly 
builds, run with -Z macro-backtrace for more info)

error[E0433]: failed to resolve: could not find `details` in `arbitrary`
    --> C:\Users\pc\.cargo\registry\src\index.crates.io-1949cf8c6b5b557f\stella
r-xdr-21.2.0\src\curr\generated.rs:4455:42
     |
4455 | #[cfg_attr(feature = "arbitrary", derive(Arbitrary))]
     |                                          ^^^^^^^^^ could not find 
`details` in `arbitrary`
     |
     = note: this error originates in the derive macro `Arbitrary` (in Nightly 
builds, run with -Z macro-backtrace for more info)

error[E0407]: method `try_size_hint` is not a member of trait 
`arbitrary::Arbitrary`
    --> C:\Users\pc\.cargo\registry\src\index.crates.io-1949cf8c6b5b557f\stella
r-xdr-21.2.0\src\curr\generated.rs:4455:42
     |
4455 | #[cfg_attr(feature = "arbitrary", derive(Arbitrary))]
     |                                          ^^^^^^^^^
     |                                          |
     |                                          not a member of trait 
`arbitrary::Arbitrary`
     |                                          help: there is an associated 
function with a similar name: `size_hint`
     |
     = note: this error originates in the derive macro `Arbitrary` (in Nightly 
builds, run with -Z macro-backtrace for more info)

error[E0433]: failed to resolve: could not find `details` in `arbitrary`
    --> C:\Users\pc\.cargo\registry\src\index.crates.io-1949cf8c6b5b557f\stella
r-xdr-21.2.0\src\curr\generated.rs:4523:42
     |
4523 | #[cfg_attr(feature = "arbitrary", derive(Arbitrary))]
     |                                          ^^^^^^^^^ could not find 
`details` in `arbitrary`
     |
     = note: this error originates in the derive macro `Arbitrary` (in Nightly 
builds, run with -Z macro-backtrace for more info)

error[E0407]: method `try_size_hint` is not a member of trait 
`arbitrary::Arbitrary`
    --> C:\Users\pc\.cargo\registry\src\index.crates.io-1949cf8c6b5b557f\stella
r-xdr-21.2.0\src\curr\generated.rs:4523:42
     |
4523 | #[cfg_attr(feature = "arbitrary", derive(Arbitrary))]
     |                                          ^^^^^^^^^
     |                                          |
     |                                          not a member of trait 
`arbitrary::Arbitrary`
     |                                          help: there is an associated 
function with a similar name: `size_hint`
     |
     = note: this error originates in the derive macro `Arbitrary` (in Nightly 
builds, run with -Z macro-backtrace for more info)

error[E0433]: failed to resolve: could not find `details` in `arbitrary`
    --> C:\Users\pc\.cargo\registry\src\index.crates.io-1949cf8c6b5b557f\stella
r-xdr-21.2.0\src\curr\generated.rs:4593:42
     |
4593 | #[cfg_attr(feature = "arbitrary", derive(Arbitrary))]
     |                                          ^^^^^^^^^ could not find 
`details` in `arbitrary`
     |
     = note: this error originates in the derive macro `Arbitrary` (in Nightly 
builds, run with -Z macro-backtrace for more info)

error[E0407]: method `try_size_hint` is not a member of trait 
`arbitrary::Arbitrary`
    --> C:\Users\pc\.cargo\registry\src\index.crates.io-1949cf8c6b5b557f\stella
r-xdr-21.2.0\src\curr\generated.rs:4593:42
     |
4593 | #[cfg_attr(feature = "arbitrary", derive(Arbitrary))]
     |                                          ^^^^^^^^^
     |                                          |
     |                                          not a member of trait 
`arbitrary::Arbitrary`
     |                                          help: there is an associated 
function with a similar name: `size_hint`
     |
     = note: this error originates in the derive macro `Arbitrary` (in Nightly 
builds, run with -Z macro-backtrace for more info)

error[E0433]: failed to resolve: could not find `details` in `arbitrary`
    --> C:\Users\pc\.cargo\registry\src\index.crates.io-1949cf8c6b5b557f\stella
r-xdr-21.2.0\src\curr\generated.rs:4646:42
     |
4646 | #[cfg_attr(feature = "arbitrary", derive(Arbitrary))]
     |                                          ^^^^^^^^^ could not find 
`details` in `arbitrary`
     |
     = note: this error originates in the derive macro `Arbitrary` (in Nightly 
builds, run with -Z macro-backtrace for more info)

error[E0407]: method `try_size_hint` is not a member of trait 
`arbitrary::Arbitrary`
    --> C:\Users\pc\.cargo\registry\src\index.crates.io-1949cf8c6b5b557f\stella
r-xdr-21.2.0\src\curr\generated.rs:4646:42
     |
4646 | #[cfg_attr(feature = "arbitrary", derive(Arbitrary))]
     |                                          ^^^^^^^^^
     |                                          |
     |                                          not a member of trait 
`arbitrary::Arbitrary`
     |                                          help: there is an associated 
function with a similar name: `size_hint`
     |
     = note: this error originates in the derive macro `Arbitrary` (in Nightly 
builds, run with -Z macro-backtrace for more info)

error[E0433]: failed to resolve: could not find `details` in `arbitrary`
    --> C:\Users\pc\.cargo\registry\src\index.crates.io-1949cf8c6b5b557f\stella
r-xdr-21.2.0\src\curr\generated.rs:4967:42
     |
4967 | #[cfg_attr(feature = "arbitrary", derive(Arbitrary))]
     |                                          ^^^^^^^^^ could not find 
`details` in `arbitrary`
     |
     = note: this error originates in the derive macro `Arbitrary` (in Nightly 
builds, run with -Z macro-backtrace for more info)

error[E0407]: method `try_size_hint` is not a member of trait 
`arbitrary::Arbitrary`
    --> C:\Users\pc\.cargo\registry\src\index.crates.io-1949cf8c6b5b557f\stella
r-xdr-21.2.0\src\curr\generated.rs:4967:42
     |
4967 | #[cfg_attr(feature = "arbitrary", derive(Arbitrary))]
     |                                          ^^^^^^^^^
     |                                          |
     |                                          not a member of trait 
`arbitrary::Arbitrary`
     |                                          help: there is an associated 
function with a similar name: `size_hint`
     |
     = note: this error originates in the derive macro `Arbitrary` (in Nightly 
builds, run with -Z macro-backtrace for more info)

error[E0433]: failed to resolve: could not find `details` in `arbitrary`
    --> C:\Users\pc\.cargo\registry\src\index.crates.io-1949cf8c6b5b557f\stella
r-xdr-21.2.0\src\curr\generated.rs:5297:42
     |
5297 | #[cfg_attr(feature = "arbitrary", derive(Arbitrary))]
     |                                          ^^^^^^^^^ could not find 
`details` in `arbitrary`
     |
     = note: this error originates in the derive macro `Arbitrary` (in Nightly 
builds, run with -Z macro-backtrace for more info)

error[E0407]: method `try_size_hint` is not a member of trait 
`arbitrary::Arbitrary`
    --> C:\Users\pc\.cargo\registry\src\index.crates.io-1949cf8c6b5b557f\stella
r-xdr-21.2.0\src\curr\generated.rs:5297:42
     |
5297 | #[cfg_attr(feature = "arbitrary", derive(Arbitrary))]
     |                                          ^^^^^^^^^
     |                                          |
     |                                          not a member of trait 
`arbitrary::Arbitrary`
     |                                          help: there is an associated 
function with a similar name: `size_hint`
     |
     = note: this error originates in the derive macro `Arbitrary` (in Nightly 
builds, run with -Z macro-backtrace for more info)

error[E0433]: failed to resolve: could not find `details` in `arbitrary`
    --> C:\Users\pc\.cargo\registry\src\index.crates.io-1949cf8c6b5b557f\stella
r-xdr-21.2.0\src\curr\generated.rs:5399:42
     |
5399 | #[cfg_attr(feature = "arbitrary", derive(Arbitrary))]
     |                                          ^^^^^^^^^ could not find 
`details` in `arbitrary`
     |
     = note: this error originates in the derive macro `Arbitrary` (in Nightly 
builds, run with -Z macro-backtrace for more info)

error[E0407]: method `try_size_hint` is not a member of trait 
`arbitrary::Arbitrary`
    --> C:\Users\pc\.cargo\registry\src\index.crates.io-1949cf8c6b5b557f\stella
r-xdr-21.2.0\src\curr\generated.rs:5399:42
     |
5399 | #[cfg_attr(feature = "arbitrary", derive(Arbitrary))]
     |                                          ^^^^^^^^^
     |                                          |
     |                                          not a member of trait 
`arbitrary::Arbitrary`
     |                                          help: there is an associated 
function with a similar name: `size_hint`
     |
     = note: this error originates in the derive macro `Arbitrary` (in Nightly 
builds, run with -Z macro-backtrace for more info)

error[E0433]: failed to resolve: could not find `details` in `arbitrary`
    --> C:\Users\pc\.cargo\registry\src\index.crates.io-1949cf8c6b5b557f\stella
r-xdr-21.2.0\src\curr\generated.rs:5548:42
     |
5548 | #[cfg_attr(feature = "arbitrary", derive(Arbitrary))]
     |                                          ^^^^^^^^^ could not find 
`details` in `arbitrary`
     |
     = note: this error originates in the derive macro `Arbitrary` (in Nightly 
builds, run with -Z macro-backtrace for more info)

error[E0407]: method `try_size_hint` is not a member of trait 
`arbitrary::Arbitrary`
    --> C:\Users\pc\.cargo\registry\src\index.crates.io-1949cf8c6b5b557f\stella
r-xdr-21.2.0\src\curr\generated.rs:5548:42
     |
5548 | #[cfg_attr(feature = "arbitrary", derive(Arbitrary))]
     |                                          ^^^^^^^^^
     |                                          |
     |                                          not a member of trait 
`arbitrary::Arbitrary`
     |                                          help: there is an associated 
function with a similar name: `size_hint`
     |
     = note: this error originates in the derive macro `Arbitrary` (in Nightly 
builds, run with -Z macro-backtrace for more info)

error[E0433]: failed to resolve: could not find `details` in `arbitrary`
    --> C:\Users\pc\.cargo\registry\src\index.crates.io-1949cf8c6b5b557f\stella
r-xdr-21.2.0\src\curr\generated.rs:5911:42
     |
5911 | #[cfg_attr(feature = "arbitrary", derive(Arbitrary))]
     |                                          ^^^^^^^^^ could not find 
`details` in `arbitrary`
     |
     = note: this error originates in the derive macro `Arbitrary` (in Nightly 
builds, run with -Z macro-backtrace for more info)

error[E0407]: method `try_size_hint` is not a member of trait 
`arbitrary::Arbitrary`
    --> C:\Users\pc\.cargo\registry\src\index.crates.io-1949cf8c6b5b557f\stella
r-xdr-21.2.0\src\curr\generated.rs:5911:42
     |
5911 | #[cfg_attr(feature = "arbitrary", derive(Arbitrary))]
     |                                          ^^^^^^^^^
     |                                          |
     |                                          not a member of trait 
`arbitrary::Arbitrary`
     |                                          help: there is an associated 
function with a similar name: `size_hint`
     |
     = note: this error originates in the derive macro `Arbitrary` (in Nightly 
builds, run with -Z macro-backtrace for more info)

error[E0433]: failed to resolve: could not find `details` in `arbitrary`
    --> C:\Users\pc\.cargo\registry\src\index.crates.io-1949cf8c6b5b557f\stella
r-xdr-21.2.0\src\curr\generated.rs:5954:42
     |
5954 | #[cfg_attr(feature = "arbitrary", derive(Arbitrary))]
     |                                          ^^^^^^^^^ could not find 
`details` in `arbitrary`
     |
     = note: this error originates in the derive macro `Arbitrary` (in Nightly 
builds, run with -Z macro-backtrace for more info)

error[E0407]: method `try_size_hint` is not a member of trait 
`arbitrary::Arbitrary`
    --> C:\Users\pc\.cargo\registry\src\index.crates.io-1949cf8c6b5b557f\stella
r-xdr-21.2.0\src\curr\generated.rs:5954:42
     |
5954 | #[cfg_attr(feature = "arbitrary", derive(Arbitrary))]
     |                                          ^^^^^^^^^
     |                                          |
     |                                          not a member of trait 
`arbitrary::Arbitrary`
     |                                          help: there is an associated 
function with a similar name: `size_hint`
     |
     = note: this error originates in the derive macro `Arbitrary` (in Nightly 
builds, run with -Z macro-backtrace for more info)

error[E0433]: failed to resolve: could not find `details` in `arbitrary`
    --> C:\Users\pc\.cargo\registry\src\index.crates.io-1949cf8c6b5b557f\stella
r-xdr-21.2.0\src\curr\generated.rs:5999:42
     |
5999 | #[cfg_attr(feature = "arbitrary", derive(Arbitrary))]
     |                                          ^^^^^^^^^ could not find 
`details` in `arbitrary`
     |
     = note: this error originates in the derive macro `Arbitrary` (in Nightly 
builds, run with -Z macro-backtrace for more info)

error[E0407]: method `try_size_hint` is not a member of trait 
`arbitrary::Arbitrary`
    --> C:\Users\pc\.cargo\registry\src\index.crates.io-1949cf8c6b5b557f\stella
r-xdr-21.2.0\src\curr\generated.rs:5999:42
     |
5999 | #[cfg_attr(feature = "arbitrary", derive(Arbitrary))]
     |                                          ^^^^^^^^^
     |                                          |
     |                                          not a member of trait 
`arbitrary::Arbitrary`
     |                                          help: there is an associated 
function with a similar name: `size_hint`
     |
     = note: this error originates in the derive macro `Arbitrary` (in Nightly 
builds, run with -Z macro-backtrace for more info)

error[E0433]: failed to resolve: could not find `details` in `arbitrary`
    --> C:\Users\pc\.cargo\registry\src\index.crates.io-1949cf8c6b5b557f\stella
r-xdr-21.2.0\src\curr\generated.rs:6042:42
     |
6042 | #[cfg_attr(feature = "arbitrary", derive(Arbitrary))]
     |                                          ^^^^^^^^^ could not find 
`details` in `arbitrary`
     |
     = note: this error originates in the derive macro `Arbitrary` (in Nightly 
builds, run with -Z macro-backtrace for more info)

error[E0407]: method `try_size_hint` is not a member of trait 
`arbitrary::Arbitrary`
    --> C:\Users\pc\.cargo\registry\src\index.crates.io-1949cf8c6b5b557f\stella
r-xdr-21.2.0\src\curr\generated.rs:6042:42
     |
6042 | #[cfg_attr(feature = "arbitrary", derive(Arbitrary))]
     |                                          ^^^^^^^^^
     |                                          |
     |                                          not a member of trait 
`arbitrary::Arbitrary`
     |                                          help: there is an associated 
function with a similar name: `size_hint`
     |
     = note: this error originates in the derive macro `Arbitrary` (in Nightly 
builds, run with -Z macro-backtrace for more info)

error[E0433]: failed to resolve: could not find `details` in `arbitrary`
    --> C:\Users\pc\.cargo\registry\src\index.crates.io-1949cf8c6b5b557f\stella
r-xdr-21.2.0\src\curr\generated.rs:6087:42
     |
6087 | #[cfg_attr(feature = "arbitrary", derive(Arbitrary))]
     |                                          ^^^^^^^^^ could not find 
`details` in `arbitrary`
     |
     = note: this error originates in the derive macro `Arbitrary` (in Nightly 
builds, run with -Z macro-backtrace for more info)

error[E0407]: method `try_size_hint` is not a member of trait 
`arbitrary::Arbitrary`
    --> C:\Users\pc\.cargo\registry\src\index.crates.io-1949cf8c6b5b557f\stella
r-xdr-21.2.0\src\curr\generated.rs:6087:42
     |
6087 | #[cfg_attr(feature = "arbitrary", derive(Arbitrary))]
     |                                          ^^^^^^^^^
     |                                          |
     |                                          not a member of trait 
`arbitrary::Arbitrary`
     |                                          help: there is an associated 
function with a similar name: `size_hint`
     |
     = note: this error originates in the derive macro `Arbitrary` (in Nightly 
builds, run with -Z macro-backtrace for more info)

error[E0433]: failed to resolve: could not find `details` in `arbitrary`
    --> C:\Users\pc\.cargo\registry\src\index.crates.io-1949cf8c6b5b557f\stella
r-xdr-21.2.0\src\curr\generated.rs:6129:42
     |
6129 | #[cfg_attr(feature = "arbitrary", derive(Arbitrary))]
     |                                          ^^^^^^^^^ could not find 
`details` in `arbitrary`
     |
     = note: this error originates in the derive macro `Arbitrary` (in Nightly 
builds, run with -Z macro-backtrace for more info)

error[E0407]: method `try_size_hint` is not a member of trait 
`arbitrary::Arbitrary`
    --> C:\Users\pc\.cargo\registry\src\index.crates.io-1949cf8c6b5b557f\stella
r-xdr-21.2.0\src\curr\generated.rs:6129:42
     |
6129 | #[cfg_attr(feature = "arbitrary", derive(Arbitrary))]
     |                                          ^^^^^^^^^
     |                                          |
     |                                          not a member of trait 
`arbitrary::Arbitrary`
     |                                          help: there is an associated 
function with a similar name: `size_hint`
     |
     = note: this error originates in the derive macro `Arbitrary` (in Nightly 
builds, run with -Z macro-backtrace for more info)

error[E0433]: failed to resolve: could not find `details` in `arbitrary`
    --> C:\Users\pc\.cargo\registry\src\index.crates.io-1949cf8c6b5b557f\stella
r-xdr-21.2.0\src\curr\generated.rs:6171:42
     |
6171 | #[cfg_attr(feature = "arbitrary", derive(Arbitrary))]
     |                                          ^^^^^^^^^ could not find 
`details` in `arbitrary`
     |
     = note: this error originates in the derive macro `Arbitrary` (in Nightly 
builds, run with -Z macro-backtrace for more info)

error[E0407]: method `try_size_hint` is not a member of trait 
`arbitrary::Arbitrary`
    --> C:\Users\pc\.cargo\registry\src\index.crates.io-1949cf8c6b5b557f\stella
r-xdr-21.2.0\src\curr\generated.rs:6171:42
     |
6171 | #[cfg_attr(feature = "arbitrary", derive(Arbitrary))]
     |                                          ^^^^^^^^^
     |                                          |
     |                                          not a member of trait 
`arbitrary::Arbitrary`
     |                                          help: there is an associated 
function with a similar name: `size_hint`
     |
     = note: this error originates in the derive macro `Arbitrary` (in Nightly 
builds, run with -Z macro-backtrace for more info)

error[E0433]: failed to resolve: could not find `details` in `arbitrary`
    --> C:\Users\pc\.cargo\registry\src\index.crates.io-1949cf8c6b5b557f\stella
r-xdr-21.2.0\src\curr\generated.rs:6246:42
     |
6246 | #[cfg_attr(feature = "arbitrary", derive(Arbitrary))]
     |                                          ^^^^^^^^^ could not find 
`details` in `arbitrary`
     |
     = note: this error originates in the derive macro `Arbitrary` (in Nightly 
builds, run with -Z macro-backtrace for more info)

error[E0407]: method `try_size_hint` is not a member of trait 
`arbitrary::Arbitrary`
    --> C:\Users\pc\.cargo\registry\src\index.crates.io-1949cf8c6b5b557f\stella
r-xdr-21.2.0\src\curr\generated.rs:6246:42
     |
6246 | #[cfg_attr(feature = "arbitrary", derive(Arbitrary))]
     |                                          ^^^^^^^^^
     |                                          |
     |                                          not a member of trait 
`arbitrary::Arbitrary`
     |                                          help: there is an associated 
function with a similar name: `size_hint`
     |
     = note: this error originates in the derive macro `Arbitrary` (in Nightly 
builds, run with -Z macro-backtrace for more info)

error[E0433]: failed to resolve: could not find `details` in `arbitrary`
    --> C:\Users\pc\.cargo\registry\src\index.crates.io-1949cf8c6b5b557f\stella
r-xdr-21.2.0\src\curr\generated.rs:6519:42
     |
6519 | #[cfg_attr(feature = "arbitrary", derive(Arbitrary))]
     |                                          ^^^^^^^^^ could not find 
`details` in `arbitrary`
     |
     = note: this error originates in the derive macro `Arbitrary` (in Nightly 
builds, run with -Z macro-backtrace for more info)

error[E0407]: method `try_size_hint` is not a member of trait 
`arbitrary::Arbitrary`
    --> C:\Users\pc\.cargo\registry\src\index.crates.io-1949cf8c6b5b557f\stella
r-xdr-21.2.0\src\curr\generated.rs:6519:42
     |
6519 | #[cfg_attr(feature = "arbitrary", derive(Arbitrary))]
     |                                          ^^^^^^^^^
     |                                          |
     |                                          not a member of trait 
`arbitrary::Arbitrary`
     |                                          help: there is an associated 
function with a similar name: `size_hint`
     |
     = note: this error originates in the derive macro `Arbitrary` (in Nightly 
builds, run with -Z macro-backtrace for more info)

error[E0433]: failed to resolve: could not find `details` in `arbitrary`
    --> C:\Users\pc\.cargo\registry\src\index.crates.io-1949cf8c6b5b557f\stella
r-xdr-21.2.0\src\curr\generated.rs:6570:42
     |
6570 | #[cfg_attr(feature = "arbitrary", derive(Arbitrary))]
     |                                          ^^^^^^^^^ could not find 
`details` in `arbitrary`
     |
     = note: this error originates in the derive macro `Arbitrary` (in Nightly 
builds, run with -Z macro-backtrace for more info)

error[E0407]: method `try_size_hint` is not a member of trait 
`arbitrary::Arbitrary`
    --> C:\Users\pc\.cargo\registry\src\index.crates.io-1949cf8c6b5b557f\stella
r-xdr-21.2.0\src\curr\generated.rs:6570:42
     |
6570 | #[cfg_attr(feature = "arbitrary", derive(Arbitrary))]
     |                                          ^^^^^^^^^
     |                                          |
     |                                          not a member of trait 
`arbitrary::Arbitrary`
     |                                          help: there is an associated 
function with a similar name: `size_hint`
     |
     = note: this error originates in the derive macro `Arbitrary` (in Nightly 
builds, run with -Z macro-backtrace for more info)

error[E0433]: failed to resolve: could not find `details` in `arbitrary`
    --> C:\Users\pc\.cargo\registry\src\index.crates.io-1949cf8c6b5b557f\stella
r-xdr-21.2.0\src\curr\generated.rs:6622:42
     |
6622 | #[cfg_attr(feature = "arbitrary", derive(Arbitrary))]
     |                                          ^^^^^^^^^ could not find 
`details` in `arbitrary`
     |
     = note: this error originates in the derive macro `Arbitrary` (in Nightly 
builds, run with -Z macro-backtrace for more info)

error[E0407]: method `try_size_hint` is not a member of trait 
`arbitrary::Arbitrary`
    --> C:\Users\pc\.cargo\registry\src\index.crates.io-1949cf8c6b5b557f\stella
r-xdr-21.2.0\src\curr\generated.rs:6622:42
     |
6622 | #[cfg_attr(feature = "arbitrary", derive(Arbitrary))]
     |                                          ^^^^^^^^^
     |                                          |
     |                                          not a member of trait 
`arbitrary::Arbitrary`
     |                                          help: there is an associated 
function with a similar name: `size_hint`
     |
     = note: this error originates in the derive macro `Arbitrary` (in Nightly 
builds, run with -Z macro-backtrace for more info)

error[E0433]: failed to resolve: could not find `details` in `arbitrary`
    --> C:\Users\pc\.cargo\registry\src\index.crates.io-1949cf8c6b5b557f\stella
r-xdr-21.2.0\src\curr\generated.rs:6669:42
     |
6669 | #[cfg_attr(feature = "arbitrary", derive(Arbitrary))]
     |                                          ^^^^^^^^^ could not find 
`details` in `arbitrary`
     |
     = note: this error originates in the derive macro `Arbitrary` (in Nightly 
builds, run with -Z macro-backtrace for more info)

error[E0407]: method `try_size_hint` is not a member of trait 
`arbitrary::Arbitrary`
    --> C:\Users\pc\.cargo\registry\src\index.crates.io-1949cf8c6b5b557f\stella
r-xdr-21.2.0\src\curr\generated.rs:6669:42
     |
6669 | #[cfg_attr(feature = "arbitrary", derive(Arbitrary))]
     |                                          ^^^^^^^^^
     |                                          |
     |                                          not a member of trait 
`arbitrary::Arbitrary`
     |                                          help: there is an associated 
function with a similar name: `size_hint`
     |
     = note: this error originates in the derive macro `Arbitrary` (in Nightly 
builds, run with -Z macro-backtrace for more info)

error[E0433]: failed to resolve: could not find `details` in `arbitrary`
    --> C:\Users\pc\.cargo\registry\src\index.crates.io-1949cf8c6b5b557f\stella
r-xdr-21.2.0\src\curr\generated.rs:6830:42
     |
6830 | #[cfg_attr(feature = "arbitrary", derive(Arbitrary))]
     |                                          ^^^^^^^^^ could not find 
`details` in `arbitrary`
     |
     = note: this error originates in the derive macro `Arbitrary` (in Nightly 
builds, run with -Z macro-backtrace for more info)

error[E0407]: method `try_size_hint` is not a member of trait 
`arbitrary::Arbitrary`
    --> C:\Users\pc\.cargo\registry\src\index.crates.io-1949cf8c6b5b557f\stella
r-xdr-21.2.0\src\curr\generated.rs:6830:42
     |
6830 | #[cfg_attr(feature = "arbitrary", derive(Arbitrary))]
     |                                          ^^^^^^^^^
     |                                          |
     |                                          not a member of trait 
`arbitrary::Arbitrary`
     |                                          help: there is an associated 
function with a similar name: `size_hint`
     |
     = note: this error originates in the derive macro `Arbitrary` (in Nightly 
builds, run with -Z macro-backtrace for more info)

error[E0433]: failed to resolve: could not find `details` in `arbitrary`
    --> C:\Users\pc\.cargo\registry\src\index.crates.io-1949cf8c6b5b557f\stella
r-xdr-21.2.0\src\curr\generated.rs:6944:42
     |
6944 | #[cfg_attr(feature = "arbitrary", derive(Arbitrary))]
     |                                          ^^^^^^^^^ could not find 
`details` in `arbitrary`
     |
     = note: this error originates in the derive macro `Arbitrary` (in Nightly 
builds, run with -Z macro-backtrace for more info)

error[E0407]: method `try_size_hint` is not a member of trait 
`arbitrary::Arbitrary`
    --> C:\Users\pc\.cargo\registry\src\index.crates.io-1949cf8c6b5b557f\stella
r-xdr-21.2.0\src\curr\generated.rs:6944:42
     |
6944 | #[cfg_attr(feature = "arbitrary", derive(Arbitrary))]
     |                                          ^^^^^^^^^
     |                                          |
     |                                          not a member of trait 
`arbitrary::Arbitrary`
     |                                          help: there is an associated 
function with a similar name: `size_hint`
     |
     = note: this error originates in the derive macro `Arbitrary` (in Nightly 
builds, run with -Z macro-backtrace for more info)

error[E0433]: failed to resolve: could not find `details` in `arbitrary`
    --> C:\Users\pc\.cargo\registry\src\index.crates.io-1949cf8c6b5b557f\stella
r-xdr-21.2.0\src\curr\generated.rs:6997:42
     |
6997 | #[cfg_attr(feature = "arbitrary", derive(Arbitrary))]
     |                                          ^^^^^^^^^ could not find 
`details` in `arbitrary`
     |
     = note: this error originates in the derive macro `Arbitrary` (in Nightly 
builds, run with -Z macro-backtrace for more info)

error[E0407]: method `try_size_hint` is not a member of trait 
`arbitrary::Arbitrary`
    --> C:\Users\pc\.cargo\registry\src\index.crates.io-1949cf8c6b5b557f\stella
r-xdr-21.2.0\src\curr\generated.rs:6997:42
     |
6997 | #[cfg_attr(feature = "arbitrary", derive(Arbitrary))]
     |                                          ^^^^^^^^^
     |                                          |
     |                                          not a member of trait 
`arbitrary::Arbitrary`
     |                                          help: there is an associated 
function with a similar name: `size_hint`
     |
     = note: this error originates in the derive macro `Arbitrary` (in Nightly 
builds, run with -Z macro-backtrace for more info)

error[E0433]: failed to resolve: could not find `details` in `arbitrary`
    --> C:\Users\pc\.cargo\registry\src\index.crates.io-1949cf8c6b5b557f\stella
r-xdr-21.2.0\src\curr\generated.rs:7048:42
     |
7048 | #[cfg_attr(feature = "arbitrary", derive(Arbitrary))]
     |                                          ^^^^^^^^^ could not find 
`details` in `arbitrary`
     |
     = note: this error originates in the derive macro `Arbitrary` (in Nightly 
builds, run with -Z macro-backtrace for more info)

error[E0407]: method `try_size_hint` is not a member of trait 
`arbitrary::Arbitrary`
    --> C:\Users\pc\.cargo\registry\src\index.crates.io-1949cf8c6b5b557f\stella
r-xdr-21.2.0\src\curr\generated.rs:7048:42
     |
7048 | #[cfg_attr(feature = "arbitrary", derive(Arbitrary))]
     |                                          ^^^^^^^^^
     |                                          |
     |                                          not a member of trait 
`arbitrary::Arbitrary`
     |                                          help: there is an associated 
function with a similar name: `size_hint`
     |
     = note: this error originates in the derive macro `Arbitrary` (in Nightly 
builds, run with -Z macro-backtrace for more info)

error[E0433]: failed to resolve: could not find `details` in `arbitrary`
    --> C:\Users\pc\.cargo\registry\src\index.crates.io-1949cf8c6b5b557f\stella
r-xdr-21.2.0\src\curr\generated.rs:7101:42
     |
7101 | #[cfg_attr(feature = "arbitrary", derive(Arbitrary))]
     |                                          ^^^^^^^^^ could not find 
`details` in `arbitrary`
     |
     = note: this error originates in the derive macro `Arbitrary` (in Nightly 
builds, run with -Z macro-backtrace for more info)

error[E0407]: method `try_size_hint` is not a member of trait 
`arbitrary::Arbitrary`
    --> C:\Users\pc\.cargo\registry\src\index.crates.io-1949cf8c6b5b557f\stella
r-xdr-21.2.0\src\curr\generated.rs:7101:42
     |
7101 | #[cfg_attr(feature = "arbitrary", derive(Arbitrary))]
     |                                          ^^^^^^^^^
     |                                          |
     |                                          not a member of trait 
`arbitrary::Arbitrary`
     |                                          help: there is an associated 
function with a similar name: `size_hint`
     |
     = note: this error originates in the derive macro `Arbitrary` (in Nightly 
builds, run with -Z macro-backtrace for more info)

error[E0433]: failed to resolve: could not find `details` in `arbitrary`
    --> C:\Users\pc\.cargo\registry\src\index.crates.io-1949cf8c6b5b557f\stella
r-xdr-21.2.0\src\curr\generated.rs:7152:42
     |
7152 | #[cfg_attr(feature = "arbitrary", derive(Arbitrary))]
     |                                          ^^^^^^^^^ could not find 
`details` in `arbitrary`
     |
     = note: this error originates in the derive macro `Arbitrary` (in Nightly 
builds, run with -Z macro-backtrace for more info)

error[E0407]: method `try_size_hint` is not a member of trait 
`arbitrary::Arbitrary`
    --> C:\Users\pc\.cargo\registry\src\index.crates.io-1949cf8c6b5b557f\stella
r-xdr-21.2.0\src\curr\generated.rs:7152:42
     |
7152 | #[cfg_attr(feature = "arbitrary", derive(Arbitrary))]
     |                                          ^^^^^^^^^
     |                                          |
     |                                          not a member of trait 
`arbitrary::Arbitrary`
     |                                          help: there is an associated 
function with a similar name: `size_hint`
     |
     = note: this error originates in the derive macro `Arbitrary` (in Nightly 
builds, run with -Z macro-backtrace for more info)

error[E0433]: failed to resolve: could not find `details` in `arbitrary`
    --> C:\Users\pc\.cargo\registry\src\index.crates.io-1949cf8c6b5b557f\stella
r-xdr-21.2.0\src\curr\generated.rs:7205:42
     |
7205 | #[cfg_attr(feature = "arbitrary", derive(Arbitrary))]
     |                                          ^^^^^^^^^ could not find 
`details` in `arbitrary`
     |
     = note: this error originates in the derive macro `Arbitrary` (in Nightly 
builds, run with -Z macro-backtrace for more info)

error[E0407]: method `try_size_hint` is not a member of trait 
`arbitrary::Arbitrary`
    --> C:\Users\pc\.cargo\registry\src\index.crates.io-1949cf8c6b5b557f\stella
r-xdr-21.2.0\src\curr\generated.rs:7205:42
     |
7205 | #[cfg_attr(feature = "arbitrary", derive(Arbitrary))]
     |                                          ^^^^^^^^^
     |                                          |
     |                                          not a member of trait 
`arbitrary::Arbitrary`
     |                                          help: there is an associated 
function with a similar name: `size_hint`
     |
     = note: this error originates in the derive macro `Arbitrary` (in Nightly 
builds, run with -Z macro-backtrace for more info)

error[E0433]: failed to resolve: could not find `details` in `arbitrary`
    --> C:\Users\pc\.cargo\registry\src\index.crates.io-1949cf8c6b5b557f\stella
r-xdr-21.2.0\src\curr\generated.rs:7256:42
     |
7256 | #[cfg_attr(feature = "arbitrary", derive(Arbitrary))]
     |                                          ^^^^^^^^^ could not find 
`details` in `arbitrary`
     |
     = note: this error originates in the derive macro `Arbitrary` (in Nightly 
builds, run with -Z macro-backtrace for more info)

error[E0407]: method `try_size_hint` is not a member of trait 
`arbitrary::Arbitrary`
    --> C:\Users\pc\.cargo\registry\src\index.crates.io-1949cf8c6b5b557f\stella
r-xdr-21.2.0\src\curr\generated.rs:7256:42
     |
7256 | #[cfg_attr(feature = "arbitrary", derive(Arbitrary))]
     |                                          ^^^^^^^^^
     |                                          |
     |                                          not a member of trait 
`arbitrary::Arbitrary`
     |                                          help: there is an associated 
function with a similar name: `size_hint`
     |
     = note: this error originates in the derive macro `Arbitrary` (in Nightly 
builds, run with -Z macro-backtrace for more info)

error[E0433]: failed to resolve: could not find `details` in `arbitrary`
    --> C:\Users\pc\.cargo\registry\src\index.crates.io-1949cf8c6b5b557f\stella
r-xdr-21.2.0\src\curr\generated.rs:7447:42
     |
7447 | #[cfg_attr(feature = "arbitrary", derive(Arbitrary))]
     |                                          ^^^^^^^^^ could not find 
`details` in `arbitrary`
     |
     = note: this error originates in the derive macro `Arbitrary` (in Nightly 
builds, run with -Z macro-backtrace for more info)

error[E0407]: method `try_size_hint` is not a member of trait 
`arbitrary::Arbitrary`
    --> C:\Users\pc\.cargo\registry\src\index.crates.io-1949cf8c6b5b557f\stella
r-xdr-21.2.0\src\curr\generated.rs:7447:42
     |
7447 | #[cfg_attr(feature = "arbitrary", derive(Arbitrary))]
     |                                          ^^^^^^^^^
     |                                          |
     |                                          not a member of trait 
`arbitrary::Arbitrary`
     |                                          help: there is an associated 
function with a similar name: `size_hint`
     |
     = note: this error originates in the derive macro `Arbitrary` (in Nightly 
builds, run with -Z macro-backtrace for more info)

error[E0433]: failed to resolve: could not find `details` in `arbitrary`
    --> C:\Users\pc\.cargo\registry\src\index.crates.io-1949cf8c6b5b557f\stella
r-xdr-21.2.0\src\curr\generated.rs:8165:42
     |
8165 | #[cfg_attr(feature = "arbitrary", derive(Arbitrary))]
     |                                          ^^^^^^^^^ could not find 
`details` in `arbitrary`
     |
     = note: this error originates in the derive macro `Arbitrary` (in Nightly 
builds, run with -Z macro-backtrace for more info)

error[E0407]: method `try_size_hint` is not a member of trait 
`arbitrary::Arbitrary`
    --> C:\Users\pc\.cargo\registry\src\index.crates.io-1949cf8c6b5b557f\stella
r-xdr-21.2.0\src\curr\generated.rs:8165:42
     |
8165 | #[cfg_attr(feature = "arbitrary", derive(Arbitrary))]
     |                                          ^^^^^^^^^
     |                                          |
     |                                          not a member of trait 
`arbitrary::Arbitrary`
     |                                          help: there is an associated 
function with a similar name: `size_hint`
     |
     = note: this error originates in the derive macro `Arbitrary` (in Nightly 
builds, run with -Z macro-backtrace for more info)

error[E0433]: failed to resolve: could not find `details` in `arbitrary`
    --> C:\Users\pc\.cargo\registry\src\index.crates.io-1949cf8c6b5b557f\stella
r-xdr-21.2.0\src\curr\generated.rs:8323:42
     |
8323 | #[cfg_attr(feature = "arbitrary", derive(Arbitrary))]
     |                                          ^^^^^^^^^ could not find 
`details` in `arbitrary`
     |
     = note: this error originates in the derive macro `Arbitrary` (in Nightly 
builds, run with -Z macro-backtrace for more info)

error[E0407]: method `try_size_hint` is not a member of trait 
`arbitrary::Arbitrary`
    --> C:\Users\pc\.cargo\registry\src\index.crates.io-1949cf8c6b5b557f\stella
r-xdr-21.2.0\src\curr\generated.rs:8323:42
     |
8323 | #[cfg_attr(feature = "arbitrary", derive(Arbitrary))]
     |                                          ^^^^^^^^^
     |                                          |
     |                                          not a member of trait 
`arbitrary::Arbitrary`
     |                                          help: there is an associated 
function with a similar name: `size_hint`
     |
     = note: this error originates in the derive macro `Arbitrary` (in Nightly 
builds, run with -Z macro-backtrace for more info)

error[E0433]: failed to resolve: could not find `details` in `arbitrary`
    --> C:\Users\pc\.cargo\registry\src\index.crates.io-1949cf8c6b5b557f\stella
r-xdr-21.2.0\src\curr\generated.rs:8368:42
     |
8368 | #[cfg_attr(feature = "arbitrary", derive(Arbitrary))]
     |                                          ^^^^^^^^^ could not find 
`details` in `arbitrary`
     |
     = note: this error originates in the derive macro `Arbitrary` (in Nightly 
builds, run with -Z macro-backtrace for more info)

error[E0407]: method `try_size_hint` is not a member of trait 
`arbitrary::Arbitrary`
    --> C:\Users\pc\.cargo\registry\src\index.crates.io-1949cf8c6b5b557f\stella
r-xdr-21.2.0\src\curr\generated.rs:8368:42
     |
8368 | #[cfg_attr(feature = "arbitrary", derive(Arbitrary))]
     |                                          ^^^^^^^^^
     |                                          |
     |                                          not a member of trait 
`arbitrary::Arbitrary`
     |                                          help: there is an associated 
function with a similar name: `size_hint`
     |
     = note: this error originates in the derive macro `Arbitrary` (in Nightly 
builds, run with -Z macro-backtrace for more info)

error[E0433]: failed to resolve: could not find `details` in `arbitrary`
    --> C:\Users\pc\.cargo\registry\src\index.crates.io-1949cf8c6b5b557f\stella
r-xdr-21.2.0\src\curr\generated.rs:8415:42
     |
8415 | #[cfg_attr(feature = "arbitrary", derive(Arbitrary))]
     |                                          ^^^^^^^^^ could not find 
`details` in `arbitrary`
     |
     = note: this error originates in the derive macro `Arbitrary` (in Nightly 
builds, run with -Z macro-backtrace for more info)

error[E0407]: method `try_size_hint` is not a member of trait 
`arbitrary::Arbitrary`
    --> C:\Users\pc\.cargo\registry\src\index.crates.io-1949cf8c6b5b557f\stella
r-xdr-21.2.0\src\curr\generated.rs:8415:42
     |
8415 | #[cfg_attr(feature = "arbitrary", derive(Arbitrary))]
     |                                          ^^^^^^^^^
     |                                          |
     |                                          not a member of trait 
`arbitrary::Arbitrary`
     |                                          help: there is an associated 
function with a similar name: `size_hint`
     |
     = note: this error originates in the derive macro `Arbitrary` (in Nightly 
builds, run with -Z macro-backtrace for more info)

error[E0433]: failed to resolve: could not find `details` in `arbitrary`
    --> C:\Users\pc\.cargo\registry\src\index.crates.io-1949cf8c6b5b557f\stella
r-xdr-21.2.0\src\curr\generated.rs:8468:42
     |
8468 | #[cfg_attr(feature = "arbitrary", derive(Arbitrary))]
     |                                          ^^^^^^^^^ could not find 
`details` in `arbitrary`
     |
     = note: this error originates in the derive macro `Arbitrary` (in Nightly 
builds, run with -Z macro-backtrace for more info)

error[E0407]: method `try_size_hint` is not a member of trait 
`arbitrary::Arbitrary`
    --> C:\Users\pc\.cargo\registry\src\index.crates.io-1949cf8c6b5b557f\stella
r-xdr-21.2.0\src\curr\generated.rs:8468:42
     |
8468 | #[cfg_attr(feature = "arbitrary", derive(Arbitrary))]
     |                                          ^^^^^^^^^
     |                                          |
     |                                          not a member of trait 
`arbitrary::Arbitrary`
     |                                          help: there is an associated 
function with a similar name: `size_hint`
     |
     = note: this error originates in the derive macro `Arbitrary` (in Nightly 
builds, run with -Z macro-backtrace for more info)

error[E0433]: failed to resolve: could not find `details` in `arbitrary`
    --> C:\Users\pc\.cargo\registry\src\index.crates.io-1949cf8c6b5b557f\stella
r-xdr-21.2.0\src\curr\generated.rs:8632:42
     |
8632 | #[cfg_attr(feature = "arbitrary", derive(Arbitrary))]
     |                                          ^^^^^^^^^ could not find 
`details` in `arbitrary`
     |
     = note: this error originates in the derive macro `Arbitrary` (in Nightly 
builds, run with -Z macro-backtrace for more info)

error[E0407]: method `try_size_hint` is not a member of trait 
`arbitrary::Arbitrary`
    --> C:\Users\pc\.cargo\registry\src\index.crates.io-1949cf8c6b5b557f\stella
r-xdr-21.2.0\src\curr\generated.rs:8632:42
     |
8632 | #[cfg_attr(feature = "arbitrary", derive(Arbitrary))]
     |                                          ^^^^^^^^^
     |                                          |
     |                                          not a member of trait 
`arbitrary::Arbitrary`
     |                                          help: there is an associated 
function with a similar name: `size_hint`
     |
     = note: this error originates in the derive macro `Arbitrary` (in Nightly 
builds, run with -Z macro-backtrace for more info)

error[E0433]: failed to resolve: could not find `details` in `arbitrary`
    --> C:\Users\pc\.cargo\registry\src\index.crates.io-1949cf8c6b5b557f\stella
r-xdr-21.2.0\src\curr\generated.rs:8849:42
     |
8849 | #[cfg_attr(feature = "arbitrary", derive(Arbitrary))]
     |                                          ^^^^^^^^^ could not find 
`details` in `arbitrary`
     |
     = note: this error originates in the derive macro `Arbitrary` (in Nightly 
builds, run with -Z macro-backtrace for more info)

error[E0407]: method `try_size_hint` is not a member of trait 
`arbitrary::Arbitrary`
    --> C:\Users\pc\.cargo\registry\src\index.crates.io-1949cf8c6b5b557f\stella
r-xdr-21.2.0\src\curr\generated.rs:8849:42
     |
8849 | #[cfg_attr(feature = "arbitrary", derive(Arbitrary))]
     |                                          ^^^^^^^^^
     |                                          |
     |                                          not a member of trait 
`arbitrary::Arbitrary`
     |                                          help: there is an associated 
function with a similar name: `size_hint`
     |
     = note: this error originates in the derive macro `Arbitrary` (in Nightly 
builds, run with -Z macro-backtrace for more info)

error[E0433]: failed to resolve: could not find `details` in `arbitrary`
    --> C:\Users\pc\.cargo\registry\src\index.crates.io-1949cf8c6b5b557f\stella
r-xdr-21.2.0\src\curr\generated.rs:8956:42
     |
8956 | #[cfg_attr(feature = "arbitrary", derive(Arbitrary))]
     |                                          ^^^^^^^^^ could not find 
`details` in `arbitrary`
     |
     = note: this error originates in the derive macro `Arbitrary` (in Nightly 
builds, run with -Z macro-backtrace for more info)

error[E0407]: method `try_size_hint` is not a member of trait 
`arbitrary::Arbitrary`
    --> C:\Users\pc\.cargo\registry\src\index.crates.io-1949cf8c6b5b557f\stella
r-xdr-21.2.0\src\curr\generated.rs:8956:42
     |
8956 | #[cfg_attr(feature = "arbitrary", derive(Arbitrary))]
     |                                          ^^^^^^^^^
     |                                          |
     |                                          not a member of trait 
`arbitrary::Arbitrary`
     |                                          help: there is an associated 
function with a similar name: `size_hint`
     |
     = note: this error originates in the derive macro `Arbitrary` (in Nightly 
builds, run with -Z macro-backtrace for more info)

error[E0433]: failed to resolve: could not find `details` in `arbitrary`
    --> C:\Users\pc\.cargo\registry\src\index.crates.io-1949cf8c6b5b557f\stella
r-xdr-21.2.0\src\curr\generated.rs:9062:42
     |
9062 | #[cfg_attr(feature = "arbitrary", derive(Arbitrary))]
     |                                          ^^^^^^^^^ could not find 
`details` in `arbitrary`
     |
     = note: this error originates in the derive macro `Arbitrary` (in Nightly 
builds, run with -Z macro-backtrace for more info)

error[E0407]: method `try_size_hint` is not a member of trait 
`arbitrary::Arbitrary`
    --> C:\Users\pc\.cargo\registry\src\index.crates.io-1949cf8c6b5b557f\stella
r-xdr-21.2.0\src\curr\generated.rs:9062:42
     |
9062 | #[cfg_attr(feature = "arbitrary", derive(Arbitrary))]
     |                                          ^^^^^^^^^
     |                                          |
     |                                          not a member of trait 
`arbitrary::Arbitrary`
     |                                          help: there is an associated 
function with a similar name: `size_hint`
     |
     = note: this error originates in the derive macro `Arbitrary` (in Nightly 
builds, run with -Z macro-backtrace for more info)

error[E0433]: failed to resolve: could not find `details` in `arbitrary`
    --> C:\Users\pc\.cargo\registry\src\index.crates.io-1949cf8c6b5b557f\stella
r-xdr-21.2.0\src\curr\generated.rs:9168:42
     |
9168 | #[cfg_attr(feature = "arbitrary", derive(Arbitrary))]
     |                                          ^^^^^^^^^ could not find 
`details` in `arbitrary`
     |
     = note: this error originates in the derive macro `Arbitrary` (in Nightly 
builds, run with -Z macro-backtrace for more info)

error[E0407]: method `try_size_hint` is not a member of trait 
`arbitrary::Arbitrary`
    --> C:\Users\pc\.cargo\registry\src\index.crates.io-1949cf8c6b5b557f\stella
r-xdr-21.2.0\src\curr\generated.rs:9168:42
     |
9168 | #[cfg_attr(feature = "arbitrary", derive(Arbitrary))]
     |                                          ^^^^^^^^^
     |                                          |
     |                                          not a member of trait 
`arbitrary::Arbitrary`
     |                                          help: there is an associated 
function with a similar name: `size_hint`
     |
     = note: this error originates in the derive macro `Arbitrary` (in Nightly 
builds, run with -Z macro-backtrace for more info)

error[E0433]: failed to resolve: could not find `details` in `arbitrary`
    --> C:\Users\pc\.cargo\registry\src\index.crates.io-1949cf8c6b5b557f\stella
r-xdr-21.2.0\src\curr\generated.rs:9274:42
     |
9274 | #[cfg_attr(feature = "arbitrary", derive(Arbitrary))]
     |                                          ^^^^^^^^^ could not find 
`details` in `arbitrary`
     |
     = note: this error originates in the derive macro `Arbitrary` (in Nightly 
builds, run with -Z macro-backtrace for more info)

error[E0407]: method `try_size_hint` is not a member of trait 
`arbitrary::Arbitrary`
    --> C:\Users\pc\.cargo\registry\src\index.crates.io-1949cf8c6b5b557f\stella
r-xdr-21.2.0\src\curr\generated.rs:9274:42
     |
9274 | #[cfg_attr(feature = "arbitrary", derive(Arbitrary))]
     |                                          ^^^^^^^^^
     |                                          |
     |                                          not a member of trait 
`arbitrary::Arbitrary`
     |                                          help: there is an associated 
function with a similar name: `size_hint`
     |
     = note: this error originates in the derive macro `Arbitrary` (in Nightly 
builds, run with -Z macro-backtrace for more info)

error[E0433]: failed to resolve: could not find `details` in `arbitrary`
    --> C:\Users\pc\.cargo\registry\src\index.crates.io-1949cf8c6b5b557f\stella
r-xdr-21.2.0\src\curr\generated.rs:9380:42
     |
9380 | #[cfg_attr(feature = "arbitrary", derive(Arbitrary))]
     |                                          ^^^^^^^^^ could not find 
`details` in `arbitrary`
     |
     = note: this error originates in the derive macro `Arbitrary` (in Nightly 
builds, run with -Z macro-backtrace for more info)

error[E0407]: method `try_size_hint` is not a member of trait 
`arbitrary::Arbitrary`
    --> C:\Users\pc\.cargo\registry\src\index.crates.io-1949cf8c6b5b557f\stella
r-xdr-21.2.0\src\curr\generated.rs:9380:42
     |
9380 | #[cfg_attr(feature = "arbitrary", derive(Arbitrary))]
     |                                          ^^^^^^^^^
     |                                          |
     |                                          not a member of trait 
`arbitrary::Arbitrary`
     |                                          help: there is an associated 
function with a similar name: `size_hint`
     |
     = note: this error originates in the derive macro `Arbitrary` (in Nightly 
builds, run with -Z macro-backtrace for more info)

error[E0433]: failed to resolve: could not find `details` in `arbitrary`
    --> C:\Users\pc\.cargo\registry\src\index.crates.io-1949cf8c6b5b557f\stella
r-xdr-21.2.0\src\curr\generated.rs:9488:42
     |
9488 | #[cfg_attr(feature = "arbitrary", derive(Arbitrary))]
     |                                          ^^^^^^^^^ could not find 
`details` in `arbitrary`
     |
     = note: this error originates in the derive macro `Arbitrary` (in Nightly 
builds, run with -Z macro-backtrace for more info)

error[E0407]: method `try_size_hint` is not a member of trait 
`arbitrary::Arbitrary`
    --> C:\Users\pc\.cargo\registry\src\index.crates.io-1949cf8c6b5b557f\stella
r-xdr-21.2.0\src\curr\generated.rs:9488:42
     |
9488 | #[cfg_attr(feature = "arbitrary", derive(Arbitrary))]
     |                                          ^^^^^^^^^
     |                                          |
     |                                          not a member of trait 
`arbitrary::Arbitrary`
     |                                          help: there is an associated 
function with a similar name: `size_hint`
     |
     = note: this error originates in the derive macro `Arbitrary` (in Nightly 
builds, run with -Z macro-backtrace for more info)

error[E0433]: failed to resolve: could not find `details` in `arbitrary`
    --> C:\Users\pc\.cargo\registry\src\index.crates.io-1949cf8c6b5b557f\stella
r-xdr-21.2.0\src\curr\generated.rs:9530:42
     |
9530 | #[cfg_attr(feature = "arbitrary", derive(Arbitrary))]
     |                                          ^^^^^^^^^ could not find 
`details` in `arbitrary`
     |
     = note: this error originates in the derive macro `Arbitrary` (in Nightly 
builds, run with -Z macro-backtrace for more info)

error[E0407]: method `try_size_hint` is not a member of trait 
`arbitrary::Arbitrary`
    --> C:\Users\pc\.cargo\registry\src\index.crates.io-1949cf8c6b5b557f\stella
r-xdr-21.2.0\src\curr\generated.rs:9530:42
     |
9530 | #[cfg_attr(feature = "arbitrary", derive(Arbitrary))]
     |                                          ^^^^^^^^^
     |                                          |
     |                                          not a member of trait 
`arbitrary::Arbitrary`
     |                                          help: there is an associated 
function with a similar name: `size_hint`
     |
     = note: this error originates in the derive macro `Arbitrary` (in Nightly 
builds, run with -Z macro-backtrace for more info)

error[E0433]: failed to resolve: could not find `details` in `arbitrary`
    --> C:\Users\pc\.cargo\registry\src\index.crates.io-1949cf8c6b5b557f\stella
r-xdr-21.2.0\src\curr\generated.rs:9633:42
     |
9633 | #[cfg_attr(feature = "arbitrary", derive(Arbitrary))]
     |                                          ^^^^^^^^^ could not find 
`details` in `arbitrary`
     |
     = note: this error originates in the derive macro `Arbitrary` (in Nightly 
builds, run with -Z macro-backtrace for more info)

error[E0407]: method `try_size_hint` is not a member of trait 
`arbitrary::Arbitrary`
    --> C:\Users\pc\.cargo\registry\src\index.crates.io-1949cf8c6b5b557f\stella
r-xdr-21.2.0\src\curr\generated.rs:9633:42
     |
9633 | #[cfg_attr(feature = "arbitrary", derive(Arbitrary))]
     |                                          ^^^^^^^^^
     |                                          |
     |                                          not a member of trait 
`arbitrary::Arbitrary`
     |                                          help: there is an associated 
function with a similar name: `size_hint`
     |
     = note: this error originates in the derive macro `Arbitrary` (in Nightly 
builds, run with -Z macro-backtrace for more info)

error[E0433]: failed to resolve: could not find `details` in `arbitrary`
    --> C:\Users\pc\.cargo\registry\src\index.crates.io-1949cf8c6b5b557f\stella
r-xdr-21.2.0\src\curr\generated.rs:9886:42
     |
9886 | #[cfg_attr(feature = "arbitrary", derive(Arbitrary))]
     |                                          ^^^^^^^^^ could not find 
`details` in `arbitrary`
     |
     = note: this error originates in the derive macro `Arbitrary` (in Nightly 
builds, run with -Z macro-backtrace for more info)

error[E0407]: method `try_size_hint` is not a member of trait 
`arbitrary::Arbitrary`
    --> C:\Users\pc\.cargo\registry\src\index.crates.io-1949cf8c6b5b557f\stella
r-xdr-21.2.0\src\curr\generated.rs:9886:42
     |
9886 | #[cfg_attr(feature = "arbitrary", derive(Arbitrary))]
     |                                          ^^^^^^^^^
     |                                          |
     |                                          not a member of trait 
`arbitrary::Arbitrary`
     |                                          help: there is an associated 
function with a similar name: `size_hint`
     |
     = note: this error originates in the derive macro `Arbitrary` (in Nightly 
builds, run with -Z macro-backtrace for more info)

error[E0433]: failed to resolve: could not find `details` in `arbitrary`
    --> C:\Users\pc\.cargo\registry\src\index.crates.io-1949cf8c6b5b557f\stella
r-xdr-21.2.0\src\curr\generated.rs:9935:42
     |
9935 | #[cfg_attr(feature = "arbitrary", derive(Arbitrary))]
     |                                          ^^^^^^^^^ could not find 
`details` in `arbitrary`
     |
     = note: this error originates in the derive macro `Arbitrary` (in Nightly 
builds, run with -Z macro-backtrace for more info)

error[E0407]: method `try_size_hint` is not a member of trait 
`arbitrary::Arbitrary`
    --> C:\Users\pc\.cargo\registry\src\index.crates.io-1949cf8c6b5b557f\stella
r-xdr-21.2.0\src\curr\generated.rs:9935:42
     |
9935 | #[cfg_attr(feature = "arbitrary", derive(Arbitrary))]
     |                                          ^^^^^^^^^
     |                                          |
     |                                          not a member of trait 
`arbitrary::Arbitrary`
     |                                          help: there is an associated 
function with a similar name: `size_hint`
     |
     = note: this error originates in the derive macro `Arbitrary` (in Nightly 
builds, run with -Z macro-backtrace for more info)

error[E0433]: failed to resolve: could not find `details` in `arbitrary`
     --> C:\Users\pc\.cargo\registry\src\index.crates.io-1949cf8c6b5b557f\stell
ar-xdr-21.2.0\src\curr\generated.rs:10041:42
      |
10041 | #[cfg_attr(feature = "arbitrary", derive(Arbitrary))]
      |                                          ^^^^^^^^^ could not find 
`details` in `arbitrary`
      |
      = note: this error originates in the derive macro `Arbitrary` (in 
Nightly builds, run with -Z macro-backtrace for more info)

error[E0407]: method `try_size_hint` is not a member of trait 
`arbitrary::Arbitrary`
     --> C:\Users\pc\.cargo\registry\src\index.crates.io-1949cf8c6b5b557f\stell
ar-xdr-21.2.0\src\curr\generated.rs:10041:42
      |
10041 | #[cfg_attr(feature = "arbitrary", derive(Arbitrary))]
      |                                          ^^^^^^^^^
      |                                          |
      |                                          not a member of trait 
`arbitrary::Arbitrary`
      |                                          help: there is an associated 
function with a similar name: `size_hint`
      |
      = note: this error originates in the derive macro `Arbitrary` (in 
Nightly builds, run with -Z macro-backtrace for more info)

error[E0433]: failed to resolve: could not find `details` in `arbitrary`
     --> C:\Users\pc\.cargo\registry\src\index.crates.io-1949cf8c6b5b557f\stell
ar-xdr-21.2.0\src\curr\generated.rs:10091:42
      |
10091 | #[cfg_attr(feature = "arbitrary", derive(Arbitrary))]
      |                                          ^^^^^^^^^ could not find 
`details` in `arbitrary`
      |
      = note: this error originates in the derive macro `Arbitrary` (in 
Nightly builds, run with -Z macro-backtrace for more info)

error[E0407]: method `try_size_hint` is not a member of trait 
`arbitrary::Arbitrary`
     --> C:\Users\pc\.cargo\registry\src\index.crates.io-1949cf8c6b5b557f\stell
ar-xdr-21.2.0\src\curr\generated.rs:10091:42
      |
10091 | #[cfg_attr(feature = "arbitrary", derive(Arbitrary))]
      |                                          ^^^^^^^^^
      |                                          |
      |                                          not a member of trait 
`arbitrary::Arbitrary`
      |                                          help: there is an associated 
function with a similar name: `size_hint`
      |
      = note: this error originates in the derive macro `Arbitrary` (in 
Nightly builds, run with -Z macro-backtrace for more info)

error[E0433]: failed to resolve: could not find `details` in `arbitrary`
     --> C:\Users\pc\.cargo\registry\src\index.crates.io-1949cf8c6b5b557f\stell
ar-xdr-21.2.0\src\curr\generated.rs:10141:42
      |
10141 | #[cfg_attr(feature = "arbitrary", derive(Arbitrary))]
      |                                          ^^^^^^^^^ could not find 
`details` in `arbitrary`
      |
      = note: this error originates in the derive macro `Arbitrary` (in 
Nightly builds, run with -Z macro-backtrace for more info)

error[E0407]: method `try_size_hint` is not a member of trait 
`arbitrary::Arbitrary`
     --> C:\Users\pc\.cargo\registry\src\index.crates.io-1949cf8c6b5b557f\stell
ar-xdr-21.2.0\src\curr\generated.rs:10141:42
      |
10141 | #[cfg_attr(feature = "arbitrary", derive(Arbitrary))]
      |                                          ^^^^^^^^^
      |                                          |
      |                                          not a member of trait 
`arbitrary::Arbitrary`
      |                                          help: there is an associated 
function with a similar name: `size_hint`
      |
      = note: this error originates in the derive macro `Arbitrary` (in 
Nightly builds, run with -Z macro-backtrace for more info)

error[E0433]: failed to resolve: could not find `details` in `arbitrary`
     --> C:\Users\pc\.cargo\registry\src\index.crates.io-1949cf8c6b5b557f\stell
ar-xdr-21.2.0\src\curr\generated.rs:10190:42
      |
10190 | #[cfg_attr(feature = "arbitrary", derive(Arbitrary))]
      |                                          ^^^^^^^^^ could not find 
`details` in `arbitrary`
      |
      = note: this error originates in the derive macro `Arbitrary` (in 
Nightly builds, run with -Z macro-backtrace for more info)

error[E0407]: method `try_size_hint` is not a member of trait 
`arbitrary::Arbitrary`
     --> C:\Users\pc\.cargo\registry\src\index.crates.io-1949cf8c6b5b557f\stell
ar-xdr-21.2.0\src\curr\generated.rs:10190:42
      |
10190 | #[cfg_attr(feature = "arbitrary", derive(Arbitrary))]
      |                                          ^^^^^^^^^
      |                                          |
      |                                          not a member of trait 
`arbitrary::Arbitrary`
      |                                          help: there is an associated 
function with a similar name: `size_hint`
      |
      = note: this error originates in the derive macro `Arbitrary` (in 
Nightly builds, run with -Z macro-backtrace for more info)

error[E0433]: failed to resolve: could not find `details` in `arbitrary`
     --> C:\Users\pc\.cargo\registry\src\index.crates.io-1949cf8c6b5b557f\stell
ar-xdr-21.2.0\src\curr\generated.rs:10291:42
      |
10291 | #[cfg_attr(feature = "arbitrary", derive(Arbitrary))]
      |                                          ^^^^^^^^^ could not find 
`details` in `arbitrary`
      |
      = note: this error originates in the derive macro `Arbitrary` (in 
Nightly builds, run with -Z macro-backtrace for more info)

error[E0407]: method `try_size_hint` is not a member of trait 
`arbitrary::Arbitrary`
     --> C:\Users\pc\.cargo\registry\src\index.crates.io-1949cf8c6b5b557f\stell
ar-xdr-21.2.0\src\curr\generated.rs:10291:42
      |
10291 | #[cfg_attr(feature = "arbitrary", derive(Arbitrary))]
      |                                          ^^^^^^^^^
      |                                          |
      |                                          not a member of trait 
`arbitrary::Arbitrary`
      |                                          help: there is an associated 
function with a similar name: `size_hint`
      |
      = note: this error originates in the derive macro `Arbitrary` (in 
Nightly builds, run with -Z macro-backtrace for more info)

error[E0433]: failed to resolve: could not find `details` in `arbitrary`
     --> C:\Users\pc\.cargo\registry\src\index.crates.io-1949cf8c6b5b557f\stell
ar-xdr-21.2.0\src\curr\generated.rs:10442:42
      |
10442 | #[cfg_attr(feature = "arbitrary", derive(Arbitrary))]
      |                                          ^^^^^^^^^ could not find 
`details` in `arbitrary`
      |
      = note: this error originates in the derive macro `Arbitrary` (in 
Nightly builds, run with -Z macro-backtrace for more info)

error[E0407]: method `try_size_hint` is not a member of trait 
`arbitrary::Arbitrary`
     --> C:\Users\pc\.cargo\registry\src\index.crates.io-1949cf8c6b5b557f\stell
ar-xdr-21.2.0\src\curr\generated.rs:10442:42
      |
10442 | #[cfg_attr(feature = "arbitrary", derive(Arbitrary))]
      |                                          ^^^^^^^^^
      |                                          |
      |                                          not a member of trait 
`arbitrary::Arbitrary`
      |                                          help: there is an associated 
function with a similar name: `size_hint`
      |
      = note: this error originates in the derive macro `Arbitrary` (in 
Nightly builds, run with -Z macro-backtrace for more info)

error[E0433]: failed to resolve: could not find `details` in `arbitrary`
     --> C:\Users\pc\.cargo\registry\src\index.crates.io-1949cf8c6b5b557f\stell
ar-xdr-21.2.0\src\curr\generated.rs:10548:42
      |
10548 | #[cfg_attr(feature = "arbitrary", derive(Arbitrary))]
      |                                          ^^^^^^^^^ could not find 
`details` in `arbitrary`
      |
      = note: this error originates in the derive macro `Arbitrary` (in 
Nightly builds, run with -Z macro-backtrace for more info)

error[E0407]: method `try_size_hint` is not a member of trait 
`arbitrary::Arbitrary`
     --> C:\Users\pc\.cargo\registry\src\index.crates.io-1949cf8c6b5b557f\stell
ar-xdr-21.2.0\src\curr\generated.rs:10548:42
      |
10548 | #[cfg_attr(feature = "arbitrary", derive(Arbitrary))]
      |                                          ^^^^^^^^^
      |                                          |
      |                                          not a member of trait 
`arbitrary::Arbitrary`
      |                                          help: there is an associated 
function with a similar name: `size_hint`
      |
      = note: this error originates in the derive macro `Arbitrary` (in 
Nightly builds, run with -Z macro-backtrace for more info)

error[E0433]: failed to resolve: could not find `details` in `arbitrary`
     --> C:\Users\pc\.cargo\registry\src\index.crates.io-1949cf8c6b5b557f\stell
ar-xdr-21.2.0\src\curr\generated.rs:10654:42
      |
10654 | #[cfg_attr(feature = "arbitrary", derive(Arbitrary))]
      |                                          ^^^^^^^^^ could not find 
`details` in `arbitrary`
      |
      = note: this error originates in the derive macro `Arbitrary` (in 
Nightly builds, run with -Z macro-backtrace for more info)

error[E0407]: method `try_size_hint` is not a member of trait 
`arbitrary::Arbitrary`
     --> C:\Users\pc\.cargo\registry\src\index.crates.io-1949cf8c6b5b557f\stell
ar-xdr-21.2.0\src\curr\generated.rs:10654:42
      |
10654 | #[cfg_attr(feature = "arbitrary", derive(Arbitrary))]
      |                                          ^^^^^^^^^
      |                                          |
      |                                          not a member of trait 
`arbitrary::Arbitrary`
      |                                          help: there is an associated 
function with a similar name: `size_hint`
      |
      = note: this error originates in the derive macro `Arbitrary` (in 
Nightly builds, run with -Z macro-backtrace for more info)

error[E0433]: failed to resolve: could not find `details` in `arbitrary`
     --> C:\Users\pc\.cargo\registry\src\index.crates.io-1949cf8c6b5b557f\stell
ar-xdr-21.2.0\src\curr\generated.rs:10710:42
      |
10710 | #[cfg_attr(feature = "arbitrary", derive(Arbitrary))]
      |                                          ^^^^^^^^^ could not find 
`details` in `arbitrary`
      |
      = note: this error originates in the derive macro `Arbitrary` (in 
Nightly builds, run with -Z macro-backtrace for more info)

error[E0407]: method `try_size_hint` is not a member of trait 
`arbitrary::Arbitrary`
     --> C:\Users\pc\.cargo\registry\src\index.crates.io-1949cf8c6b5b557f\stell
ar-xdr-21.2.0\src\curr\generated.rs:10710:42
      |
10710 | #[cfg_attr(feature = "arbitrary", derive(Arbitrary))]
      |                                          ^^^^^^^^^
      |                                          |
      |                                          not a member of trait 
`arbitrary::Arbitrary`
      |                                          help: there is an associated 
function with a similar name: `size_hint`
      |
      = note: this error originates in the derive macro `Arbitrary` (in 
Nightly builds, run with -Z macro-backtrace for more info)

error[E0433]: failed to resolve: could not find `details` in `arbitrary`
     --> C:\Users\pc\.cargo\registry\src\index.crates.io-1949cf8c6b5b557f\stell
ar-xdr-21.2.0\src\curr\generated.rs:10816:42
      |
10816 | #[cfg_attr(feature = "arbitrary", derive(Arbitrary))]
      |                                          ^^^^^^^^^ could not find 
`details` in `arbitrary`
      |
      = note: this error originates in the derive macro `Arbitrary` (in 
Nightly builds, run with -Z macro-backtrace for more info)

error[E0407]: method `try_size_hint` is not a member of trait 
`arbitrary::Arbitrary`
     --> C:\Users\pc\.cargo\registry\src\index.crates.io-1949cf8c6b5b557f\stell
ar-xdr-21.2.0\src\curr\generated.rs:10816:42
      |
10816 | #[cfg_attr(feature = "arbitrary", derive(Arbitrary))]
      |                                          ^^^^^^^^^
      |                                          |
      |                                          not a member of trait 
`arbitrary::Arbitrary`
      |                                          help: there is an associated 
function with a similar name: `size_hint`
      |
      = note: this error originates in the derive macro `Arbitrary` (in 
Nightly builds, run with -Z macro-backtrace for more info)

error[E0433]: failed to resolve: could not find `details` in `arbitrary`
     --> C:\Users\pc\.cargo\registry\src\index.crates.io-1949cf8c6b5b557f\stell
ar-xdr-21.2.0\src\curr\generated.rs:10872:42
      |
10872 | #[cfg_attr(feature = "arbitrary", derive(Arbitrary))]
      |                                          ^^^^^^^^^ could not find 
`details` in `arbitrary`
      |
      = note: this error originates in the derive macro `Arbitrary` (in 
Nightly builds, run with -Z macro-backtrace for more info)

error[E0407]: method `try_size_hint` is not a member of trait 
`arbitrary::Arbitrary`
     --> C:\Users\pc\.cargo\registry\src\index.crates.io-1949cf8c6b5b557f\stell
ar-xdr-21.2.0\src\curr\generated.rs:10872:42
      |
10872 | #[cfg_attr(feature = "arbitrary", derive(Arbitrary))]
      |                                          ^^^^^^^^^
      |                                          |
      |                                          not a member of trait 
`arbitrary::Arbitrary`
      |                                          help: there is an associated 
function with a similar name: `size_hint`
      |
      = note: this error originates in the derive macro `Arbitrary` (in 
Nightly builds, run with -Z macro-backtrace for more info)

error[E0433]: failed to resolve: could not find `details` in `arbitrary`
     --> C:\Users\pc\.cargo\registry\src\index.crates.io-1949cf8c6b5b557f\stell
ar-xdr-21.2.0\src\curr\generated.rs:10973:42
      |
10973 | #[cfg_attr(feature = "arbitrary", derive(Arbitrary))]
      |                                          ^^^^^^^^^ could not find 
`details` in `arbitrary`
      |
      = note: this error originates in the derive macro `Arbitrary` (in 
Nightly builds, run with -Z macro-backtrace for more info)

error[E0407]: method `try_size_hint` is not a member of trait 
`arbitrary::Arbitrary`
     --> C:\Users\pc\.cargo\registry\src\index.crates.io-1949cf8c6b5b557f\stell
ar-xdr-21.2.0\src\curr\generated.rs:10973:42
      |
10973 | #[cfg_attr(feature = "arbitrary", derive(Arbitrary))]
      |                                          ^^^^^^^^^
      |                                          |
      |                                          not a member of trait 
`arbitrary::Arbitrary`
      |                                          help: there is an associated 
function with a similar name: `size_hint`
      |
      = note: this error originates in the derive macro `Arbitrary` (in 
Nightly builds, run with -Z macro-backtrace for more info)

error[E0433]: failed to resolve: could not find `details` in `arbitrary`
     --> C:\Users\pc\.cargo\registry\src\index.crates.io-1949cf8c6b5b557f\stell
ar-xdr-21.2.0\src\curr\generated.rs:11204:42
      |
11204 | #[cfg_attr(feature = "arbitrary", derive(Arbitrary))]
      |                                          ^^^^^^^^^ could not find 
`details` in `arbitrary`
      |
      = note: this error originates in the derive macro `Arbitrary` (in 
Nightly builds, run with -Z macro-backtrace for more info)

error[E0407]: method `try_size_hint` is not a member of trait 
`arbitrary::Arbitrary`
     --> C:\Users\pc\.cargo\registry\src\index.crates.io-1949cf8c6b5b557f\stell
ar-xdr-21.2.0\src\curr\generated.rs:11204:42
      |
11204 | #[cfg_attr(feature = "arbitrary", derive(Arbitrary))]
      |                                          ^^^^^^^^^
      |                                          |
      |                                          not a member of trait 
`arbitrary::Arbitrary`
      |                                          help: there is an associated 
function with a similar name: `size_hint`
      |
      = note: this error originates in the derive macro `Arbitrary` (in 
Nightly builds, run with -Z macro-backtrace for more info)

error[E0433]: failed to resolve: could not find `details` in `arbitrary`
     --> C:\Users\pc\.cargo\registry\src\index.crates.io-1949cf8c6b5b557f\stell
ar-xdr-21.2.0\src\curr\generated.rs:11307:42
      |
11307 | #[cfg_attr(feature = "arbitrary", derive(Arbitrary))]
      |                                          ^^^^^^^^^ could not find 
`details` in `arbitrary`
      |
      = note: this error originates in the derive macro `Arbitrary` (in 
Nightly builds, run with -Z macro-backtrace for more info)

error[E0407]: method `try_size_hint` is not a member of trait 
`arbitrary::Arbitrary`
     --> C:\Users\pc\.cargo\registry\src\index.crates.io-1949cf8c6b5b557f\stell
ar-xdr-21.2.0\src\curr\generated.rs:11307:42
      |
11307 | #[cfg_attr(feature = "arbitrary", derive(Arbitrary))]
      |                                          ^^^^^^^^^
      |                                          |
      |                                          not a member of trait 
`arbitrary::Arbitrary`
      |                                          help: there is an associated 
function with a similar name: `size_hint`
      |
      = note: this error originates in the derive macro `Arbitrary` (in 
Nightly builds, run with -Z macro-backtrace for more info)

error[E0433]: failed to resolve: could not find `details` in `arbitrary`
     --> C:\Users\pc\.cargo\registry\src\index.crates.io-1949cf8c6b5b557f\stell
ar-xdr-21.2.0\src\curr\generated.rs:11353:42
      |
11353 | #[cfg_attr(feature = "arbitrary", derive(Arbitrary))]
      |                                          ^^^^^^^^^ could not find 
`details` in `arbitrary`
      |
      = note: this error originates in the derive macro `Arbitrary` (in 
Nightly builds, run with -Z macro-backtrace for more info)

error[E0407]: method `try_size_hint` is not a member of trait 
`arbitrary::Arbitrary`
     --> C:\Users\pc\.cargo\registry\src\index.crates.io-1949cf8c6b5b557f\stell
ar-xdr-21.2.0\src\curr\generated.rs:11353:42
      |
11353 | #[cfg_attr(feature = "arbitrary", derive(Arbitrary))]
      |                                          ^^^^^^^^^
      |                                          |
      |                                          not a member of trait 
`arbitrary::Arbitrary`
      |                                          help: there is an associated 
function with a similar name: `size_hint`
      |
      = note: this error originates in the derive macro `Arbitrary` (in 
Nightly builds, run with -Z macro-backtrace for more info)

error[E0433]: failed to resolve: could not find `details` in `arbitrary`
     --> C:\Users\pc\.cargo\registry\src\index.crates.io-1949cf8c6b5b557f\stell
ar-xdr-21.2.0\src\curr\generated.rs:11408:42
      |
11408 | #[cfg_attr(feature = "arbitrary", derive(Arbitrary))]
      |                                          ^^^^^^^^^ could not find 
`details` in `arbitrary`
      |
      = note: this error originates in the derive macro `Arbitrary` (in 
Nightly builds, run with -Z macro-backtrace for more info)

error[E0407]: method `try_size_hint` is not a member of trait 
`arbitrary::Arbitrary`
     --> C:\Users\pc\.cargo\registry\src\index.crates.io-1949cf8c6b5b557f\stell
ar-xdr-21.2.0\src\curr\generated.rs:11408:42
      |
11408 | #[cfg_attr(feature = "arbitrary", derive(Arbitrary))]
      |                                          ^^^^^^^^^
      |                                          |
      |                                          not a member of trait 
`arbitrary::Arbitrary`
      |                                          help: there is an associated 
function with a similar name: `size_hint`
      |
      = note: this error originates in the derive macro `Arbitrary` (in 
Nightly builds, run with -Z macro-backtrace for more info)

error[E0433]: failed to resolve: could not find `details` in `arbitrary`
     --> C:\Users\pc\.cargo\registry\src\index.crates.io-1949cf8c6b5b557f\stell
ar-xdr-21.2.0\src\curr\generated.rs:11522:42
      |
11522 | #[cfg_attr(feature = "arbitrary", derive(Arbitrary))]
      |                                          ^^^^^^^^^ could not find 
`details` in `arbitrary`
      |
      = note: this error originates in the derive macro `Arbitrary` (in 
Nightly builds, run with -Z macro-backtrace for more info)

error[E0407]: method `try_size_hint` is not a member of trait 
`arbitrary::Arbitrary`
     --> C:\Users\pc\.cargo\registry\src\index.crates.io-1949cf8c6b5b557f\stell
ar-xdr-21.2.0\src\curr\generated.rs:11522:42
      |
11522 | #[cfg_attr(feature = "arbitrary", derive(Arbitrary))]
      |                                          ^^^^^^^^^
      |                                          |
      |                                          not a member of trait 
`arbitrary::Arbitrary`
      |                                          help: there is an associated 
function with a similar name: `size_hint`
      |
      = note: this error originates in the derive macro `Arbitrary` (in 
Nightly builds, run with -Z macro-backtrace for more info)

error[E0433]: failed to resolve: could not find `details` in `arbitrary`
     --> C:\Users\pc\.cargo\registry\src\index.crates.io-1949cf8c6b5b557f\stell
ar-xdr-21.2.0\src\curr\generated.rs:11568:42
      |
11568 | #[cfg_attr(feature = "arbitrary", derive(Arbitrary))]
      |                                          ^^^^^^^^^ could not find 
`details` in `arbitrary`
      |
      = note: this error originates in the derive macro `Arbitrary` (in 
Nightly builds, run with -Z macro-backtrace for more info)

error[E0407]: method `try_size_hint` is not a member of trait 
`arbitrary::Arbitrary`
     --> C:\Users\pc\.cargo\registry\src\index.crates.io-1949cf8c6b5b557f\stell
ar-xdr-21.2.0\src\curr\generated.rs:11568:42
      |
11568 | #[cfg_attr(feature = "arbitrary", derive(Arbitrary))]
      |                                          ^^^^^^^^^
      |                                          |
      |                                          not a member of trait 
`arbitrary::Arbitrary`
      |                                          help: there is an associated 
function with a similar name: `size_hint`
      |
      = note: this error originates in the derive macro `Arbitrary` (in 
Nightly builds, run with -Z macro-backtrace for more info)

error[E0433]: failed to resolve: could not find `details` in `arbitrary`
     --> C:\Users\pc\.cargo\registry\src\index.crates.io-1949cf8c6b5b557f\stell
ar-xdr-21.2.0\src\curr\generated.rs:11893:42
      |
11893 | #[cfg_attr(feature = "arbitrary", derive(Arbitrary))]
      |                                          ^^^^^^^^^ could not find 
`details` in `arbitrary`
      |
      = note: this error originates in the derive macro `Arbitrary` (in 
Nightly builds, run with -Z macro-backtrace for more info)

error[E0407]: method `try_size_hint` is not a member of trait 
`arbitrary::Arbitrary`
     --> C:\Users\pc\.cargo\registry\src\index.crates.io-1949cf8c6b5b557f\stell
ar-xdr-21.2.0\src\curr\generated.rs:11893:42
      |
11893 | #[cfg_attr(feature = "arbitrary", derive(Arbitrary))]
      |                                          ^^^^^^^^^
      |                                          |
      |                                          not a member of trait 
`arbitrary::Arbitrary`
      |                                          help: there is an associated 
function with a similar name: `size_hint`
      |
      = note: this error originates in the derive macro `Arbitrary` (in 
Nightly builds, run with -Z macro-backtrace for more info)

error[E0433]: failed to resolve: could not find `details` in `arbitrary`
     --> C:\Users\pc\.cargo\registry\src\index.crates.io-1949cf8c6b5b557f\stell
ar-xdr-21.2.0\src\curr\generated.rs:12093:42
      |
12093 | #[cfg_attr(feature = "arbitrary", derive(Arbitrary))]
      |                                          ^^^^^^^^^ could not find 
`details` in `arbitrary`
      |
      = note: this error originates in the derive macro `Arbitrary` (in 
Nightly builds, run with -Z macro-backtrace for more info)

error[E0407]: method `try_size_hint` is not a member of trait 
`arbitrary::Arbitrary`
     --> C:\Users\pc\.cargo\registry\src\index.crates.io-1949cf8c6b5b557f\stell
ar-xdr-21.2.0\src\curr\generated.rs:12093:42
      |
12093 | #[cfg_attr(feature = "arbitrary", derive(Arbitrary))]
      |                                          ^^^^^^^^^
      |                                          |
      |                                          not a member of trait 
`arbitrary::Arbitrary`
      |                                          help: there is an associated 
function with a similar name: `size_hint`
      |
      = note: this error originates in the derive macro `Arbitrary` (in 
Nightly builds, run with -Z macro-backtrace for more info)

error[E0433]: failed to resolve: could not find `details` in `arbitrary`
     --> C:\Users\pc\.cargo\registry\src\index.crates.io-1949cf8c6b5b557f\stell
ar-xdr-21.2.0\src\curr\generated.rs:12160:42
      |
12160 | #[cfg_attr(feature = "arbitrary", derive(Arbitrary))]
      |                                          ^^^^^^^^^ could not find 
`details` in `arbitrary`
      |
      = note: this error originates in the derive macro `Arbitrary` (in 
Nightly builds, run with -Z macro-backtrace for more info)

error[E0407]: method `try_size_hint` is not a member of trait 
`arbitrary::Arbitrary`
     --> C:\Users\pc\.cargo\registry\src\index.crates.io-1949cf8c6b5b557f\stell
ar-xdr-21.2.0\src\curr\generated.rs:12160:42
      |
12160 | #[cfg_attr(feature = "arbitrary", derive(Arbitrary))]
      |                                          ^^^^^^^^^
      |                                          |
      |                                          not a member of trait 
`arbitrary::Arbitrary`
      |                                          help: there is an associated 
function with a similar name: `size_hint`
      |
      = note: this error originates in the derive macro `Arbitrary` (in 
Nightly builds, run with -Z macro-backtrace for more info)

error[E0433]: failed to resolve: could not find `details` in `arbitrary`
     --> C:\Users\pc\.cargo\registry\src\index.crates.io-1949cf8c6b5b557f\stell
ar-xdr-21.2.0\src\curr\generated.rs:12212:42
      |
12212 | #[cfg_attr(feature = "arbitrary", derive(Arbitrary))]
      |                                          ^^^^^^^^^ could not find 
`details` in `arbitrary`
      |
      = note: this error originates in the derive macro `Arbitrary` (in 
Nightly builds, run with -Z macro-backtrace for more info)

error[E0407]: method `try_size_hint` is not a member of trait 
`arbitrary::Arbitrary`
     --> C:\Users\pc\.cargo\registry\src\index.crates.io-1949cf8c6b5b557f\stell
ar-xdr-21.2.0\src\curr\generated.rs:12212:42
      |
12212 | #[cfg_attr(feature = "arbitrary", derive(Arbitrary))]
      |                                          ^^^^^^^^^
      |                                          |
      |                                          not a member of trait 
`arbitrary::Arbitrary`
      |                                          help: there is an associated 
function with a similar name: `size_hint`
      |
      = note: this error originates in the derive macro `Arbitrary` (in 
Nightly builds, run with -Z macro-backtrace for more info)

error[E0433]: failed to resolve: could not find `details` in `arbitrary`
     --> C:\Users\pc\.cargo\registry\src\index.crates.io-1949cf8c6b5b557f\stell
ar-xdr-21.2.0\src\curr\generated.rs:12327:42
      |
12327 | #[cfg_attr(feature = "arbitrary", derive(Arbitrary))]
      |                                          ^^^^^^^^^ could not find 
`details` in `arbitrary`
      |
      = note: this error originates in the derive macro `Arbitrary` (in 
Nightly builds, run with -Z macro-backtrace for more info)

error[E0407]: method `try_size_hint` is not a member of trait 
`arbitrary::Arbitrary`
     --> C:\Users\pc\.cargo\registry\src\index.crates.io-1949cf8c6b5b557f\stell
ar-xdr-21.2.0\src\curr\generated.rs:12327:42
      |
12327 | #[cfg_attr(feature = "arbitrary", derive(Arbitrary))]
      |                                          ^^^^^^^^^
      |                                          |
      |                                          not a member of trait 
`arbitrary::Arbitrary`
      |                                          help: there is an associated 
function with a similar name: `size_hint`
      |
      = note: this error originates in the derive macro `Arbitrary` (in 
Nightly builds, run with -Z macro-backtrace for more info)

error[E0433]: failed to resolve: could not find `details` in `arbitrary`
     --> C:\Users\pc\.cargo\registry\src\index.crates.io-1949cf8c6b5b557f\stell
ar-xdr-21.2.0\src\curr\generated.rs:12382:42
      |
12382 | #[cfg_attr(feature = "arbitrary", derive(Arbitrary))]
      |                                          ^^^^^^^^^ could not find 
`details` in `arbitrary`
      |
      = note: this error originates in the derive macro `Arbitrary` (in 
Nightly builds, run with -Z macro-backtrace for more info)

error[E0407]: method `try_size_hint` is not a member of trait 
`arbitrary::Arbitrary`
     --> C:\Users\pc\.cargo\registry\src\index.crates.io-1949cf8c6b5b557f\stell
ar-xdr-21.2.0\src\curr\generated.rs:12382:42
      |
12382 | #[cfg_attr(feature = "arbitrary", derive(Arbitrary))]
      |                                          ^^^^^^^^^
      |                                          |
      |                                          not a member of trait 
`arbitrary::Arbitrary`
      |                                          help: there is an associated 
function with a similar name: `size_hint`
      |
      = note: this error originates in the derive macro `Arbitrary` (in 
Nightly builds, run with -Z macro-backtrace for more info)

error[E0433]: failed to resolve: could not find `details` in `arbitrary`
     --> C:\Users\pc\.cargo\registry\src\index.crates.io-1949cf8c6b5b557f\stell
ar-xdr-21.2.0\src\curr\generated.rs:12495:42
      |
12495 | #[cfg_attr(feature = "arbitrary", derive(Arbitrary))]
      |                                          ^^^^^^^^^ could not find 
`details` in `arbitrary`
      |
      = note: this error originates in the derive macro `Arbitrary` (in 
Nightly builds, run with -Z macro-backtrace for more info)

error[E0407]: method `try_size_hint` is not a member of trait 
`arbitrary::Arbitrary`
     --> C:\Users\pc\.cargo\registry\src\index.crates.io-1949cf8c6b5b557f\stell
ar-xdr-21.2.0\src\curr\generated.rs:12495:42
      |
12495 | #[cfg_attr(feature = "arbitrary", derive(Arbitrary))]
      |                                          ^^^^^^^^^
      |                                          |
      |                                          not a member of trait 
`arbitrary::Arbitrary`
      |                                          help: there is an associated 
function with a similar name: `size_hint`
      |
      = note: this error originates in the derive macro `Arbitrary` (in 
Nightly builds, run with -Z macro-backtrace for more info)

error[E0433]: failed to resolve: could not find `details` in `arbitrary`
     --> C:\Users\pc\.cargo\registry\src\index.crates.io-1949cf8c6b5b557f\stell
ar-xdr-21.2.0\src\curr\generated.rs:12544:42
      |
12544 | #[cfg_attr(feature = "arbitrary", derive(Arbitrary))]
      |                                          ^^^^^^^^^ could not find 
`details` in `arbitrary`
      |
      = note: this error originates in the derive macro `Arbitrary` (in 
Nightly builds, run with -Z macro-backtrace for more info)

error[E0407]: method `try_size_hint` is not a member of trait 
`arbitrary::Arbitrary`
     --> C:\Users\pc\.cargo\registry\src\index.crates.io-1949cf8c6b5b557f\stell
ar-xdr-21.2.0\src\curr\generated.rs:12544:42
      |
12544 | #[cfg_attr(feature = "arbitrary", derive(Arbitrary))]
      |                                          ^^^^^^^^^
      |                                          |
      |                                          not a member of trait 
`arbitrary::Arbitrary`
      |                                          help: there is an associated 
function with a similar name: `size_hint`
      |
      = note: this error originates in the derive macro `Arbitrary` (in 
Nightly builds, run with -Z macro-backtrace for more info)

error[E0433]: failed to resolve: could not find `details` in `arbitrary`
     --> C:\Users\pc\.cargo\registry\src\index.crates.io-1949cf8c6b5b557f\stell
ar-xdr-21.2.0\src\curr\generated.rs:12672:42
      |
12672 | #[cfg_attr(feature = "arbitrary", derive(Arbitrary))]
      |                                          ^^^^^^^^^ could not find 
`details` in `arbitrary`
      |
      = note: this error originates in the derive macro `Arbitrary` (in 
Nightly builds, run with -Z macro-backtrace for more info)

error[E0407]: method `try_size_hint` is not a member of trait 
`arbitrary::Arbitrary`
     --> C:\Users\pc\.cargo\registry\src\index.crates.io-1949cf8c6b5b557f\stell
ar-xdr-21.2.0\src\curr\generated.rs:12672:42
      |
12672 | #[cfg_attr(feature = "arbitrary", derive(Arbitrary))]
      |                                          ^^^^^^^^^
      |                                          |
      |                                          not a member of trait 
`arbitrary::Arbitrary`
      |                                          help: there is an associated 
function with a similar name: `size_hint`
      |
      = note: this error originates in the derive macro `Arbitrary` (in 
Nightly builds, run with -Z macro-backtrace for more info)

error[E0433]: failed to resolve: could not find `details` in `arbitrary`
     --> C:\Users\pc\.cargo\registry\src\index.crates.io-1949cf8c6b5b557f\stell
ar-xdr-21.2.0\src\curr\generated.rs:13003:42
      |
13003 | #[cfg_attr(feature = "arbitrary", derive(Arbitrary))]
      |                                          ^^^^^^^^^ could not find 
`details` in `arbitrary`
      |
      = note: this error originates in the derive macro `Arbitrary` (in 
Nightly builds, run with -Z macro-backtrace for more info)

error[E0407]: method `try_size_hint` is not a member of trait 
`arbitrary::Arbitrary`
     --> C:\Users\pc\.cargo\registry\src\index.crates.io-1949cf8c6b5b557f\stell
ar-xdr-21.2.0\src\curr\generated.rs:13003:42
      |
13003 | #[cfg_attr(feature = "arbitrary", derive(Arbitrary))]
      |                                          ^^^^^^^^^
      |                                          |
      |                                          not a member of trait 
`arbitrary::Arbitrary`
      |                                          help: there is an associated 
function with a similar name: `size_hint`
      |
      = note: this error originates in the derive macro `Arbitrary` (in 
Nightly builds, run with -Z macro-backtrace for more info)

error[E0433]: failed to resolve: could not find `details` in `arbitrary`
     --> C:\Users\pc\.cargo\registry\src\index.crates.io-1949cf8c6b5b557f\stell
ar-xdr-21.2.0\src\curr\generated.rs:13231:42
      |
13231 | #[cfg_attr(feature = "arbitrary", derive(Arbitrary))]
      |                                          ^^^^^^^^^ could not find 
`details` in `arbitrary`
      |
      = note: this error originates in the derive macro `Arbitrary` (in 
Nightly builds, run with -Z macro-backtrace for more info)

error[E0407]: method `try_size_hint` is not a member of trait 
`arbitrary::Arbitrary`
     --> C:\Users\pc\.cargo\registry\src\index.crates.io-1949cf8c6b5b557f\stell
ar-xdr-21.2.0\src\curr\generated.rs:13231:42
      |
13231 | #[cfg_attr(feature = "arbitrary", derive(Arbitrary))]
      |                                          ^^^^^^^^^
      |                                          |
      |                                          not a member of trait 
`arbitrary::Arbitrary`
      |                                          help: there is an associated 
function with a similar name: `size_hint`
      |
      = note: this error originates in the derive macro `Arbitrary` (in 
Nightly builds, run with -Z macro-backtrace for more info)

error[E0433]: failed to resolve: could not find `details` in `arbitrary`
     --> C:\Users\pc\.cargo\registry\src\index.crates.io-1949cf8c6b5b557f\stell
ar-xdr-21.2.0\src\curr\generated.rs:13280:42
      |
13280 | #[cfg_attr(feature = "arbitrary", derive(Arbitrary))]
      |                                          ^^^^^^^^^ could not find 
`details` in `arbitrary`
      |
      = note: this error originates in the derive macro `Arbitrary` (in 
Nightly builds, run with -Z macro-backtrace for more info)

error[E0407]: method `try_size_hint` is not a member of trait 
`arbitrary::Arbitrary`
     --> C:\Users\pc\.cargo\registry\src\index.crates.io-1949cf8c6b5b557f\stell
ar-xdr-21.2.0\src\curr\generated.rs:13280:42
      |
13280 | #[cfg_attr(feature = "arbitrary", derive(Arbitrary))]
      |                                          ^^^^^^^^^
      |                                          |
      |                                          not a member of trait 
`arbitrary::Arbitrary`
      |                                          help: there is an associated 
function with a similar name: `size_hint`
      |
      = note: this error originates in the derive macro `Arbitrary` (in 
Nightly builds, run with -Z macro-backtrace for more info)

error[E0433]: failed to resolve: could not find `details` in `arbitrary`
     --> C:\Users\pc\.cargo\registry\src\index.crates.io-1949cf8c6b5b557f\stell
ar-xdr-21.2.0\src\curr\generated.rs:13393:42
      |
13393 | #[cfg_attr(feature = "arbitrary", derive(Arbitrary))]
      |                                          ^^^^^^^^^ could not find 
`details` in `arbitrary`
      |
      = note: this error originates in the derive macro `Arbitrary` (in 
Nightly builds, run with -Z macro-backtrace for more info)

error[E0407]: method `try_size_hint` is not a member of trait 
`arbitrary::Arbitrary`
     --> C:\Users\pc\.cargo\registry\src\index.crates.io-1949cf8c6b5b557f\stell
ar-xdr-21.2.0\src\curr\generated.rs:13393:42
      |
13393 | #[cfg_attr(feature = "arbitrary", derive(Arbitrary))]
      |                                          ^^^^^^^^^
      |                                          |
      |                                          not a member of trait 
`arbitrary::Arbitrary`
      |                                          help: there is an associated 
function with a similar name: `size_hint`
      |
      = note: this error originates in the derive macro `Arbitrary` (in 
Nightly builds, run with -Z macro-backtrace for more info)

error[E0433]: failed to resolve: could not find `details` in `arbitrary`
     --> C:\Users\pc\.cargo\registry\src\index.crates.io-1949cf8c6b5b557f\stell
ar-xdr-21.2.0\src\curr\generated.rs:13454:42
      |
13454 | #[cfg_attr(feature = "arbitrary", derive(Arbitrary))]
      |                                          ^^^^^^^^^ could not find 
`details` in `arbitrary`
      |
      = note: this error originates in the derive macro `Arbitrary` (in 
Nightly builds, run with -Z macro-backtrace for more info)

error[E0407]: method `try_size_hint` is not a member of trait 
`arbitrary::Arbitrary`
     --> C:\Users\pc\.cargo\registry\src\index.crates.io-1949cf8c6b5b557f\stell
ar-xdr-21.2.0\src\curr\generated.rs:13454:42
      |
13454 | #[cfg_attr(feature = "arbitrary", derive(Arbitrary))]
      |                                          ^^^^^^^^^
      |                                          |
      |                                          not a member of trait 
`arbitrary::Arbitrary`
      |                                          help: there is an associated 
function with a similar name: `size_hint`
      |
      = note: this error originates in the derive macro `Arbitrary` (in 
Nightly builds, run with -Z macro-backtrace for more info)

error[E0433]: failed to resolve: could not find `details` in `arbitrary`
     --> C:\Users\pc\.cargo\registry\src\index.crates.io-1949cf8c6b5b557f\stell
ar-xdr-21.2.0\src\curr\generated.rs:13586:42
      |
13586 | #[cfg_attr(feature = "arbitrary", derive(Arbitrary))]
      |                                          ^^^^^^^^^ could not find 
`details` in `arbitrary`
      |
      = note: this error originates in the derive macro `Arbitrary` (in 
Nightly builds, run with -Z macro-backtrace for more info)

error[E0407]: method `try_size_hint` is not a member of trait 
`arbitrary::Arbitrary`
     --> C:\Users\pc\.cargo\registry\src\index.crates.io-1949cf8c6b5b557f\stell
ar-xdr-21.2.0\src\curr\generated.rs:13586:42
      |
13586 | #[cfg_attr(feature = "arbitrary", derive(Arbitrary))]
      |                                          ^^^^^^^^^
      |                                          |
      |                                          not a member of trait 
`arbitrary::Arbitrary`
      |                                          help: there is an associated 
function with a similar name: `size_hint`
      |
      = note: this error originates in the derive macro `Arbitrary` (in 
Nightly builds, run with -Z macro-backtrace for more info)

error[E0433]: failed to resolve: could not find `details` in `arbitrary`
     --> C:\Users\pc\.cargo\registry\src\index.crates.io-1949cf8c6b5b557f\stell
ar-xdr-21.2.0\src\curr\generated.rs:13876:42
      |
13876 | #[cfg_attr(feature = "arbitrary", derive(Arbitrary))]
      |                                          ^^^^^^^^^ could not find 
`details` in `arbitrary`
      |
      = note: this error originates in the derive macro `Arbitrary` (in 
Nightly builds, run with -Z macro-backtrace for more info)

error[E0407]: method `try_size_hint` is not a member of trait 
`arbitrary::Arbitrary`
     --> C:\Users\pc\.cargo\registry\src\index.crates.io-1949cf8c6b5b557f\stell
ar-xdr-21.2.0\src\curr\generated.rs:13876:42
      |
13876 | #[cfg_attr(feature = "arbitrary", derive(Arbitrary))]
      |                                          ^^^^^^^^^
      |                                          |
      |                                          not a member of trait 
`arbitrary::Arbitrary`
      |                                          help: there is an associated 
function with a similar name: `size_hint`
      |
      = note: this error originates in the derive macro `Arbitrary` (in 
Nightly builds, run with -Z macro-backtrace for more info)

error[E0433]: failed to resolve: could not find `details` in `arbitrary`
     --> C:\Users\pc\.cargo\registry\src\index.crates.io-1949cf8c6b5b557f\stell
ar-xdr-21.2.0\src\curr\generated.rs:14050:42
      |
14050 | #[cfg_attr(feature = "arbitrary", derive(Arbitrary))]
      |                                          ^^^^^^^^^ could not find 
`details` in `arbitrary`
      |
      = note: this error originates in the derive macro `Arbitrary` (in 
Nightly builds, run with -Z macro-backtrace for more info)

error[E0407]: method `try_size_hint` is not a member of trait 
`arbitrary::Arbitrary`
     --> C:\Users\pc\.cargo\registry\src\index.crates.io-1949cf8c6b5b557f\stell
ar-xdr-21.2.0\src\curr\generated.rs:14050:42
      |
14050 | #[cfg_attr(feature = "arbitrary", derive(Arbitrary))]
      |                                          ^^^^^^^^^
      |                                          |
      |                                          not a member of trait 
`arbitrary::Arbitrary`
      |                                          help: there is an associated 
function with a similar name: `size_hint`
      |
      = note: this error originates in the derive macro `Arbitrary` (in 
Nightly builds, run with -Z macro-backtrace for more info)

error[E0433]: failed to resolve: could not find `details` in `arbitrary`
     --> C:\Users\pc\.cargo\registry\src\index.crates.io-1949cf8c6b5b557f\stell
ar-xdr-21.2.0\src\curr\generated.rs:14250:42
      |
14250 | #[cfg_attr(feature = "arbitrary", derive(Arbitrary))]
      |                                          ^^^^^^^^^ could not find 
`details` in `arbitrary`
      |
      = note: this error originates in the derive macro `Arbitrary` (in 
Nightly builds, run with -Z macro-backtrace for more info)

error[E0407]: method `try_size_hint` is not a member of trait 
`arbitrary::Arbitrary`
     --> C:\Users\pc\.cargo\registry\src\index.crates.io-1949cf8c6b5b557f\stell
ar-xdr-21.2.0\src\curr\generated.rs:14250:42
      |
14250 | #[cfg_attr(feature = "arbitrary", derive(Arbitrary))]
      |                                          ^^^^^^^^^
      |                                          |
      |                                          not a member of trait 
`arbitrary::Arbitrary`
      |                                          help: there is an associated 
function with a similar name: `size_hint`
      |
      = note: this error originates in the derive macro `Arbitrary` (in 
Nightly builds, run with -Z macro-backtrace for more info)

error[E0433]: failed to resolve: could not find `details` in `arbitrary`
     --> C:\Users\pc\.cargo\registry\src\index.crates.io-1949cf8c6b5b557f\stell
ar-xdr-21.2.0\src\curr\generated.rs:14495:42
      |
14495 | #[cfg_attr(feature = "arbitrary", derive(Arbitrary))]
      |                                          ^^^^^^^^^ could not find 
`details` in `arbitrary`
      |
      = note: this error originates in the derive macro `Arbitrary` (in 
Nightly builds, run with -Z macro-backtrace for more info)

error[E0407]: method `try_size_hint` is not a member of trait 
`arbitrary::Arbitrary`
     --> C:\Users\pc\.cargo\registry\src\index.crates.io-1949cf8c6b5b557f\stell
ar-xdr-21.2.0\src\curr\generated.rs:14495:42
      |
14495 | #[cfg_attr(feature = "arbitrary", derive(Arbitrary))]
      |                                          ^^^^^^^^^
      |                                          |
      |                                          not a member of trait 
`arbitrary::Arbitrary`
      |                                          help: there is an associated 
function with a similar name: `size_hint`
      |
      = note: this error originates in the derive macro `Arbitrary` (in 
Nightly builds, run with -Z macro-backtrace for more info)

error[E0433]: failed to resolve: could not find `details` in `arbitrary`
     --> C:\Users\pc\.cargo\registry\src\index.crates.io-1949cf8c6b5b557f\stell
ar-xdr-21.2.0\src\curr\generated.rs:14546:42
      |
14546 | #[cfg_attr(feature = "arbitrary", derive(Arbitrary))]
      |                                          ^^^^^^^^^ could not find 
`details` in `arbitrary`
      |
      = note: this error originates in the derive macro `Arbitrary` (in 
Nightly builds, run with -Z macro-backtrace for more info)

   Compiling rand_chacha v0.3.1
error[E0407]: method `try_size_hint` is not a member of trait 
`arbitrary::Arbitrary`
     --> C:\Users\pc\.cargo\registry\src\index.crates.io-1949cf8c6b5b557f\stell
ar-xdr-21.2.0\src\curr\generated.rs:14546:42
      |
14546 | #[cfg_attr(feature = "arbitrary", derive(Arbitrary))]
      |                                          ^^^^^^^^^
      |                                          |
      |                                          not a member of trait 
`arbitrary::Arbitrary`
      |                                          help: there is an associated 
function with a similar name: `size_hint`
      |
      = note: this error originates in the derive macro `Arbitrary` (in 
Nightly builds, run with -Z macro-backtrace for more info)

error[E0433]: failed to resolve: could not find `details` in `arbitrary`
     --> C:\Users\pc\.cargo\registry\src\index.crates.io-1949cf8c6b5b557f\stell
ar-xdr-21.2.0\src\curr\generated.rs:14750:42
      |
14750 | #[cfg_attr(feature = "arbitrary", derive(Arbitrary))]
      |                                          ^^^^^^^^^ could not find 
`details` in `arbitrary`
      |
      = note: this error originates in the derive macro `Arbitrary` (in 
Nightly builds, run with -Z macro-backtrace for more info)

   Compiling primeorder v0.13.6
error[E0407]: method `try_size_hint` is not a member of trait 
`arbitrary::Arbitrary`
     --> C:\Users\pc\.cargo\registry\src\index.crates.io-1949cf8c6b5b557f\stell
ar-xdr-21.2.0\src\curr\generated.rs:14750:42
      |
14750 | #[cfg_attr(feature = "arbitrary", derive(Arbitrary))]
      |                                          ^^^^^^^^^
      |                                          |
      |                                          not a member of trait 
`arbitrary::Arbitrary`
      |                                          help: there is an associated 
function with a similar name: `size_hint`
      |
      = note: this error originates in the derive macro `Arbitrary` (in 
Nightly builds, run with -Z macro-backtrace for more info)

error[E0433]: failed to resolve: could not find `details` in `arbitrary`
     --> C:\Users\pc\.cargo\registry\src\index.crates.io-1949cf8c6b5b557f\stell
ar-xdr-21.2.0\src\curr\generated.rs:15071:42
      |
15071 | #[cfg_attr(feature = "arbitrary", derive(Arbitrary))]
      |                                          ^^^^^^^^^ could not find 
`details` in `arbitrary`
      |
      = note: this error originates in the derive macro `Arbitrary` (in 
Nightly builds, run with -Z macro-backtrace for more info)

error[E0407]: method `try_size_hint` is not a member of trait 
`arbitrary::Arbitrary`
     --> C:\Users\pc\.cargo\registry\src\index.crates.io-1949cf8c6b5b557f\stell
ar-xdr-21.2.0\src\curr\generated.rs:15071:42
      |
15071 | #[cfg_attr(feature = "arbitrary", derive(Arbitrary))]
      |                                          ^^^^^^^^^
      |                                          |
      |                                          not a member of trait 
`arbitrary::Arbitrary`
      |                                          help: there is an associated 
function with a similar name: `size_hint`
      |
      = note: this error originates in the derive macro `Arbitrary` (in 
Nightly builds, run with -Z macro-backtrace for more info)

error[E0433]: failed to resolve: could not find `details` in `arbitrary`
     --> C:\Users\pc\.cargo\registry\src\index.crates.io-1949cf8c6b5b557f\stell
ar-xdr-21.2.0\src\curr\generated.rs:15120:42
      |
15120 | #[cfg_attr(feature = "arbitrary", derive(Arbitrary))]
      |                                          ^^^^^^^^^ could not find 
`details` in `arbitrary`
      |
      = note: this error originates in the derive macro `Arbitrary` (in 
Nightly builds, run with -Z macro-backtrace for more info)

error[E0407]: method `try_size_hint` is not a member of trait 
`arbitrary::Arbitrary`
     --> C:\Users\pc\.cargo\registry\src\index.crates.io-1949cf8c6b5b557f\stell
ar-xdr-21.2.0\src\curr\generated.rs:15120:42
      |
15120 | #[cfg_attr(feature = "arbitrary", derive(Arbitrary))]
      |                                          ^^^^^^^^^
      |                                          |
      |                                          not a member of trait 
`arbitrary::Arbitrary`
      |                                          help: there is an associated 
function with a similar name: `size_hint`
      |
      = note: this error originates in the derive macro `Arbitrary` (in 
Nightly builds, run with -Z macro-backtrace for more info)

error[E0433]: failed to resolve: could not find `details` in `arbitrary`
     --> C:\Users\pc\.cargo\registry\src\index.crates.io-1949cf8c6b5b557f\stell
ar-xdr-21.2.0\src\curr\generated.rs:15244:42
      |
15244 | #[cfg_attr(feature = "arbitrary", derive(Arbitrary))]
      |                                          ^^^^^^^^^ could not find 
`details` in `arbitrary`
      |
      = note: this error originates in the derive macro `Arbitrary` (in 
Nightly builds, run with -Z macro-backtrace for more info)

error[E0407]: method `try_size_hint` is not a member of trait 
`arbitrary::Arbitrary`
     --> C:\Users\pc\.cargo\registry\src\index.crates.io-1949cf8c6b5b557f\stell
ar-xdr-21.2.0\src\curr\generated.rs:15244:42
      |
15244 | #[cfg_attr(feature = "arbitrary", derive(Arbitrary))]
      |                                          ^^^^^^^^^
      |                                          |
      |                                          not a member of trait 
`arbitrary::Arbitrary`
      |                                          help: there is an associated 
function with a similar name: `size_hint`
      |
      = note: this error originates in the derive macro `Arbitrary` (in 
Nightly builds, run with -Z macro-backtrace for more info)

error[E0433]: failed to resolve: could not find `details` in `arbitrary`
     --> C:\Users\pc\.cargo\registry\src\index.crates.io-1949cf8c6b5b557f\stell
ar-xdr-21.2.0\src\curr\generated.rs:15300:42
      |
15300 | #[cfg_attr(feature = "arbitrary", derive(Arbitrary))]
      |                                          ^^^^^^^^^ could not find 
`details` in `arbitrary`
      |
      = note: this error originates in the derive macro `Arbitrary` (in 
Nightly builds, run with -Z macro-backtrace for more info)

error[E0407]: method `try_size_hint` is not a member of trait 
`arbitrary::Arbitrary`
     --> C:\Users\pc\.cargo\registry\src\index.crates.io-1949cf8c6b5b557f\stell
ar-xdr-21.2.0\src\curr\generated.rs:15300:42
      |
15300 | #[cfg_attr(feature = "arbitrary", derive(Arbitrary))]
      |                                          ^^^^^^^^^
      |                                          |
      |                                          not a member of trait 
`arbitrary::Arbitrary`
      |                                          help: there is an associated 
function with a similar name: `size_hint`
      |
      = note: this error originates in the derive macro `Arbitrary` (in 
Nightly builds, run with -Z macro-backtrace for more info)

error[E0433]: failed to resolve: could not find `details` in `arbitrary`
     --> C:\Users\pc\.cargo\registry\src\index.crates.io-1949cf8c6b5b557f\stell
ar-xdr-21.2.0\src\curr\generated.rs:15354:42
      |
15354 | #[cfg_attr(feature = "arbitrary", derive(Arbitrary))]
      |                                          ^^^^^^^^^ could not find 
`details` in `arbitrary`
      |
      = note: this error originates in the derive macro `Arbitrary` (in 
Nightly builds, run with -Z macro-backtrace for more info)

error[E0407]: method `try_size_hint` is not a member of trait 
`arbitrary::Arbitrary`
     --> C:\Users\pc\.cargo\registry\src\index.crates.io-1949cf8c6b5b557f\stell
ar-xdr-21.2.0\src\curr\generated.rs:15354:42
      |
15354 | #[cfg_attr(feature = "arbitrary", derive(Arbitrary))]
      |                                          ^^^^^^^^^
      |                                          |
      |                                          not a member of trait 
`arbitrary::Arbitrary`
      |                                          help: there is an associated 
function with a similar name: `size_hint`
      |
      = note: this error originates in the derive macro `Arbitrary` (in 
Nightly builds, run with -Z macro-backtrace for more info)

error[E0433]: failed to resolve: could not find `details` in `arbitrary`
     --> C:\Users\pc\.cargo\registry\src\index.crates.io-1949cf8c6b5b557f\stell
ar-xdr-21.2.0\src\curr\generated.rs:15419:42
      |
15419 | #[cfg_attr(feature = "arbitrary", derive(Arbitrary))]
      |                                          ^^^^^^^^^ could not find 
`details` in `arbitrary`
      |
      = note: this error originates in the derive macro `Arbitrary` (in 
Nightly builds, run with -Z macro-backtrace for more info)

error[E0407]: method `try_size_hint` is not a member of trait 
`arbitrary::Arbitrary`
     --> C:\Users\pc\.cargo\registry\src\index.crates.io-1949cf8c6b5b557f\stell
ar-xdr-21.2.0\src\curr\generated.rs:15419:42
      |
15419 | #[cfg_attr(feature = "arbitrary", derive(Arbitrary))]
      |                                          ^^^^^^^^^
      |                                          |
      |                                          not a member of trait 
`arbitrary::Arbitrary`
      |                                          help: there is an associated 
function with a similar name: `size_hint`
      |
      = note: this error originates in the derive macro `Arbitrary` (in 
Nightly builds, run with -Z macro-backtrace for more info)

error[E0433]: failed to resolve: could not find `details` in `arbitrary`
     --> C:\Users\pc\.cargo\registry\src\index.crates.io-1949cf8c6b5b557f\stell
ar-xdr-21.2.0\src\curr\generated.rs:15540:42
      |
15540 | #[cfg_attr(feature = "arbitrary", derive(Arbitrary))]
      |                                          ^^^^^^^^^ could not find 
`details` in `arbitrary`
      |
      = note: this error originates in the derive macro `Arbitrary` (in 
Nightly builds, run with -Z macro-backtrace for more info)

error[E0407]: method `try_size_hint` is not a member of trait 
`arbitrary::Arbitrary`
     --> C:\Users\pc\.cargo\registry\src\index.crates.io-1949cf8c6b5b557f\stell
ar-xdr-21.2.0\src\curr\generated.rs:15540:42
      |
15540 | #[cfg_attr(feature = "arbitrary", derive(Arbitrary))]
      |                                          ^^^^^^^^^
      |                                          |
      |                                          not a member of trait 
`arbitrary::Arbitrary`
      |                                          help: there is an associated 
function with a similar name: `size_hint`
      |
      = note: this error originates in the derive macro `Arbitrary` (in 
Nightly builds, run with -Z macro-backtrace for more info)

error[E0433]: failed to resolve: could not find `details` in `arbitrary`
     --> C:\Users\pc\.cargo\registry\src\index.crates.io-1949cf8c6b5b557f\stell
ar-xdr-21.2.0\src\curr\generated.rs:15697:42
      |
15697 | #[cfg_attr(feature = "arbitrary", derive(Arbitrary))]
      |                                          ^^^^^^^^^ could not find 
`details` in `arbitrary`
      |
      = note: this error originates in the derive macro `Arbitrary` (in 
Nightly builds, run with -Z macro-backtrace for more info)

error[E0407]: method `try_size_hint` is not a member of trait 
`arbitrary::Arbitrary`
     --> C:\Users\pc\.cargo\registry\src\index.crates.io-1949cf8c6b5b557f\stell
ar-xdr-21.2.0\src\curr\generated.rs:15697:42
      |
15697 | #[cfg_attr(feature = "arbitrary", derive(Arbitrary))]
      |                                          ^^^^^^^^^
      |                                          |
      |                                          not a member of trait 
`arbitrary::Arbitrary`
      |                                          help: there is an associated 
function with a similar name: `size_hint`
      |
      = note: this error originates in the derive macro `Arbitrary` (in 
Nightly builds, run with -Z macro-backtrace for more info)

error[E0433]: failed to resolve: could not find `details` in `arbitrary`
     --> C:\Users\pc\.cargo\registry\src\index.crates.io-1949cf8c6b5b557f\stell
ar-xdr-21.2.0\src\curr\generated.rs:15760:42
      |
15760 | #[cfg_attr(feature = "arbitrary", derive(Arbitrary))]
      |                                          ^^^^^^^^^ could not find 
`details` in `arbitrary`
      |
      = note: this error originates in the derive macro `Arbitrary` (in 
Nightly builds, run with -Z macro-backtrace for more info)

error[E0407]: method `try_size_hint` is not a member of trait 
`arbitrary::Arbitrary`
     --> C:\Users\pc\.cargo\registry\src\index.crates.io-1949cf8c6b5b557f\stell
ar-xdr-21.2.0\src\curr\generated.rs:15760:42
      |
15760 | #[cfg_attr(feature = "arbitrary", derive(Arbitrary))]
      |                                          ^^^^^^^^^
      |                                          |
      |                                          not a member of trait 
`arbitrary::Arbitrary`
      |                                          help: there is an associated 
function with a similar name: `size_hint`
      |
      = note: this error originates in the derive macro `Arbitrary` (in 
Nightly builds, run with -Z macro-backtrace for more info)

error[E0433]: failed to resolve: could not find `details` in `arbitrary`
     --> C:\Users\pc\.cargo\registry\src\index.crates.io-1949cf8c6b5b557f\stell
ar-xdr-21.2.0\src\curr\generated.rs:15833:42
      |
15833 | #[cfg_attr(feature = "arbitrary", derive(Arbitrary))]
      |                                          ^^^^^^^^^ could not find 
`details` in `arbitrary`
      |
      = note: this error originates in the derive macro `Arbitrary` (in 
Nightly builds, run with -Z macro-backtrace for more info)

error[E0407]: method `try_size_hint` is not a member of trait 
`arbitrary::Arbitrary`
     --> C:\Users\pc\.cargo\registry\src\index.crates.io-1949cf8c6b5b557f\stell
ar-xdr-21.2.0\src\curr\generated.rs:15833:42
      |
15833 | #[cfg_attr(feature = "arbitrary", derive(Arbitrary))]
      |                                          ^^^^^^^^^
      |                                          |
      |                                          not a member of trait 
`arbitrary::Arbitrary`
      |                                          help: there is an associated 
function with a similar name: `size_hint`
      |
      = note: this error originates in the derive macro `Arbitrary` (in 
Nightly builds, run with -Z macro-backtrace for more info)

error[E0433]: failed to resolve: could not find `details` in `arbitrary`
     --> C:\Users\pc\.cargo\registry\src\index.crates.io-1949cf8c6b5b557f\stell
ar-xdr-21.2.0\src\curr\generated.rs:15886:42
      |
15886 | #[cfg_attr(feature = "arbitrary", derive(Arbitrary))]
      |                                          ^^^^^^^^^ could not find 
`details` in `arbitrary`
      |
      = note: this error originates in the derive macro `Arbitrary` (in 
Nightly builds, run with -Z macro-backtrace for more info)

error[E0407]: method `try_size_hint` is not a member of trait 
`arbitrary::Arbitrary`
     --> C:\Users\pc\.cargo\registry\src\index.crates.io-1949cf8c6b5b557f\stell
ar-xdr-21.2.0\src\curr\generated.rs:15886:42
      |
15886 | #[cfg_attr(feature = "arbitrary", derive(Arbitrary))]
      |                                          ^^^^^^^^^
      |                                          |
      |                                          not a member of trait 
`arbitrary::Arbitrary`
      |                                          help: there is an associated 
function with a similar name: `size_hint`
      |
      = note: this error originates in the derive macro `Arbitrary` (in 
Nightly builds, run with -Z macro-backtrace for more info)

error[E0433]: failed to resolve: could not find `details` in `arbitrary`
     --> C:\Users\pc\.cargo\registry\src\index.crates.io-1949cf8c6b5b557f\stell
ar-xdr-21.2.0\src\curr\generated.rs:16002:42
      |
16002 | #[cfg_attr(feature = "arbitrary", derive(Arbitrary))]
      |                                          ^^^^^^^^^ could not find 
`details` in `arbitrary`
      |
      = note: this error originates in the derive macro `Arbitrary` (in 
Nightly builds, run with -Z macro-backtrace for more info)

error[E0407]: method `try_size_hint` is not a member of trait 
`arbitrary::Arbitrary`
     --> C:\Users\pc\.cargo\registry\src\index.crates.io-1949cf8c6b5b557f\stell
ar-xdr-21.2.0\src\curr\generated.rs:16002:42
      |
16002 | #[cfg_attr(feature = "arbitrary", derive(Arbitrary))]
      |                                          ^^^^^^^^^
      |                                          |
      |                                          not a member of trait 
`arbitrary::Arbitrary`
      |                                          help: there is an associated 
function with a similar name: `size_hint`
      |
      = note: this error originates in the derive macro `Arbitrary` (in 
Nightly builds, run with -Z macro-backtrace for more info)

error[E0433]: failed to resolve: could not find `details` in `arbitrary`
     --> C:\Users\pc\.cargo\registry\src\index.crates.io-1949cf8c6b5b557f\stell
ar-xdr-21.2.0\src\curr\generated.rs:16051:42
      |
16051 | #[cfg_attr(feature = "arbitrary", derive(Arbitrary))]
      |                                          ^^^^^^^^^ could not find 
`details` in `arbitrary`
      |
      = note: this error originates in the derive macro `Arbitrary` (in 
Nightly builds, run with -Z macro-backtrace for more info)

error[E0407]: method `try_size_hint` is not a member of trait 
`arbitrary::Arbitrary`
     --> C:\Users\pc\.cargo\registry\src\index.crates.io-1949cf8c6b5b557f\stell
ar-xdr-21.2.0\src\curr\generated.rs:16051:42
      |
16051 | #[cfg_attr(feature = "arbitrary", derive(Arbitrary))]
      |                                          ^^^^^^^^^
      |                                          |
      |                                          not a member of trait 
`arbitrary::Arbitrary`
      |                                          help: there is an associated 
function with a similar name: `size_hint`
      |
      = note: this error originates in the derive macro `Arbitrary` (in 
Nightly builds, run with -Z macro-backtrace for more info)

error[E0433]: failed to resolve: could not find `details` in `arbitrary`
     --> C:\Users\pc\.cargo\registry\src\index.crates.io-1949cf8c6b5b557f\stell
ar-xdr-21.2.0\src\curr\generated.rs:16204:42
      |
16204 | #[cfg_attr(feature = "arbitrary", derive(Arbitrary))]
      |                                          ^^^^^^^^^ could not find 
`details` in `arbitrary`
      |
      = note: this error originates in the derive macro `Arbitrary` (in 
Nightly builds, run with -Z macro-backtrace for more info)

error[E0407]: method `try_size_hint` is not a member of trait 
`arbitrary::Arbitrary`
     --> C:\Users\pc\.cargo\registry\src\index.crates.io-1949cf8c6b5b557f\stell
ar-xdr-21.2.0\src\curr\generated.rs:16204:42
      |
16204 | #[cfg_attr(feature = "arbitrary", derive(Arbitrary))]
      |                                          ^^^^^^^^^
      |                                          |
      |                                          not a member of trait 
`arbitrary::Arbitrary`
      |                                          help: there is an associated 
function with a similar name: `size_hint`
      |
      = note: this error originates in the derive macro `Arbitrary` (in 
Nightly builds, run with -Z macro-backtrace for more info)

error[E0433]: failed to resolve: could not find `details` in `arbitrary`
     --> C:\Users\pc\.cargo\registry\src\index.crates.io-1949cf8c6b5b557f\stell
ar-xdr-21.2.0\src\curr\generated.rs:16269:42
      |
16269 | #[cfg_attr(feature = "arbitrary", derive(Arbitrary))]
      |                                          ^^^^^^^^^ could not find 
`details` in `arbitrary`
      |
      = note: this error originates in the derive macro `Arbitrary` (in 
Nightly builds, run with -Z macro-backtrace for more info)

error[E0407]: method `try_size_hint` is not a member of trait 
`arbitrary::Arbitrary`
     --> C:\Users\pc\.cargo\registry\src\index.crates.io-1949cf8c6b5b557f\stell
ar-xdr-21.2.0\src\curr\generated.rs:16269:42
      |
16269 | #[cfg_attr(feature = "arbitrary", derive(Arbitrary))]
      |                                          ^^^^^^^^^
      |                                          |
      |                                          not a member of trait 
`arbitrary::Arbitrary`
      |                                          help: there is an associated 
function with a similar name: `size_hint`
      |
      = note: this error originates in the derive macro `Arbitrary` (in 
Nightly builds, run with -Z macro-backtrace for more info)

error[E0433]: failed to resolve: could not find `details` in `arbitrary`
     --> C:\Users\pc\.cargo\registry\src\index.crates.io-1949cf8c6b5b557f\stell
ar-xdr-21.2.0\src\curr\generated.rs:16449:42
      |
16449 | #[cfg_attr(feature = "arbitrary", derive(Arbitrary))]
      |                                          ^^^^^^^^^ could not find 
`details` in `arbitrary`
      |
      = note: this error originates in the derive macro `Arbitrary` (in 
Nightly builds, run with -Z macro-backtrace for more info)

error[E0407]: method `try_size_hint` is not a member of trait 
`arbitrary::Arbitrary`
     --> C:\Users\pc\.cargo\registry\src\index.crates.io-1949cf8c6b5b557f\stell
ar-xdr-21.2.0\src\curr\generated.rs:16449:42
      |
16449 | #[cfg_attr(feature = "arbitrary", derive(Arbitrary))]
      |                                          ^^^^^^^^^
      |                                          |
      |                                          not a member of trait 
`arbitrary::Arbitrary`
      |                                          help: there is an associated 
function with a similar name: `size_hint`
      |
      = note: this error originates in the derive macro `Arbitrary` (in 
Nightly builds, run with -Z macro-backtrace for more info)

error[E0433]: failed to resolve: could not find `details` in `arbitrary`
     --> C:\Users\pc\.cargo\registry\src\index.crates.io-1949cf8c6b5b557f\stell
ar-xdr-21.2.0\src\curr\generated.rs:16588:42
      |
16588 | #[cfg_attr(feature = "arbitrary", derive(Arbitrary))]
      |                                          ^^^^^^^^^ could not find 
`details` in `arbitrary`
      |
      = note: this error originates in the derive macro `Arbitrary` (in 
Nightly builds, run with -Z macro-backtrace for more info)

error[E0407]: method `try_size_hint` is not a member of trait 
`arbitrary::Arbitrary`
     --> C:\Users\pc\.cargo\registry\src\index.crates.io-1949cf8c6b5b557f\stell
ar-xdr-21.2.0\src\curr\generated.rs:16588:42
      |
16588 | #[cfg_attr(feature = "arbitrary", derive(Arbitrary))]
      |                                          ^^^^^^^^^
      |                                          |
      |                                          not a member of trait 
`arbitrary::Arbitrary`
      |                                          help: there is an associated 
function with a similar name: `size_hint`
      |
      = note: this error originates in the derive macro `Arbitrary` (in 
Nightly builds, run with -Z macro-backtrace for more info)

error[E0433]: failed to resolve: could not find `details` in `arbitrary`
     --> C:\Users\pc\.cargo\registry\src\index.crates.io-1949cf8c6b5b557f\stell
ar-xdr-21.2.0\src\curr\generated.rs:16636:42
      |
16636 | #[cfg_attr(feature = "arbitrary", derive(Arbitrary))]
      |                                          ^^^^^^^^^ could not find 
`details` in `arbitrary`
      |
      = note: this error originates in the derive macro `Arbitrary` (in 
Nightly builds, run with -Z macro-backtrace for more info)

error[E0407]: method `try_size_hint` is not a member of trait 
`arbitrary::Arbitrary`
     --> C:\Users\pc\.cargo\registry\src\index.crates.io-1949cf8c6b5b557f\stell
ar-xdr-21.2.0\src\curr\generated.rs:16636:42
      |
16636 | #[cfg_attr(feature = "arbitrary", derive(Arbitrary))]
      |                                          ^^^^^^^^^
      |                                          |
      |                                          not a member of trait 
`arbitrary::Arbitrary`
      |                                          help: there is an associated 
function with a similar name: `size_hint`
      |
      = note: this error originates in the derive macro `Arbitrary` (in 
Nightly builds, run with -Z macro-backtrace for more info)

error[E0433]: failed to resolve: could not find `details` in `arbitrary`
     --> C:\Users\pc\.cargo\registry\src\index.crates.io-1949cf8c6b5b557f\stell
ar-xdr-21.2.0\src\curr\generated.rs:16679:42
      |
16679 | #[cfg_attr(feature = "arbitrary", derive(Arbitrary))]
      |                                          ^^^^^^^^^ could not find 
`details` in `arbitrary`
      |
      = note: this error originates in the derive macro `Arbitrary` (in 
Nightly builds, run with -Z macro-backtrace for more info)

error[E0407]: method `try_size_hint` is not a member of trait 
`arbitrary::Arbitrary`
     --> C:\Users\pc\.cargo\registry\src\index.crates.io-1949cf8c6b5b557f\stell
ar-xdr-21.2.0\src\curr\generated.rs:16679:42
      |
16679 | #[cfg_attr(feature = "arbitrary", derive(Arbitrary))]
      |                                          ^^^^^^^^^
      |                                          |
      |                                          not a member of trait 
`arbitrary::Arbitrary`
      |                                          help: there is an associated 
function with a similar name: `size_hint`
      |
      = note: this error originates in the derive macro `Arbitrary` (in 
Nightly builds, run with -Z macro-backtrace for more info)

error[E0433]: failed to resolve: could not find `details` in `arbitrary`
     --> C:\Users\pc\.cargo\registry\src\index.crates.io-1949cf8c6b5b557f\stell
ar-xdr-21.2.0\src\curr\generated.rs:16725:42
      |
16725 | #[cfg_attr(feature = "arbitrary", derive(Arbitrary))]
      |                                          ^^^^^^^^^ could not find 
`details` in `arbitrary`
      |
      = note: this error originates in the derive macro `Arbitrary` (in 
Nightly builds, run with -Z macro-backtrace for more info)

error[E0407]: method `try_size_hint` is not a member of trait 
`arbitrary::Arbitrary`
     --> C:\Users\pc\.cargo\registry\src\index.crates.io-1949cf8c6b5b557f\stell
ar-xdr-21.2.0\src\curr\generated.rs:16725:42
      |
16725 | #[cfg_attr(feature = "arbitrary", derive(Arbitrary))]
      |                                          ^^^^^^^^^
      |                                          |
      |                                          not a member of trait 
`arbitrary::Arbitrary`
      |                                          help: there is an associated 
function with a similar name: `size_hint`
      |
      = note: this error originates in the derive macro `Arbitrary` (in 
Nightly builds, run with -Z macro-backtrace for more info)

error[E0433]: failed to resolve: could not find `details` in `arbitrary`
     --> C:\Users\pc\.cargo\registry\src\index.crates.io-1949cf8c6b5b557f\stell
ar-xdr-21.2.0\src\curr\generated.rs:16771:42
      |
16771 | #[cfg_attr(feature = "arbitrary", derive(Arbitrary))]
      |                                          ^^^^^^^^^ could not find 
`details` in `arbitrary`
      |
      = note: this error originates in the derive macro `Arbitrary` (in 
Nightly builds, run with -Z macro-backtrace for more info)

error[E0407]: method `try_size_hint` is not a member of trait 
`arbitrary::Arbitrary`
     --> C:\Users\pc\.cargo\registry\src\index.crates.io-1949cf8c6b5b557f\stell
ar-xdr-21.2.0\src\curr\generated.rs:16771:42
      |
16771 | #[cfg_attr(feature = "arbitrary", derive(Arbitrary))]
      |                                          ^^^^^^^^^
      |                                          |
      |                                          not a member of trait 
`arbitrary::Arbitrary`
      |                                          help: there is an associated 
function with a similar name: `size_hint`
      |
      = note: this error originates in the derive macro `Arbitrary` (in 
Nightly builds, run with -Z macro-backtrace for more info)

error[E0433]: failed to resolve: could not find `details` in `arbitrary`
     --> C:\Users\pc\.cargo\registry\src\index.crates.io-1949cf8c6b5b557f\stell
ar-xdr-21.2.0\src\curr\generated.rs:16816:42
      |
16816 | #[cfg_attr(feature = "arbitrary", derive(Arbitrary))]
      |                                          ^^^^^^^^^ could not find 
`details` in `arbitrary`
      |
      = note: this error originates in the derive macro `Arbitrary` (in 
Nightly builds, run with -Z macro-backtrace for more info)

error[E0407]: method `try_size_hint` is not a member of trait 
`arbitrary::Arbitrary`
     --> C:\Users\pc\.cargo\registry\src\index.crates.io-1949cf8c6b5b557f\stell
ar-xdr-21.2.0\src\curr\generated.rs:16816:42
      |
16816 | #[cfg_attr(feature = "arbitrary", derive(Arbitrary))]
      |                                          ^^^^^^^^^
      |                                          |
      |                                          not a member of trait 
`arbitrary::Arbitrary`
      |                                          help: there is an associated 
function with a similar name: `size_hint`
      |
      = note: this error originates in the derive macro `Arbitrary` (in 
Nightly builds, run with -Z macro-backtrace for more info)

error[E0433]: failed to resolve: could not find `details` in `arbitrary`
     --> C:\Users\pc\.cargo\registry\src\index.crates.io-1949cf8c6b5b557f\stell
ar-xdr-21.2.0\src\curr\generated.rs:16858:42
      |
16858 | #[cfg_attr(feature = "arbitrary", derive(Arbitrary))]
      |                                          ^^^^^^^^^ could not find 
`details` in `arbitrary`
      |
      = note: this error originates in the derive macro `Arbitrary` (in 
Nightly builds, run with -Z macro-backtrace for more info)

error[E0407]: method `try_size_hint` is not a member of trait 
`arbitrary::Arbitrary`
     --> C:\Users\pc\.cargo\registry\src\index.crates.io-1949cf8c6b5b557f\stell
ar-xdr-21.2.0\src\curr\generated.rs:16858:42
      |
16858 | #[cfg_attr(feature = "arbitrary", derive(Arbitrary))]
      |                                          ^^^^^^^^^
      |                                          |
      |                                          not a member of trait 
`arbitrary::Arbitrary`
      |                                          help: there is an associated 
function with a similar name: `size_hint`
      |
      = note: this error originates in the derive macro `Arbitrary` (in 
Nightly builds, run with -Z macro-backtrace for more info)

error[E0433]: failed to resolve: could not find `details` in `arbitrary`
     --> C:\Users\pc\.cargo\registry\src\index.crates.io-1949cf8c6b5b557f\stell
ar-xdr-21.2.0\src\curr\generated.rs:16902:42
      |
16902 | #[cfg_attr(feature = "arbitrary", derive(Arbitrary))]
      |                                          ^^^^^^^^^ could not find 
`details` in `arbitrary`
      |
      = note: this error originates in the derive macro `Arbitrary` (in 
Nightly builds, run with -Z macro-backtrace for more info)

error[E0407]: method `try_size_hint` is not a member of trait 
`arbitrary::Arbitrary`
     --> C:\Users\pc\.cargo\registry\src\index.crates.io-1949cf8c6b5b557f\stell
ar-xdr-21.2.0\src\curr\generated.rs:16902:42
      |
16902 | #[cfg_attr(feature = "arbitrary", derive(Arbitrary))]
      |                                          ^^^^^^^^^
      |                                          |
      |                                          not a member of trait 
`arbitrary::Arbitrary`
      |                                          help: there is an associated 
function with a similar name: `size_hint`
      |
      = note: this error originates in the derive macro `Arbitrary` (in 
Nightly builds, run with -Z macro-backtrace for more info)

error[E0433]: failed to resolve: could not find `details` in `arbitrary`
     --> C:\Users\pc\.cargo\registry\src\index.crates.io-1949cf8c6b5b557f\stell
ar-xdr-21.2.0\src\curr\generated.rs:16950:42
      |
16950 | #[cfg_attr(feature = "arbitrary", derive(Arbitrary))]
      |                                          ^^^^^^^^^ could not find 
`details` in `arbitrary`
      |
      = note: this error originates in the derive macro `Arbitrary` (in 
Nightly builds, run with -Z macro-backtrace for more info)

error[E0407]: method `try_size_hint` is not a member of trait 
`arbitrary::Arbitrary`
     --> C:\Users\pc\.cargo\registry\src\index.crates.io-1949cf8c6b5b557f\stell
ar-xdr-21.2.0\src\curr\generated.rs:16950:42
      |
16950 | #[cfg_attr(feature = "arbitrary", derive(Arbitrary))]
      |                                          ^^^^^^^^^
      |                                          |
      |                                          not a member of trait 
`arbitrary::Arbitrary`
      |                                          help: there is an associated 
function with a similar name: `size_hint`
      |
      = note: this error originates in the derive macro `Arbitrary` (in 
Nightly builds, run with -Z macro-backtrace for more info)

error[E0433]: failed to resolve: could not find `details` in `arbitrary`
     --> C:\Users\pc\.cargo\registry\src\index.crates.io-1949cf8c6b5b557f\stell
ar-xdr-21.2.0\src\curr\generated.rs:16992:42
      |
16992 | #[cfg_attr(feature = "arbitrary", derive(Arbitrary))]
      |                                          ^^^^^^^^^ could not find 
`details` in `arbitrary`
      |
      = note: this error originates in the derive macro `Arbitrary` (in 
Nightly builds, run with -Z macro-backtrace for more info)

error[E0407]: method `try_size_hint` is not a member of trait 
`arbitrary::Arbitrary`
     --> C:\Users\pc\.cargo\registry\src\index.crates.io-1949cf8c6b5b557f\stell
ar-xdr-21.2.0\src\curr\generated.rs:16992:42
      |
16992 | #[cfg_attr(feature = "arbitrary", derive(Arbitrary))]
      |                                          ^^^^^^^^^
      |                                          |
      |                                          not a member of trait 
`arbitrary::Arbitrary`
      |                                          help: there is an associated 
function with a similar name: `size_hint`
      |
      = note: this error originates in the derive macro `Arbitrary` (in 
Nightly builds, run with -Z macro-backtrace for more info)

   Compiling ed25519 v2.2.3
error[E0433]: failed to resolve: could not find `details` in `arbitrary`
     --> C:\Users\pc\.cargo\registry\src\index.crates.io-1949cf8c6b5b557f\stell
ar-xdr-21.2.0\src\curr\generated.rs:17035:42
      |
17035 | #[cfg_attr(feature = "arbitrary", derive(Arbitrary))]
      |                                          ^^^^^^^^^ could not find 
`details` in `arbitrary`
      |
      = note: this error originates in the derive macro `Arbitrary` (in 
Nightly builds, run with -Z macro-backtrace for more info)

error[E0407]: method `try_size_hint` is not a member of trait 
`arbitrary::Arbitrary`
     --> C:\Users\pc\.cargo\registry\src\index.crates.io-1949cf8c6b5b557f\stell
ar-xdr-21.2.0\src\curr\generated.rs:17035:42
      |
17035 | #[cfg_attr(feature = "arbitrary", derive(Arbitrary))]
      |                                          ^^^^^^^^^
      |                                          |
      |                                          not a member of trait 
`arbitrary::Arbitrary`
      |                                          help: there is an associated 
function with a similar name: `size_hint`
      |
      = note: this error originates in the derive macro `Arbitrary` (in 
Nightly builds, run with -Z macro-backtrace for more info)

error[E0433]: failed to resolve: could not find `details` in `arbitrary`
     --> C:\Users\pc\.cargo\registry\src\index.crates.io-1949cf8c6b5b557f\stell
ar-xdr-21.2.0\src\curr\generated.rs:17138:42
      |
17138 | #[cfg_attr(feature = "arbitrary", derive(Arbitrary))]
      |                                          ^^^^^^^^^ could not find 
`details` in `arbitrary`
      |
      = note: this error originates in the derive macro `Arbitrary` (in 
Nightly builds, run with -Z macro-backtrace for more info)

error[E0407]: method `try_size_hint` is not a member of trait 
`arbitrary::Arbitrary`
     --> C:\Users\pc\.cargo\registry\src\index.crates.io-1949cf8c6b5b557f\stell
ar-xdr-21.2.0\src\curr\generated.rs:17138:42
      |
17138 | #[cfg_attr(feature = "arbitrary", derive(Arbitrary))]
      |                                          ^^^^^^^^^
      |                                          |
      |                                          not a member of trait 
`arbitrary::Arbitrary`
      |                                          help: there is an associated 
function with a similar name: `size_hint`
      |
      = note: this error originates in the derive macro `Arbitrary` (in 
Nightly builds, run with -Z macro-backtrace for more info)

   Compiling keccak v0.1.6
error[E0433]: failed to resolve: could not find `details` in `arbitrary`
     --> C:\Users\pc\.cargo\registry\src\index.crates.io-1949cf8c6b5b557f\stell
ar-xdr-21.2.0\src\curr\generated.rs:17471:42
      |
17471 | #[cfg_attr(feature = "arbitrary", derive(Arbitrary))]
      |                                          ^^^^^^^^^ could not find 
`details` in `arbitrary`
      |
      = note: this error originates in the derive macro `Arbitrary` (in 
Nightly builds, run with -Z macro-backtrace for more info)

error[E0407]: method `try_size_hint` is not a member of trait 
`arbitrary::Arbitrary`
     --> C:\Users\pc\.cargo\registry\src\index.crates.io-1949cf8c6b5b557f\stell
ar-xdr-21.2.0\src\curr\generated.rs:17471:42
      |
17471 | #[cfg_attr(feature = "arbitrary", derive(Arbitrary))]
      |                                          ^^^^^^^^^
      |                                          |
      |                                          not a member of trait 
`arbitrary::Arbitrary`
      |                                          help: there is an associated 
function with a similar name: `size_hint`
      |
      = note: this error originates in the derive macro `Arbitrary` (in 
Nightly builds, run with -Z macro-backtrace for more info)

error[E0433]: failed to resolve: could not find `details` in `arbitrary`
     --> C:\Users\pc\.cargo\registry\src\index.crates.io-1949cf8c6b5b557f\stell
ar-xdr-21.2.0\src\curr\generated.rs:17687:42
      |
17687 | #[cfg_attr(feature = "arbitrary", derive(Arbitrary))]
      |                                          ^^^^^^^^^ could not find 
`details` in `arbitrary`
      |
      = note: this error originates in the derive macro `Arbitrary` (in 
Nightly builds, run with -Z macro-backtrace for more info)

error[E0407]: method `try_size_hint` is not a member of trait 
`arbitrary::Arbitrary`
     --> C:\Users\pc\.cargo\registry\src\index.crates.io-1949cf8c6b5b557f\stell
ar-xdr-21.2.0\src\curr\generated.rs:17687:42
      |
17687 | #[cfg_attr(feature = "arbitrary", derive(Arbitrary))]
      |                                          ^^^^^^^^^
      |                                          |
      |                                          not a member of trait 
`arbitrary::Arbitrary`
      |                                          help: there is an associated 
function with a similar name: `size_hint`
      |
      = note: this error originates in the derive macro `Arbitrary` (in 
Nightly builds, run with -Z macro-backtrace for more info)

error[E0433]: failed to resolve: could not find `details` in `arbitrary`
     --> C:\Users\pc\.cargo\registry\src\index.crates.io-1949cf8c6b5b557f\stell
ar-xdr-21.2.0\src\curr\generated.rs:17736:42
      |
17736 | #[cfg_attr(feature = "arbitrary", derive(Arbitrary))]
      |                                          ^^^^^^^^^ could not find 
`details` in `arbitrary`
      |
      = note: this error originates in the derive macro `Arbitrary` (in 
Nightly builds, run with -Z macro-backtrace for more info)

error[E0407]: method `try_size_hint` is not a member of trait 
`arbitrary::Arbitrary`
     --> C:\Users\pc\.cargo\registry\src\index.crates.io-1949cf8c6b5b557f\stell
ar-xdr-21.2.0\src\curr\generated.rs:17736:42
      |
17736 | #[cfg_attr(feature = "arbitrary", derive(Arbitrary))]
      |                                          ^^^^^^^^^
      |                                          |
      |                                          not a member of trait 
`arbitrary::Arbitrary`
      |                                          help: there is an associated 
function with a similar name: `size_hint`
      |
      = note: this error originates in the derive macro `Arbitrary` (in 
Nightly builds, run with -Z macro-backtrace for more info)

error[E0433]: failed to resolve: could not find `details` in `arbitrary`
     --> C:\Users\pc\.cargo\registry\src\index.crates.io-1949cf8c6b5b557f\stell
ar-xdr-21.2.0\src\curr\generated.rs:17858:42
      |
17858 | #[cfg_attr(feature = "arbitrary", derive(Arbitrary))]
      |                                          ^^^^^^^^^ could not find 
`details` in `arbitrary`
      |
      = note: this error originates in the derive macro `Arbitrary` (in 
Nightly builds, run with -Z macro-backtrace for more info)

error[E0407]: method `try_size_hint` is not a member of trait 
`arbitrary::Arbitrary`
     --> C:\Users\pc\.cargo\registry\src\index.crates.io-1949cf8c6b5b557f\stell
ar-xdr-21.2.0\src\curr\generated.rs:17858:42
      |
17858 | #[cfg_attr(feature = "arbitrary", derive(Arbitrary))]
      |                                          ^^^^^^^^^
      |                                          |
      |                                          not a member of trait 
`arbitrary::Arbitrary`
      |                                          help: there is an associated 
function with a similar name: `size_hint`
      |
      = note: this error originates in the derive macro `Arbitrary` (in 
Nightly builds, run with -Z macro-backtrace for more info)

error[E0433]: failed to resolve: could not find `details` in `arbitrary`
     --> C:\Users\pc\.cargo\registry\src\index.crates.io-1949cf8c6b5b557f\stell
ar-xdr-21.2.0\src\curr\generated.rs:18139:42
      |
18139 | #[cfg_attr(feature = "arbitrary", derive(Arbitrary))]
      |                                          ^^^^^^^^^ could not find 
`details` in `arbitrary`
      |
      = note: this error originates in the derive macro `Arbitrary` (in 
Nightly builds, run with -Z macro-backtrace for more info)

error[E0407]: method `try_size_hint` is not a member of trait 
`arbitrary::Arbitrary`
     --> C:\Users\pc\.cargo\registry\src\index.crates.io-1949cf8c6b5b557f\stell
ar-xdr-21.2.0\src\curr\generated.rs:18139:42
      |
18139 | #[cfg_attr(feature = "arbitrary", derive(Arbitrary))]
      |                                          ^^^^^^^^^
      |                                          |
      |                                          not a member of trait 
`arbitrary::Arbitrary`
      |                                          help: there is an associated 
function with a similar name: `size_hint`
      |
      = note: this error originates in the derive macro `Arbitrary` (in 
Nightly builds, run with -Z macro-backtrace for more info)

error[E0433]: failed to resolve: could not find `details` in `arbitrary`
     --> C:\Users\pc\.cargo\registry\src\index.crates.io-1949cf8c6b5b557f\stell
ar-xdr-21.2.0\src\curr\generated.rs:18188:42
      |
18188 | #[cfg_attr(feature = "arbitrary", derive(Arbitrary))]
      |                                          ^^^^^^^^^ could not find 
`details` in `arbitrary`
      |
      = note: this error originates in the derive macro `Arbitrary` (in 
Nightly builds, run with -Z macro-backtrace for more info)

error[E0407]: method `try_size_hint` is not a member of trait 
`arbitrary::Arbitrary`
     --> C:\Users\pc\.cargo\registry\src\index.crates.io-1949cf8c6b5b557f\stell
ar-xdr-21.2.0\src\curr\generated.rs:18188:42
      |
18188 | #[cfg_attr(feature = "arbitrary", derive(Arbitrary))]
      |                                          ^^^^^^^^^
      |                                          |
      |                                          not a member of trait 
`arbitrary::Arbitrary`
      |                                          help: there is an associated 
function with a similar name: `size_hint`
      |
      = note: this error originates in the derive macro `Arbitrary` (in 
Nightly builds, run with -Z macro-backtrace for more info)

error[E0433]: failed to resolve: could not find `details` in `arbitrary`
     --> C:\Users\pc\.cargo\registry\src\index.crates.io-1949cf8c6b5b557f\stell
ar-xdr-21.2.0\src\curr\generated.rs:18327:42
      |
18327 | #[cfg_attr(feature = "arbitrary", derive(Arbitrary))]
      |                                          ^^^^^^^^^ could not find 
`details` in `arbitrary`
      |
      = note: this error originates in the derive macro `Arbitrary` (in 
Nightly builds, run with -Z macro-backtrace for more info)

error[E0407]: method `try_size_hint` is not a member of trait 
`arbitrary::Arbitrary`
     --> C:\Users\pc\.cargo\registry\src\index.crates.io-1949cf8c6b5b557f\stell
ar-xdr-21.2.0\src\curr\generated.rs:18327:42
      |
18327 | #[cfg_attr(feature = "arbitrary", derive(Arbitrary))]
      |                                          ^^^^^^^^^
      |                                          |
      |                                          not a member of trait 
`arbitrary::Arbitrary`
      |                                          help: there is an associated 
function with a similar name: `size_hint`
      |
      = note: this error originates in the derive macro `Arbitrary` (in 
Nightly builds, run with -Z macro-backtrace for more info)

error[E0433]: failed to resolve: could not find `details` in `arbitrary`
     --> C:\Users\pc\.cargo\registry\src\index.crates.io-1949cf8c6b5b557f\stell
ar-xdr-21.2.0\src\curr\generated.rs:18553:42
      |
18553 | #[cfg_attr(feature = "arbitrary", derive(Arbitrary))]
      |                                          ^^^^^^^^^ could not find 
`details` in `arbitrary`
      |
      = note: this error originates in the derive macro `Arbitrary` (in 
Nightly builds, run with -Z macro-backtrace for more info)

error[E0407]: method `try_size_hint` is not a member of trait 
`arbitrary::Arbitrary`
     --> C:\Users\pc\.cargo\registry\src\index.crates.io-1949cf8c6b5b557f\stell
ar-xdr-21.2.0\src\curr\generated.rs:18553:42
      |
18553 | #[cfg_attr(feature = "arbitrary", derive(Arbitrary))]
      |                                          ^^^^^^^^^
      |                                          |
      |                                          not a member of trait 
`arbitrary::Arbitrary`
      |                                          help: there is an associated 
function with a similar name: `size_hint`
      |
      = note: this error originates in the derive macro `Arbitrary` (in 
Nightly builds, run with -Z macro-backtrace for more info)

error[E0433]: failed to resolve: could not find `details` in `arbitrary`
     --> C:\Users\pc\.cargo\registry\src\index.crates.io-1949cf8c6b5b557f\stell
ar-xdr-21.2.0\src\curr\generated.rs:18615:42
      |
18615 | #[cfg_attr(feature = "arbitrary", derive(Arbitrary))]
      |                                          ^^^^^^^^^ could not find 
`details` in `arbitrary`
      |
      = note: this error originates in the derive macro `Arbitrary` (in 
Nightly builds, run with -Z macro-backtrace for more info)

error[E0407]: method `try_size_hint` is not a member of trait 
`arbitrary::Arbitrary`
     --> C:\Users\pc\.cargo\registry\src\index.crates.io-1949cf8c6b5b557f\stell
ar-xdr-21.2.0\src\curr\generated.rs:18615:42
      |
18615 | #[cfg_attr(feature = "arbitrary", derive(Arbitrary))]
      |                                          ^^^^^^^^^
      |                                          |
      |                                          not a member of trait 
`arbitrary::Arbitrary`
      |                                          help: there is an associated 
function with a similar name: `size_hint`
      |
      = note: this error originates in the derive macro `Arbitrary` (in 
Nightly builds, run with -Z macro-backtrace for more info)

   Compiling getrandom v0.4.2
error[E0433]: failed to resolve: could not find `details` in `arbitrary`
     --> C:\Users\pc\.cargo\registry\src\index.crates.io-1949cf8c6b5b557f\stell
ar-xdr-21.2.0\src\curr\generated.rs:18761:42
      |
18761 | #[cfg_attr(feature = "arbitrary", derive(Arbitrary))]
      |                                          ^^^^^^^^^ could not find 
`details` in `arbitrary`
      |
      = note: this error originates in the derive macro `Arbitrary` (in 
Nightly builds, run with -Z macro-backtrace for more info)

error[E0407]: method `try_size_hint` is not a member of trait 
`arbitrary::Arbitrary`
     --> C:\Users\pc\.cargo\registry\src\index.crates.io-1949cf8c6b5b557f\stell
ar-xdr-21.2.0\src\curr\generated.rs:18761:42
      |
18761 | #[cfg_attr(feature = "arbitrary", derive(Arbitrary))]
      |                                          ^^^^^^^^^
      |                                          |
      |                                          not a member of trait 
`arbitrary::Arbitrary`
      |                                          help: there is an associated 
function with a similar name: `size_hint`
      |
      = note: this error originates in the derive macro `Arbitrary` (in 
Nightly builds, run with -Z macro-backtrace for more info)

error[E0433]: failed to resolve: could not find `details` in `arbitrary`
     --> C:\Users\pc\.cargo\registry\src\index.crates.io-1949cf8c6b5b557f\stell
ar-xdr-21.2.0\src\curr\generated.rs:19035:42
      |
19035 | #[cfg_attr(feature = "arbitrary", derive(Arbitrary))]
      |                                          ^^^^^^^^^ could not find 
`details` in `arbitrary`
      |
      = note: this error originates in the derive macro `Arbitrary` (in 
Nightly builds, run with -Z macro-backtrace for more info)

error[E0407]: method `try_size_hint` is not a member of trait 
`arbitrary::Arbitrary`
     --> C:\Users\pc\.cargo\registry\src\index.crates.io-1949cf8c6b5b557f\stell
ar-xdr-21.2.0\src\curr\generated.rs:19035:42
      |
19035 | #[cfg_attr(feature = "arbitrary", derive(Arbitrary))]
      |                                          ^^^^^^^^^
      |                                          |
      |                                          not a member of trait 
`arbitrary::Arbitrary`
      |                                          help: there is an associated 
function with a similar name: `size_hint`
      |
      = note: this error originates in the derive macro `Arbitrary` (in 
Nightly builds, run with -Z macro-backtrace for more info)

error[E0433]: failed to resolve: could not find `details` in `arbitrary`
     --> C:\Users\pc\.cargo\registry\src\index.crates.io-1949cf8c6b5b557f\stell
ar-xdr-21.2.0\src\curr\generated.rs:19088:42
      |
19088 | #[cfg_attr(feature = "arbitrary", derive(Arbitrary))]
      |                                          ^^^^^^^^^ could not find 
`details` in `arbitrary`
      |
      = note: this error originates in the derive macro `Arbitrary` (in 
Nightly builds, run with -Z macro-backtrace for more info)

   Compiling sha3 v0.10.8
error[E0407]: method `try_size_hint` is not a member of trait 
`arbitrary::Arbitrary`
     --> C:\Users\pc\.cargo\registry\src\index.crates.io-1949cf8c6b5b557f\stell
ar-xdr-21.2.0\src\curr\generated.rs:19088:42
      |
19088 | #[cfg_attr(feature = "arbitrary", derive(Arbitrary))]
      |                                          ^^^^^^^^^
      |                                          |
      |                                          not a member of trait 
`arbitrary::Arbitrary`
      |                                          help: there is an associated 
function with a similar name: `size_hint`
      |
      = note: this error originates in the derive macro `Arbitrary` (in 
Nightly builds, run with -Z macro-backtrace for more info)

error[E0433]: failed to resolve: could not find `details` in `arbitrary`
     --> C:\Users\pc\.cargo\registry\src\index.crates.io-1949cf8c6b5b557f\stell
ar-xdr-21.2.0\src\curr\generated.rs:19314:42
      |
19314 | #[cfg_attr(feature = "arbitrary", derive(Arbitrary))]
      |                                          ^^^^^^^^^ could not find 
`details` in `arbitrary`
      |
      = note: this error originates in the derive macro `Arbitrary` (in 
Nightly builds, run with -Z macro-backtrace for more info)

error[E0407]: method `try_size_hint` is not a member of trait 
`arbitrary::Arbitrary`
     --> C:\Users\pc\.cargo\registry\src\index.crates.io-1949cf8c6b5b557f\stell
ar-xdr-21.2.0\src\curr\generated.rs:19314:42
      |
19314 | #[cfg_attr(feature = "arbitrary", derive(Arbitrary))]
      |                                          ^^^^^^^^^
      |                                          |
      |                                          not a member of trait 
`arbitrary::Arbitrary`
      |                                          help: there is an associated 
function with a similar name: `size_hint`
      |
      = note: this error originates in the derive macro `Arbitrary` (in 
Nightly builds, run with -Z macro-backtrace for more info)

error[E0433]: failed to resolve: could not find `details` in `arbitrary`
     --> C:\Users\pc\.cargo\registry\src\index.crates.io-1949cf8c6b5b557f\stell
ar-xdr-21.2.0\src\curr\generated.rs:19365:42
      |
19365 | #[cfg_attr(feature = "arbitrary", derive(Arbitrary))]
      |                                          ^^^^^^^^^ could not find 
`details` in `arbitrary`
      |
      = note: this error originates in the derive macro `Arbitrary` (in 
Nightly builds, run with -Z macro-backtrace for more info)

error[E0407]: method `try_size_hint` is not a member of trait 
`arbitrary::Arbitrary`
     --> C:\Users\pc\.cargo\registry\src\index.crates.io-1949cf8c6b5b557f\stell
ar-xdr-21.2.0\src\curr\generated.rs:19365:42
      |
19365 | #[cfg_attr(feature = "arbitrary", derive(Arbitrary))]
      |                                          ^^^^^^^^^
      |                                          |
      |                                          not a member of trait 
`arbitrary::Arbitrary`
      |                                          help: there is an associated 
function with a similar name: `size_hint`
      |
      = note: this error originates in the derive macro `Arbitrary` (in 
Nightly builds, run with -Z macro-backtrace for more info)

error[E0433]: failed to resolve: could not find `details` in `arbitrary`
     --> C:\Users\pc\.cargo\registry\src\index.crates.io-1949cf8c6b5b557f\stell
ar-xdr-21.2.0\src\curr\generated.rs:19473:42
      |
19473 | #[cfg_attr(feature = "arbitrary", derive(Arbitrary))]
      |                                          ^^^^^^^^^ could not find 
`details` in `arbitrary`
      |
      = note: this error originates in the derive macro `Arbitrary` (in 
Nightly builds, run with -Z macro-backtrace for more info)

error[E0407]: method `try_size_hint` is not a member of trait 
`arbitrary::Arbitrary`
     --> C:\Users\pc\.cargo\registry\src\index.crates.io-1949cf8c6b5b557f\stell
ar-xdr-21.2.0\src\curr\generated.rs:19473:42
      |
19473 | #[cfg_attr(feature = "arbitrary", derive(Arbitrary))]
      |                                          ^^^^^^^^^
      |                                          |
      |                                          not a member of trait 
`arbitrary::Arbitrary`
      |                                          help: there is an associated 
function with a similar name: `size_hint`
      |
      = note: this error originates in the derive macro `Arbitrary` (in 
Nightly builds, run with -Z macro-backtrace for more info)

error[E0433]: failed to resolve: could not find `details` in `arbitrary`
     --> C:\Users\pc\.cargo\registry\src\index.crates.io-1949cf8c6b5b557f\stell
ar-xdr-21.2.0\src\curr\generated.rs:19573:42
      |
19573 | #[cfg_attr(feature = "arbitrary", derive(Arbitrary))]
      |                                          ^^^^^^^^^ could not find 
`details` in `arbitrary`
      |
      = note: this error originates in the derive macro `Arbitrary` (in 
Nightly builds, run with -Z macro-backtrace for more info)

error[E0407]: method `try_size_hint` is not a member of trait 
`arbitrary::Arbitrary`
     --> C:\Users\pc\.cargo\registry\src\index.crates.io-1949cf8c6b5b557f\stell
ar-xdr-21.2.0\src\curr\generated.rs:19573:42
      |
19573 | #[cfg_attr(feature = "arbitrary", derive(Arbitrary))]
      |                                          ^^^^^^^^^
      |                                          |
      |                                          not a member of trait 
`arbitrary::Arbitrary`
      |                                          help: there is an associated 
function with a similar name: `size_hint`
      |
      = note: this error originates in the derive macro `Arbitrary` (in 
Nightly builds, run with -Z macro-backtrace for more info)

error[E0433]: failed to resolve: could not find `details` in `arbitrary`
     --> C:\Users\pc\.cargo\registry\src\index.crates.io-1949cf8c6b5b557f\stell
ar-xdr-21.2.0\src\curr\generated.rs:19619:42
      |
19619 | #[cfg_attr(feature = "arbitrary", derive(Arbitrary))]
      |                                          ^^^^^^^^^ could not find 
`details` in `arbitrary`
      |
      = note: this error originates in the derive macro `Arbitrary` (in 
Nightly builds, run with -Z macro-backtrace for more info)

error[E0407]: method `try_size_hint` is not a member of trait 
`arbitrary::Arbitrary`
     --> C:\Users\pc\.cargo\registry\src\index.crates.io-1949cf8c6b5b557f\stell
ar-xdr-21.2.0\src\curr\generated.rs:19619:42
      |
19619 | #[cfg_attr(feature = "arbitrary", derive(Arbitrary))]
      |                                          ^^^^^^^^^
      |                                          |
      |                                          not a member of trait 
`arbitrary::Arbitrary`
      |                                          help: there is an associated 
function with a similar name: `size_hint`
      |
      = note: this error originates in the derive macro `Arbitrary` (in 
Nightly builds, run with -Z macro-backtrace for more info)

error[E0433]: failed to resolve: could not find `details` in `arbitrary`
     --> C:\Users\pc\.cargo\registry\src\index.crates.io-1949cf8c6b5b557f\stell
ar-xdr-21.2.0\src\curr\generated.rs:19667:42
      |
19667 | #[cfg_attr(feature = "arbitrary", derive(Arbitrary))]
      |                                          ^^^^^^^^^ could not find 
`details` in `arbitrary`
      |
      = note: this error originates in the derive macro `Arbitrary` (in 
Nightly builds, run with -Z macro-backtrace for more info)

error[E0407]: method `try_size_hint` is not a member of trait 
`arbitrary::Arbitrary`
     --> C:\Users\pc\.cargo\registry\src\index.crates.io-1949cf8c6b5b557f\stell
ar-xdr-21.2.0\src\curr\generated.rs:19667:42
      |
19667 | #[cfg_attr(feature = "arbitrary", derive(Arbitrary))]
      |                                          ^^^^^^^^^
      |                                          |
      |                                          not a member of trait 
`arbitrary::Arbitrary`
      |                                          help: there is an associated 
function with a similar name: `size_hint`
      |
      = note: this error originates in the derive macro `Arbitrary` (in 
Nightly builds, run with -Z macro-backtrace for more info)

error[E0433]: failed to resolve: could not find `details` in `arbitrary`
     --> C:\Users\pc\.cargo\registry\src\index.crates.io-1949cf8c6b5b557f\stell
ar-xdr-21.2.0\src\curr\generated.rs:19767:42
      |
19767 | #[cfg_attr(feature = "arbitrary", derive(Arbitrary))]
      |                                          ^^^^^^^^^ could not find 
`details` in `arbitrary`
      |
      = note: this error originates in the derive macro `Arbitrary` (in 
Nightly builds, run with -Z macro-backtrace for more info)

error[E0407]: method `try_size_hint` is not a member of trait 
`arbitrary::Arbitrary`
     --> C:\Users\pc\.cargo\registry\src\index.crates.io-1949cf8c6b5b557f\stell
ar-xdr-21.2.0\src\curr\generated.rs:19767:42
      |
19767 | #[cfg_attr(feature = "arbitrary", derive(Arbitrary))]
      |                                          ^^^^^^^^^
      |                                          |
      |                                          not a member of trait 
`arbitrary::Arbitrary`
      |                                          help: there is an associated 
function with a similar name: `size_hint`
      |
      = note: this error originates in the derive macro `Arbitrary` (in 
Nightly builds, run with -Z macro-backtrace for more info)

error[E0433]: failed to resolve: could not find `details` in `arbitrary`
     --> C:\Users\pc\.cargo\registry\src\index.crates.io-1949cf8c6b5b557f\stell
ar-xdr-21.2.0\src\curr\generated.rs:19812:42
      |
19812 | #[cfg_attr(feature = "arbitrary", derive(Arbitrary))]
      |                                          ^^^^^^^^^ could not find 
`details` in `arbitrary`
      |
      = note: this error originates in the derive macro `Arbitrary` (in 
Nightly builds, run with -Z macro-backtrace for more info)

error[E0407]: method `try_size_hint` is not a member of trait 
`arbitrary::Arbitrary`
     --> C:\Users\pc\.cargo\registry\src\index.crates.io-1949cf8c6b5b557f\stell
ar-xdr-21.2.0\src\curr\generated.rs:19812:42
      |
19812 | #[cfg_attr(feature = "arbitrary", derive(Arbitrary))]
      |                                          ^^^^^^^^^
      |                                          |
      |                                          not a member of trait 
`arbitrary::Arbitrary`
      |                                          help: there is an associated 
function with a similar name: `size_hint`
      |
      = note: this error originates in the derive macro `Arbitrary` (in 
Nightly builds, run with -Z macro-backtrace for more info)

error[E0433]: failed to resolve: could not find `details` in `arbitrary`
     --> C:\Users\pc\.cargo\registry\src\index.crates.io-1949cf8c6b5b557f\stell
ar-xdr-21.2.0\src\curr\generated.rs:19858:42
      |
19858 | #[cfg_attr(feature = "arbitrary", derive(Arbitrary))]
      |                                          ^^^^^^^^^ could not find 
`details` in `arbitrary`
      |
      = note: this error originates in the derive macro `Arbitrary` (in 
Nightly builds, run with -Z macro-backtrace for more info)

error[E0407]: method `try_size_hint` is not a member of trait 
`arbitrary::Arbitrary`
     --> C:\Users\pc\.cargo\registry\src\index.crates.io-1949cf8c6b5b557f\stell
ar-xdr-21.2.0\src\curr\generated.rs:19858:42
      |
19858 | #[cfg_attr(feature = "arbitrary", derive(Arbitrary))]
      |                                          ^^^^^^^^^
      |                                          |
      |                                          not a member of trait 
`arbitrary::Arbitrary`
      |                                          help: there is an associated 
function with a similar name: `size_hint`
      |
      = note: this error originates in the derive macro `Arbitrary` (in 
Nightly builds, run with -Z macro-backtrace for more info)

error[E0433]: failed to resolve: could not find `details` in `arbitrary`
     --> C:\Users\pc\.cargo\registry\src\index.crates.io-1949cf8c6b5b557f\stell
ar-xdr-21.2.0\src\curr\generated.rs:19973:42
      |
19973 | #[cfg_attr(feature = "arbitrary", derive(Arbitrary))]
      |                                          ^^^^^^^^^ could not find 
`details` in `arbitrary`
      |
      = note: this error originates in the derive macro `Arbitrary` (in 
Nightly builds, run with -Z macro-backtrace for more info)

error[E0407]: method `try_size_hint` is not a member of trait 
`arbitrary::Arbitrary`
     --> C:\Users\pc\.cargo\registry\src\index.crates.io-1949cf8c6b5b557f\stell
ar-xdr-21.2.0\src\curr\generated.rs:19973:42
      |
19973 | #[cfg_attr(feature = "arbitrary", derive(Arbitrary))]
      |                                          ^^^^^^^^^
      |                                          |
      |                                          not a member of trait 
`arbitrary::Arbitrary`
      |                                          help: there is an associated 
function with a similar name: `size_hint`
      |
      = note: this error originates in the derive macro `Arbitrary` (in 
Nightly builds, run with -Z macro-backtrace for more info)

error[E0433]: failed to resolve: could not find `details` in `arbitrary`
     --> C:\Users\pc\.cargo\registry\src\index.crates.io-1949cf8c6b5b557f\stell
ar-xdr-21.2.0\src\curr\generated.rs:20131:42
      |
20131 | #[cfg_attr(feature = "arbitrary", derive(Arbitrary))]
      |                                          ^^^^^^^^^ could not find 
`details` in `arbitrary`
      |
      = note: this error originates in the derive macro `Arbitrary` (in 
Nightly builds, run with -Z macro-backtrace for more info)

error[E0407]: method `try_size_hint` is not a member of trait 
`arbitrary::Arbitrary`
     --> C:\Users\pc\.cargo\registry\src\index.crates.io-1949cf8c6b5b557f\stell
ar-xdr-21.2.0\src\curr\generated.rs:20131:42
      |
20131 | #[cfg_attr(feature = "arbitrary", derive(Arbitrary))]
      |                                          ^^^^^^^^^
      |                                          |
      |                                          not a member of trait 
`arbitrary::Arbitrary`
      |                                          help: there is an associated 
function with a similar name: `size_hint`
      |
      = note: this error originates in the derive macro `Arbitrary` (in 
Nightly builds, run with -Z macro-backtrace for more info)

error[E0433]: failed to resolve: could not find `details` in `arbitrary`
     --> C:\Users\pc\.cargo\registry\src\index.crates.io-1949cf8c6b5b557f\stell
ar-xdr-21.2.0\src\curr\generated.rs:20289:42
      |
20289 | #[cfg_attr(feature = "arbitrary", derive(Arbitrary))]
      |                                          ^^^^^^^^^ could not find 
`details` in `arbitrary`
      |
      = note: this error originates in the derive macro `Arbitrary` (in 
Nightly builds, run with -Z macro-backtrace for more info)

error[E0407]: method `try_size_hint` is not a member of trait 
`arbitrary::Arbitrary`
     --> C:\Users\pc\.cargo\registry\src\index.crates.io-1949cf8c6b5b557f\stell
ar-xdr-21.2.0\src\curr\generated.rs:20289:42
      |
20289 | #[cfg_attr(feature = "arbitrary", derive(Arbitrary))]
      |                                          ^^^^^^^^^
      |                                          |
      |                                          not a member of trait 
`arbitrary::Arbitrary`
      |                                          help: there is an associated 
function with a similar name: `size_hint`
      |
      = note: this error originates in the derive macro `Arbitrary` (in 
Nightly builds, run with -Z macro-backtrace for more info)

error[E0433]: failed to resolve: could not find `details` in `arbitrary`
     --> C:\Users\pc\.cargo\registry\src\index.crates.io-1949cf8c6b5b557f\stell
ar-xdr-21.2.0\src\curr\generated.rs:20338:42
      |
20338 | #[cfg_attr(feature = "arbitrary", derive(Arbitrary))]
      |                                          ^^^^^^^^^ could not find 
`details` in `arbitrary`
      |
      = note: this error originates in the derive macro `Arbitrary` (in 
Nightly builds, run with -Z macro-backtrace for more info)

error[E0407]: method `try_size_hint` is not a member of trait 
`arbitrary::Arbitrary`
     --> C:\Users\pc\.cargo\registry\src\index.crates.io-1949cf8c6b5b557f\stell
ar-xdr-21.2.0\src\curr\generated.rs:20338:42
      |
20338 | #[cfg_attr(feature = "arbitrary", derive(Arbitrary))]
      |                                          ^^^^^^^^^
      |                                          |
      |                                          not a member of trait 
`arbitrary::Arbitrary`
      |                                          help: there is an associated 
function with a similar name: `size_hint`
      |
      = note: this error originates in the derive macro `Arbitrary` (in 
Nightly builds, run with -Z macro-backtrace for more info)

error[E0433]: failed to resolve: could not find `details` in `arbitrary`
     --> C:\Users\pc\.cargo\registry\src\index.crates.io-1949cf8c6b5b557f\stell
ar-xdr-21.2.0\src\curr\generated.rs:20384:42
      |
20384 | #[cfg_attr(feature = "arbitrary", derive(Arbitrary))]
      |                                          ^^^^^^^^^ could not find 
`details` in `arbitrary`
      |
      = note: this error originates in the derive macro `Arbitrary` (in 
Nightly builds, run with -Z macro-backtrace for more info)

error[E0407]: method `try_size_hint` is not a member of trait 
`arbitrary::Arbitrary`
     --> C:\Users\pc\.cargo\registry\src\index.crates.io-1949cf8c6b5b557f\stell
ar-xdr-21.2.0\src\curr\generated.rs:20384:42
      |
20384 | #[cfg_attr(feature = "arbitrary", derive(Arbitrary))]
      |                                          ^^^^^^^^^
      |                                          |
      |                                          not a member of trait 
`arbitrary::Arbitrary`
      |                                          help: there is an associated 
function with a similar name: `size_hint`
      |
      = note: this error originates in the derive macro `Arbitrary` (in 
Nightly builds, run with -Z macro-backtrace for more info)

   Compiling ed25519-dalek v2.2.0
error[E0433]: failed to resolve: could not find `details` in `arbitrary`
     --> C:\Users\pc\.cargo\registry\src\index.crates.io-1949cf8c6b5b557f\stell
ar-xdr-21.2.0\src\curr\generated.rs:20431:42
      |
20431 | #[cfg_attr(feature = "arbitrary", derive(Arbitrary))]
      |                                          ^^^^^^^^^ could not find 
`details` in `arbitrary`
      |
      = note: this error originates in the derive macro `Arbitrary` (in 
Nightly builds, run with -Z macro-backtrace for more info)

error[E0407]: method `try_size_hint` is not a member of trait 
`arbitrary::Arbitrary`
     --> C:\Users\pc\.cargo\registry\src\index.crates.io-1949cf8c6b5b557f\stell
ar-xdr-21.2.0\src\curr\generated.rs:20431:42
      |
20431 | #[cfg_attr(feature = "arbitrary", derive(Arbitrary))]
      |                                          ^^^^^^^^^
      |                                          |
      |                                          not a member of trait 
`arbitrary::Arbitrary`
      |                                          help: there is an associated 
function with a similar name: `size_hint`
      |
      = note: this error originates in the derive macro `Arbitrary` (in 
Nightly builds, run with -Z macro-backtrace for more info)

error[E0433]: failed to resolve: could not find `details` in `arbitrary`
     --> C:\Users\pc\.cargo\registry\src\index.crates.io-1949cf8c6b5b557f\stell
ar-xdr-21.2.0\src\curr\generated.rs:20657:42
      |
20657 | #[cfg_attr(feature = "arbitrary", derive(Arbitrary))]
      |                                          ^^^^^^^^^ could not find 
`details` in `arbitrary`
      |
      = note: this error originates in the derive macro `Arbitrary` (in 
Nightly builds, run with -Z macro-backtrace for more info)

error[E0407]: method `try_size_hint` is not a member of trait 
`arbitrary::Arbitrary`
     --> C:\Users\pc\.cargo\registry\src\index.crates.io-1949cf8c6b5b557f\stell
ar-xdr-21.2.0\src\curr\generated.rs:20657:42
      |
20657 | #[cfg_attr(feature = "arbitrary", derive(Arbitrary))]
      |                                          ^^^^^^^^^
      |                                          |
      |                                          not a member of trait 
`arbitrary::Arbitrary`
      |                                          help: there is an associated 
function with a similar name: `size_hint`
      |
      = note: this error originates in the derive macro `Arbitrary` (in 
Nightly builds, run with -Z macro-backtrace for more info)

error[E0433]: failed to resolve: could not find `details` in `arbitrary`
     --> C:\Users\pc\.cargo\registry\src\index.crates.io-1949cf8c6b5b557f\stell
ar-xdr-21.2.0\src\curr\generated.rs:20773:42
      |
20773 | #[cfg_attr(feature = "arbitrary", derive(Arbitrary))]
      |                                          ^^^^^^^^^ could not find 
`details` in `arbitrary`
      |
      = note: this error originates in the derive macro `Arbitrary` (in 
Nightly builds, run with -Z macro-backtrace for more info)

error[E0407]: method `try_size_hint` is not a member of trait 
`arbitrary::Arbitrary`
     --> C:\Users\pc\.cargo\registry\src\index.crates.io-1949cf8c6b5b557f\stell
ar-xdr-21.2.0\src\curr\generated.rs:20773:42
      |
20773 | #[cfg_attr(feature = "arbitrary", derive(Arbitrary))]
      |                                          ^^^^^^^^^
      |                                          |
      |                                          not a member of trait 
`arbitrary::Arbitrary`
      |                                          help: there is an associated 
function with a similar name: `size_hint`
      |
      = note: this error originates in the derive macro `Arbitrary` (in 
Nightly builds, run with -Z macro-backtrace for more info)

   Compiling backtrace v0.3.76
error[E0433]: failed to resolve: could not find `details` in `arbitrary`
     --> C:\Users\pc\.cargo\registry\src\index.crates.io-1949cf8c6b5b557f\stell
ar-xdr-21.2.0\src\curr\generated.rs:20882:42
      |
20882 | #[cfg_attr(feature = "arbitrary", derive(Arbitrary))]
      |                                          ^^^^^^^^^ could not find 
`details` in `arbitrary`
      |
      = note: this error originates in the derive macro `Arbitrary` (in 
Nightly builds, run with -Z macro-backtrace for more info)

error[E0407]: method `try_size_hint` is not a member of trait 
`arbitrary::Arbitrary`
     --> C:\Users\pc\.cargo\registry\src\index.crates.io-1949cf8c6b5b557f\stell
ar-xdr-21.2.0\src\curr\generated.rs:20882:42
      |
20882 | #[cfg_attr(feature = "arbitrary", derive(Arbitrary))]
      |                                          ^^^^^^^^^
      |                                          |
      |                                          not a member of trait 
`arbitrary::Arbitrary`
      |                                          help: there is an associated 
function with a similar name: `size_hint`
      |
      = note: this error originates in the derive macro `Arbitrary` (in 
Nightly builds, run with -Z macro-backtrace for more info)

error[E0433]: failed to resolve: could not find `details` in `arbitrary`
     --> C:\Users\pc\.cargo\registry\src\index.crates.io-1949cf8c6b5b557f\stell
ar-xdr-21.2.0\src\curr\generated.rs:20925:42
      |
20925 | #[cfg_attr(feature = "arbitrary", derive(Arbitrary))]
      |                                          ^^^^^^^^^ could not find 
`details` in `arbitrary`
      |
      = note: this error originates in the derive macro `Arbitrary` (in 
Nightly builds, run with -Z macro-backtrace for more info)

error[E0407]: method `try_size_hint` is not a member of trait 
`arbitrary::Arbitrary`
     --> C:\Users\pc\.cargo\registry\src\index.crates.io-1949cf8c6b5b557f\stell
ar-xdr-21.2.0\src\curr\generated.rs:20925:42
      |
20925 | #[cfg_attr(feature = "arbitrary", derive(Arbitrary))]
      |                                          ^^^^^^^^^
      |                                          |
      |                                          not a member of trait 
`arbitrary::Arbitrary`
      |                                          help: there is an associated 
function with a similar name: `size_hint`
      |
      = note: this error originates in the derive macro `Arbitrary` (in 
Nightly builds, run with -Z macro-backtrace for more info)

error[E0433]: failed to resolve: could not find `details` in `arbitrary`
     --> C:\Users\pc\.cargo\registry\src\index.crates.io-1949cf8c6b5b557f\stell
ar-xdr-21.2.0\src\curr\generated.rs:20974:42
      |
20974 | #[cfg_attr(feature = "arbitrary", derive(Arbitrary))]
      |                                          ^^^^^^^^^ could not find 
`details` in `arbitrary`
      |
      = note: this error originates in the derive macro `Arbitrary` (in 
Nightly builds, run with -Z macro-backtrace for more info)

error[E0407]: method `try_size_hint` is not a member of trait 
`arbitrary::Arbitrary`
     --> C:\Users\pc\.cargo\registry\src\index.crates.io-1949cf8c6b5b557f\stell
ar-xdr-21.2.0\src\curr\generated.rs:20974:42
      |
20974 | #[cfg_attr(feature = "arbitrary", derive(Arbitrary))]
      |                                          ^^^^^^^^^
      |                                          |
      |                                          not a member of trait 
`arbitrary::Arbitrary`
      |                                          help: there is an associated 
function with a similar name: `size_hint`
      |
      = note: this error originates in the derive macro `Arbitrary` (in 
Nightly builds, run with -Z macro-backtrace for more info)

error[E0433]: failed to resolve: could not find `details` in `arbitrary`
     --> C:\Users\pc\.cargo\registry\src\index.crates.io-1949cf8c6b5b557f\stell
ar-xdr-21.2.0\src\curr\generated.rs:21137:42
      |
21137 | #[cfg_attr(feature = "arbitrary", derive(Arbitrary))]
      |                                          ^^^^^^^^^ could not find 
`details` in `arbitrary`
      |
      = note: this error originates in the derive macro `Arbitrary` (in 
Nightly builds, run with -Z macro-backtrace for more info)

error[E0407]: method `try_size_hint` is not a member of trait 
`arbitrary::Arbitrary`
     --> C:\Users\pc\.cargo\registry\src\index.crates.io-1949cf8c6b5b557f\stell
ar-xdr-21.2.0\src\curr\generated.rs:21137:42
      |
21137 | #[cfg_attr(feature = "arbitrary", derive(Arbitrary))]
      |                                          ^^^^^^^^^
      |                                          |
      |                                          not a member of trait 
`arbitrary::Arbitrary`
      |                                          help: there is an associated 
function with a similar name: `size_hint`
      |
      = note: this error originates in the derive macro `Arbitrary` (in 
Nightly builds, run with -Z macro-backtrace for more info)

error[E0433]: failed to resolve: could not find `details` in `arbitrary`
     --> C:\Users\pc\.cargo\registry\src\index.crates.io-1949cf8c6b5b557f\stell
ar-xdr-21.2.0\src\curr\generated.rs:21188:42
      |
21188 | #[cfg_attr(feature = "arbitrary", derive(Arbitrary))]
      |                                          ^^^^^^^^^ could not find 
`details` in `arbitrary`
      |
      = note: this error originates in the derive macro `Arbitrary` (in 
Nightly builds, run with -Z macro-backtrace for more info)

error[E0407]: method `try_size_hint` is not a member of trait 
`arbitrary::Arbitrary`
     --> C:\Users\pc\.cargo\registry\src\index.crates.io-1949cf8c6b5b557f\stell
ar-xdr-21.2.0\src\curr\generated.rs:21188:42
      |
21188 | #[cfg_attr(feature = "arbitrary", derive(Arbitrary))]
      |                                          ^^^^^^^^^
      |                                          |
      |                                          not a member of trait 
`arbitrary::Arbitrary`
      |                                          help: there is an associated 
function with a similar name: `size_hint`
      |
      = note: this error originates in the derive macro `Arbitrary` (in 
Nightly builds, run with -Z macro-backtrace for more info)

error[E0433]: failed to resolve: could not find `details` in `arbitrary`
     --> C:\Users\pc\.cargo\registry\src\index.crates.io-1949cf8c6b5b557f\stell
ar-xdr-21.2.0\src\curr\generated.rs:21303:42
      |
21303 | #[cfg_attr(feature = "arbitrary", derive(Arbitrary))]
      |                                          ^^^^^^^^^ could not find 
`details` in `arbitrary`
      |
      = note: this error originates in the derive macro `Arbitrary` (in 
Nightly builds, run with -Z macro-backtrace for more info)

error[E0407]: method `try_size_hint` is not a member of trait 
`arbitrary::Arbitrary`
     --> C:\Users\pc\.cargo\registry\src\index.crates.io-1949cf8c6b5b557f\stell
ar-xdr-21.2.0\src\curr\generated.rs:21303:42
      |
21303 | #[cfg_attr(feature = "arbitrary", derive(Arbitrary))]
      |                                          ^^^^^^^^^
      |                                          |
      |                                          not a member of trait 
`arbitrary::Arbitrary`
      |                                          help: there is an associated 
function with a similar name: `size_hint`
      |
      = note: this error originates in the derive macro `Arbitrary` (in 
Nightly builds, run with -Z macro-backtrace for more info)

error[E0433]: failed to resolve: could not find `details` in `arbitrary`
     --> C:\Users\pc\.cargo\registry\src\index.crates.io-1949cf8c6b5b557f\stell
ar-xdr-21.2.0\src\curr\generated.rs:21355:42
      |
21355 | #[cfg_attr(feature = "arbitrary", derive(Arbitrary))]
      |                                          ^^^^^^^^^ could not find 
`details` in `arbitrary`
      |
      = note: this error originates in the derive macro `Arbitrary` (in 
Nightly builds, run with -Z macro-backtrace for more info)

error[E0407]: method `try_size_hint` is not a member of trait 
`arbitrary::Arbitrary`
     --> C:\Users\pc\.cargo\registry\src\index.crates.io-1949cf8c6b5b557f\stell
ar-xdr-21.2.0\src\curr\generated.rs:21355:42
      |
21355 | #[cfg_attr(feature = "arbitrary", derive(Arbitrary))]
      |                                          ^^^^^^^^^
      |                                          |
      |                                          not a member of trait 
`arbitrary::Arbitrary`
      |                                          help: there is an associated 
function with a similar name: `size_hint`
      |
      = note: this error originates in the derive macro `Arbitrary` (in 
Nightly builds, run with -Z macro-backtrace for more info)

error[E0433]: failed to resolve: could not find `details` in `arbitrary`
     --> C:\Users\pc\.cargo\registry\src\index.crates.io-1949cf8c6b5b557f\stell
ar-xdr-21.2.0\src\curr\generated.rs:21397:42
      |
21397 | #[cfg_attr(feature = "arbitrary", derive(Arbitrary))]
      |                                          ^^^^^^^^^ could not find 
`details` in `arbitrary`
      |
      = note: this error originates in the derive macro `Arbitrary` (in 
Nightly builds, run with -Z macro-backtrace for more info)

error[E0407]: method `try_size_hint` is not a member of trait 
`arbitrary::Arbitrary`
     --> C:\Users\pc\.cargo\registry\src\index.crates.io-1949cf8c6b5b557f\stell
ar-xdr-21.2.0\src\curr\generated.rs:21397:42
      |
21397 | #[cfg_attr(feature = "arbitrary", derive(Arbitrary))]
      |                                          ^^^^^^^^^
      |                                          |
      |                                          not a member of trait 
`arbitrary::Arbitrary`
      |                                          help: there is an associated 
function with a similar name: `size_hint`
      |
      = note: this error originates in the derive macro `Arbitrary` (in 
Nightly builds, run with -Z macro-backtrace for more info)

error[E0433]: failed to resolve: could not find `details` in `arbitrary`
     --> C:\Users\pc\.cargo\registry\src\index.crates.io-1949cf8c6b5b557f\stell
ar-xdr-21.2.0\src\curr\generated.rs:21535:42
      |
21535 | #[cfg_attr(feature = "arbitrary", derive(Arbitrary))]
      |                                          ^^^^^^^^^ could not find 
`details` in `arbitrary`
      |
      = note: this error originates in the derive macro `Arbitrary` (in 
Nightly builds, run with -Z macro-backtrace for more info)

error[E0407]: method `try_size_hint` is not a member of trait 
`arbitrary::Arbitrary`
     --> C:\Users\pc\.cargo\registry\src\index.crates.io-1949cf8c6b5b557f\stell
ar-xdr-21.2.0\src\curr\generated.rs:21535:42
      |
21535 | #[cfg_attr(feature = "arbitrary", derive(Arbitrary))]
      |                                          ^^^^^^^^^
      |                                          |
      |                                          not a member of trait 
`arbitrary::Arbitrary`
      |                                          help: there is an associated 
function with a similar name: `size_hint`
      |
      = note: this error originates in the derive macro `Arbitrary` (in 
Nightly builds, run with -Z macro-backtrace for more info)

error[E0433]: failed to resolve: could not find `details` in `arbitrary`
     --> C:\Users\pc\.cargo\registry\src\index.crates.io-1949cf8c6b5b557f\stell
ar-xdr-21.2.0\src\curr\generated.rs:21591:42
      |
21591 | #[cfg_attr(feature = "arbitrary", derive(Arbitrary))]
      |                                          ^^^^^^^^^ could not find 
`details` in `arbitrary`
      |
      = note: this error originates in the derive macro `Arbitrary` (in 
Nightly builds, run with -Z macro-backtrace for more info)

error[E0407]: method `try_size_hint` is not a member of trait 
`arbitrary::Arbitrary`
     --> C:\Users\pc\.cargo\registry\src\index.crates.io-1949cf8c6b5b557f\stell
ar-xdr-21.2.0\src\curr\generated.rs:21591:42
      |
21591 | #[cfg_attr(feature = "arbitrary", derive(Arbitrary))]
      |                                          ^^^^^^^^^
      |                                          |
      |                                          not a member of trait 
`arbitrary::Arbitrary`
      |                                          help: there is an associated 
function with a similar name: `size_hint`
      |
      = note: this error originates in the derive macro `Arbitrary` (in 
Nightly builds, run with -Z macro-backtrace for more info)

error[E0433]: failed to resolve: could not find `details` in `arbitrary`
     --> C:\Users\pc\.cargo\registry\src\index.crates.io-1949cf8c6b5b557f\stell
ar-xdr-21.2.0\src\curr\generated.rs:21704:42
      |
21704 | #[cfg_attr(feature = "arbitrary", derive(Arbitrary))]
      |                                          ^^^^^^^^^ could not find 
`details` in `arbitrary`
      |
      = note: this error originates in the derive macro `Arbitrary` (in 
Nightly builds, run with -Z macro-backtrace for more info)

error[E0407]: method `try_size_hint` is not a member of trait 
`arbitrary::Arbitrary`
     --> C:\Users\pc\.cargo\registry\src\index.crates.io-1949cf8c6b5b557f\stell
ar-xdr-21.2.0\src\curr\generated.rs:21704:42
      |
21704 | #[cfg_attr(feature = "arbitrary", derive(Arbitrary))]
      |                                          ^^^^^^^^^
      |                                          |
      |                                          not a member of trait 
`arbitrary::Arbitrary`
      |                                          help: there is an associated 
function with a similar name: `size_hint`
      |
      = note: this error originates in the derive macro `Arbitrary` (in 
Nightly builds, run with -Z macro-backtrace for more info)

error[E0433]: failed to resolve: could not find `details` in `arbitrary`
     --> C:\Users\pc\.cargo\registry\src\index.crates.io-1949cf8c6b5b557f\stell
ar-xdr-21.2.0\src\curr\generated.rs:21763:42
      |
21763 | #[cfg_attr(feature = "arbitrary", derive(Arbitrary))]
      |                                          ^^^^^^^^^ could not find 
`details` in `arbitrary`
      |
      = note: this error originates in the derive macro `Arbitrary` (in 
Nightly builds, run with -Z macro-backtrace for more info)

error[E0407]: method `try_size_hint` is not a member of trait 
`arbitrary::Arbitrary`
     --> C:\Users\pc\.cargo\registry\src\index.crates.io-1949cf8c6b5b557f\stell
ar-xdr-21.2.0\src\curr\generated.rs:21763:42
      |
21763 | #[cfg_attr(feature = "arbitrary", derive(Arbitrary))]
      |                                          ^^^^^^^^^
      |                                          |
      |                                          not a member of trait 
`arbitrary::Arbitrary`
      |                                          help: there is an associated 
function with a similar name: `size_hint`
      |
      = note: this error originates in the derive macro `Arbitrary` (in 
Nightly builds, run with -Z macro-backtrace for more info)

error[E0433]: failed to resolve: could not find `details` in `arbitrary`
     --> C:\Users\pc\.cargo\registry\src\index.crates.io-1949cf8c6b5b557f\stell
ar-xdr-21.2.0\src\curr\generated.rs:21818:42
      |
21818 | #[cfg_attr(feature = "arbitrary", derive(Arbitrary))]
      |                                          ^^^^^^^^^ could not find 
`details` in `arbitrary`
      |
      = note: this error originates in the derive macro `Arbitrary` (in 
Nightly builds, run with -Z macro-backtrace for more info)

error[E0407]: method `try_size_hint` is not a member of trait 
`arbitrary::Arbitrary`
     --> C:\Users\pc\.cargo\registry\src\index.crates.io-1949cf8c6b5b557f\stell
ar-xdr-21.2.0\src\curr\generated.rs:21818:42
      |
21818 | #[cfg_attr(feature = "arbitrary", derive(Arbitrary))]
      |                                          ^^^^^^^^^
      |                                          |
      |                                          not a member of trait 
`arbitrary::Arbitrary`
      |                                          help: there is an associated 
function with a similar name: `size_hint`
      |
      = note: this error originates in the derive macro `Arbitrary` (in 
Nightly builds, run with -Z macro-backtrace for more info)

error[E0433]: failed to resolve: could not find `details` in `arbitrary`
     --> C:\Users\pc\.cargo\registry\src\index.crates.io-1949cf8c6b5b557f\stell
ar-xdr-21.2.0\src\curr\generated.rs:21871:42
      |
21871 | #[cfg_attr(feature = "arbitrary", derive(Arbitrary))]
      |                                          ^^^^^^^^^ could not find 
`details` in `arbitrary`
      |
      = note: this error originates in the derive macro `Arbitrary` (in 
Nightly builds, run with -Z macro-backtrace for more info)

error[E0407]: method `try_size_hint` is not a member of trait 
`arbitrary::Arbitrary`
     --> C:\Users\pc\.cargo\registry\src\index.crates.io-1949cf8c6b5b557f\stell
ar-xdr-21.2.0\src\curr\generated.rs:21871:42
      |
21871 | #[cfg_attr(feature = "arbitrary", derive(Arbitrary))]
      |                                          ^^^^^^^^^
      |                                          |
      |                                          not a member of trait 
`arbitrary::Arbitrary`
      |                                          help: there is an associated 
function with a similar name: `size_hint`
      |
      = note: this error originates in the derive macro `Arbitrary` (in 
Nightly builds, run with -Z macro-backtrace for more info)

error[E0433]: failed to resolve: could not find `details` in `arbitrary`
     --> C:\Users\pc\.cargo\registry\src\index.crates.io-1949cf8c6b5b557f\stell
ar-xdr-21.2.0\src\curr\generated.rs:21987:42
      |
21987 | #[cfg_attr(feature = "arbitrary", derive(Arbitrary))]
      |                                          ^^^^^^^^^ could not find 
`details` in `arbitrary`
      |
      = note: this error originates in the derive macro `Arbitrary` (in 
Nightly builds, run with -Z macro-backtrace for more info)

error[E0407]: method `try_size_hint` is not a member of trait 
`arbitrary::Arbitrary`
     --> C:\Users\pc\.cargo\registry\src\index.crates.io-1949cf8c6b5b557f\stell
ar-xdr-21.2.0\src\curr\generated.rs:21987:42
      |
21987 | #[cfg_attr(feature = "arbitrary", derive(Arbitrary))]
      |                                          ^^^^^^^^^
      |                                          |
      |                                          not a member of trait 
`arbitrary::Arbitrary`
      |                                          help: there is an associated 
function with a similar name: `size_hint`
      |
      = note: this error originates in the derive macro `Arbitrary` (in 
Nightly builds, run with -Z macro-backtrace for more info)

error[E0433]: failed to resolve: could not find `details` in `arbitrary`
     --> C:\Users\pc\.cargo\registry\src\index.crates.io-1949cf8c6b5b557f\stell
ar-xdr-21.2.0\src\curr\generated.rs:22036:42
      |
22036 | #[cfg_attr(feature = "arbitrary", derive(Arbitrary))]
      |                                          ^^^^^^^^^ could not find 
`details` in `arbitrary`
      |
      = note: this error originates in the derive macro `Arbitrary` (in 
Nightly builds, run with -Z macro-backtrace for more info)

   Compiling p256 v0.13.2
error[E0407]: method `try_size_hint` is not a member of trait 
`arbitrary::Arbitrary`
     --> C:\Users\pc\.cargo\registry\src\index.crates.io-1949cf8c6b5b557f\stell
ar-xdr-21.2.0\src\curr\generated.rs:22036:42
      |
22036 | #[cfg_attr(feature = "arbitrary", derive(Arbitrary))]
      |                                          ^^^^^^^^^
      |                                          |
      |                                          not a member of trait 
`arbitrary::Arbitrary`
      |                                          help: there is an associated 
function with a similar name: `size_hint`
      |
      = note: this error originates in the derive macro `Arbitrary` (in 
Nightly builds, run with -Z macro-backtrace for more info)

error[E0433]: failed to resolve: could not find `details` in `arbitrary`
     --> C:\Users\pc\.cargo\registry\src\index.crates.io-1949cf8c6b5b557f\stell
ar-xdr-21.2.0\src\curr\generated.rs:22094:42
      |
22094 | #[cfg_attr(feature = "arbitrary", derive(Arbitrary))]
      |                                          ^^^^^^^^^ could not find 
`details` in `arbitrary`
      |
      = note: this error originates in the derive macro `Arbitrary` (in 
Nightly builds, run with -Z macro-backtrace for more info)

error[E0407]: method `try_size_hint` is not a member of trait 
`arbitrary::Arbitrary`
     --> C:\Users\pc\.cargo\registry\src\index.crates.io-1949cf8c6b5b557f\stell
ar-xdr-21.2.0\src\curr\generated.rs:22094:42
      |
22094 | #[cfg_attr(feature = "arbitrary", derive(Arbitrary))]
      |                                          ^^^^^^^^^
      |                                          |
      |                                          not a member of trait 
`arbitrary::Arbitrary`
      |                                          help: there is an associated 
function with a similar name: `size_hint`
      |
      = note: this error originates in the derive macro `Arbitrary` (in 
Nightly builds, run with -Z macro-backtrace for more info)

error[E0433]: failed to resolve: could not find `details` in `arbitrary`
     --> C:\Users\pc\.cargo\registry\src\index.crates.io-1949cf8c6b5b557f\stell
ar-xdr-21.2.0\src\curr\generated.rs:22149:42
      |
22149 | #[cfg_attr(feature = "arbitrary", derive(Arbitrary))]
      |                                          ^^^^^^^^^ could not find 
`details` in `arbitrary`
      |
      = note: this error originates in the derive macro `Arbitrary` (in 
Nightly builds, run with -Z macro-backtrace for more info)

error[E0407]: method `try_size_hint` is not a member of trait 
`arbitrary::Arbitrary`
     --> C:\Users\pc\.cargo\registry\src\index.crates.io-1949cf8c6b5b557f\stell
ar-xdr-21.2.0\src\curr\generated.rs:22149:42
      |
22149 | #[cfg_attr(feature = "arbitrary", derive(Arbitrary))]
      |                                          ^^^^^^^^^
      |                                          |
      |                                          not a member of trait 
`arbitrary::Arbitrary`
      |                                          help: there is an associated 
function with a similar name: `size_hint`
      |
      = note: this error originates in the derive macro `Arbitrary` (in 
Nightly builds, run with -Z macro-backtrace for more info)

error[E0433]: failed to resolve: could not find `details` in `arbitrary`
     --> C:\Users\pc\.cargo\registry\src\index.crates.io-1949cf8c6b5b557f\stell
ar-xdr-21.2.0\src\curr\generated.rs:22198:42
      |
22198 | #[cfg_attr(feature = "arbitrary", derive(Arbitrary))]
      |                                          ^^^^^^^^^ could not find 
`details` in `arbitrary`
      |
      = note: this error originates in the derive macro `Arbitrary` (in 
Nightly builds, run with -Z macro-backtrace for more info)

error[E0407]: method `try_size_hint` is not a member of trait 
`arbitrary::Arbitrary`
     --> C:\Users\pc\.cargo\registry\src\index.crates.io-1949cf8c6b5b557f\stell
ar-xdr-21.2.0\src\curr\generated.rs:22198:42
      |
22198 | #[cfg_attr(feature = "arbitrary", derive(Arbitrary))]
      |                                          ^^^^^^^^^
      |                                          |
      |                                          not a member of trait 
`arbitrary::Arbitrary`
      |                                          help: there is an associated 
function with a similar name: `size_hint`
      |
      = note: this error originates in the derive macro `Arbitrary` (in 
Nightly builds, run with -Z macro-backtrace for more info)

error[E0433]: failed to resolve: could not find `details` in `arbitrary`
     --> C:\Users\pc\.cargo\registry\src\index.crates.io-1949cf8c6b5b557f\stell
ar-xdr-21.2.0\src\curr\generated.rs:22328:42
      |
22328 | #[cfg_attr(feature = "arbitrary", derive(Arbitrary))]
      |                                          ^^^^^^^^^ could not find 
`details` in `arbitrary`
      |
      = note: this error originates in the derive macro `Arbitrary` (in 
Nightly builds, run with -Z macro-backtrace for more info)

error[E0407]: method `try_size_hint` is not a member of trait 
`arbitrary::Arbitrary`
     --> C:\Users\pc\.cargo\registry\src\index.crates.io-1949cf8c6b5b557f\stell
ar-xdr-21.2.0\src\curr\generated.rs:22328:42
      |
22328 | #[cfg_attr(feature = "arbitrary", derive(Arbitrary))]
      |                                          ^^^^^^^^^
      |                                          |
      |                                          not a member of trait 
`arbitrary::Arbitrary`
      |                                          help: there is an associated 
function with a similar name: `size_hint`
      |
      = note: this error originates in the derive macro `Arbitrary` (in 
Nightly builds, run with -Z macro-backtrace for more info)

error[E0433]: failed to resolve: could not find `details` in `arbitrary`
     --> C:\Users\pc\.cargo\registry\src\index.crates.io-1949cf8c6b5b557f\stell
ar-xdr-21.2.0\src\curr\generated.rs:22398:42
      |
22398 | #[cfg_attr(feature = "arbitrary", derive(Arbitrary))]
      |                                          ^^^^^^^^^ could not find 
`details` in `arbitrary`
      |
      = note: this error originates in the derive macro `Arbitrary` (in 
Nightly builds, run with -Z macro-backtrace for more info)

error[E0407]: method `try_size_hint` is not a member of trait 
`arbitrary::Arbitrary`
     --> C:\Users\pc\.cargo\registry\src\index.crates.io-1949cf8c6b5b557f\stell
ar-xdr-21.2.0\src\curr\generated.rs:22398:42
      |
22398 | #[cfg_attr(feature = "arbitrary", derive(Arbitrary))]
      |                                          ^^^^^^^^^
      |                                          |
      |                                          not a member of trait 
`arbitrary::Arbitrary`
      |                                          help: there is an associated 
function with a similar name: `size_hint`
      |
      = note: this error originates in the derive macro `Arbitrary` (in 
Nightly builds, run with -Z macro-backtrace for more info)

error[E0433]: failed to resolve: could not find `details` in `arbitrary`
     --> C:\Users\pc\.cargo\registry\src\index.crates.io-1949cf8c6b5b557f\stell
ar-xdr-21.2.0\src\curr\generated.rs:22627:42
      |
22627 | #[cfg_attr(feature = "arbitrary", derive(Arbitrary))]
      |                                          ^^^^^^^^^ could not find 
`details` in `arbitrary`
      |
      = note: this error originates in the derive macro `Arbitrary` (in 
Nightly builds, run with -Z macro-backtrace for more info)

error[E0407]: method `try_size_hint` is not a member of trait 
`arbitrary::Arbitrary`
     --> C:\Users\pc\.cargo\registry\src\index.crates.io-1949cf8c6b5b557f\stell
ar-xdr-21.2.0\src\curr\generated.rs:22627:42
      |
22627 | #[cfg_attr(feature = "arbitrary", derive(Arbitrary))]
      |                                          ^^^^^^^^^
      |                                          |
      |                                          not a member of trait 
`arbitrary::Arbitrary`
      |                                          help: there is an associated 
function with a similar name: `size_hint`
      |
      = note: this error originates in the derive macro `Arbitrary` (in 
Nightly builds, run with -Z macro-backtrace for more info)

error[E0433]: failed to resolve: could not find `details` in `arbitrary`
     --> C:\Users\pc\.cargo\registry\src\index.crates.io-1949cf8c6b5b557f\stell
ar-xdr-21.2.0\src\curr\generated.rs:22672:42
      |
22672 | #[cfg_attr(feature = "arbitrary", derive(Arbitrary))]
      |                                          ^^^^^^^^^ could not find 
`details` in `arbitrary`
      |
      = note: this error originates in the derive macro `Arbitrary` (in 
Nightly builds, run with -Z macro-backtrace for more info)

error[E0407]: method `try_size_hint` is not a member of trait 
`arbitrary::Arbitrary`
     --> C:\Users\pc\.cargo\registry\src\index.crates.io-1949cf8c6b5b557f\stell
ar-xdr-21.2.0\src\curr\generated.rs:22672:42
      |
22672 | #[cfg_attr(feature = "arbitrary", derive(Arbitrary))]
      |                                          ^^^^^^^^^
      |                                          |
      |                                          not a member of trait 
`arbitrary::Arbitrary`
      |                                          help: there is an associated 
function with a similar name: `size_hint`
      |
      = note: this error originates in the derive macro `Arbitrary` (in 
Nightly builds, run with -Z macro-backtrace for more info)

error[E0433]: failed to resolve: could not find `details` in `arbitrary`
     --> C:\Users\pc\.cargo\registry\src\index.crates.io-1949cf8c6b5b557f\stell
ar-xdr-21.2.0\src\curr\generated.rs:22715:42
      |
22715 | #[cfg_attr(feature = "arbitrary", derive(Arbitrary))]
      |                                          ^^^^^^^^^ could not find 
`details` in `arbitrary`
      |
      = note: this error originates in the derive macro `Arbitrary` (in 
Nightly builds, run with -Z macro-backtrace for more info)

error[E0407]: method `try_size_hint` is not a member of trait 
`arbitrary::Arbitrary`
     --> C:\Users\pc\.cargo\registry\src\index.crates.io-1949cf8c6b5b557f\stell
ar-xdr-21.2.0\src\curr\generated.rs:22715:42
      |
22715 | #[cfg_attr(feature = "arbitrary", derive(Arbitrary))]
      |                                          ^^^^^^^^^
      |                                          |
      |                                          not a member of trait 
`arbitrary::Arbitrary`
      |                                          help: there is an associated 
function with a similar name: `size_hint`
      |
      = note: this error originates in the derive macro `Arbitrary` (in 
Nightly builds, run with -Z macro-backtrace for more info)

error[E0433]: failed to resolve: could not find `details` in `arbitrary`
     --> C:\Users\pc\.cargo\registry\src\index.crates.io-1949cf8c6b5b557f\stell
ar-xdr-21.2.0\src\curr\generated.rs:22762:42
      |
22762 | #[cfg_attr(feature = "arbitrary", derive(Arbitrary))]
      |                                          ^^^^^^^^^ could not find 
`details` in `arbitrary`
      |
      = note: this error originates in the derive macro `Arbitrary` (in 
Nightly builds, run with -Z macro-backtrace for more info)

error[E0407]: method `try_size_hint` is not a member of trait 
`arbitrary::Arbitrary`
     --> C:\Users\pc\.cargo\registry\src\index.crates.io-1949cf8c6b5b557f\stell
ar-xdr-21.2.0\src\curr\generated.rs:22762:42
      |
22762 | #[cfg_attr(feature = "arbitrary", derive(Arbitrary))]
      |                                          ^^^^^^^^^
      |                                          |
      |                                          not a member of trait 
`arbitrary::Arbitrary`
      |                                          help: there is an associated 
function with a similar name: `size_hint`
      |
      = note: this error originates in the derive macro `Arbitrary` (in 
Nightly builds, run with -Z macro-backtrace for more info)

error[E0433]: failed to resolve: could not find `details` in `arbitrary`
     --> C:\Users\pc\.cargo\registry\src\index.crates.io-1949cf8c6b5b557f\stell
ar-xdr-21.2.0\src\curr\generated.rs:22818:42
      |
22818 | #[cfg_attr(feature = "arbitrary", derive(Arbitrary))]
      |                                          ^^^^^^^^^ could not find 
`details` in `arbitrary`
      |
      = note: this error originates in the derive macro `Arbitrary` (in 
Nightly builds, run with -Z macro-backtrace for more info)

error[E0407]: method `try_size_hint` is not a member of trait 
`arbitrary::Arbitrary`
     --> C:\Users\pc\.cargo\registry\src\index.crates.io-1949cf8c6b5b557f\stell
ar-xdr-21.2.0\src\curr\generated.rs:22818:42
      |
22818 | #[cfg_attr(feature = "arbitrary", derive(Arbitrary))]
      |                                          ^^^^^^^^^
      |                                          |
      |                                          not a member of trait 
`arbitrary::Arbitrary`
      |                                          help: there is an associated 
function with a similar name: `size_hint`
      |
      = note: this error originates in the derive macro `Arbitrary` (in 
Nightly builds, run with -Z macro-backtrace for more info)

error[E0433]: failed to resolve: could not find `details` in `arbitrary`
     --> C:\Users\pc\.cargo\registry\src\index.crates.io-1949cf8c6b5b557f\stell
ar-xdr-21.2.0\src\curr\generated.rs:22892:42
      |
22892 | #[cfg_attr(feature = "arbitrary", derive(Arbitrary))]
      |                                          ^^^^^^^^^ could not find 
`details` in `arbitrary`
      |
      = note: this error originates in the derive macro `Arbitrary` (in 
Nightly builds, run with -Z macro-backtrace for more info)

error[E0407]: method `try_size_hint` is not a member of trait 
`arbitrary::Arbitrary`
     --> C:\Users\pc\.cargo\registry\src\index.crates.io-1949cf8c6b5b557f\stell
ar-xdr-21.2.0\src\curr\generated.rs:22892:42
      |
22892 | #[cfg_attr(feature = "arbitrary", derive(Arbitrary))]
      |                                          ^^^^^^^^^
      |                                          |
      |                                          not a member of trait 
`arbitrary::Arbitrary`
      |                                          help: there is an associated 
function with a similar name: `size_hint`
      |
      = note: this error originates in the derive macro `Arbitrary` (in 
Nightly builds, run with -Z macro-backtrace for more info)

error[E0433]: failed to resolve: could not find `details` in `arbitrary`
     --> C:\Users\pc\.cargo\registry\src\index.crates.io-1949cf8c6b5b557f\stell
ar-xdr-21.2.0\src\curr\generated.rs:23044:42
      |
23044 | #[cfg_attr(feature = "arbitrary", derive(Arbitrary))]
      |                                          ^^^^^^^^^ could not find 
`details` in `arbitrary`
      |
      = note: this error originates in the derive macro `Arbitrary` (in 
Nightly builds, run with -Z macro-backtrace for more info)

error[E0407]: method `try_size_hint` is not a member of trait 
`arbitrary::Arbitrary`
     --> C:\Users\pc\.cargo\registry\src\index.crates.io-1949cf8c6b5b557f\stell
ar-xdr-21.2.0\src\curr\generated.rs:23044:42
      |
23044 | #[cfg_attr(feature = "arbitrary", derive(Arbitrary))]
      |                                          ^^^^^^^^^
      |                                          |
      |                                          not a member of trait 
`arbitrary::Arbitrary`
      |                                          help: there is an associated 
function with a similar name: `size_hint`
      |
      = note: this error originates in the derive macro `Arbitrary` (in 
Nightly builds, run with -Z macro-backtrace for more info)

error[E0433]: failed to resolve: could not find `details` in `arbitrary`
     --> C:\Users\pc\.cargo\registry\src\index.crates.io-1949cf8c6b5b557f\stell
ar-xdr-21.2.0\src\curr\generated.rs:23157:42
      |
23157 | #[cfg_attr(feature = "arbitrary", derive(Arbitrary))]
      |                                          ^^^^^^^^^ could not find 
`details` in `arbitrary`
      |
      = note: this error originates in the derive macro `Arbitrary` (in 
Nightly builds, run with -Z macro-backtrace for more info)

error[E0407]: method `try_size_hint` is not a member of trait 
`arbitrary::Arbitrary`
     --> C:\Users\pc\.cargo\registry\src\index.crates.io-1949cf8c6b5b557f\stell
ar-xdr-21.2.0\src\curr\generated.rs:23157:42
      |
23157 | #[cfg_attr(feature = "arbitrary", derive(Arbitrary))]
      |                                          ^^^^^^^^^
      |                                          |
      |                                          not a member of trait 
`arbitrary::Arbitrary`
      |                                          help: there is an associated 
function with a similar name: `size_hint`
      |
      = note: this error originates in the derive macro `Arbitrary` (in 
Nightly builds, run with -Z macro-backtrace for more info)

error[E0433]: failed to resolve: could not find `details` in `arbitrary`
     --> C:\Users\pc\.cargo\registry\src\index.crates.io-1949cf8c6b5b557f\stell
ar-xdr-21.2.0\src\curr\generated.rs:23461:42
      |
23461 | #[cfg_attr(feature = "arbitrary", derive(Arbitrary))]
      |                                          ^^^^^^^^^ could not find 
`details` in `arbitrary`
      |
      = note: this error originates in the derive macro `Arbitrary` (in 
Nightly builds, run with -Z macro-backtrace for more info)

error[E0407]: method `try_size_hint` is not a member of trait 
`arbitrary::Arbitrary`
     --> C:\Users\pc\.cargo\registry\src\index.crates.io-1949cf8c6b5b557f\stell
ar-xdr-21.2.0\src\curr\generated.rs:23461:42
      |
23461 | #[cfg_attr(feature = "arbitrary", derive(Arbitrary))]
      |                                          ^^^^^^^^^
      |                                          |
      |                                          not a member of trait 
`arbitrary::Arbitrary`
      |                                          help: there is an associated 
function with a similar name: `size_hint`
      |
      = note: this error originates in the derive macro `Arbitrary` (in 
Nightly builds, run with -Z macro-backtrace for more info)

error[E0433]: failed to resolve: could not find `details` in `arbitrary`
     --> C:\Users\pc\.cargo\registry\src\index.crates.io-1949cf8c6b5b557f\stell
ar-xdr-21.2.0\src\curr\generated.rs:23731:42
      |
23731 | #[cfg_attr(feature = "arbitrary", derive(Arbitrary))]
      |                                          ^^^^^^^^^ could not find 
`details` in `arbitrary`
      |
      = note: this error originates in the derive macro `Arbitrary` (in 
Nightly builds, run with -Z macro-backtrace for more info)

error[E0407]: method `try_size_hint` is not a member of trait 
`arbitrary::Arbitrary`
     --> C:\Users\pc\.cargo\registry\src\index.crates.io-1949cf8c6b5b557f\stell
ar-xdr-21.2.0\src\curr\generated.rs:23731:42
      |
23731 | #[cfg_attr(feature = "arbitrary", derive(Arbitrary))]
      |                                          ^^^^^^^^^
      |                                          |
      |                                          not a member of trait 
`arbitrary::Arbitrary`
      |                                          help: there is an associated 
function with a similar name: `size_hint`
      |
      = note: this error originates in the derive macro `Arbitrary` (in 
Nightly builds, run with -Z macro-backtrace for more info)

error[E0433]: failed to resolve: could not find `details` in `arbitrary`
     --> C:\Users\pc\.cargo\registry\src\index.crates.io-1949cf8c6b5b557f\stell
ar-xdr-21.2.0\src\curr\generated.rs:23780:42
      |
23780 | #[cfg_attr(feature = "arbitrary", derive(Arbitrary))]
      |                                          ^^^^^^^^^ could not find 
`details` in `arbitrary`
      |
      = note: this error originates in the derive macro `Arbitrary` (in 
Nightly builds, run with -Z macro-backtrace for more info)

error[E0407]: method `try_size_hint` is not a member of trait 
`arbitrary::Arbitrary`
     --> C:\Users\pc\.cargo\registry\src\index.crates.io-1949cf8c6b5b557f\stell
ar-xdr-21.2.0\src\curr\generated.rs:23780:42
      |
23780 | #[cfg_attr(feature = "arbitrary", derive(Arbitrary))]
      |                                          ^^^^^^^^^
      |                                          |
      |                                          not a member of trait 
`arbitrary::Arbitrary`
      |                                          help: there is an associated 
function with a similar name: `size_hint`
      |
      = note: this error originates in the derive macro `Arbitrary` (in 
Nightly builds, run with -Z macro-backtrace for more info)

error[E0433]: failed to resolve: could not find `details` in `arbitrary`
     --> C:\Users\pc\.cargo\registry\src\index.crates.io-1949cf8c6b5b557f\stell
ar-xdr-21.2.0\src\curr\generated.rs:23827:42
      |
23827 | #[cfg_attr(feature = "arbitrary", derive(Arbitrary))]
      |                                          ^^^^^^^^^ could not find 
`details` in `arbitrary`
      |
      = note: this error originates in the derive macro `Arbitrary` (in 
Nightly builds, run with -Z macro-backtrace for more info)

error[E0407]: method `try_size_hint` is not a member of trait 
`arbitrary::Arbitrary`
     --> C:\Users\pc\.cargo\registry\src\index.crates.io-1949cf8c6b5b557f\stell
ar-xdr-21.2.0\src\curr\generated.rs:23827:42
      |
23827 | #[cfg_attr(feature = "arbitrary", derive(Arbitrary))]
      |                                          ^^^^^^^^^
      |                                          |
      |                                          not a member of trait 
`arbitrary::Arbitrary`
      |                                          help: there is an associated 
function with a similar name: `size_hint`
      |
      = note: this error originates in the derive macro `Arbitrary` (in 
Nightly builds, run with -Z macro-backtrace for more info)

error[E0433]: failed to resolve: could not find `details` in `arbitrary`
     --> C:\Users\pc\.cargo\registry\src\index.crates.io-1949cf8c6b5b557f\stell
ar-xdr-21.2.0\src\curr\generated.rs:23876:42
      |
23876 | #[cfg_attr(feature = "arbitrary", derive(Arbitrary))]
      |                                          ^^^^^^^^^ could not find 
`details` in `arbitrary`
      |
      = note: this error originates in the derive macro `Arbitrary` (in 
Nightly builds, run with -Z macro-backtrace for more info)

error[E0407]: method `try_size_hint` is not a member of trait 
`arbitrary::Arbitrary`
     --> C:\Users\pc\.cargo\registry\src\index.crates.io-1949cf8c6b5b557f\stell
ar-xdr-21.2.0\src\curr\generated.rs:23876:42
      |
23876 | #[cfg_attr(feature = "arbitrary", derive(Arbitrary))]
      |                                          ^^^^^^^^^
      |                                          |
      |                                          not a member of trait 
`arbitrary::Arbitrary`
      |                                          help: there is an associated 
function with a similar name: `size_hint`
      |
      = note: this error originates in the derive macro `Arbitrary` (in 
Nightly builds, run with -Z macro-backtrace for more info)

error[E0433]: failed to resolve: could not find `details` in `arbitrary`
     --> C:\Users\pc\.cargo\registry\src\index.crates.io-1949cf8c6b5b557f\stell
ar-xdr-21.2.0\src\curr\generated.rs:23925:42
      |
23925 | #[cfg_attr(feature = "arbitrary", derive(Arbitrary))]
      |                                          ^^^^^^^^^ could not find 
`details` in `arbitrary`
      |
      = note: this error originates in the derive macro `Arbitrary` (in 
Nightly builds, run with -Z macro-backtrace for more info)

error[E0407]: method `try_size_hint` is not a member of trait 
`arbitrary::Arbitrary`
     --> C:\Users\pc\.cargo\registry\src\index.crates.io-1949cf8c6b5b557f\stell
ar-xdr-21.2.0\src\curr\generated.rs:23925:42
      |
23925 | #[cfg_attr(feature = "arbitrary", derive(Arbitrary))]
      |                                          ^^^^^^^^^
      |                                          |
      |                                          not a member of trait 
`arbitrary::Arbitrary`
      |                                          help: there is an associated 
function with a similar name: `size_hint`
      |
      = note: this error originates in the derive macro `Arbitrary` (in 
Nightly builds, run with -Z macro-backtrace for more info)

error[E0433]: failed to resolve: could not find `details` in `arbitrary`
     --> C:\Users\pc\.cargo\registry\src\index.crates.io-1949cf8c6b5b557f\stell
ar-xdr-21.2.0\src\curr\generated.rs:23982:42
      |
23982 | #[cfg_attr(feature = "arbitrary", derive(Arbitrary))]
      |                                          ^^^^^^^^^ could not find 
`details` in `arbitrary`
      |
      = note: this error originates in the derive macro `Arbitrary` (in 
Nightly builds, run with -Z macro-backtrace for more info)

error[E0407]: method `try_size_hint` is not a member of trait 
`arbitrary::Arbitrary`
     --> C:\Users\pc\.cargo\registry\src\index.crates.io-1949cf8c6b5b557f\stell
ar-xdr-21.2.0\src\curr\generated.rs:23982:42
      |
23982 | #[cfg_attr(feature = "arbitrary", derive(Arbitrary))]
      |                                          ^^^^^^^^^
      |                                          |
      |                                          not a member of trait 
`arbitrary::Arbitrary`
      |                                          help: there is an associated 
function with a similar name: `size_hint`
      |
      = note: this error originates in the derive macro `Arbitrary` (in 
Nightly builds, run with -Z macro-backtrace for more info)

error[E0433]: failed to resolve: could not find `details` in `arbitrary`
     --> C:\Users\pc\.cargo\registry\src\index.crates.io-1949cf8c6b5b557f\stell
ar-xdr-21.2.0\src\curr\generated.rs:24034:42
      |
24034 | #[cfg_attr(feature = "arbitrary", derive(Arbitrary))]
      |                                          ^^^^^^^^^ could not find 
`details` in `arbitrary`
      |
      = note: this error originates in the derive macro `Arbitrary` (in 
Nightly builds, run with -Z macro-backtrace for more info)

error[E0407]: method `try_size_hint` is not a member of trait 
`arbitrary::Arbitrary`
     --> C:\Users\pc\.cargo\registry\src\index.crates.io-1949cf8c6b5b557f\stell
ar-xdr-21.2.0\src\curr\generated.rs:24034:42
      |
24034 | #[cfg_attr(feature = "arbitrary", derive(Arbitrary))]
      |                                          ^^^^^^^^^
      |                                          |
      |                                          not a member of trait 
`arbitrary::Arbitrary`
      |                                          help: there is an associated 
function with a similar name: `size_hint`
      |
      = note: this error originates in the derive macro `Arbitrary` (in 
Nightly builds, run with -Z macro-backtrace for more info)

   Compiling rand v0.8.5
error[E0433]: failed to resolve: could not find `details` in `arbitrary`
     --> C:\Users\pc\.cargo\registry\src\index.crates.io-1949cf8c6b5b557f\stell
ar-xdr-21.2.0\src\curr\generated.rs:24080:42
      |
24080 | #[cfg_attr(feature = "arbitrary", derive(Arbitrary))]
      |                                          ^^^^^^^^^ could not find 
`details` in `arbitrary`
      |
      = note: this error originates in the derive macro `Arbitrary` (in 
Nightly builds, run with -Z macro-backtrace for more info)

error[E0407]: method `try_size_hint` is not a member of trait 
`arbitrary::Arbitrary`
     --> C:\Users\pc\.cargo\registry\src\index.crates.io-1949cf8c6b5b557f\stell
ar-xdr-21.2.0\src\curr\generated.rs:24080:42
      |
24080 | #[cfg_attr(feature = "arbitrary", derive(Arbitrary))]
      |                                          ^^^^^^^^^
      |                                          |
      |                                          not a member of trait 
`arbitrary::Arbitrary`
      |                                          help: there is an associated 
function with a similar name: `size_hint`
      |
      = note: this error originates in the derive macro `Arbitrary` (in 
Nightly builds, run with -Z macro-backtrace for more info)

error[E0433]: failed to resolve: could not find `details` in `arbitrary`
     --> C:\Users\pc\.cargo\registry\src\index.crates.io-1949cf8c6b5b557f\stell
ar-xdr-21.2.0\src\curr\generated.rs:24122:42
      |
24122 | #[cfg_attr(feature = "arbitrary", derive(Arbitrary))]
      |                                          ^^^^^^^^^ could not find 
`details` in `arbitrary`
      |
      = note: this error originates in the derive macro `Arbitrary` (in 
Nightly builds, run with -Z macro-backtrace for more info)

error[E0407]: method `try_size_hint` is not a member of trait 
`arbitrary::Arbitrary`
     --> C:\Users\pc\.cargo\registry\src\index.crates.io-1949cf8c6b5b557f\stell
ar-xdr-21.2.0\src\curr\generated.rs:24122:42
      |
24122 | #[cfg_attr(feature = "arbitrary", derive(Arbitrary))]
      |                                          ^^^^^^^^^
      |                                          |
      |                                          not a member of trait 
`arbitrary::Arbitrary`
      |                                          help: there is an associated 
function with a similar name: `size_hint`
      |
      = note: this error originates in the derive macro `Arbitrary` (in 
Nightly builds, run with -Z macro-backtrace for more info)

error[E0433]: failed to resolve: could not find `details` in `arbitrary`
     --> C:\Users\pc\.cargo\registry\src\index.crates.io-1949cf8c6b5b557f\stell
ar-xdr-21.2.0\src\curr\generated.rs:24235:42
      |
24235 | #[cfg_attr(feature = "arbitrary", derive(Arbitrary))]
      |                                          ^^^^^^^^^ could not find 
`details` in `arbitrary`
      |
      = note: this error originates in the derive macro `Arbitrary` (in 
Nightly builds, run with -Z macro-backtrace for more info)

error[E0407]: method `try_size_hint` is not a member of trait 
`arbitrary::Arbitrary`
     --> C:\Users\pc\.cargo\registry\src\index.crates.io-1949cf8c6b5b557f\stell
ar-xdr-21.2.0\src\curr\generated.rs:24235:42
      |
24235 | #[cfg_attr(feature = "arbitrary", derive(Arbitrary))]
      |                                          ^^^^^^^^^
      |                                          |
      |                                          not a member of trait 
`arbitrary::Arbitrary`
      |                                          help: there is an associated 
function with a similar name: `size_hint`
      |
      = note: this error originates in the derive macro `Arbitrary` (in 
Nightly builds, run with -Z macro-backtrace for more info)

   Compiling darling_macro v0.20.11
error[E0433]: failed to resolve: could not find `details` in `arbitrary`
     --> C:\Users\pc\.cargo\registry\src\index.crates.io-1949cf8c6b5b557f\stell
ar-xdr-21.2.0\src\curr\generated.rs:24290:42
      |
24290 | #[cfg_attr(feature = "arbitrary", derive(Arbitrary))]
      |                                          ^^^^^^^^^ could not find 
`details` in `arbitrary`
      |
      = note: this error originates in the derive macro `Arbitrary` (in 
Nightly builds, run with -Z macro-backtrace for more info)

error[E0407]: method `try_size_hint` is not a member of trait 
`arbitrary::Arbitrary`
     --> C:\Users\pc\.cargo\registry\src\index.crates.io-1949cf8c6b5b557f\stell
ar-xdr-21.2.0\src\curr\generated.rs:24290:42
      |
24290 | #[cfg_attr(feature = "arbitrary", derive(Arbitrary))]
      |                                          ^^^^^^^^^
      |                                          |
      |                                          not a member of trait 
`arbitrary::Arbitrary`
      |                                          help: there is an associated 
function with a similar name: `size_hint`
      |
      = note: this error originates in the derive macro `Arbitrary` (in 
Nightly builds, run with -Z macro-backtrace for more info)

error[E0433]: failed to resolve: could not find `details` in `arbitrary`
     --> C:\Users\pc\.cargo\registry\src\index.crates.io-1949cf8c6b5b557f\stell
ar-xdr-21.2.0\src\curr\generated.rs:24336:42
      |
24336 | #[cfg_attr(feature = "arbitrary", derive(Arbitrary))]
      |                                          ^^^^^^^^^ could not find 
`details` in `arbitrary`
      |
      = note: this error originates in the derive macro `Arbitrary` (in 
Nightly builds, run with -Z macro-backtrace for more info)

error[E0407]: method `try_size_hint` is not a member of trait 
`arbitrary::Arbitrary`
     --> C:\Users\pc\.cargo\registry\src\index.crates.io-1949cf8c6b5b557f\stell
ar-xdr-21.2.0\src\curr\generated.rs:24336:42
      |
24336 | #[cfg_attr(feature = "arbitrary", derive(Arbitrary))]
      |                                          ^^^^^^^^^
      |                                          |
      |                                          not a member of trait 
`arbitrary::Arbitrary`
      |                                          help: there is an associated 
function with a similar name: `size_hint`
      |
      = note: this error originates in the derive macro `Arbitrary` (in 
Nightly builds, run with -Z macro-backtrace for more info)

error[E0433]: failed to resolve: could not find `details` in `arbitrary`
     --> C:\Users\pc\.cargo\registry\src\index.crates.io-1949cf8c6b5b557f\stell
ar-xdr-21.2.0\src\curr\generated.rs:24382:42
      |
24382 | #[cfg_attr(feature = "arbitrary", derive(Arbitrary))]
      |                                          ^^^^^^^^^ could not find 
`details` in `arbitrary`
      |
      = note: this error originates in the derive macro `Arbitrary` (in 
Nightly builds, run with -Z macro-backtrace for more info)

error[E0407]: method `try_size_hint` is not a member of trait 
`arbitrary::Arbitrary`
     --> C:\Users\pc\.cargo\registry\src\index.crates.io-1949cf8c6b5b557f\stell
ar-xdr-21.2.0\src\curr\generated.rs:24382:42
      |
24382 | #[cfg_attr(feature = "arbitrary", derive(Arbitrary))]
      |                                          ^^^^^^^^^
      |                                          |
      |                                          not a member of trait 
`arbitrary::Arbitrary`
      |                                          help: there is an associated 
function with a similar name: `size_hint`
      |
      = note: this error originates in the derive macro `Arbitrary` (in 
Nightly builds, run with -Z macro-backtrace for more info)

error[E0433]: failed to resolve: could not find `details` in `arbitrary`
     --> C:\Users\pc\.cargo\registry\src\index.crates.io-1949cf8c6b5b557f\stell
ar-xdr-21.2.0\src\curr\generated.rs:24443:42
      |
24443 | #[cfg_attr(feature = "arbitrary", derive(Arbitrary))]
      |                                          ^^^^^^^^^ could not find 
`details` in `arbitrary`
      |
      = note: this error originates in the derive macro `Arbitrary` (in 
Nightly builds, run with -Z macro-backtrace for more info)

error[E0407]: method `try_size_hint` is not a member of trait 
`arbitrary::Arbitrary`
     --> C:\Users\pc\.cargo\registry\src\index.crates.io-1949cf8c6b5b557f\stell
ar-xdr-21.2.0\src\curr\generated.rs:24443:42
      |
24443 | #[cfg_attr(feature = "arbitrary", derive(Arbitrary))]
      |                                          ^^^^^^^^^
      |                                          |
      |                                          not a member of trait 
`arbitrary::Arbitrary`
      |                                          help: there is an associated 
function with a similar name: `size_hint`
      |
      = note: this error originates in the derive macro `Arbitrary` (in 
Nightly builds, run with -Z macro-backtrace for more info)

error[E0433]: failed to resolve: could not find `details` in `arbitrary`
     --> C:\Users\pc\.cargo\registry\src\index.crates.io-1949cf8c6b5b557f\stell
ar-xdr-21.2.0\src\curr\generated.rs:24524:42
      |
24524 | #[cfg_attr(feature = "arbitrary", derive(Arbitrary))]
      |                                          ^^^^^^^^^ could not find 
`details` in `arbitrary`
      |
      = note: this error originates in the derive macro `Arbitrary` (in 
Nightly builds, run with -Z macro-backtrace for more info)

error[E0407]: method `try_size_hint` is not a member of trait 
`arbitrary::Arbitrary`
     --> C:\Users\pc\.cargo\registry\src\index.crates.io-1949cf8c6b5b557f\stell
ar-xdr-21.2.0\src\curr\generated.rs:24524:42
      |
24524 | #[cfg_attr(feature = "arbitrary", derive(Arbitrary))]
      |                                          ^^^^^^^^^
      |                                          |
      |                                          not a member of trait 
`arbitrary::Arbitrary`
      |                                          help: there is an associated 
function with a similar name: `size_hint`
      |
      = note: this error originates in the derive macro `Arbitrary` (in 
Nightly builds, run with -Z macro-backtrace for more info)

error[E0433]: failed to resolve: could not find `details` in `arbitrary`
     --> C:\Users\pc\.cargo\registry\src\index.crates.io-1949cf8c6b5b557f\stell
ar-xdr-21.2.0\src\curr\generated.rs:24648:42
      |
24648 | #[cfg_attr(feature = "arbitrary", derive(Arbitrary))]
      |                                          ^^^^^^^^^ could not find 
`details` in `arbitrary`
      |
      = note: this error originates in the derive macro `Arbitrary` (in 
Nightly builds, run with -Z macro-backtrace for more info)

error[E0407]: method `try_size_hint` is not a member of trait 
`arbitrary::Arbitrary`
     --> C:\Users\pc\.cargo\registry\src\index.crates.io-1949cf8c6b5b557f\stell
ar-xdr-21.2.0\src\curr\generated.rs:24648:42
      |
24648 | #[cfg_attr(feature = "arbitrary", derive(Arbitrary))]
      |                                          ^^^^^^^^^
      |                                          |
      |                                          not a member of trait 
`arbitrary::Arbitrary`
      |                                          help: there is an associated 
function with a similar name: `size_hint`
      |
      = note: this error originates in the derive macro `Arbitrary` (in 
Nightly builds, run with -Z macro-backtrace for more info)

error[E0433]: failed to resolve: could not find `details` in `arbitrary`
     --> C:\Users\pc\.cargo\registry\src\index.crates.io-1949cf8c6b5b557f\stell
ar-xdr-21.2.0\src\curr\generated.rs:24718:42
      |
24718 | #[cfg_attr(feature = "arbitrary", derive(Arbitrary))]
      |                                          ^^^^^^^^^ could not find 
`details` in `arbitrary`
      |
      = note: this error originates in the derive macro `Arbitrary` (in 
Nightly builds, run with -Z macro-backtrace for more info)

error[E0407]: method `try_size_hint` is not a member of trait 
`arbitrary::Arbitrary`
     --> C:\Users\pc\.cargo\registry\src\index.crates.io-1949cf8c6b5b557f\stell
ar-xdr-21.2.0\src\curr\generated.rs:24718:42
      |
24718 | #[cfg_attr(feature = "arbitrary", derive(Arbitrary))]
      |                                          ^^^^^^^^^
      |                                          |
      |                                          not a member of trait 
`arbitrary::Arbitrary`
      |                                          help: there is an associated 
function with a similar name: `size_hint`
      |
      = note: this error originates in the derive macro `Arbitrary` (in 
Nightly builds, run with -Z macro-backtrace for more info)

error[E0433]: failed to resolve: could not find `details` in `arbitrary`
     --> C:\Users\pc\.cargo\registry\src\index.crates.io-1949cf8c6b5b557f\stell
ar-xdr-21.2.0\src\curr\generated.rs:24760:42
      |
24760 | #[cfg_attr(feature = "arbitrary", derive(Arbitrary))]
      |                                          ^^^^^^^^^ could not find 
`details` in `arbitrary`
      |
      = note: this error originates in the derive macro `Arbitrary` (in 
Nightly builds, run with -Z macro-backtrace for more info)

error[E0407]: method `try_size_hint` is not a member of trait 
`arbitrary::Arbitrary`
     --> C:\Users\pc\.cargo\registry\src\index.crates.io-1949cf8c6b5b557f\stell
ar-xdr-21.2.0\src\curr\generated.rs:24760:42
      |
24760 | #[cfg_attr(feature = "arbitrary", derive(Arbitrary))]
      |                                          ^^^^^^^^^
      |                                          |
      |                                          not a member of trait 
`arbitrary::Arbitrary`
      |                                          help: there is an associated 
function with a similar name: `size_hint`
      |
      = note: this error originates in the derive macro `Arbitrary` (in 
Nightly builds, run with -Z macro-backtrace for more info)

error[E0433]: failed to resolve: could not find `details` in `arbitrary`
     --> C:\Users\pc\.cargo\registry\src\index.crates.io-1949cf8c6b5b557f\stell
ar-xdr-21.2.0\src\curr\generated.rs:24873:42
      |
24873 | #[cfg_attr(feature = "arbitrary", derive(Arbitrary))]
      |                                          ^^^^^^^^^ could not find 
`details` in `arbitrary`
      |
      = note: this error originates in the derive macro `Arbitrary` (in 
Nightly builds, run with -Z macro-backtrace for more info)

error[E0407]: method `try_size_hint` is not a member of trait 
`arbitrary::Arbitrary`
     --> C:\Users\pc\.cargo\registry\src\index.crates.io-1949cf8c6b5b557f\stell
ar-xdr-21.2.0\src\curr\generated.rs:24873:42
      |
24873 | #[cfg_attr(feature = "arbitrary", derive(Arbitrary))]
      |                                          ^^^^^^^^^
      |                                          |
      |                                          not a member of trait 
`arbitrary::Arbitrary`
      |                                          help: there is an associated 
function with a similar name: `size_hint`
      |
      = note: this error originates in the derive macro `Arbitrary` (in 
Nightly builds, run with -Z macro-backtrace for more info)

error[E0433]: failed to resolve: could not find `details` in `arbitrary`
     --> C:\Users\pc\.cargo\registry\src\index.crates.io-1949cf8c6b5b557f\stell
ar-xdr-21.2.0\src\curr\generated.rs:24931:42
      |
24931 | #[cfg_attr(feature = "arbitrary", derive(Arbitrary))]
      |                                          ^^^^^^^^^ could not find 
`details` in `arbitrary`
      |
      = note: this error originates in the derive macro `Arbitrary` (in 
Nightly builds, run with -Z macro-backtrace for more info)

error[E0407]: method `try_size_hint` is not a member of trait 
`arbitrary::Arbitrary`
     --> C:\Users\pc\.cargo\registry\src\index.crates.io-1949cf8c6b5b557f\stell
ar-xdr-21.2.0\src\curr\generated.rs:24931:42
      |
24931 | #[cfg_attr(feature = "arbitrary", derive(Arbitrary))]
      |                                          ^^^^^^^^^
      |                                          |
      |                                          not a member of trait 
`arbitrary::Arbitrary`
      |                                          help: there is an associated 
function with a similar name: `size_hint`
      |
      = note: this error originates in the derive macro `Arbitrary` (in 
Nightly builds, run with -Z macro-backtrace for more info)

error[E0433]: failed to resolve: could not find `details` in `arbitrary`
     --> C:\Users\pc\.cargo\registry\src\index.crates.io-1949cf8c6b5b557f\stell
ar-xdr-21.2.0\src\curr\generated.rs:24990:42
      |
24990 | #[cfg_attr(feature = "arbitrary", derive(Arbitrary))]
      |                                          ^^^^^^^^^ could not find 
`details` in `arbitrary`
      |
      = note: this error originates in the derive macro `Arbitrary` (in 
Nightly builds, run with -Z macro-backtrace for more info)

error[E0407]: method `try_size_hint` is not a member of trait 
`arbitrary::Arbitrary`
     --> C:\Users\pc\.cargo\registry\src\index.crates.io-1949cf8c6b5b557f\stell
ar-xdr-21.2.0\src\curr\generated.rs:24990:42
      |
24990 | #[cfg_attr(feature = "arbitrary", derive(Arbitrary))]
      |                                          ^^^^^^^^^
      |                                          |
      |                                          not a member of trait 
`arbitrary::Arbitrary`
      |                                          help: there is an associated 
function with a similar name: `size_hint`
      |
      = note: this error originates in the derive macro `Arbitrary` (in 
Nightly builds, run with -Z macro-backtrace for more info)

error[E0433]: failed to resolve: could not find `details` in `arbitrary`
     --> C:\Users\pc\.cargo\registry\src\index.crates.io-1949cf8c6b5b557f\stell
ar-xdr-21.2.0\src\curr\generated.rs:25044:42
      |
25044 | #[cfg_attr(feature = "arbitrary", derive(Arbitrary))]
      |                                          ^^^^^^^^^ could not find 
`details` in `arbitrary`
      |
      = note: this error originates in the derive macro `Arbitrary` (in 
Nightly builds, run with -Z macro-backtrace for more info)

error[E0407]: method `try_size_hint` is not a member of trait 
`arbitrary::Arbitrary`
     --> C:\Users\pc\.cargo\registry\src\index.crates.io-1949cf8c6b5b557f\stell
ar-xdr-21.2.0\src\curr\generated.rs:25044:42
      |
25044 | #[cfg_attr(feature = "arbitrary", derive(Arbitrary))]
      |                                          ^^^^^^^^^
      |                                          |
      |                                          not a member of trait 
`arbitrary::Arbitrary`
      |                                          help: there is an associated 
function with a similar name: `size_hint`
      |
      = note: this error originates in the derive macro `Arbitrary` (in 
Nightly builds, run with -Z macro-backtrace for more info)

error[E0433]: failed to resolve: could not find `details` in `arbitrary`
     --> C:\Users\pc\.cargo\registry\src\index.crates.io-1949cf8c6b5b557f\stell
ar-xdr-21.2.0\src\curr\generated.rs:25163:42
      |
25163 | #[cfg_attr(feature = "arbitrary", derive(Arbitrary))]
      |                                          ^^^^^^^^^ could not find 
`details` in `arbitrary`
      |
      = note: this error originates in the derive macro `Arbitrary` (in 
Nightly builds, run with -Z macro-backtrace for more info)

error[E0407]: method `try_size_hint` is not a member of trait 
`arbitrary::Arbitrary`
     --> C:\Users\pc\.cargo\registry\src\index.crates.io-1949cf8c6b5b557f\stell
ar-xdr-21.2.0\src\curr\generated.rs:25163:42
      |
25163 | #[cfg_attr(feature = "arbitrary", derive(Arbitrary))]
      |                                          ^^^^^^^^^
      |                                          |
      |                                          not a member of trait 
`arbitrary::Arbitrary`
      |                                          help: there is an associated 
function with a similar name: `size_hint`
      |
      = note: this error originates in the derive macro `Arbitrary` (in 
Nightly builds, run with -Z macro-backtrace for more info)

error[E0433]: failed to resolve: could not find `details` in `arbitrary`
     --> C:\Users\pc\.cargo\registry\src\index.crates.io-1949cf8c6b5b557f\stell
ar-xdr-21.2.0\src\curr\generated.rs:25272:42
      |
25272 | #[cfg_attr(feature = "arbitrary", derive(Arbitrary))]
      |                                          ^^^^^^^^^ could not find 
`details` in `arbitrary`
      |
      = note: this error originates in the derive macro `Arbitrary` (in 
Nightly builds, run with -Z macro-backtrace for more info)

error[E0407]: method `try_size_hint` is not a member of trait 
`arbitrary::Arbitrary`
     --> C:\Users\pc\.cargo\registry\src\index.crates.io-1949cf8c6b5b557f\stell
ar-xdr-21.2.0\src\curr\generated.rs:25272:42
      |
25272 | #[cfg_attr(feature = "arbitrary", derive(Arbitrary))]
      |                                          ^^^^^^^^^
      |                                          |
      |                                          not a member of trait 
`arbitrary::Arbitrary`
      |                                          help: there is an associated 
function with a similar name: `size_hint`
      |
      = note: this error originates in the derive macro `Arbitrary` (in 
Nightly builds, run with -Z macro-backtrace for more info)

error[E0433]: failed to resolve: could not find `details` in `arbitrary`
     --> C:\Users\pc\.cargo\registry\src\index.crates.io-1949cf8c6b5b557f\stell
ar-xdr-21.2.0\src\curr\generated.rs:25319:42
      |
25319 | #[cfg_attr(feature = "arbitrary", derive(Arbitrary))]
      |                                          ^^^^^^^^^ could not find 
`details` in `arbitrary`
      |
      = note: this error originates in the derive macro `Arbitrary` (in 
Nightly builds, run with -Z macro-backtrace for more info)

error[E0407]: method `try_size_hint` is not a member of trait 
`arbitrary::Arbitrary`
     --> C:\Users\pc\.cargo\registry\src\index.crates.io-1949cf8c6b5b557f\stell
ar-xdr-21.2.0\src\curr\generated.rs:25319:42
      |
25319 | #[cfg_attr(feature = "arbitrary", derive(Arbitrary))]
      |                                          ^^^^^^^^^
      |                                          |
      |                                          not a member of trait 
`arbitrary::Arbitrary`
      |                                          help: there is an associated 
function with a similar name: `size_hint`
      |
      = note: this error originates in the derive macro `Arbitrary` (in 
Nightly builds, run with -Z macro-backtrace for more info)

error[E0433]: failed to resolve: could not find `details` in `arbitrary`
     --> C:\Users\pc\.cargo\registry\src\index.crates.io-1949cf8c6b5b557f\stell
ar-xdr-21.2.0\src\curr\generated.rs:25428:42
      |
25428 | #[cfg_attr(feature = "arbitrary", derive(Arbitrary))]
      |                                          ^^^^^^^^^ could not find 
`details` in `arbitrary`
      |
      = note: this error originates in the derive macro `Arbitrary` (in 
Nightly builds, run with -Z macro-backtrace for more info)

error[E0407]: method `try_size_hint` is not a member of trait 
`arbitrary::Arbitrary`
     --> C:\Users\pc\.cargo\registry\src\index.crates.io-1949cf8c6b5b557f\stell
ar-xdr-21.2.0\src\curr\generated.rs:25428:42
      |
25428 | #[cfg_attr(feature = "arbitrary", derive(Arbitrary))]
      |                                          ^^^^^^^^^
      |                                          |
      |                                          not a member of trait 
`arbitrary::Arbitrary`
      |                                          help: there is an associated 
function with a similar name: `size_hint`
      |
      = note: this error originates in the derive macro `Arbitrary` (in 
Nightly builds, run with -Z macro-backtrace for more info)

error[E0433]: failed to resolve: could not find `details` in `arbitrary`
     --> C:\Users\pc\.cargo\registry\src\index.crates.io-1949cf8c6b5b557f\stell
ar-xdr-21.2.0\src\curr\generated.rs:25531:42
      |
25531 | #[cfg_attr(feature = "arbitrary", derive(Arbitrary))]
      |                                          ^^^^^^^^^ could not find 
`details` in `arbitrary`
      |
      = note: this error originates in the derive macro `Arbitrary` (in 
Nightly builds, run with -Z macro-backtrace for more info)

error[E0407]: method `try_size_hint` is not a member of trait 
`arbitrary::Arbitrary`
     --> C:\Users\pc\.cargo\registry\src\index.crates.io-1949cf8c6b5b557f\stell
ar-xdr-21.2.0\src\curr\generated.rs:25531:42
      |
25531 | #[cfg_attr(feature = "arbitrary", derive(Arbitrary))]
      |                                          ^^^^^^^^^
      |                                          |
      |                                          not a member of trait 
`arbitrary::Arbitrary`
      |                                          help: there is an associated 
function with a similar name: `size_hint`
      |
      = note: this error originates in the derive macro `Arbitrary` (in 
Nightly builds, run with -Z macro-backtrace for more info)

error[E0433]: failed to resolve: could not find `details` in `arbitrary`
     --> C:\Users\pc\.cargo\registry\src\index.crates.io-1949cf8c6b5b557f\stell
ar-xdr-21.2.0\src\curr\generated.rs:25819:42
      |
25819 | #[cfg_attr(feature = "arbitrary", derive(Arbitrary))]
      |                                          ^^^^^^^^^ could not find 
`details` in `arbitrary`
      |
      = note: this error originates in the derive macro `Arbitrary` (in 
Nightly builds, run with -Z macro-backtrace for more info)

error[E0407]: method `try_size_hint` is not a member of trait 
`arbitrary::Arbitrary`
     --> C:\Users\pc\.cargo\registry\src\index.crates.io-1949cf8c6b5b557f\stell
ar-xdr-21.2.0\src\curr\generated.rs:25819:42
      |
25819 | #[cfg_attr(feature = "arbitrary", derive(Arbitrary))]
      |                                          ^^^^^^^^^
      |                                          |
      |                                          not a member of trait 
`arbitrary::Arbitrary`
      |                                          help: there is an associated 
function with a similar name: `size_hint`
      |
      = note: this error originates in the derive macro `Arbitrary` (in 
Nightly builds, run with -Z macro-backtrace for more info)

error[E0433]: failed to resolve: could not find `details` in `arbitrary`
     --> C:\Users\pc\.cargo\registry\src\index.crates.io-1949cf8c6b5b557f\stell
ar-xdr-21.2.0\src\curr\generated.rs:25874:42
      |
25874 | #[cfg_attr(feature = "arbitrary", derive(Arbitrary))]
      |                                          ^^^^^^^^^ could not find 
`details` in `arbitrary`
      |
      = note: this error originates in the derive macro `Arbitrary` (in 
Nightly builds, run with -Z macro-backtrace for more info)

error[E0407]: method `try_size_hint` is not a member of trait 
`arbitrary::Arbitrary`
     --> C:\Users\pc\.cargo\registry\src\index.crates.io-1949cf8c6b5b557f\stell
ar-xdr-21.2.0\src\curr\generated.rs:25874:42
      |
25874 | #[cfg_attr(feature = "arbitrary", derive(Arbitrary))]
      |                                          ^^^^^^^^^
      |                                          |
      |                                          not a member of trait 
`arbitrary::Arbitrary`
      |                                          help: there is an associated 
function with a similar name: `size_hint`
      |
      = note: this error originates in the derive macro `Arbitrary` (in 
Nightly builds, run with -Z macro-backtrace for more info)

error[E0433]: failed to resolve: could not find `details` in `arbitrary`
     --> C:\Users\pc\.cargo\registry\src\index.crates.io-1949cf8c6b5b557f\stell
ar-xdr-21.2.0\src\curr\generated.rs:25983:42
      |
25983 | #[cfg_attr(feature = "arbitrary", derive(Arbitrary))]
      |                                          ^^^^^^^^^ could not find 
`details` in `arbitrary`
      |
      = note: this error originates in the derive macro `Arbitrary` (in 
Nightly builds, run with -Z macro-backtrace for more info)

error[E0407]: method `try_size_hint` is not a member of trait 
`arbitrary::Arbitrary`
     --> C:\Users\pc\.cargo\registry\src\index.crates.io-1949cf8c6b5b557f\stell
ar-xdr-21.2.0\src\curr\generated.rs:25983:42
      |
25983 | #[cfg_attr(feature = "arbitrary", derive(Arbitrary))]
      |                                          ^^^^^^^^^
      |                                          |
      |                                          not a member of trait 
`arbitrary::Arbitrary`
      |                                          help: there is an associated 
function with a similar name: `size_hint`
      |
      = note: this error originates in the derive macro `Arbitrary` (in 
Nightly builds, run with -Z macro-backtrace for more info)

error[E0433]: failed to resolve: could not find `details` in `arbitrary`
     --> C:\Users\pc\.cargo\registry\src\index.crates.io-1949cf8c6b5b557f\stell
ar-xdr-21.2.0\src\curr\generated.rs:26089:42
      |
26089 | #[cfg_attr(feature = "arbitrary", derive(Arbitrary))]
      |                                          ^^^^^^^^^ could not find 
`details` in `arbitrary`
      |
      = note: this error originates in the derive macro `Arbitrary` (in 
Nightly builds, run with -Z macro-backtrace for more info)

error[E0407]: method `try_size_hint` is not a member of trait 
`arbitrary::Arbitrary`
     --> C:\Users\pc\.cargo\registry\src\index.crates.io-1949cf8c6b5b557f\stell
ar-xdr-21.2.0\src\curr\generated.rs:26089:42
      |
26089 | #[cfg_attr(feature = "arbitrary", derive(Arbitrary))]
      |                                          ^^^^^^^^^
      |                                          |
      |                                          not a member of trait 
`arbitrary::Arbitrary`
      |                                          help: there is an associated 
function with a similar name: `size_hint`
      |
      = note: this error originates in the derive macro `Arbitrary` (in 
Nightly builds, run with -Z macro-backtrace for more info)

error[E0433]: failed to resolve: could not find `details` in `arbitrary`
     --> C:\Users\pc\.cargo\registry\src\index.crates.io-1949cf8c6b5b557f\stell
ar-xdr-21.2.0\src\curr\generated.rs:26140:42
      |
26140 | #[cfg_attr(feature = "arbitrary", derive(Arbitrary))]
      |                                          ^^^^^^^^^ could not find 
`details` in `arbitrary`
      |
      = note: this error originates in the derive macro `Arbitrary` (in 
Nightly builds, run with -Z macro-backtrace for more info)

error[E0407]: method `try_size_hint` is not a member of trait 
`arbitrary::Arbitrary`
     --> C:\Users\pc\.cargo\registry\src\index.crates.io-1949cf8c6b5b557f\stell
ar-xdr-21.2.0\src\curr\generated.rs:26140:42
      |
26140 | #[cfg_attr(feature = "arbitrary", derive(Arbitrary))]
      |                                          ^^^^^^^^^
      |                                          |
      |                                          not a member of trait 
`arbitrary::Arbitrary`
      |                                          help: there is an associated 
function with a similar name: `size_hint`
      |
      = note: this error originates in the derive macro `Arbitrary` (in 
Nightly builds, run with -Z macro-backtrace for more info)

error[E0433]: failed to resolve: could not find `details` in `arbitrary`
     --> C:\Users\pc\.cargo\registry\src\index.crates.io-1949cf8c6b5b557f\stell
ar-xdr-21.2.0\src\curr\generated.rs:26245:42
      |
26245 | #[cfg_attr(feature = "arbitrary", derive(Arbitrary))]
      |                                          ^^^^^^^^^ could not find 
`details` in `arbitrary`
      |
      = note: this error originates in the derive macro `Arbitrary` (in 
Nightly builds, run with -Z macro-backtrace for more info)

error[E0407]: method `try_size_hint` is not a member of trait 
`arbitrary::Arbitrary`
     --> C:\Users\pc\.cargo\registry\src\index.crates.io-1949cf8c6b5b557f\stell
ar-xdr-21.2.0\src\curr\generated.rs:26245:42
      |
26245 | #[cfg_attr(feature = "arbitrary", derive(Arbitrary))]
      |                                          ^^^^^^^^^
      |                                          |
      |                                          not a member of trait 
`arbitrary::Arbitrary`
      |                                          help: there is an associated 
function with a similar name: `size_hint`
      |
      = note: this error originates in the derive macro `Arbitrary` (in 
Nightly builds, run with -Z macro-backtrace for more info)

error[E0433]: failed to resolve: could not find `details` in `arbitrary`
     --> C:\Users\pc\.cargo\registry\src\index.crates.io-1949cf8c6b5b557f\stell
ar-xdr-21.2.0\src\curr\generated.rs:26553:42
      |
26553 | #[cfg_attr(feature = "arbitrary", derive(Arbitrary))]
      |                                          ^^^^^^^^^ could not find 
`details` in `arbitrary`
      |
      = note: this error originates in the derive macro `Arbitrary` (in 
Nightly builds, run with -Z macro-backtrace for more info)

error[E0407]: method `try_size_hint` is not a member of trait 
`arbitrary::Arbitrary`
     --> C:\Users\pc\.cargo\registry\src\index.crates.io-1949cf8c6b5b557f\stell
ar-xdr-21.2.0\src\curr\generated.rs:26553:42
      |
26553 | #[cfg_attr(feature = "arbitrary", derive(Arbitrary))]
      |                                          ^^^^^^^^^
      |                                          |
      |                                          not a member of trait 
`arbitrary::Arbitrary`
      |                                          help: there is an associated 
function with a similar name: `size_hint`
      |
      = note: this error originates in the derive macro `Arbitrary` (in 
Nightly builds, run with -Z macro-backtrace for more info)

error[E0433]: failed to resolve: could not find `details` in `arbitrary`
     --> C:\Users\pc\.cargo\registry\src\index.crates.io-1949cf8c6b5b557f\stell
ar-xdr-21.2.0\src\curr\generated.rs:26600:42
      |
26600 | #[cfg_attr(feature = "arbitrary", derive(Arbitrary))]
      |                                          ^^^^^^^^^ could not find 
`details` in `arbitrary`
      |
      = note: this error originates in the derive macro `Arbitrary` (in 
Nightly builds, run with -Z macro-backtrace for more info)

error[E0407]: method `try_size_hint` is not a member of trait 
`arbitrary::Arbitrary`
     --> C:\Users\pc\.cargo\registry\src\index.crates.io-1949cf8c6b5b557f\stell
ar-xdr-21.2.0\src\curr\generated.rs:26600:42
      |
26600 | #[cfg_attr(feature = "arbitrary", derive(Arbitrary))]
      |                                          ^^^^^^^^^
      |                                          |
      |                                          not a member of trait 
`arbitrary::Arbitrary`
      |                                          help: there is an associated 
function with a similar name: `size_hint`
      |
      = note: this error originates in the derive macro `Arbitrary` (in 
Nightly builds, run with -Z macro-backtrace for more info)

error[E0433]: failed to resolve: could not find `details` in `arbitrary`
     --> C:\Users\pc\.cargo\registry\src\index.crates.io-1949cf8c6b5b557f\stell
ar-xdr-21.2.0\src\curr\generated.rs:26657:42
      |
26657 | #[cfg_attr(feature = "arbitrary", derive(Arbitrary))]
      |                                          ^^^^^^^^^ could not find 
`details` in `arbitrary`
      |
      = note: this error originates in the derive macro `Arbitrary` (in 
Nightly builds, run with -Z macro-backtrace for more info)

error[E0407]: method `try_size_hint` is not a member of trait 
`arbitrary::Arbitrary`
     --> C:\Users\pc\.cargo\registry\src\index.crates.io-1949cf8c6b5b557f\stell
ar-xdr-21.2.0\src\curr\generated.rs:26657:42
      |
26657 | #[cfg_attr(feature = "arbitrary", derive(Arbitrary))]
      |                                          ^^^^^^^^^
      |                                          |
      |                                          not a member of trait 
`arbitrary::Arbitrary`
      |                                          help: there is an associated 
function with a similar name: `size_hint`
      |
      = note: this error originates in the derive macro `Arbitrary` (in 
Nightly builds, run with -Z macro-backtrace for more info)

error[E0433]: failed to resolve: could not find `details` in `arbitrary`
     --> C:\Users\pc\.cargo\registry\src\index.crates.io-1949cf8c6b5b557f\stell
ar-xdr-21.2.0\src\curr\generated.rs:26723:42
      |
26723 | #[cfg_attr(feature = "arbitrary", derive(Arbitrary))]
      |                                          ^^^^^^^^^ could not find 
`details` in `arbitrary`
      |
      = note: this error originates in the derive macro `Arbitrary` (in 
Nightly builds, run with -Z macro-backtrace for more info)

error[E0407]: method `try_size_hint` is not a member of trait 
`arbitrary::Arbitrary`
     --> C:\Users\pc\.cargo\registry\src\index.crates.io-1949cf8c6b5b557f\stell
ar-xdr-21.2.0\src\curr\generated.rs:26723:42
      |
26723 | #[cfg_attr(feature = "arbitrary", derive(Arbitrary))]
      |                                          ^^^^^^^^^
      |                                          |
      |                                          not a member of trait 
`arbitrary::Arbitrary`
      |                                          help: there is an associated 
function with a similar name: `size_hint`
      |
      = note: this error originates in the derive macro `Arbitrary` (in 
Nightly builds, run with -Z macro-backtrace for more info)

error[E0433]: failed to resolve: could not find `details` in `arbitrary`
     --> C:\Users\pc\.cargo\registry\src\index.crates.io-1949cf8c6b5b557f\stell
ar-xdr-21.2.0\src\curr\generated.rs:26786:42
      |
26786 | #[cfg_attr(feature = "arbitrary", derive(Arbitrary))]
      |                                          ^^^^^^^^^ could not find 
`details` in `arbitrary`
      |
      = note: this error originates in the derive macro `Arbitrary` (in 
Nightly builds, run with -Z macro-backtrace for more info)

error[E0407]: method `try_size_hint` is not a member of trait 
`arbitrary::Arbitrary`
     --> C:\Users\pc\.cargo\registry\src\index.crates.io-1949cf8c6b5b557f\stell
ar-xdr-21.2.0\src\curr\generated.rs:26786:42
      |
26786 | #[cfg_attr(feature = "arbitrary", derive(Arbitrary))]
      |                                          ^^^^^^^^^
      |                                          |
      |                                          not a member of trait 
`arbitrary::Arbitrary`
      |                                          help: there is an associated 
function with a similar name: `size_hint`
      |
      = note: this error originates in the derive macro `Arbitrary` (in 
Nightly builds, run with -Z macro-backtrace for more info)

error[E0433]: failed to resolve: could not find `details` in `arbitrary`
     --> C:\Users\pc\.cargo\registry\src\index.crates.io-1949cf8c6b5b557f\stell
ar-xdr-21.2.0\src\curr\generated.rs:26847:42
      |
26847 | #[cfg_attr(feature = "arbitrary", derive(Arbitrary))]
      |                                          ^^^^^^^^^ could not find 
`details` in `arbitrary`
      |
      = note: this error originates in the derive macro `Arbitrary` (in 
Nightly builds, run with -Z macro-backtrace for more info)

error[E0407]: method `try_size_hint` is not a member of trait 
`arbitrary::Arbitrary`
     --> C:\Users\pc\.cargo\registry\src\index.crates.io-1949cf8c6b5b557f\stell
ar-xdr-21.2.0\src\curr\generated.rs:26847:42
      |
26847 | #[cfg_attr(feature = "arbitrary", derive(Arbitrary))]
      |                                          ^^^^^^^^^
      |                                          |
      |                                          not a member of trait 
`arbitrary::Arbitrary`
      |                                          help: there is an associated 
function with a similar name: `size_hint`
      |
      = note: this error originates in the derive macro `Arbitrary` (in 
Nightly builds, run with -Z macro-backtrace for more info)

error[E0433]: failed to resolve: could not find `details` in `arbitrary`
     --> C:\Users\pc\.cargo\registry\src\index.crates.io-1949cf8c6b5b557f\stell
ar-xdr-21.2.0\src\curr\generated.rs:26904:42
      |
26904 | #[cfg_attr(feature = "arbitrary", derive(Arbitrary))]
      |                                          ^^^^^^^^^ could not find 
`details` in `arbitrary`
      |
      = note: this error originates in the derive macro `Arbitrary` (in 
Nightly builds, run with -Z macro-backtrace for more info)

error[E0407]: method `try_size_hint` is not a member of trait 
`arbitrary::Arbitrary`
     --> C:\Users\pc\.cargo\registry\src\index.crates.io-1949cf8c6b5b557f\stell
ar-xdr-21.2.0\src\curr\generated.rs:26904:42
      |
26904 | #[cfg_attr(feature = "arbitrary", derive(Arbitrary))]
      |                                          ^^^^^^^^^
      |                                          |
      |                                          not a member of trait 
`arbitrary::Arbitrary`
      |                                          help: there is an associated 
function with a similar name: `size_hint`
      |
      = note: this error originates in the derive macro `Arbitrary` (in 
Nightly builds, run with -Z macro-backtrace for more info)

error[E0433]: failed to resolve: could not find `details` in `arbitrary`
     --> C:\Users\pc\.cargo\registry\src\index.crates.io-1949cf8c6b5b557f\stell
ar-xdr-21.2.0\src\curr\generated.rs:26970:42
      |
26970 | #[cfg_attr(feature = "arbitrary", derive(Arbitrary))]
      |                                          ^^^^^^^^^ could not find 
`details` in `arbitrary`
      |
      = note: this error originates in the derive macro `Arbitrary` (in 
Nightly builds, run with -Z macro-backtrace for more info)

error[E0407]: method `try_size_hint` is not a member of trait 
`arbitrary::Arbitrary`
     --> C:\Users\pc\.cargo\registry\src\index.crates.io-1949cf8c6b5b557f\stell
ar-xdr-21.2.0\src\curr\generated.rs:26970:42
      |
26970 | #[cfg_attr(feature = "arbitrary", derive(Arbitrary))]
      |                                          ^^^^^^^^^
      |                                          |
      |                                          not a member of trait 
`arbitrary::Arbitrary`
      |                                          help: there is an associated 
function with a similar name: `size_hint`
      |
      = note: this error originates in the derive macro `Arbitrary` (in 
Nightly builds, run with -Z macro-backtrace for more info)

   Compiling k256 v0.13.4
error[E0433]: failed to resolve: could not find `details` in `arbitrary`
     --> C:\Users\pc\.cargo\registry\src\index.crates.io-1949cf8c6b5b557f\stell
ar-xdr-21.2.0\src\curr\generated.rs:27049:42
      |
27049 | #[cfg_attr(feature = "arbitrary", derive(Arbitrary))]
      |                                          ^^^^^^^^^ could not find 
`details` in `arbitrary`
      |
      = note: this error originates in the derive macro `Arbitrary` (in 
Nightly builds, run with -Z macro-backtrace for more info)

error[E0407]: method `try_size_hint` is not a member of trait 
`arbitrary::Arbitrary`
     --> C:\Users\pc\.cargo\registry\src\index.crates.io-1949cf8c6b5b557f\stell
ar-xdr-21.2.0\src\curr\generated.rs:27049:42
      |
27049 | #[cfg_attr(feature = "arbitrary", derive(Arbitrary))]
      |                                          ^^^^^^^^^
      |                                          |
      |                                          not a member of trait 
`arbitrary::Arbitrary`
      |                                          help: there is an associated 
function with a similar name: `size_hint`
      |
      = note: this error originates in the derive macro `Arbitrary` (in 
Nightly builds, run with -Z macro-backtrace for more info)

error[E0433]: failed to resolve: could not find `details` in `arbitrary`
     --> C:\Users\pc\.cargo\registry\src\index.crates.io-1949cf8c6b5b557f\stell
ar-xdr-21.2.0\src\curr\generated.rs:27172:42
      |
27172 | #[cfg_attr(feature = "arbitrary", derive(Arbitrary))]
      |                                          ^^^^^^^^^ could not find 
`details` in `arbitrary`
      |
      = note: this error originates in the derive macro `Arbitrary` (in 
Nightly builds, run with -Z macro-backtrace for more info)

error[E0407]: method `try_size_hint` is not a member of trait 
`arbitrary::Arbitrary`
     --> C:\Users\pc\.cargo\registry\src\index.crates.io-1949cf8c6b5b557f\stell
ar-xdr-21.2.0\src\curr\generated.rs:27172:42
      |
27172 | #[cfg_attr(feature = "arbitrary", derive(Arbitrary))]
      |                                          ^^^^^^^^^
      |                                          |
      |                                          not a member of trait 
`arbitrary::Arbitrary`
      |                                          help: there is an associated 
function with a similar name: `size_hint`
      |
      = note: this error originates in the derive macro `Arbitrary` (in 
Nightly builds, run with -Z macro-backtrace for more info)

error[E0433]: failed to resolve: could not find `details` in `arbitrary`
     --> C:\Users\pc\.cargo\registry\src\index.crates.io-1949cf8c6b5b557f\stell
ar-xdr-21.2.0\src\curr\generated.rs:27221:42
      |
27221 | #[cfg_attr(feature = "arbitrary", derive(Arbitrary))]
      |                                          ^^^^^^^^^ could not find 
`details` in `arbitrary`
      |
      = note: this error originates in the derive macro `Arbitrary` (in 
Nightly builds, run with -Z macro-backtrace for more info)

error[E0407]: method `try_size_hint` is not a member of trait 
`arbitrary::Arbitrary`
     --> C:\Users\pc\.cargo\registry\src\index.crates.io-1949cf8c6b5b557f\stell
ar-xdr-21.2.0\src\curr\generated.rs:27221:42
      |
27221 | #[cfg_attr(feature = "arbitrary", derive(Arbitrary))]
      |                                          ^^^^^^^^^
      |                                          |
      |                                          not a member of trait 
`arbitrary::Arbitrary`
      |                                          help: there is an associated 
function with a similar name: `size_hint`
      |
      = note: this error originates in the derive macro `Arbitrary` (in 
Nightly builds, run with -Z macro-backtrace for more info)

error[E0433]: failed to resolve: could not find `details` in `arbitrary`
     --> C:\Users\pc\.cargo\registry\src\index.crates.io-1949cf8c6b5b557f\stell
ar-xdr-21.2.0\src\curr\generated.rs:27270:42
      |
27270 | #[cfg_attr(feature = "arbitrary", derive(Arbitrary))]
      |                                          ^^^^^^^^^ could not find 
`details` in `arbitrary`
      |
      = note: this error originates in the derive macro `Arbitrary` (in 
Nightly builds, run with -Z macro-backtrace for more info)

error[E0407]: method `try_size_hint` is not a member of trait 
`arbitrary::Arbitrary`
     --> C:\Users\pc\.cargo\registry\src\index.crates.io-1949cf8c6b5b557f\stell
ar-xdr-21.2.0\src\curr\generated.rs:27270:42
      |
27270 | #[cfg_attr(feature = "arbitrary", derive(Arbitrary))]
      |                                          ^^^^^^^^^
      |                                          |
      |                                          not a member of trait 
`arbitrary::Arbitrary`
      |                                          help: there is an associated 
function with a similar name: `size_hint`
      |
      = note: this error originates in the derive macro `Arbitrary` (in 
Nightly builds, run with -Z macro-backtrace for more info)

error[E0433]: failed to resolve: could not find `details` in `arbitrary`
     --> C:\Users\pc\.cargo\registry\src\index.crates.io-1949cf8c6b5b557f\stell
ar-xdr-21.2.0\src\curr\generated.rs:27315:42
      |
27315 | #[cfg_attr(feature = "arbitrary", derive(Arbitrary))]
      |                                          ^^^^^^^^^ could not find 
`details` in `arbitrary`
      |
      = note: this error originates in the derive macro `Arbitrary` (in 
Nightly builds, run with -Z macro-backtrace for more info)

error[E0407]: method `try_size_hint` is not a member of trait 
`arbitrary::Arbitrary`
     --> C:\Users\pc\.cargo\registry\src\index.crates.io-1949cf8c6b5b557f\stell
ar-xdr-21.2.0\src\curr\generated.rs:27315:42
      |
27315 | #[cfg_attr(feature = "arbitrary", derive(Arbitrary))]
      |                                          ^^^^^^^^^
      |                                          |
      |                                          not a member of trait 
`arbitrary::Arbitrary`
      |                                          help: there is an associated 
function with a similar name: `size_hint`
      |
      = note: this error originates in the derive macro `Arbitrary` (in 
Nightly builds, run with -Z macro-backtrace for more info)

error[E0433]: failed to resolve: could not find `details` in `arbitrary`
     --> C:\Users\pc\.cargo\registry\src\index.crates.io-1949cf8c6b5b557f\stell
ar-xdr-21.2.0\src\curr\generated.rs:27359:42
      |
27359 | #[cfg_attr(feature = "arbitrary", derive(Arbitrary))]
      |                                          ^^^^^^^^^ could not find 
`details` in `arbitrary`
      |
      = note: this error originates in the derive macro `Arbitrary` (in 
Nightly builds, run with -Z macro-backtrace for more info)

error[E0407]: method `try_size_hint` is not a member of trait 
`arbitrary::Arbitrary`
     --> C:\Users\pc\.cargo\registry\src\index.crates.io-1949cf8c6b5b557f\stell
ar-xdr-21.2.0\src\curr\generated.rs:27359:42
      |
27359 | #[cfg_attr(feature = "arbitrary", derive(Arbitrary))]
      |                                          ^^^^^^^^^
      |                                          |
      |                                          not a member of trait 
`arbitrary::Arbitrary`
      |                                          help: there is an associated 
function with a similar name: `size_hint`
      |
      = note: this error originates in the derive macro `Arbitrary` (in 
Nightly builds, run with -Z macro-backtrace for more info)

error[E0433]: failed to resolve: could not find `details` in `arbitrary`
     --> C:\Users\pc\.cargo\registry\src\index.crates.io-1949cf8c6b5b557f\stell
ar-xdr-21.2.0\src\curr\generated.rs:27407:42
      |
27407 | #[cfg_attr(feature = "arbitrary", derive(Arbitrary))]
      |                                          ^^^^^^^^^ could not find 
`details` in `arbitrary`
      |
      = note: this error originates in the derive macro `Arbitrary` (in 
Nightly builds, run with -Z macro-backtrace for more info)

error[E0407]: method `try_size_hint` is not a member of trait 
`arbitrary::Arbitrary`
     --> C:\Users\pc\.cargo\registry\src\index.crates.io-1949cf8c6b5b557f\stell
ar-xdr-21.2.0\src\curr\generated.rs:27407:42
      |
27407 | #[cfg_attr(feature = "arbitrary", derive(Arbitrary))]
      |                                          ^^^^^^^^^
      |                                          |
      |                                          not a member of trait 
`arbitrary::Arbitrary`
      |                                          help: there is an associated 
function with a similar name: `size_hint`
      |
      = note: this error originates in the derive macro `Arbitrary` (in 
Nightly builds, run with -Z macro-backtrace for more info)

error[E0433]: failed to resolve: could not find `details` in `arbitrary`
     --> C:\Users\pc\.cargo\registry\src\index.crates.io-1949cf8c6b5b557f\stell
ar-xdr-21.2.0\src\curr\generated.rs:27449:42
      |
27449 | #[cfg_attr(feature = "arbitrary", derive(Arbitrary))]
      |                                          ^^^^^^^^^ could not find 
`details` in `arbitrary`
      |
      = note: this error originates in the derive macro `Arbitrary` (in 
Nightly builds, run with -Z macro-backtrace for more info)

error[E0407]: method `try_size_hint` is not a member of trait 
`arbitrary::Arbitrary`
     --> C:\Users\pc\.cargo\registry\src\index.crates.io-1949cf8c6b5b557f\stell
ar-xdr-21.2.0\src\curr\generated.rs:27449:42
      |
27449 | #[cfg_attr(feature = "arbitrary", derive(Arbitrary))]
      |                                          ^^^^^^^^^
      |                                          |
      |                                          not a member of trait 
`arbitrary::Arbitrary`
      |                                          help: there is an associated 
function with a similar name: `size_hint`
      |
      = note: this error originates in the derive macro `Arbitrary` (in 
Nightly builds, run with -Z macro-backtrace for more info)

error[E0433]: failed to resolve: could not find `details` in `arbitrary`
     --> C:\Users\pc\.cargo\registry\src\index.crates.io-1949cf8c6b5b557f\stell
ar-xdr-21.2.0\src\curr\generated.rs:27601:42
      |
27601 | #[cfg_attr(feature = "arbitrary", derive(Arbitrary))]
      |                                          ^^^^^^^^^ could not find 
`details` in `arbitrary`
      |
      = note: this error originates in the derive macro `Arbitrary` (in 
Nightly builds, run with -Z macro-backtrace for more info)

error[E0407]: method `try_size_hint` is not a member of trait 
`arbitrary::Arbitrary`
     --> C:\Users\pc\.cargo\registry\src\index.crates.io-1949cf8c6b5b557f\stell
ar-xdr-21.2.0\src\curr\generated.rs:27601:42
      |
27601 | #[cfg_attr(feature = "arbitrary", derive(Arbitrary))]
      |                                          ^^^^^^^^^
      |                                          |
      |                                          not a member of trait 
`arbitrary::Arbitrary`
      |                                          help: there is an associated 
function with a similar name: `size_hint`
      |
      = note: this error originates in the derive macro `Arbitrary` (in 
Nightly builds, run with -Z macro-backtrace for more info)

error[E0433]: failed to resolve: could not find `details` in `arbitrary`
     --> C:\Users\pc\.cargo\registry\src\index.crates.io-1949cf8c6b5b557f\stell
ar-xdr-21.2.0\src\curr\generated.rs:27654:42
      |
27654 | #[cfg_attr(feature = "arbitrary", derive(Arbitrary))]
      |                                          ^^^^^^^^^ could not find 
`details` in `arbitrary`
      |
      = note: this error originates in the derive macro `Arbitrary` (in 
Nightly builds, run with -Z macro-backtrace for more info)

error[E0407]: method `try_size_hint` is not a member of trait 
`arbitrary::Arbitrary`
     --> C:\Users\pc\.cargo\registry\src\index.crates.io-1949cf8c6b5b557f\stell
ar-xdr-21.2.0\src\curr\generated.rs:27654:42
      |
27654 | #[cfg_attr(feature = "arbitrary", derive(Arbitrary))]
      |                                          ^^^^^^^^^
      |                                          |
      |                                          not a member of trait 
`arbitrary::Arbitrary`
      |                                          help: there is an associated 
function with a similar name: `size_hint`
      |
      = note: this error originates in the derive macro `Arbitrary` (in 
Nightly builds, run with -Z macro-backtrace for more info)

   Compiling soroban-sdk-macros v21.7.7
error[E0433]: failed to resolve: could not find `details` in `arbitrary`
     --> C:\Users\pc\.cargo\registry\src\index.crates.io-1949cf8c6b5b557f\stell
ar-xdr-21.2.0\src\curr\generated.rs:27765:42
      |
27765 | #[cfg_attr(feature = "arbitrary", derive(Arbitrary))]
      |                                          ^^^^^^^^^ could not find 
`details` in `arbitrary`
      |
      = note: this error originates in the derive macro `Arbitrary` (in 
Nightly builds, run with -Z macro-backtrace for more info)

error[E0407]: method `try_size_hint` is not a member of trait 
`arbitrary::Arbitrary`
     --> C:\Users\pc\.cargo\registry\src\index.crates.io-1949cf8c6b5b557f\stell
ar-xdr-21.2.0\src\curr\generated.rs:27765:42
      |
27765 | #[cfg_attr(feature = "arbitrary", derive(Arbitrary))]
      |                                          ^^^^^^^^^
      |                                          |
      |                                          not a member of trait 
`arbitrary::Arbitrary`
      |                                          help: there is an associated 
function with a similar name: `size_hint`
      |
      = note: this error originates in the derive macro `Arbitrary` (in 
Nightly builds, run with -Z macro-backtrace for more info)

error[E0433]: failed to resolve: could not find `details` in `arbitrary`
     --> C:\Users\pc\.cargo\registry\src\index.crates.io-1949cf8c6b5b557f\stell
ar-xdr-21.2.0\src\curr\generated.rs:27813:42
      |
27813 | #[cfg_attr(feature = "arbitrary", derive(Arbitrary))]
      |                                          ^^^^^^^^^ could not find 
`details` in `arbitrary`
      |
      = note: this error originates in the derive macro `Arbitrary` (in 
Nightly builds, run with -Z macro-backtrace for more info)

error[E0407]: method `try_size_hint` is not a member of trait 
`arbitrary::Arbitrary`
     --> C:\Users\pc\.cargo\registry\src\index.crates.io-1949cf8c6b5b557f\stell
ar-xdr-21.2.0\src\curr\generated.rs:27813:42
      |
27813 | #[cfg_attr(feature = "arbitrary", derive(Arbitrary))]
      |                                          ^^^^^^^^^
      |                                          |
      |                                          not a member of trait 
`arbitrary::Arbitrary`
      |                                          help: there is an associated 
function with a similar name: `size_hint`
      |
      = note: this error originates in the derive macro `Arbitrary` (in 
Nightly builds, run with -Z macro-backtrace for more info)

error[E0433]: failed to resolve: could not find `details` in `arbitrary`
     --> C:\Users\pc\.cargo\registry\src\index.crates.io-1949cf8c6b5b557f\stell
ar-xdr-21.2.0\src\curr\generated.rs:27859:42
      |
27859 | #[cfg_attr(feature = "arbitrary", derive(Arbitrary))]
      |                                          ^^^^^^^^^ could not find 
`details` in `arbitrary`
      |
      = note: this error originates in the derive macro `Arbitrary` (in 
Nightly builds, run with -Z macro-backtrace for more info)

error[E0407]: method `try_size_hint` is not a member of trait 
`arbitrary::Arbitrary`
     --> C:\Users\pc\.cargo\registry\src\index.crates.io-1949cf8c6b5b557f\stell
ar-xdr-21.2.0\src\curr\generated.rs:27859:42
      |
27859 | #[cfg_attr(feature = "arbitrary", derive(Arbitrary))]
      |                                          ^^^^^^^^^
      |                                          |
      |                                          not a member of trait 
`arbitrary::Arbitrary`
      |                                          help: there is an associated 
function with a similar name: `size_hint`
      |
      = note: this error originates in the derive macro `Arbitrary` (in 
Nightly builds, run with -Z macro-backtrace for more info)

error[E0433]: failed to resolve: could not find `details` in `arbitrary`
     --> C:\Users\pc\.cargo\registry\src\index.crates.io-1949cf8c6b5b557f\stell
ar-xdr-21.2.0\src\curr\generated.rs:27922:42
      |
27922 | #[cfg_attr(feature = "arbitrary", derive(Arbitrary))]
      |                                          ^^^^^^^^^ could not find 
`details` in `arbitrary`
      |
      = note: this error originates in the derive macro `Arbitrary` (in 
Nightly builds, run with -Z macro-backtrace for more info)

error[E0407]: method `try_size_hint` is not a member of trait 
`arbitrary::Arbitrary`
     --> C:\Users\pc\.cargo\registry\src\index.crates.io-1949cf8c6b5b557f\stell
ar-xdr-21.2.0\src\curr\generated.rs:27922:42
      |
27922 | #[cfg_attr(feature = "arbitrary", derive(Arbitrary))]
      |                                          ^^^^^^^^^
      |                                          |
      |                                          not a member of trait 
`arbitrary::Arbitrary`
      |                                          help: there is an associated 
function with a similar name: `size_hint`
      |
      = note: this error originates in the derive macro `Arbitrary` (in 
Nightly builds, run with -Z macro-backtrace for more info)

error[E0433]: failed to resolve: could not find `details` in `arbitrary`
     --> C:\Users\pc\.cargo\registry\src\index.crates.io-1949cf8c6b5b557f\stell
ar-xdr-21.2.0\src\curr\generated.rs:27979:42
      |
27979 | #[cfg_attr(feature = "arbitrary", derive(Arbitrary))]
      |                                          ^^^^^^^^^ could not find 
`details` in `arbitrary`
      |
      = note: this error originates in the derive macro `Arbitrary` (in 
Nightly builds, run with -Z macro-backtrace for more info)

error[E0407]: method `try_size_hint` is not a member of trait 
`arbitrary::Arbitrary`
     --> C:\Users\pc\.cargo\registry\src\index.crates.io-1949cf8c6b5b557f\stell
ar-xdr-21.2.0\src\curr\generated.rs:27979:42
      |
27979 | #[cfg_attr(feature = "arbitrary", derive(Arbitrary))]
      |                                          ^^^^^^^^^
      |                                          |
      |                                          not a member of trait 
`arbitrary::Arbitrary`
      |                                          help: there is an associated 
function with a similar name: `size_hint`
      |
      = note: this error originates in the derive macro `Arbitrary` (in 
Nightly builds, run with -Z macro-backtrace for more info)

error[E0433]: failed to resolve: could not find `details` in `arbitrary`
     --> C:\Users\pc\.cargo\registry\src\index.crates.io-1949cf8c6b5b557f\stell
ar-xdr-21.2.0\src\curr\generated.rs:28255:42
      |
28255 | #[cfg_attr(feature = "arbitrary", derive(Arbitrary))]
      |                                          ^^^^^^^^^ could not find 
`details` in `arbitrary`
      |
      = note: this error originates in the derive macro `Arbitrary` (in 
Nightly builds, run with -Z macro-backtrace for more info)

error[E0407]: method `try_size_hint` is not a member of trait 
`arbitrary::Arbitrary`
     --> C:\Users\pc\.cargo\registry\src\index.crates.io-1949cf8c6b5b557f\stell
ar-xdr-21.2.0\src\curr\generated.rs:28255:42
      |
28255 | #[cfg_attr(feature = "arbitrary", derive(Arbitrary))]
      |                                          ^^^^^^^^^
      |                                          |
      |                                          not a member of trait 
`arbitrary::Arbitrary`
      |                                          help: there is an associated 
function with a similar name: `size_hint`
      |
      = note: this error originates in the derive macro `Arbitrary` (in 
Nightly builds, run with -Z macro-backtrace for more info)

error[E0433]: failed to resolve: could not find `details` in `arbitrary`
     --> C:\Users\pc\.cargo\registry\src\index.crates.io-1949cf8c6b5b557f\stell
ar-xdr-21.2.0\src\curr\generated.rs:28308:42
      |
28308 | #[cfg_attr(feature = "arbitrary", derive(Arbitrary))]
      |                                          ^^^^^^^^^ could not find 
`details` in `arbitrary`
      |
      = note: this error originates in the derive macro `Arbitrary` (in 
Nightly builds, run with -Z macro-backtrace for more info)

error[E0407]: method `try_size_hint` is not a member of trait 
`arbitrary::Arbitrary`
     --> C:\Users\pc\.cargo\registry\src\index.crates.io-1949cf8c6b5b557f\stell
ar-xdr-21.2.0\src\curr\generated.rs:28308:42
      |
28308 | #[cfg_attr(feature = "arbitrary", derive(Arbitrary))]
      |                                          ^^^^^^^^^
      |                                          |
      |                                          not a member of trait 
`arbitrary::Arbitrary`
      |                                          help: there is an associated 
function with a similar name: `size_hint`
      |
      = note: this error originates in the derive macro `Arbitrary` (in 
Nightly builds, run with -Z macro-backtrace for more info)

error[E0433]: failed to resolve: could not find `details` in `arbitrary`
     --> C:\Users\pc\.cargo\registry\src\index.crates.io-1949cf8c6b5b557f\stell
ar-xdr-21.2.0\src\curr\generated.rs:28418:42
      |
28418 | #[cfg_attr(feature = "arbitrary", derive(Arbitrary))]
      |                                          ^^^^^^^^^ could not find 
`details` in `arbitrary`
      |
      = note: this error originates in the derive macro `Arbitrary` (in 
Nightly builds, run with -Z macro-backtrace for more info)

error[E0407]: method `try_size_hint` is not a member of trait 
`arbitrary::Arbitrary`
     --> C:\Users\pc\.cargo\registry\src\index.crates.io-1949cf8c6b5b557f\stell
ar-xdr-21.2.0\src\curr\generated.rs:28418:42
      |
28418 | #[cfg_attr(feature = "arbitrary", derive(Arbitrary))]
      |                                          ^^^^^^^^^
      |                                          |
      |                                          not a member of trait 
`arbitrary::Arbitrary`
      |                                          help: there is an associated 
function with a similar name: `size_hint`
      |
      = note: this error originates in the derive macro `Arbitrary` (in 
Nightly builds, run with -Z macro-backtrace for more info)

error[E0433]: failed to resolve: could not find `details` in `arbitrary`
     --> C:\Users\pc\.cargo\registry\src\index.crates.io-1949cf8c6b5b557f\stell
ar-xdr-21.2.0\src\curr\generated.rs:28464:42
      |
28464 | #[cfg_attr(feature = "arbitrary", derive(Arbitrary))]
      |                                          ^^^^^^^^^ could not find 
`details` in `arbitrary`
      |
      = note: this error originates in the derive macro `Arbitrary` (in 
Nightly builds, run with -Z macro-backtrace for more info)

error[E0407]: method `try_size_hint` is not a member of trait 
`arbitrary::Arbitrary`
     --> C:\Users\pc\.cargo\registry\src\index.crates.io-1949cf8c6b5b557f\stell
ar-xdr-21.2.0\src\curr\generated.rs:28464:42
      |
28464 | #[cfg_attr(feature = "arbitrary", derive(Arbitrary))]
      |                                          ^^^^^^^^^
      |                                          |
      |                                          not a member of trait 
`arbitrary::Arbitrary`
      |                                          help: there is an associated 
function with a similar name: `size_hint`
      |
      = note: this error originates in the derive macro `Arbitrary` (in 
Nightly builds, run with -Z macro-backtrace for more info)

error[E0433]: failed to resolve: could not find `details` in `arbitrary`
     --> C:\Users\pc\.cargo\registry\src\index.crates.io-1949cf8c6b5b557f\stell
ar-xdr-21.2.0\src\curr\generated.rs:28518:42
      |
28518 | #[cfg_attr(feature = "arbitrary", derive(Arbitrary))]
      |                                          ^^^^^^^^^ could not find 
`details` in `arbitrary`
      |
      = note: this error originates in the derive macro `Arbitrary` (in 
Nightly builds, run with -Z macro-backtrace for more info)

error[E0407]: method `try_size_hint` is not a member of trait 
`arbitrary::Arbitrary`
     --> C:\Users\pc\.cargo\registry\src\index.crates.io-1949cf8c6b5b557f\stell
ar-xdr-21.2.0\src\curr\generated.rs:28518:42
      |
28518 | #[cfg_attr(feature = "arbitrary", derive(Arbitrary))]
      |                                          ^^^^^^^^^
      |                                          |
      |                                          not a member of trait 
`arbitrary::Arbitrary`
      |                                          help: there is an associated 
function with a similar name: `size_hint`
      |
      = note: this error originates in the derive macro `Arbitrary` (in 
Nightly builds, run with -Z macro-backtrace for more info)

error[E0433]: failed to resolve: could not find `details` in `arbitrary`
     --> C:\Users\pc\.cargo\registry\src\index.crates.io-1949cf8c6b5b557f\stell
ar-xdr-21.2.0\src\curr\generated.rs:28751:42
      |
28751 | #[cfg_attr(feature = "arbitrary", derive(Arbitrary))]
      |                                          ^^^^^^^^^ could not find 
`details` in `arbitrary`
      |
      = note: this error originates in the derive macro `Arbitrary` (in 
Nightly builds, run with -Z macro-backtrace for more info)

error[E0407]: method `try_size_hint` is not a member of trait 
`arbitrary::Arbitrary`
     --> C:\Users\pc\.cargo\registry\src\index.crates.io-1949cf8c6b5b557f\stell
ar-xdr-21.2.0\src\curr\generated.rs:28751:42
      |
28751 | #[cfg_attr(feature = "arbitrary", derive(Arbitrary))]
      |                                          ^^^^^^^^^
      |                                          |
      |                                          not a member of trait 
`arbitrary::Arbitrary`
      |                                          help: there is an associated 
function with a similar name: `size_hint`
      |
      = note: this error originates in the derive macro `Arbitrary` (in 
Nightly builds, run with -Z macro-backtrace for more info)

error[E0433]: failed to resolve: could not find `details` in `arbitrary`
     --> C:\Users\pc\.cargo\registry\src\index.crates.io-1949cf8c6b5b557f\stell
ar-xdr-21.2.0\src\curr\generated.rs:28864:42
      |
28864 | #[cfg_attr(feature = "arbitrary", derive(Arbitrary))]
      |                                          ^^^^^^^^^ could not find 
`details` in `arbitrary`
      |
      = note: this error originates in the derive macro `Arbitrary` (in 
Nightly builds, run with -Z macro-backtrace for more info)

error[E0407]: method `try_size_hint` is not a member of trait 
`arbitrary::Arbitrary`
     --> C:\Users\pc\.cargo\registry\src\index.crates.io-1949cf8c6b5b557f\stell
ar-xdr-21.2.0\src\curr\generated.rs:28864:42
      |
28864 | #[cfg_attr(feature = "arbitrary", derive(Arbitrary))]
      |                                          ^^^^^^^^^
      |                                          |
      |                                          not a member of trait 
`arbitrary::Arbitrary`
      |                                          help: there is an associated 
function with a similar name: `size_hint`
      |
      = note: this error originates in the derive macro `Arbitrary` (in 
Nightly builds, run with -Z macro-backtrace for more info)

error[E0433]: failed to resolve: could not find `details` in `arbitrary`
     --> C:\Users\pc\.cargo\registry\src\index.crates.io-1949cf8c6b5b557f\stell
ar-xdr-21.2.0\src\curr\generated.rs:28912:42
      |
28912 | #[cfg_attr(feature = "arbitrary", derive(Arbitrary))]
      |                                          ^^^^^^^^^ could not find 
`details` in `arbitrary`
      |
      = note: this error originates in the derive macro `Arbitrary` (in 
Nightly builds, run with -Z macro-backtrace for more info)

   Compiling num-integer v0.1.46
error[E0407]: method `try_size_hint` is not a member of trait 
`arbitrary::Arbitrary`
     --> C:\Users\pc\.cargo\registry\src\index.crates.io-1949cf8c6b5b557f\stell
ar-xdr-21.2.0\src\curr\generated.rs:28912:42
      |
28912 | #[cfg_attr(feature = "arbitrary", derive(Arbitrary))]
      |                                          ^^^^^^^^^
      |                                          |
      |                                          not a member of trait 
`arbitrary::Arbitrary`
      |                                          help: there is an associated 
function with a similar name: `size_hint`
      |
      = note: this error originates in the derive macro `Arbitrary` (in 
Nightly builds, run with -Z macro-backtrace for more info)

error[E0433]: failed to resolve: could not find `details` in `arbitrary`
     --> C:\Users\pc\.cargo\registry\src\index.crates.io-1949cf8c6b5b557f\stell
ar-xdr-21.2.0\src\curr\generated.rs:29076:42
      |
29076 | #[cfg_attr(feature = "arbitrary", derive(Arbitrary))]
      |                                          ^^^^^^^^^ could not find 
`details` in `arbitrary`
      |
      = note: this error originates in the derive macro `Arbitrary` (in 
Nightly builds, run with -Z macro-backtrace for more info)

error[E0407]: method `try_size_hint` is not a member of trait 
`arbitrary::Arbitrary`
     --> C:\Users\pc\.cargo\registry\src\index.crates.io-1949cf8c6b5b557f\stell
ar-xdr-21.2.0\src\curr\generated.rs:29076:42
      |
29076 | #[cfg_attr(feature = "arbitrary", derive(Arbitrary))]
      |                                          ^^^^^^^^^
      |                                          |
      |                                          not a member of trait 
`arbitrary::Arbitrary`
      |                                          help: there is an associated 
function with a similar name: `size_hint`
      |
      = note: this error originates in the derive macro `Arbitrary` (in 
Nightly builds, run with -Z macro-backtrace for more info)

error[E0433]: failed to resolve: could not find `details` in `arbitrary`
     --> C:\Users\pc\.cargo\registry\src\index.crates.io-1949cf8c6b5b557f\stell
ar-xdr-21.2.0\src\curr\generated.rs:29186:42
      |
29186 | #[cfg_attr(feature = "arbitrary", derive(Arbitrary))]
      |                                          ^^^^^^^^^ could not find 
`details` in `arbitrary`
      |
      = note: this error originates in the derive macro `Arbitrary` (in 
Nightly builds, run with -Z macro-backtrace for more info)

error[E0407]: method `try_size_hint` is not a member of trait 
`arbitrary::Arbitrary`
     --> C:\Users\pc\.cargo\registry\src\index.crates.io-1949cf8c6b5b557f\stell
ar-xdr-21.2.0\src\curr\generated.rs:29186:42
      |
29186 | #[cfg_attr(feature = "arbitrary", derive(Arbitrary))]
      |                                          ^^^^^^^^^
      |                                          |
      |                                          not a member of trait 
`arbitrary::Arbitrary`
      |                                          help: there is an associated 
function with a similar name: `size_hint`
      |
      = note: this error originates in the derive macro `Arbitrary` (in 
Nightly builds, run with -Z macro-backtrace for more info)

error[E0433]: failed to resolve: could not find `details` in `arbitrary`
     --> C:\Users\pc\.cargo\registry\src\index.crates.io-1949cf8c6b5b557f\stell
ar-xdr-21.2.0\src\curr\generated.rs:29234:42
      |
29234 | #[cfg_attr(feature = "arbitrary", derive(Arbitrary))]
      |                                          ^^^^^^^^^ could not find 
`details` in `arbitrary`
      |
      = note: this error originates in the derive macro `Arbitrary` (in 
Nightly builds, run with -Z macro-backtrace for more info)

error[E0407]: method `try_size_hint` is not a member of trait 
`arbitrary::Arbitrary`
     --> C:\Users\pc\.cargo\registry\src\index.crates.io-1949cf8c6b5b557f\stell
ar-xdr-21.2.0\src\curr\generated.rs:29234:42
      |
29234 | #[cfg_attr(feature = "arbitrary", derive(Arbitrary))]
      |                                          ^^^^^^^^^
      |                                          |
      |                                          not a member of trait 
`arbitrary::Arbitrary`
      |                                          help: there is an associated 
function with a similar name: `size_hint`
      |
      = note: this error originates in the derive macro `Arbitrary` (in 
Nightly builds, run with -Z macro-backtrace for more info)

error[E0433]: failed to resolve: could not find `details` in `arbitrary`
     --> C:\Users\pc\.cargo\registry\src\index.crates.io-1949cf8c6b5b557f\stell
ar-xdr-21.2.0\src\curr\generated.rs:29280:42
      |
29280 | #[cfg_attr(feature = "arbitrary", derive(Arbitrary))]
      |                                          ^^^^^^^^^ could not find 
`details` in `arbitrary`
      |
      = note: this error originates in the derive macro `Arbitrary` (in 
Nightly builds, run with -Z macro-backtrace for more info)

error[E0407]: method `try_size_hint` is not a member of trait 
`arbitrary::Arbitrary`
     --> C:\Users\pc\.cargo\registry\src\index.crates.io-1949cf8c6b5b557f\stell
ar-xdr-21.2.0\src\curr\generated.rs:29280:42
      |
29280 | #[cfg_attr(feature = "arbitrary", derive(Arbitrary))]
      |                                          ^^^^^^^^^
      |                                          |
      |                                          not a member of trait 
`arbitrary::Arbitrary`
      |                                          help: there is an associated 
function with a similar name: `size_hint`
      |
      = note: this error originates in the derive macro `Arbitrary` (in 
Nightly builds, run with -Z macro-backtrace for more info)

error[E0433]: failed to resolve: could not find `details` in `arbitrary`
     --> C:\Users\pc\.cargo\registry\src\index.crates.io-1949cf8c6b5b557f\stell
ar-xdr-21.2.0\src\curr\generated.rs:29325:42
      |
29325 | #[cfg_attr(feature = "arbitrary", derive(Arbitrary))]
      |                                          ^^^^^^^^^ could not find 
`details` in `arbitrary`
      |
      = note: this error originates in the derive macro `Arbitrary` (in 
Nightly builds, run with -Z macro-backtrace for more info)

error[E0407]: method `try_size_hint` is not a member of trait 
`arbitrary::Arbitrary`
     --> C:\Users\pc\.cargo\registry\src\index.crates.io-1949cf8c6b5b557f\stell
ar-xdr-21.2.0\src\curr\generated.rs:29325:42
      |
29325 | #[cfg_attr(feature = "arbitrary", derive(Arbitrary))]
      |                                          ^^^^^^^^^
      |                                          |
      |                                          not a member of trait 
`arbitrary::Arbitrary`
      |                                          help: there is an associated 
function with a similar name: `size_hint`
      |
      = note: this error originates in the derive macro `Arbitrary` (in 
Nightly builds, run with -Z macro-backtrace for more info)

error[E0433]: failed to resolve: could not find `details` in `arbitrary`
     --> C:\Users\pc\.cargo\registry\src\index.crates.io-1949cf8c6b5b557f\stell
ar-xdr-21.2.0\src\curr\generated.rs:29421:42
      |
29421 | #[cfg_attr(feature = "arbitrary", derive(Arbitrary))]
      |                                          ^^^^^^^^^ could not find 
`details` in `arbitrary`
      |
      = note: this error originates in the derive macro `Arbitrary` (in 
Nightly builds, run with -Z macro-backtrace for more info)

error[E0407]: method `try_size_hint` is not a member of trait 
`arbitrary::Arbitrary`
     --> C:\Users\pc\.cargo\registry\src\index.crates.io-1949cf8c6b5b557f\stell
ar-xdr-21.2.0\src\curr\generated.rs:29421:42
      |
29421 | #[cfg_attr(feature = "arbitrary", derive(Arbitrary))]
      |                                          ^^^^^^^^^
      |                                          |
      |                                          not a member of trait 
`arbitrary::Arbitrary`
      |                                          help: there is an associated 
function with a similar name: `size_hint`
      |
      = note: this error originates in the derive macro `Arbitrary` (in 
Nightly builds, run with -Z macro-backtrace for more info)

error[E0433]: failed to resolve: could not find `details` in `arbitrary`
     --> C:\Users\pc\.cargo\registry\src\index.crates.io-1949cf8c6b5b557f\stell
ar-xdr-21.2.0\src\curr\generated.rs:29802:42
      |
29802 | #[cfg_attr(feature = "arbitrary", derive(Arbitrary))]
      |                                          ^^^^^^^^^ could not find 
`details` in `arbitrary`
      |
      = note: this error originates in the derive macro `Arbitrary` (in 
Nightly builds, run with -Z macro-backtrace for more info)

error[E0407]: method `try_size_hint` is not a member of trait 
`arbitrary::Arbitrary`
     --> C:\Users\pc\.cargo\registry\src\index.crates.io-1949cf8c6b5b557f\stell
ar-xdr-21.2.0\src\curr\generated.rs:29802:42
      |
29802 | #[cfg_attr(feature = "arbitrary", derive(Arbitrary))]
      |                                          ^^^^^^^^^
      |                                          |
      |                                          not a member of trait 
`arbitrary::Arbitrary`
      |                                          help: there is an associated 
function with a similar name: `size_hint`
      |
      = note: this error originates in the derive macro `Arbitrary` (in 
Nightly builds, run with -Z macro-backtrace for more info)

error[E0433]: failed to resolve: could not find `details` in `arbitrary`
     --> C:\Users\pc\.cargo\registry\src\index.crates.io-1949cf8c6b5b557f\stell
ar-xdr-21.2.0\src\curr\generated.rs:29849:42
      |
29849 | #[cfg_attr(feature = "arbitrary", derive(Arbitrary))]
      |                                          ^^^^^^^^^ could not find 
`details` in `arbitrary`
      |
      = note: this error originates in the derive macro `Arbitrary` (in 
Nightly builds, run with -Z macro-backtrace for more info)

error[E0407]: method `try_size_hint` is not a member of trait 
`arbitrary::Arbitrary`
     --> C:\Users\pc\.cargo\registry\src\index.crates.io-1949cf8c6b5b557f\stell
ar-xdr-21.2.0\src\curr\generated.rs:29849:42
      |
29849 | #[cfg_attr(feature = "arbitrary", derive(Arbitrary))]
      |                                          ^^^^^^^^^
      |                                          |
      |                                          not a member of trait 
`arbitrary::Arbitrary`
      |                                          help: there is an associated 
function with a similar name: `size_hint`
      |
      = note: this error originates in the derive macro `Arbitrary` (in 
Nightly builds, run with -Z macro-backtrace for more info)

error[E0433]: failed to resolve: could not find `details` in `arbitrary`
     --> C:\Users\pc\.cargo\registry\src\index.crates.io-1949cf8c6b5b557f\stell
ar-xdr-21.2.0\src\curr\generated.rs:29901:42
      |
29901 | #[cfg_attr(feature = "arbitrary", derive(Arbitrary))]
      |                                          ^^^^^^^^^ could not find 
`details` in `arbitrary`
      |
      = note: this error originates in the derive macro `Arbitrary` (in 
Nightly builds, run with -Z macro-backtrace for more info)

error[E0407]: method `try_size_hint` is not a member of trait 
`arbitrary::Arbitrary`
     --> C:\Users\pc\.cargo\registry\src\index.crates.io-1949cf8c6b5b557f\stell
ar-xdr-21.2.0\src\curr\generated.rs:29901:42
      |
29901 | #[cfg_attr(feature = "arbitrary", derive(Arbitrary))]
      |                                          ^^^^^^^^^
      |                                          |
      |                                          not a member of trait 
`arbitrary::Arbitrary`
      |                                          help: there is an associated 
function with a similar name: `size_hint`
      |
      = note: this error originates in the derive macro `Arbitrary` (in 
Nightly builds, run with -Z macro-backtrace for more info)

error[E0433]: failed to resolve: could not find `details` in `arbitrary`
     --> C:\Users\pc\.cargo\registry\src\index.crates.io-1949cf8c6b5b557f\stell
ar-xdr-21.2.0\src\curr\generated.rs:29956:42
      |
29956 | #[cfg_attr(feature = "arbitrary", derive(Arbitrary))]
      |                                          ^^^^^^^^^ could not find 
`details` in `arbitrary`
      |
      = note: this error originates in the derive macro `Arbitrary` (in 
Nightly builds, run with -Z macro-backtrace for more info)

error[E0407]: method `try_size_hint` is not a member of trait 
`arbitrary::Arbitrary`
     --> C:\Users\pc\.cargo\registry\src\index.crates.io-1949cf8c6b5b557f\stell
ar-xdr-21.2.0\src\curr\generated.rs:29956:42
      |
29956 | #[cfg_attr(feature = "arbitrary", derive(Arbitrary))]
      |                                          ^^^^^^^^^
      |                                          |
      |                                          not a member of trait 
`arbitrary::Arbitrary`
      |                                          help: there is an associated 
function with a similar name: `size_hint`
      |
      = note: this error originates in the derive macro `Arbitrary` (in 
Nightly builds, run with -Z macro-backtrace for more info)

error[E0433]: failed to resolve: could not find `details` in `arbitrary`
     --> C:\Users\pc\.cargo\registry\src\index.crates.io-1949cf8c6b5b557f\stell
ar-xdr-21.2.0\src\curr\generated.rs:30004:42
      |
30004 | #[cfg_attr(feature = "arbitrary", derive(Arbitrary))]
      |                                          ^^^^^^^^^ could not find 
`details` in `arbitrary`
      |
      = note: this error originates in the derive macro `Arbitrary` (in 
Nightly builds, run with -Z macro-backtrace for more info)

error[E0407]: method `try_size_hint` is not a member of trait 
`arbitrary::Arbitrary`
     --> C:\Users\pc\.cargo\registry\src\index.crates.io-1949cf8c6b5b557f\stell
ar-xdr-21.2.0\src\curr\generated.rs:30004:42
      |
30004 | #[cfg_attr(feature = "arbitrary", derive(Arbitrary))]
      |                                          ^^^^^^^^^
      |                                          |
      |                                          not a member of trait 
`arbitrary::Arbitrary`
      |                                          help: there is an associated 
function with a similar name: `size_hint`
      |
      = note: this error originates in the derive macro `Arbitrary` (in 
Nightly builds, run with -Z macro-backtrace for more info)

error[E0433]: failed to resolve: could not find `details` in `arbitrary`
     --> C:\Users\pc\.cargo\registry\src\index.crates.io-1949cf8c6b5b557f\stell
ar-xdr-21.2.0\src\curr\generated.rs:30085:42
      |
30085 | #[cfg_attr(feature = "arbitrary", derive(Arbitrary))]
      |                                          ^^^^^^^^^ could not find 
`details` in `arbitrary`
      |
      = note: this error originates in the derive macro `Arbitrary` (in 
Nightly builds, run with -Z macro-backtrace for more info)

error[E0407]: method `try_size_hint` is not a member of trait 
`arbitrary::Arbitrary`
     --> C:\Users\pc\.cargo\registry\src\index.crates.io-1949cf8c6b5b557f\stell
ar-xdr-21.2.0\src\curr\generated.rs:30085:42
      |
30085 | #[cfg_attr(feature = "arbitrary", derive(Arbitrary))]
      |                                          ^^^^^^^^^
      |                                          |
      |                                          not a member of trait 
`arbitrary::Arbitrary`
      |                                          help: there is an associated 
function with a similar name: `size_hint`
      |
      = note: this error originates in the derive macro `Arbitrary` (in 
Nightly builds, run with -Z macro-backtrace for more info)

error[E0433]: failed to resolve: could not find `details` in `arbitrary`
     --> C:\Users\pc\.cargo\registry\src\index.crates.io-1949cf8c6b5b557f\stell
ar-xdr-21.2.0\src\curr\generated.rs:30349:42
      |
30349 | #[cfg_attr(feature = "arbitrary", derive(Arbitrary))]
      |                                          ^^^^^^^^^ could not find 
`details` in `arbitrary`
      |
      = note: this error originates in the derive macro `Arbitrary` (in 
Nightly builds, run with -Z macro-backtrace for more info)

error[E0407]: method `try_size_hint` is not a member of trait 
`arbitrary::Arbitrary`
     --> C:\Users\pc\.cargo\registry\src\index.crates.io-1949cf8c6b5b557f\stell
ar-xdr-21.2.0\src\curr\generated.rs:30349:42
      |
30349 | #[cfg_attr(feature = "arbitrary", derive(Arbitrary))]
      |                                          ^^^^^^^^^
      |                                          |
      |                                          not a member of trait 
`arbitrary::Arbitrary`
      |                                          help: there is an associated 
function with a similar name: `size_hint`
      |
      = note: this error originates in the derive macro `Arbitrary` (in 
Nightly builds, run with -Z macro-backtrace for more info)

error[E0433]: failed to resolve: could not find `details` in `arbitrary`
     --> C:\Users\pc\.cargo\registry\src\index.crates.io-1949cf8c6b5b557f\stell
ar-xdr-21.2.0\src\curr\generated.rs:30475:42
      |
30475 | #[cfg_attr(feature = "arbitrary", derive(Arbitrary))]
      |                                          ^^^^^^^^^ could not find 
`details` in `arbitrary`
      |
      = note: this error originates in the derive macro `Arbitrary` (in 
Nightly builds, run with -Z macro-backtrace for more info)

error[E0407]: method `try_size_hint` is not a member of trait 
`arbitrary::Arbitrary`
     --> C:\Users\pc\.cargo\registry\src\index.crates.io-1949cf8c6b5b557f\stell
ar-xdr-21.2.0\src\curr\generated.rs:30475:42
      |
30475 | #[cfg_attr(feature = "arbitrary", derive(Arbitrary))]
      |                                          ^^^^^^^^^
      |                                          |
      |                                          not a member of trait 
`arbitrary::Arbitrary`
      |                                          help: there is an associated 
function with a similar name: `size_hint`
      |
      = note: this error originates in the derive macro `Arbitrary` (in 
Nightly builds, run with -Z macro-backtrace for more info)

error[E0433]: failed to resolve: could not find `details` in `arbitrary`
     --> C:\Users\pc\.cargo\registry\src\index.crates.io-1949cf8c6b5b557f\stell
ar-xdr-21.2.0\src\curr\generated.rs:30521:42
      |
30521 | #[cfg_attr(feature = "arbitrary", derive(Arbitrary))]
      |                                          ^^^^^^^^^ could not find 
`details` in `arbitrary`
      |
      = note: this error originates in the derive macro `Arbitrary` (in 
Nightly builds, run with -Z macro-backtrace for more info)

error[E0407]: method `try_size_hint` is not a member of trait 
`arbitrary::Arbitrary`
     --> C:\Users\pc\.cargo\registry\src\index.crates.io-1949cf8c6b5b557f\stell
ar-xdr-21.2.0\src\curr\generated.rs:30521:42
      |
30521 | #[cfg_attr(feature = "arbitrary", derive(Arbitrary))]
      |                                          ^^^^^^^^^
      |                                          |
      |                                          not a member of trait 
`arbitrary::Arbitrary`
      |                                          help: there is an associated 
function with a similar name: `size_hint`
      |
      = note: this error originates in the derive macro `Arbitrary` (in 
Nightly builds, run with -Z macro-backtrace for more info)

error[E0433]: failed to resolve: could not find `details` in `arbitrary`
     --> C:\Users\pc\.cargo\registry\src\index.crates.io-1949cf8c6b5b557f\stell
ar-xdr-21.2.0\src\curr\generated.rs:30594:42
      |
30594 | #[cfg_attr(feature = "arbitrary", derive(Arbitrary))]
      |                                          ^^^^^^^^^ could not find 
`details` in `arbitrary`
      |
      = note: this error originates in the derive macro `Arbitrary` (in 
Nightly builds, run with -Z macro-backtrace for more info)

error[E0407]: method `try_size_hint` is not a member of trait 
`arbitrary::Arbitrary`
     --> C:\Users\pc\.cargo\registry\src\index.crates.io-1949cf8c6b5b557f\stell
ar-xdr-21.2.0\src\curr\generated.rs:30594:42
      |
30594 | #[cfg_attr(feature = "arbitrary", derive(Arbitrary))]
      |                                          ^^^^^^^^^
      |                                          |
      |                                          not a member of trait 
`arbitrary::Arbitrary`
      |                                          help: there is an associated 
function with a similar name: `size_hint`
      |
      = note: this error originates in the derive macro `Arbitrary` (in 
Nightly builds, run with -Z macro-backtrace for more info)

error[E0433]: failed to resolve: could not find `details` in `arbitrary`
     --> C:\Users\pc\.cargo\registry\src\index.crates.io-1949cf8c6b5b557f\stell
ar-xdr-21.2.0\src\curr\generated.rs:30771:42
      |
30771 | #[cfg_attr(feature = "arbitrary", derive(Arbitrary))]
      |                                          ^^^^^^^^^ could not find 
`details` in `arbitrary`
      |
      = note: this error originates in the derive macro `Arbitrary` (in 
Nightly builds, run with -Z macro-backtrace for more info)

error[E0407]: method `try_size_hint` is not a member of trait 
`arbitrary::Arbitrary`
     --> C:\Users\pc\.cargo\registry\src\index.crates.io-1949cf8c6b5b557f\stell
ar-xdr-21.2.0\src\curr\generated.rs:30771:42
      |
30771 | #[cfg_attr(feature = "arbitrary", derive(Arbitrary))]
      |                                          ^^^^^^^^^
      |                                          |
      |                                          not a member of trait 
`arbitrary::Arbitrary`
      |                                          help: there is an associated 
function with a similar name: `size_hint`
      |
      = note: this error originates in the derive macro `Arbitrary` (in 
Nightly builds, run with -Z macro-backtrace for more info)

   Compiling darling v0.20.11
error[E0433]: failed to resolve: could not find `details` in `arbitrary`
     --> C:\Users\pc\.cargo\registry\src\index.crates.io-1949cf8c6b5b557f\stell
ar-xdr-21.2.0\src\curr\generated.rs:30885:42
      |
30885 | #[cfg_attr(feature = "arbitrary", derive(Arbitrary))]
      |                                          ^^^^^^^^^ could not find 
`details` in `arbitrary`
      |
      = note: this error originates in the derive macro `Arbitrary` (in 
Nightly builds, run with -Z macro-backtrace for more info)

error[E0407]: method `try_size_hint` is not a member of trait 
`arbitrary::Arbitrary`
     --> C:\Users\pc\.cargo\registry\src\index.crates.io-1949cf8c6b5b557f\stell
ar-xdr-21.2.0\src\curr\generated.rs:30885:42
      |
30885 | #[cfg_attr(feature = "arbitrary", derive(Arbitrary))]
      |                                          ^^^^^^^^^
      |                                          |
      |                                          not a member of trait 
`arbitrary::Arbitrary`
      |                                          help: there is an associated 
function with a similar name: `size_hint`
      |
      = note: this error originates in the derive macro `Arbitrary` (in 
Nightly builds, run with -Z macro-backtrace for more info)

error[E0433]: failed to resolve: could not find `details` in `arbitrary`
     --> C:\Users\pc\.cargo\registry\src\index.crates.io-1949cf8c6b5b557f\stell
ar-xdr-21.2.0\src\curr\generated.rs:30938:42
      |
30938 | #[cfg_attr(feature = "arbitrary", derive(Arbitrary))]
      |                                          ^^^^^^^^^ could not find 
`details` in `arbitrary`
      |
      = note: this error originates in the derive macro `Arbitrary` (in 
Nightly builds, run with -Z macro-backtrace for more info)

error[E0407]: method `try_size_hint` is not a member of trait 
`arbitrary::Arbitrary`
     --> C:\Users\pc\.cargo\registry\src\index.crates.io-1949cf8c6b5b557f\stell
ar-xdr-21.2.0\src\curr\generated.rs:30938:42
      |
30938 | #[cfg_attr(feature = "arbitrary", derive(Arbitrary))]
      |                                          ^^^^^^^^^
      |                                          |
      |                                          not a member of trait 
`arbitrary::Arbitrary`
      |                                          help: there is an associated 
function with a similar name: `size_hint`
      |
      = note: this error originates in the derive macro `Arbitrary` (in 
Nightly builds, run with -Z macro-backtrace for more info)

error[E0433]: failed to resolve: could not find `details` in `arbitrary`
     --> C:\Users\pc\.cargo\registry\src\index.crates.io-1949cf8c6b5b557f\stell
ar-xdr-21.2.0\src\curr\generated.rs:31000:42
      |
31000 | #[cfg_attr(feature = "arbitrary", derive(Arbitrary))]
      |                                          ^^^^^^^^^ could not find 
`details` in `arbitrary`
      |
      = note: this error originates in the derive macro `Arbitrary` (in 
Nightly builds, run with -Z macro-backtrace for more info)

error[E0407]: method `try_size_hint` is not a member of trait 
`arbitrary::Arbitrary`
     --> C:\Users\pc\.cargo\registry\src\index.crates.io-1949cf8c6b5b557f\stell
ar-xdr-21.2.0\src\curr\generated.rs:31000:42
      |
31000 | #[cfg_attr(feature = "arbitrary", derive(Arbitrary))]
      |                                          ^^^^^^^^^
      |                                          |
      |                                          not a member of trait 
`arbitrary::Arbitrary`
      |                                          help: there is an associated 
function with a similar name: `size_hint`
      |
      = note: this error originates in the derive macro `Arbitrary` (in 
Nightly builds, run with -Z macro-backtrace for more info)

error[E0433]: failed to resolve: could not find `details` in `arbitrary`
     --> C:\Users\pc\.cargo\registry\src\index.crates.io-1949cf8c6b5b557f\stell
ar-xdr-21.2.0\src\curr\generated.rs:31160:42
      |
31160 | #[cfg_attr(feature = "arbitrary", derive(Arbitrary))]
      |                                          ^^^^^^^^^ could not find 
`details` in `arbitrary`
      |
      = note: this error originates in the derive macro `Arbitrary` (in 
Nightly builds, run with -Z macro-backtrace for more info)

error[E0407]: method `try_size_hint` is not a member of trait 
`arbitrary::Arbitrary`
     --> C:\Users\pc\.cargo\registry\src\index.crates.io-1949cf8c6b5b557f\stell
ar-xdr-21.2.0\src\curr\generated.rs:31160:42
      |
31160 | #[cfg_attr(feature = "arbitrary", derive(Arbitrary))]
      |                                          ^^^^^^^^^
      |                                          |
      |                                          not a member of trait 
`arbitrary::Arbitrary`
      |                                          help: there is an associated 
function with a similar name: `size_hint`
      |
      = note: this error originates in the derive macro `Arbitrary` (in 
Nightly builds, run with -Z macro-backtrace for more info)

error[E0433]: failed to resolve: could not find `details` in `arbitrary`
     --> C:\Users\pc\.cargo\registry\src\index.crates.io-1949cf8c6b5b557f\stell
ar-xdr-21.2.0\src\curr\generated.rs:31223:42
      |
31223 | #[cfg_attr(feature = "arbitrary", derive(Arbitrary))]
      |                                          ^^^^^^^^^ could not find 
`details` in `arbitrary`
      |
      = note: this error originates in the derive macro `Arbitrary` (in 
Nightly builds, run with -Z macro-backtrace for more info)

error[E0407]: method `try_size_hint` is not a member of trait 
`arbitrary::Arbitrary`
     --> C:\Users\pc\.cargo\registry\src\index.crates.io-1949cf8c6b5b557f\stell
ar-xdr-21.2.0\src\curr\generated.rs:31223:42
      |
31223 | #[cfg_attr(feature = "arbitrary", derive(Arbitrary))]
      |                                          ^^^^^^^^^
      |                                          |
      |                                          not a member of trait 
`arbitrary::Arbitrary`
      |                                          help: there is an associated 
function with a similar name: `size_hint`
      |
      = note: this error originates in the derive macro `Arbitrary` (in 
Nightly builds, run with -Z macro-backtrace for more info)

error[E0433]: failed to resolve: could not find `details` in `arbitrary`
     --> C:\Users\pc\.cargo\registry\src\index.crates.io-1949cf8c6b5b557f\stell
ar-xdr-21.2.0\src\curr\generated.rs:31272:42
      |
31272 | #[cfg_attr(feature = "arbitrary", derive(Arbitrary))]
      |                                          ^^^^^^^^^ could not find 
`details` in `arbitrary`
      |
      = note: this error originates in the derive macro `Arbitrary` (in 
Nightly builds, run with -Z macro-backtrace for more info)

error[E0407]: method `try_size_hint` is not a member of trait 
`arbitrary::Arbitrary`
     --> C:\Users\pc\.cargo\registry\src\index.crates.io-1949cf8c6b5b557f\stell
ar-xdr-21.2.0\src\curr\generated.rs:31272:42
      |
31272 | #[cfg_attr(feature = "arbitrary", derive(Arbitrary))]
      |                                          ^^^^^^^^^
      |                                          |
      |                                          not a member of trait 
`arbitrary::Arbitrary`
      |                                          help: there is an associated 
function with a similar name: `size_hint`
      |
      = note: this error originates in the derive macro `Arbitrary` (in 
Nightly builds, run with -Z macro-backtrace for more info)

error[E0433]: failed to resolve: could not find `details` in `arbitrary`
     --> C:\Users\pc\.cargo\registry\src\index.crates.io-1949cf8c6b5b557f\stell
ar-xdr-21.2.0\src\curr\generated.rs:31400:42
      |
31400 | #[cfg_attr(feature = "arbitrary", derive(Arbitrary))]
      |                                          ^^^^^^^^^ could not find 
`details` in `arbitrary`
      |
      = note: this error originates in the derive macro `Arbitrary` (in 
Nightly builds, run with -Z macro-backtrace for more info)

error[E0407]: method `try_size_hint` is not a member of trait 
`arbitrary::Arbitrary`
     --> C:\Users\pc\.cargo\registry\src\index.crates.io-1949cf8c6b5b557f\stell
ar-xdr-21.2.0\src\curr\generated.rs:31400:42
      |
31400 | #[cfg_attr(feature = "arbitrary", derive(Arbitrary))]
      |                                          ^^^^^^^^^
      |                                          |
      |                                          not a member of trait 
`arbitrary::Arbitrary`
      |                                          help: there is an associated 
function with a similar name: `size_hint`
      |
      = note: this error originates in the derive macro `Arbitrary` (in 
Nightly builds, run with -Z macro-backtrace for more info)

error[E0433]: failed to resolve: could not find `details` in `arbitrary`
     --> C:\Users\pc\.cargo\registry\src\index.crates.io-1949cf8c6b5b557f\stell
ar-xdr-21.2.0\src\curr\generated.rs:31463:42
      |
31463 | #[cfg_attr(feature = "arbitrary", derive(Arbitrary))]
      |                                          ^^^^^^^^^ could not find 
`details` in `arbitrary`
      |
      = note: this error originates in the derive macro `Arbitrary` (in 
Nightly builds, run with -Z macro-backtrace for more info)

error[E0407]: method `try_size_hint` is not a member of trait 
`arbitrary::Arbitrary`
     --> C:\Users\pc\.cargo\registry\src\index.crates.io-1949cf8c6b5b557f\stell
ar-xdr-21.2.0\src\curr\generated.rs:31463:42
      |
31463 | #[cfg_attr(feature = "arbitrary", derive(Arbitrary))]
      |                                          ^^^^^^^^^
      |                                          |
      |                                          not a member of trait 
`arbitrary::Arbitrary`
      |                                          help: there is an associated 
function with a similar name: `size_hint`
      |
      = note: this error originates in the derive macro `Arbitrary` (in 
Nightly builds, run with -Z macro-backtrace for more info)

   Compiling soroban-sdk v21.7.6
   Compiling once_cell v1.21.4
error[E0433]: failed to resolve: could not find `details` in `arbitrary`
     --> C:\Users\pc\.cargo\registry\src\index.crates.io-1949cf8c6b5b557f\stell
ar-xdr-21.2.0\src\curr\generated.rs:31510:42
      |
31510 | #[cfg_attr(feature = "arbitrary", derive(Arbitrary))]
      |                                          ^^^^^^^^^ could not find 
`details` in `arbitrary`
      |
      = note: this error originates in the derive macro `Arbitrary` (in 
Nightly builds, run with -Z macro-backtrace for more info)

error[E0407]: method `try_size_hint` is not a member of trait 
`arbitrary::Arbitrary`
     --> C:\Users\pc\.cargo\registry\src\index.crates.io-1949cf8c6b5b557f\stell
ar-xdr-21.2.0\src\curr\generated.rs:31510:42
      |
31510 | #[cfg_attr(feature = "arbitrary", derive(Arbitrary))]
      |                                          ^^^^^^^^^
      |                                          |
      |                                          not a member of trait 
`arbitrary::Arbitrary`
      |                                          help: there is an associated 
function with a similar name: `size_hint`
      |
      = note: this error originates in the derive macro `Arbitrary` (in 
Nightly builds, run with -Z macro-backtrace for more info)

error[E0433]: failed to resolve: could not find `details` in `arbitrary`
     --> C:\Users\pc\.cargo\registry\src\index.crates.io-1949cf8c6b5b557f\stell
ar-xdr-21.2.0\src\curr\generated.rs:31723:42
      |
31723 | #[cfg_attr(feature = "arbitrary", derive(Arbitrary))]
      |                                          ^^^^^^^^^ could not find 
`details` in `arbitrary`
      |
      = note: this error originates in the derive macro `Arbitrary` (in 
Nightly builds, run with -Z macro-backtrace for more info)

error[E0407]: method `try_size_hint` is not a member of trait 
`arbitrary::Arbitrary`
     --> C:\Users\pc\.cargo\registry\src\index.crates.io-1949cf8c6b5b557f\stell
ar-xdr-21.2.0\src\curr\generated.rs:31723:42
      |
31723 | #[cfg_attr(feature = "arbitrary", derive(Arbitrary))]
      |                                          ^^^^^^^^^
      |                                          |
      |                                          not a member of trait 
`arbitrary::Arbitrary`
      |                                          help: there is an associated 
function with a similar name: `size_hint`
      |
      = note: this error originates in the derive macro `Arbitrary` (in 
Nightly builds, run with -Z macro-backtrace for more info)

error[E0433]: failed to resolve: could not find `details` in `arbitrary`
     --> C:\Users\pc\.cargo\registry\src\index.crates.io-1949cf8c6b5b557f\stell
ar-xdr-21.2.0\src\curr\generated.rs:31777:42
      |
31777 | #[cfg_attr(feature = "arbitrary", derive(Arbitrary))]
      |                                          ^^^^^^^^^ could not find 
`details` in `arbitrary`
      |
      = note: this error originates in the derive macro `Arbitrary` (in 
Nightly builds, run with -Z macro-backtrace for more info)

error[E0407]: method `try_size_hint` is not a member of trait 
`arbitrary::Arbitrary`
     --> C:\Users\pc\.cargo\registry\src\index.crates.io-1949cf8c6b5b557f\stell
ar-xdr-21.2.0\src\curr\generated.rs:31777:42
      |
31777 | #[cfg_attr(feature = "arbitrary", derive(Arbitrary))]
      |                                          ^^^^^^^^^
      |                                          |
      |                                          not a member of trait 
`arbitrary::Arbitrary`
      |                                          help: there is an associated 
function with a similar name: `size_hint`
      |
      = note: this error originates in the derive macro `Arbitrary` (in 
Nightly builds, run with -Z macro-backtrace for more info)

error[E0433]: failed to resolve: could not find `details` in `arbitrary`
     --> C:\Users\pc\.cargo\registry\src\index.crates.io-1949cf8c6b5b557f\stell
ar-xdr-21.2.0\src\curr\generated.rs:31828:42
      |
31828 | #[cfg_attr(feature = "arbitrary", derive(Arbitrary))]
      |                                          ^^^^^^^^^ could not find 
`details` in `arbitrary`
      |
      = note: this error originates in the derive macro `Arbitrary` (in 
Nightly builds, run with -Z macro-backtrace for more info)

error[E0407]: method `try_size_hint` is not a member of trait 
`arbitrary::Arbitrary`
     --> C:\Users\pc\.cargo\registry\src\index.crates.io-1949cf8c6b5b557f\stell
ar-xdr-21.2.0\src\curr\generated.rs:31828:42
      |
31828 | #[cfg_attr(feature = "arbitrary", derive(Arbitrary))]
      |                                          ^^^^^^^^^
      |                                          |
      |                                          not a member of trait 
`arbitrary::Arbitrary`
      |                                          help: there is an associated 
function with a similar name: `size_hint`
      |
      = note: this error originates in the derive macro `Arbitrary` (in 
Nightly builds, run with -Z macro-backtrace for more info)

error[E0433]: failed to resolve: could not find `details` in `arbitrary`
     --> C:\Users\pc\.cargo\registry\src\index.crates.io-1949cf8c6b5b557f\stell
ar-xdr-21.2.0\src\curr\generated.rs:31948:42
      |
31948 | #[cfg_attr(feature = "arbitrary", derive(Arbitrary))]
      |                                          ^^^^^^^^^ could not find 
`details` in `arbitrary`
      |
      = note: this error originates in the derive macro `Arbitrary` (in 
Nightly builds, run with -Z macro-backtrace for more info)

error[E0407]: method `try_size_hint` is not a member of trait 
`arbitrary::Arbitrary`
     --> C:\Users\pc\.cargo\registry\src\index.crates.io-1949cf8c6b5b557f\stell
ar-xdr-21.2.0\src\curr\generated.rs:31948:42
      |
31948 | #[cfg_attr(feature = "arbitrary", derive(Arbitrary))]
      |                                          ^^^^^^^^^
      |                                          |
      |                                          not a member of trait 
`arbitrary::Arbitrary`
      |                                          help: there is an associated 
function with a similar name: `size_hint`
      |
      = note: this error originates in the derive macro `Arbitrary` (in 
Nightly builds, run with -Z macro-backtrace for more info)

error[E0433]: failed to resolve: could not find `details` in `arbitrary`
     --> C:\Users\pc\.cargo\registry\src\index.crates.io-1949cf8c6b5b557f\stell
ar-xdr-21.2.0\src\curr\generated.rs:32061:42
      |
32061 | #[cfg_attr(feature = "arbitrary", derive(Arbitrary))]
      |                                          ^^^^^^^^^ could not find 
`details` in `arbitrary`
      |
      = note: this error originates in the derive macro `Arbitrary` (in 
Nightly builds, run with -Z macro-backtrace for more info)

error[E0407]: method `try_size_hint` is not a member of trait 
`arbitrary::Arbitrary`
     --> C:\Users\pc\.cargo\registry\src\index.crates.io-1949cf8c6b5b557f\stell
ar-xdr-21.2.0\src\curr\generated.rs:32061:42
      |
32061 | #[cfg_attr(feature = "arbitrary", derive(Arbitrary))]
      |                                          ^^^^^^^^^
      |                                          |
      |                                          not a member of trait 
`arbitrary::Arbitrary`
      |                                          help: there is an associated 
function with a similar name: `size_hint`
      |
      = note: this error originates in the derive macro `Arbitrary` (in 
Nightly builds, run with -Z macro-backtrace for more info)

error[E0433]: failed to resolve: could not find `details` in `arbitrary`
     --> C:\Users\pc\.cargo\registry\src\index.crates.io-1949cf8c6b5b557f\stell
ar-xdr-21.2.0\src\curr\generated.rs:32230:42
      |
32230 | #[cfg_attr(feature = "arbitrary", derive(Arbitrary))]
      |                                          ^^^^^^^^^ could not find 
`details` in `arbitrary`
      |
      = note: this error originates in the derive macro `Arbitrary` (in 
Nightly builds, run with -Z macro-backtrace for more info)

error[E0407]: method `try_size_hint` is not a member of trait 
`arbitrary::Arbitrary`
     --> C:\Users\pc\.cargo\registry\src\index.crates.io-1949cf8c6b5b557f\stell
ar-xdr-21.2.0\src\curr\generated.rs:32230:42
      |
32230 | #[cfg_attr(feature = "arbitrary", derive(Arbitrary))]
      |                                          ^^^^^^^^^
      |                                          |
      |                                          not a member of trait 
`arbitrary::Arbitrary`
      |                                          help: there is an associated 
function with a similar name: `size_hint`
      |
      = note: this error originates in the derive macro `Arbitrary` (in 
Nightly builds, run with -Z macro-backtrace for more info)

error[E0433]: failed to resolve: could not find `details` in `arbitrary`
     --> C:\Users\pc\.cargo\registry\src\index.crates.io-1949cf8c6b5b557f\stell
ar-xdr-21.2.0\src\curr\generated.rs:32297:42
      |
32297 | #[cfg_attr(feature = "arbitrary", derive(Arbitrary))]
      |                                          ^^^^^^^^^ could not find 
`details` in `arbitrary`
      |
      = note: this error originates in the derive macro `Arbitrary` (in 
Nightly builds, run with -Z macro-backtrace for more info)

error[E0407]: method `try_size_hint` is not a member of trait 
`arbitrary::Arbitrary`
     --> C:\Users\pc\.cargo\registry\src\index.crates.io-1949cf8c6b5b557f\stell
ar-xdr-21.2.0\src\curr\generated.rs:32297:42
      |
32297 | #[cfg_attr(feature = "arbitrary", derive(Arbitrary))]
      |                                          ^^^^^^^^^
      |                                          |
      |                                          not a member of trait 
`arbitrary::Arbitrary`
      |                                          help: there is an associated 
function with a similar name: `size_hint`
      |
      = note: this error originates in the derive macro `Arbitrary` (in 
Nightly builds, run with -Z macro-backtrace for more info)

   Compiling tempfile v3.27.0
error[E0433]: failed to resolve: could not find `details` in `arbitrary`
     --> C:\Users\pc\.cargo\registry\src\index.crates.io-1949cf8c6b5b557f\stell
ar-xdr-21.2.0\src\curr\generated.rs:32362:42
      |
32362 | #[cfg_attr(feature = "arbitrary", derive(Arbitrary))]
      |                                          ^^^^^^^^^ could not find 
`details` in `arbitrary`
      |
      = note: this error originates in the derive macro `Arbitrary` (in 
Nightly builds, run with -Z macro-backtrace for more info)

error[E0407]: method `try_size_hint` is not a member of trait 
`arbitrary::Arbitrary`
     --> C:\Users\pc\.cargo\registry\src\index.crates.io-1949cf8c6b5b557f\stell
ar-xdr-21.2.0\src\curr\generated.rs:32362:42
      |
32362 | #[cfg_attr(feature = "arbitrary", derive(Arbitrary))]
      |                                          ^^^^^^^^^
      |                                          |
      |                                          not a member of trait 
`arbitrary::Arbitrary`
      |                                          help: there is an associated 
function with a similar name: `size_hint`
      |
      = note: this error originates in the derive macro `Arbitrary` (in 
Nightly builds, run with -Z macro-backtrace for more info)

error[E0433]: failed to resolve: could not find `details` in `arbitrary`
     --> C:\Users\pc\.cargo\registry\src\index.crates.io-1949cf8c6b5b557f\stell
ar-xdr-21.2.0\src\curr\generated.rs:32422:42
      |
32422 | #[cfg_attr(feature = "arbitrary", derive(Arbitrary))]
      |                                          ^^^^^^^^^ could not find 
`details` in `arbitrary`
      |
      = note: this error originates in the derive macro `Arbitrary` (in 
Nightly builds, run with -Z macro-backtrace for more info)

error[E0407]: method `try_size_hint` is not a member of trait 
`arbitrary::Arbitrary`
     --> C:\Users\pc\.cargo\registry\src\index.crates.io-1949cf8c6b5b557f\stell
ar-xdr-21.2.0\src\curr\generated.rs:32422:42
      |
32422 | #[cfg_attr(feature = "arbitrary", derive(Arbitrary))]
      |                                          ^^^^^^^^^
      |                                          |
      |                                          not a member of trait 
`arbitrary::Arbitrary`
      |                                          help: there is an associated 
function with a similar name: `size_hint`
      |
      = note: this error originates in the derive macro `Arbitrary` (in 
Nightly builds, run with -Z macro-backtrace for more info)

error[E0433]: failed to resolve: could not find `details` in `arbitrary`
     --> C:\Users\pc\.cargo\registry\src\index.crates.io-1949cf8c6b5b557f\stell
ar-xdr-21.2.0\src\curr\generated.rs:33342:42
      |
33342 | #[cfg_attr(feature = "arbitrary", derive(Arbitrary))]
      |                                          ^^^^^^^^^ could not find 
`details` in `arbitrary`
      |
      = note: this error originates in the derive macro `Arbitrary` (in 
Nightly builds, run with -Z macro-backtrace for more info)

   Compiling ctor v0.2.9
error[E0407]: method `try_size_hint` is not a member of trait 
`arbitrary::Arbitrary`
     --> C:\Users\pc\.cargo\registry\src\index.crates.io-1949cf8c6b5b557f\stell
ar-xdr-21.2.0\src\curr\generated.rs:33342:42
      |
33342 | #[cfg_attr(feature = "arbitrary", derive(Arbitrary))]
      |                                          ^^^^^^^^^
      |                                          |
      |                                          not a member of trait 
`arbitrary::Arbitrary`
      |                                          help: there is an associated 
function with a similar name: `size_hint`
      |
      = note: this error originates in the derive macro `Arbitrary` (in 
Nightly builds, run with -Z macro-backtrace for more info)

error[E0433]: failed to resolve: could not find `details` in `arbitrary`
     --> C:\Users\pc\.cargo\registry\src\index.crates.io-1949cf8c6b5b557f\stell
ar-xdr-21.2.0\src\curr\generated.rs:33391:42
      |
33391 | #[cfg_attr(feature = "arbitrary", derive(Arbitrary))]
      |                                          ^^^^^^^^^ could not find 
`details` in `arbitrary`
      |
      = note: this error originates in the derive macro `Arbitrary` (in 
Nightly builds, run with -Z macro-backtrace for more info)

error[E0407]: method `try_size_hint` is not a member of trait 
`arbitrary::Arbitrary`
     --> C:\Users\pc\.cargo\registry\src\index.crates.io-1949cf8c6b5b557f\stell
ar-xdr-21.2.0\src\curr\generated.rs:33391:42
      |
33391 | #[cfg_attr(feature = "arbitrary", derive(Arbitrary))]
      |                                          ^^^^^^^^^
      |                                          |
      |                                          not a member of trait 
`arbitrary::Arbitrary`
      |                                          help: there is an associated 
function with a similar name: `size_hint`
      |
      = note: this error originates in the derive macro `Arbitrary` (in 
Nightly builds, run with -Z macro-backtrace for more info)

error[E0433]: failed to resolve: could not find `details` in `arbitrary`
     --> C:\Users\pc\.cargo\registry\src\index.crates.io-1949cf8c6b5b557f\stell
ar-xdr-21.2.0\src\curr\generated.rs:33458:42
      |
33458 | #[cfg_attr(feature = "arbitrary", derive(Arbitrary))]
      |                                          ^^^^^^^^^ could not find 
`details` in `arbitrary`
      |
      = note: this error originates in the derive macro `Arbitrary` (in 
Nightly builds, run with -Z macro-backtrace for more info)

error[E0407]: method `try_size_hint` is not a member of trait 
`arbitrary::Arbitrary`
     --> C:\Users\pc\.cargo\registry\src\index.crates.io-1949cf8c6b5b557f\stell
ar-xdr-21.2.0\src\curr\generated.rs:33458:42
      |
33458 | #[cfg_attr(feature = "arbitrary", derive(Arbitrary))]
      |                                          ^^^^^^^^^
      |                                          |
      |                                          not a member of trait 
`arbitrary::Arbitrary`
      |                                          help: there is an associated 
function with a similar name: `size_hint`
      |
      = note: this error originates in the derive macro `Arbitrary` (in 
Nightly builds, run with -Z macro-backtrace for more info)

error[E0433]: failed to resolve: could not find `details` in `arbitrary`
     --> C:\Users\pc\.cargo\registry\src\index.crates.io-1949cf8c6b5b557f\stell
ar-xdr-21.2.0\src\curr\generated.rs:33838:42
      |
33838 | #[cfg_attr(feature = "arbitrary", derive(Arbitrary))]
      |                                          ^^^^^^^^^ could not find 
`details` in `arbitrary`
      |
      = note: this error originates in the derive macro `Arbitrary` (in 
Nightly builds, run with -Z macro-backtrace for more info)

error[E0407]: method `try_size_hint` is not a member of trait 
`arbitrary::Arbitrary`
     --> C:\Users\pc\.cargo\registry\src\index.crates.io-1949cf8c6b5b557f\stell
ar-xdr-21.2.0\src\curr\generated.rs:33838:42
      |
33838 | #[cfg_attr(feature = "arbitrary", derive(Arbitrary))]
      |                                          ^^^^^^^^^
      |                                          |
      |                                          not a member of trait 
`arbitrary::Arbitrary`
      |                                          help: there is an associated 
function with a similar name: `size_hint`
      |
      = note: this error originates in the derive macro `Arbitrary` (in 
Nightly builds, run with -Z macro-backtrace for more info)

error[E0433]: failed to resolve: could not find `details` in `arbitrary`
     --> C:\Users\pc\.cargo\registry\src\index.crates.io-1949cf8c6b5b557f\stell
ar-xdr-21.2.0\src\curr\generated.rs:33904:42
      |
33904 | #[cfg_attr(feature = "arbitrary", derive(Arbitrary))]
      |                                          ^^^^^^^^^ could not find 
`details` in `arbitrary`
      |
      = note: this error originates in the derive macro `Arbitrary` (in 
Nightly builds, run with -Z macro-backtrace for more info)

error[E0407]: method `try_size_hint` is not a member of trait 
`arbitrary::Arbitrary`
     --> C:\Users\pc\.cargo\registry\src\index.crates.io-1949cf8c6b5b557f\stell
ar-xdr-21.2.0\src\curr\generated.rs:33904:42
      |
33904 | #[cfg_attr(feature = "arbitrary", derive(Arbitrary))]
      |                                          ^^^^^^^^^
      |                                          |
      |                                          not a member of trait 
`arbitrary::Arbitrary`
      |                                          help: there is an associated 
function with a similar name: `size_hint`
      |
      = note: this error originates in the derive macro `Arbitrary` (in 
Nightly builds, run with -Z macro-backtrace for more info)

error[E0433]: failed to resolve: could not find `details` in `arbitrary`
     --> C:\Users\pc\.cargo\registry\src\index.crates.io-1949cf8c6b5b557f\stell
ar-xdr-21.2.0\src\curr\generated.rs:34401:42
      |
34401 | #[cfg_attr(feature = "arbitrary", derive(Arbitrary))]
      |                                          ^^^^^^^^^ could not find 
`details` in `arbitrary`
      |
      = note: this error originates in the derive macro `Arbitrary` (in 
Nightly builds, run with -Z macro-backtrace for more info)

error[E0407]: method `try_size_hint` is not a member of trait 
`arbitrary::Arbitrary`
     --> C:\Users\pc\.cargo\registry\src\index.crates.io-1949cf8c6b5b557f\stell
ar-xdr-21.2.0\src\curr\generated.rs:34401:42
      |
34401 | #[cfg_attr(feature = "arbitrary", derive(Arbitrary))]
      |                                          ^^^^^^^^^
      |                                          |
      |                                          not a member of trait 
`arbitrary::Arbitrary`
      |                                          help: there is an associated 
function with a similar name: `size_hint`
      |
      = note: this error originates in the derive macro `Arbitrary` (in 
Nightly builds, run with -Z macro-backtrace for more info)

error[E0433]: failed to resolve: could not find `details` in `arbitrary`
     --> C:\Users\pc\.cargo\registry\src\index.crates.io-1949cf8c6b5b557f\stell
ar-xdr-21.2.0\src\curr\generated.rs:34525:42
      |
34525 | #[cfg_attr(feature = "arbitrary", derive(Arbitrary))]
      |                                          ^^^^^^^^^ could not find 
`details` in `arbitrary`
      |
      = note: this error originates in the derive macro `Arbitrary` (in 
Nightly builds, run with -Z macro-backtrace for more info)

error[E0407]: method `try_size_hint` is not a member of trait 
`arbitrary::Arbitrary`
     --> C:\Users\pc\.cargo\registry\src\index.crates.io-1949cf8c6b5b557f\stell
ar-xdr-21.2.0\src\curr\generated.rs:34525:42
      |
34525 | #[cfg_attr(feature = "arbitrary", derive(Arbitrary))]
      |                                          ^^^^^^^^^
      |                                          |
      |                                          not a member of trait 
`arbitrary::Arbitrary`
      |                                          help: there is an associated 
function with a similar name: `size_hint`
      |
      = note: this error originates in the derive macro `Arbitrary` (in 
Nightly builds, run with -Z macro-backtrace for more info)

error[E0433]: failed to resolve: could not find `details` in `arbitrary`
     --> C:\Users\pc\.cargo\registry\src\index.crates.io-1949cf8c6b5b557f\stell
ar-xdr-21.2.0\src\curr\generated.rs:34585:42
      |
34585 | #[cfg_attr(feature = "arbitrary", derive(Arbitrary))]
      |                                          ^^^^^^^^^ could not find 
`details` in `arbitrary`
      |
      = note: this error originates in the derive macro `Arbitrary` (in 
Nightly builds, run with -Z macro-backtrace for more info)

error[E0407]: method `try_size_hint` is not a member of trait 
`arbitrary::Arbitrary`
     --> C:\Users\pc\.cargo\registry\src\index.crates.io-1949cf8c6b5b557f\stell
ar-xdr-21.2.0\src\curr\generated.rs:34585:42
      |
34585 | #[cfg_attr(feature = "arbitrary", derive(Arbitrary))]
      |                                          ^^^^^^^^^
      |                                          |
      |                                          not a member of trait 
`arbitrary::Arbitrary`
      |                                          help: there is an associated 
function with a similar name: `size_hint`
      |
      = note: this error originates in the derive macro `Arbitrary` (in 
Nightly builds, run with -Z macro-backtrace for more info)

error[E0433]: failed to resolve: could not find `details` in `arbitrary`
     --> C:\Users\pc\.cargo\registry\src\index.crates.io-1949cf8c6b5b557f\stell
ar-xdr-21.2.0\src\curr\generated.rs:34975:42
      |
34975 | #[cfg_attr(feature = "arbitrary", derive(Arbitrary))]
      |                                          ^^^^^^^^^ could not find 
`details` in `arbitrary`
      |
      = note: this error originates in the derive macro `Arbitrary` (in 
Nightly builds, run with -Z macro-backtrace for more info)

error[E0407]: method `try_size_hint` is not a member of trait 
`arbitrary::Arbitrary`
     --> C:\Users\pc\.cargo\registry\src\index.crates.io-1949cf8c6b5b557f\stell
ar-xdr-21.2.0\src\curr\generated.rs:34975:42
      |
34975 | #[cfg_attr(feature = "arbitrary", derive(Arbitrary))]
      |                                          ^^^^^^^^^
      |                                          |
      |                                          not a member of trait 
`arbitrary::Arbitrary`
      |                                          help: there is an associated 
function with a similar name: `size_hint`
      |
      = note: this error originates in the derive macro `Arbitrary` (in 
Nightly builds, run with -Z macro-backtrace for more info)

error[E0433]: failed to resolve: could not find `details` in `arbitrary`
     --> C:\Users\pc\.cargo\registry\src\index.crates.io-1949cf8c6b5b557f\stell
ar-xdr-21.2.0\src\curr\generated.rs:36312:42
      |
36312 | #[cfg_attr(feature = "arbitrary", derive(Arbitrary))]
      |                                          ^^^^^^^^^ could not find 
`details` in `arbitrary`
      |
      = note: this error originates in the derive macro `Arbitrary` (in 
Nightly builds, run with -Z macro-backtrace for more info)

error[E0407]: method `try_size_hint` is not a member of trait 
`arbitrary::Arbitrary`
     --> C:\Users\pc\.cargo\registry\src\index.crates.io-1949cf8c6b5b557f\stell
ar-xdr-21.2.0\src\curr\generated.rs:36312:42
      |
36312 | #[cfg_attr(feature = "arbitrary", derive(Arbitrary))]
      |                                          ^^^^^^^^^
      |                                          |
      |                                          not a member of trait 
`arbitrary::Arbitrary`
      |                                          help: there is an associated 
function with a similar name: `size_hint`
      |
      = note: this error originates in the derive macro `Arbitrary` (in 
Nightly builds, run with -Z macro-backtrace for more info)

error[E0433]: failed to resolve: could not find `details` in `arbitrary`
     --> C:\Users\pc\.cargo\registry\src\index.crates.io-1949cf8c6b5b557f\stell
ar-xdr-21.2.0\src\curr\generated.rs:36574:42
      |
36574 | #[cfg_attr(feature = "arbitrary", derive(Arbitrary))]
      |                                          ^^^^^^^^^ could not find 
`details` in `arbitrary`
      |
      = note: this error originates in the derive macro `Arbitrary` (in 
Nightly builds, run with -Z macro-backtrace for more info)

error[E0407]: method `try_size_hint` is not a member of trait 
`arbitrary::Arbitrary`
     --> C:\Users\pc\.cargo\registry\src\index.crates.io-1949cf8c6b5b557f\stell
ar-xdr-21.2.0\src\curr\generated.rs:36574:42
      |
36574 | #[cfg_attr(feature = "arbitrary", derive(Arbitrary))]
      |                                          ^^^^^^^^^
      |                                          |
      |                                          not a member of trait 
`arbitrary::Arbitrary`
      |                                          help: there is an associated 
function with a similar name: `size_hint`
      |
      = note: this error originates in the derive macro `Arbitrary` (in 
Nightly builds, run with -Z macro-backtrace for more info)

error[E0433]: failed to resolve: could not find `details` in `arbitrary`
     --> C:\Users\pc\.cargo\registry\src\index.crates.io-1949cf8c6b5b557f\stell
ar-xdr-21.2.0\src\curr\generated.rs:36623:42
      |
36623 | #[cfg_attr(feature = "arbitrary", derive(Arbitrary))]
      |                                          ^^^^^^^^^ could not find 
`details` in `arbitrary`
      |
      = note: this error originates in the derive macro `Arbitrary` (in 
Nightly builds, run with -Z macro-backtrace for more info)

error[E0407]: method `try_size_hint` is not a member of trait 
`arbitrary::Arbitrary`
     --> C:\Users\pc\.cargo\registry\src\index.crates.io-1949cf8c6b5b557f\stell
ar-xdr-21.2.0\src\curr\generated.rs:36623:42
      |
36623 | #[cfg_attr(feature = "arbitrary", derive(Arbitrary))]
      |                                          ^^^^^^^^^
      |                                          |
      |                                          not a member of trait 
`arbitrary::Arbitrary`
      |                                          help: there is an associated 
function with a similar name: `size_hint`
      |
      = note: this error originates in the derive macro `Arbitrary` (in 
Nightly builds, run with -Z macro-backtrace for more info)

error[E0433]: failed to resolve: could not find `details` in `arbitrary`
     --> C:\Users\pc\.cargo\registry\src\index.crates.io-1949cf8c6b5b557f\stell
ar-xdr-21.2.0\src\curr\generated.rs:37369:42
      |
37369 | #[cfg_attr(feature = "arbitrary", derive(Arbitrary))]
      |                                          ^^^^^^^^^ could not find 
`details` in `arbitrary`
      |
      = note: this error originates in the derive macro `Arbitrary` (in 
Nightly builds, run with -Z macro-backtrace for more info)

error[E0407]: method `try_size_hint` is not a member of trait 
`arbitrary::Arbitrary`
     --> C:\Users\pc\.cargo\registry\src\index.crates.io-1949cf8c6b5b557f\stell
ar-xdr-21.2.0\src\curr\generated.rs:37369:42
      |
37369 | #[cfg_attr(feature = "arbitrary", derive(Arbitrary))]
      |                                          ^^^^^^^^^
      |                                          |
      |                                          not a member of trait 
`arbitrary::Arbitrary`
      |                                          help: there is an associated 
function with a similar name: `size_hint`
      |
      = note: this error originates in the derive macro `Arbitrary` (in 
Nightly builds, run with -Z macro-backtrace for more info)

error[E0433]: failed to resolve: could not find `details` in `arbitrary`
     --> C:\Users\pc\.cargo\registry\src\index.crates.io-1949cf8c6b5b557f\stell
ar-xdr-21.2.0\src\curr\generated.rs:40118:42
      |
40118 | #[cfg_attr(feature = "arbitrary", derive(Arbitrary))]
      |                                          ^^^^^^^^^ could not find 
`details` in `arbitrary`
      |
      = note: this error originates in the derive macro `Arbitrary` (in 
Nightly builds, run with -Z macro-backtrace for more info)

error[E0407]: method `try_size_hint` is not a member of trait 
`arbitrary::Arbitrary`
     --> C:\Users\pc\.cargo\registry\src\index.crates.io-1949cf8c6b5b557f\stell
ar-xdr-21.2.0\src\curr\generated.rs:40118:42
      |
40118 | #[cfg_attr(feature = "arbitrary", derive(Arbitrary))]
      |                                          ^^^^^^^^^
      |                                          |
      |                                          not a member of trait 
`arbitrary::Arbitrary`
      |                                          help: there is an associated 
function with a similar name: `size_hint`
      |
      = note: this error originates in the derive macro `Arbitrary` (in 
Nightly builds, run with -Z macro-backtrace for more info)

error[E0433]: failed to resolve: could not find `details` in `arbitrary`
     --> C:\Users\pc\.cargo\registry\src\index.crates.io-1949cf8c6b5b557f\stell
ar-xdr-21.2.0\src\curr\generated.rs:40982:42
      |
40982 | #[cfg_attr(feature = "arbitrary", derive(Arbitrary))]
      |                                          ^^^^^^^^^ could not find 
`details` in `arbitrary`
      |
      = note: this error originates in the derive macro `Arbitrary` (in 
Nightly builds, run with -Z macro-backtrace for more info)

error[E0407]: method `try_size_hint` is not a member of trait 
`arbitrary::Arbitrary`
     --> C:\Users\pc\.cargo\registry\src\index.crates.io-1949cf8c6b5b557f\stell
ar-xdr-21.2.0\src\curr\generated.rs:40982:42
      |
40982 | #[cfg_attr(feature = "arbitrary", derive(Arbitrary))]
      |                                          ^^^^^^^^^
      |                                          |
      |                                          not a member of trait 
`arbitrary::Arbitrary`
      |                                          help: there is an associated 
function with a similar name: `size_hint`
      |
      = note: this error originates in the derive macro `Arbitrary` (in 
Nightly builds, run with -Z macro-backtrace for more info)

error[E0433]: failed to resolve: could not find `details` in `arbitrary`
     --> C:\Users\pc\.cargo\registry\src\index.crates.io-1949cf8c6b5b557f\stell
ar-xdr-21.2.0\src\curr\generated.rs:41371:42
      |
41371 | #[cfg_attr(feature = "arbitrary", derive(Arbitrary))]
      |                                          ^^^^^^^^^ could not find 
`details` in `arbitrary`
      |
      = note: this error originates in the derive macro `Arbitrary` (in 
Nightly builds, run with -Z macro-backtrace for more info)

error[E0407]: method `try_size_hint` is not a member of trait 
`arbitrary::Arbitrary`
     --> C:\Users\pc\.cargo\registry\src\index.crates.io-1949cf8c6b5b557f\stell
ar-xdr-21.2.0\src\curr\generated.rs:41371:42
      |
41371 | #[cfg_attr(feature = "arbitrary", derive(Arbitrary))]
      |                                          ^^^^^^^^^
      |                                          |
      |                                          not a member of trait 
`arbitrary::Arbitrary`
      |                                          help: there is an associated 
function with a similar name: `size_hint`
      |
      = note: this error originates in the derive macro `Arbitrary` (in 
Nightly builds, run with -Z macro-backtrace for more info)

error[E0433]: failed to resolve: could not find `details` in `arbitrary`
     --> C:\Users\pc\.cargo\registry\src\index.crates.io-1949cf8c6b5b557f\stell
ar-xdr-21.2.0\src\curr\generated.rs:41755:42
      |
41755 | #[cfg_attr(feature = "arbitrary", derive(Arbitrary))]
      |                                          ^^^^^^^^^ could not find 
`details` in `arbitrary`
      |
      = note: this error originates in the derive macro `Arbitrary` (in 
Nightly builds, run with -Z macro-backtrace for more info)

error[E0407]: method `try_size_hint` is not a member of trait 
`arbitrary::Arbitrary`
     --> C:\Users\pc\.cargo\registry\src\index.crates.io-1949cf8c6b5b557f\stell
ar-xdr-21.2.0\src\curr\generated.rs:41755:42
      |
41755 | #[cfg_attr(feature = "arbitrary", derive(Arbitrary))]
      |                                          ^^^^^^^^^
      |                                          |
      |                                          not a member of trait 
`arbitrary::Arbitrary`
      |                                          help: there is an associated 
function with a similar name: `size_hint`
      |
      = note: this error originates in the derive macro `Arbitrary` (in 
Nightly builds, run with -Z macro-backtrace for more info)

error[E0433]: failed to resolve: could not find `details` in `arbitrary`
     --> C:\Users\pc\.cargo\registry\src\index.crates.io-1949cf8c6b5b557f\stell
ar-xdr-21.2.0\src\curr\generated.rs:42110:42
      |
42110 | #[cfg_attr(feature = "arbitrary", derive(Arbitrary))]
      |                                          ^^^^^^^^^ could not find 
`details` in `arbitrary`
      |
      = note: this error originates in the derive macro `Arbitrary` (in 
Nightly builds, run with -Z macro-backtrace for more info)

error[E0407]: method `try_size_hint` is not a member of trait 
`arbitrary::Arbitrary`
     --> C:\Users\pc\.cargo\registry\src\index.crates.io-1949cf8c6b5b557f\stell
ar-xdr-21.2.0\src\curr\generated.rs:42110:42
      |
42110 | #[cfg_attr(feature = "arbitrary", derive(Arbitrary))]
      |                                          ^^^^^^^^^
      |                                          |
      |                                          not a member of trait 
`arbitrary::Arbitrary`
      |                                          help: there is an associated 
function with a similar name: `size_hint`
      |
      = note: this error originates in the derive macro `Arbitrary` (in 
Nightly builds, run with -Z macro-backtrace for more info)

error[E0433]: failed to resolve: could not find `details` in `arbitrary`
     --> C:\Users\pc\.cargo\registry\src\index.crates.io-1949cf8c6b5b557f\stell
ar-xdr-21.2.0\src\curr\generated.rs:42159:42
      |
42159 | #[cfg_attr(feature = "arbitrary", derive(Arbitrary))]
      |                                          ^^^^^^^^^ could not find 
`details` in `arbitrary`
      |
      = note: this error originates in the derive macro `Arbitrary` (in 
Nightly builds, run with -Z macro-backtrace for more info)

error[E0407]: method `try_size_hint` is not a member of trait 
`arbitrary::Arbitrary`
     --> C:\Users\pc\.cargo\registry\src\index.crates.io-1949cf8c6b5b557f\stell
ar-xdr-21.2.0\src\curr\generated.rs:42159:42
      |
42159 | #[cfg_attr(feature = "arbitrary", derive(Arbitrary))]
      |                                          ^^^^^^^^^
      |                                          |
      |                                          not a member of trait 
`arbitrary::Arbitrary`
      |                                          help: there is an associated 
function with a similar name: `size_hint`
      |
      = note: this error originates in the derive macro `Arbitrary` (in 
Nightly builds, run with -Z macro-backtrace for more info)

error[E0433]: failed to resolve: could not find `details` in `arbitrary`
     --> C:\Users\pc\.cargo\registry\src\index.crates.io-1949cf8c6b5b557f\stell
ar-xdr-21.2.0\src\curr\generated.rs:42227:42
      |
42227 | #[cfg_attr(feature = "arbitrary", derive(Arbitrary))]
      |                                          ^^^^^^^^^ could not find 
`details` in `arbitrary`
      |
      = note: this error originates in the derive macro `Arbitrary` (in 
Nightly builds, run with -Z macro-backtrace for more info)

error[E0407]: method `try_size_hint` is not a member of trait 
`arbitrary::Arbitrary`
     --> C:\Users\pc\.cargo\registry\src\index.crates.io-1949cf8c6b5b557f\stell
ar-xdr-21.2.0\src\curr\generated.rs:42227:42
      |
42227 | #[cfg_attr(feature = "arbitrary", derive(Arbitrary))]
      |                                          ^^^^^^^^^
      |                                          |
      |                                          not a member of trait 
`arbitrary::Arbitrary`
      |                                          help: there is an associated 
function with a similar name: `size_hint`
      |
      = note: this error originates in the derive macro `Arbitrary` (in 
Nightly builds, run with -Z macro-backtrace for more info)

error[E0433]: failed to resolve: could not find `details` in `arbitrary`
     --> C:\Users\pc\.cargo\registry\src\index.crates.io-1949cf8c6b5b557f\stell
ar-xdr-21.2.0\src\curr\generated.rs:42601:42
      |
42601 | #[cfg_attr(feature = "arbitrary", derive(Arbitrary))]
      |                                          ^^^^^^^^^ could not find 
`details` in `arbitrary`
      |
      = note: this error originates in the derive macro `Arbitrary` (in 
Nightly builds, run with -Z macro-backtrace for more info)

error[E0407]: method `try_size_hint` is not a member of trait 
`arbitrary::Arbitrary`
     --> C:\Users\pc\.cargo\registry\src\index.crates.io-1949cf8c6b5b557f\stell
ar-xdr-21.2.0\src\curr\generated.rs:42601:42
      |
42601 | #[cfg_attr(feature = "arbitrary", derive(Arbitrary))]
      |                                          ^^^^^^^^^
      |                                          |
      |                                          not a member of trait 
`arbitrary::Arbitrary`
      |                                          help: there is an associated 
function with a similar name: `size_hint`
      |
      = note: this error originates in the derive macro `Arbitrary` (in 
Nightly builds, run with -Z macro-backtrace for more info)

error[E0433]: failed to resolve: could not find `details` in `arbitrary`
     --> C:\Users\pc\.cargo\registry\src\index.crates.io-1949cf8c6b5b557f\stell
ar-xdr-21.2.0\src\curr\generated.rs:42646:42
      |
42646 | #[cfg_attr(feature = "arbitrary", derive(Arbitrary))]
      |                                          ^^^^^^^^^ could not find 
`details` in `arbitrary`
      |
      = note: this error originates in the derive macro `Arbitrary` (in 
Nightly builds, run with -Z macro-backtrace for more info)

error[E0407]: method `try_size_hint` is not a member of trait 
`arbitrary::Arbitrary`
     --> C:\Users\pc\.cargo\registry\src\index.crates.io-1949cf8c6b5b557f\stell
ar-xdr-21.2.0\src\curr\generated.rs:42646:42
      |
42646 | #[cfg_attr(feature = "arbitrary", derive(Arbitrary))]
      |                                          ^^^^^^^^^
      |                                          |
      |                                          not a member of trait 
`arbitrary::Arbitrary`
      |                                          help: there is an associated 
function with a similar name: `size_hint`
      |
      = note: this error originates in the derive macro `Arbitrary` (in 
Nightly builds, run with -Z macro-backtrace for more info)

error[E0433]: failed to resolve: could not find `details` in `arbitrary`
     --> C:\Users\pc\.cargo\registry\src\index.crates.io-1949cf8c6b5b557f\stell
ar-xdr-21.2.0\src\curr\generated.rs:42797:42
      |
42797 | #[cfg_attr(feature = "arbitrary", derive(Arbitrary))]
      |                                          ^^^^^^^^^ could not find 
`details` in `arbitrary`
      |
      = note: this error originates in the derive macro `Arbitrary` (in 
Nightly builds, run with -Z macro-backtrace for more info)

error[E0407]: method `try_size_hint` is not a member of trait 
`arbitrary::Arbitrary`
     --> C:\Users\pc\.cargo\registry\src\index.crates.io-1949cf8c6b5b557f\stell
ar-xdr-21.2.0\src\curr\generated.rs:42797:42
      |
42797 | #[cfg_attr(feature = "arbitrary", derive(Arbitrary))]
      |                                          ^^^^^^^^^
      |                                          |
      |                                          not a member of trait 
`arbitrary::Arbitrary`
      |                                          help: there is an associated 
function with a similar name: `size_hint`
      |
      = note: this error originates in the derive macro `Arbitrary` (in 
Nightly builds, run with -Z macro-backtrace for more info)

   Compiling rusty-fork v0.3.1
error[E0433]: failed to resolve: could not find `details` in `arbitrary`
     --> C:\Users\pc\.cargo\registry\src\index.crates.io-1949cf8c6b5b557f\stell
ar-xdr-21.2.0\src\curr\generated.rs:42980:42
      |
42980 | #[cfg_attr(feature = "arbitrary", derive(Arbitrary))]
      |                                          ^^^^^^^^^ could not find 
`details` in `arbitrary`
      |
      = note: this error originates in the derive macro `Arbitrary` (in 
Nightly builds, run with -Z macro-backtrace for more info)

error[E0407]: method `try_size_hint` is not a member of trait 
`arbitrary::Arbitrary`
     --> C:\Users\pc\.cargo\registry\src\index.crates.io-1949cf8c6b5b557f\stell
ar-xdr-21.2.0\src\curr\generated.rs:42980:42
      |
42980 | #[cfg_attr(feature = "arbitrary", derive(Arbitrary))]
      |                                          ^^^^^^^^^
      |                                          |
      |                                          not a member of trait 
`arbitrary::Arbitrary`
      |                                          help: there is an associated 
function with a similar name: `size_hint`
      |
      = note: this error originates in the derive macro `Arbitrary` (in 
Nightly builds, run with -Z macro-backtrace for more info)

error[E0433]: failed to resolve: could not find `details` in `arbitrary`
     --> C:\Users\pc\.cargo\registry\src\index.crates.io-1949cf8c6b5b557f\stell
ar-xdr-21.2.0\src\curr\generated.rs:43036:42
      |
43036 | #[cfg_attr(feature = "arbitrary", derive(Arbitrary))]
      |                                          ^^^^^^^^^ could not find 
`details` in `arbitrary`
      |
      = note: this error originates in the derive macro `Arbitrary` (in 
Nightly builds, run with -Z macro-backtrace for more info)

   Compiling rand_chacha v0.9.0
error[E0407]: method `try_size_hint` is not a member of trait 
`arbitrary::Arbitrary`
     --> C:\Users\pc\.cargo\registry\src\index.crates.io-1949cf8c6b5b557f\stell
ar-xdr-21.2.0\src\curr\generated.rs:43036:42
      |
43036 | #[cfg_attr(feature = "arbitrary", derive(Arbitrary))]
      |                                          ^^^^^^^^^
      |                                          |
      |                                          not a member of trait 
`arbitrary::Arbitrary`
      |                                          help: there is an associated 
function with a similar name: `size_hint`
      |
      = note: this error originates in the derive macro `Arbitrary` (in 
Nightly builds, run with -Z macro-backtrace for more info)

error[E0433]: failed to resolve: could not find `details` in `arbitrary`
     --> C:\Users\pc\.cargo\registry\src\index.crates.io-1949cf8c6b5b557f\stell
ar-xdr-21.2.0\src\curr\generated.rs:43552:42
      |
43552 | #[cfg_attr(feature = "arbitrary", derive(Arbitrary))]
      |                                          ^^^^^^^^^ could not find 
`details` in `arbitrary`
      |
      = note: this error originates in the derive macro `Arbitrary` (in 
Nightly builds, run with -Z macro-backtrace for more info)

error[E0407]: method `try_size_hint` is not a member of trait 
`arbitrary::Arbitrary`
     --> C:\Users\pc\.cargo\registry\src\index.crates.io-1949cf8c6b5b557f\stell
ar-xdr-21.2.0\src\curr\generated.rs:43552:42
      |
43552 | #[cfg_attr(feature = "arbitrary", derive(Arbitrary))]
      |                                          ^^^^^^^^^
      |                                          |
      |                                          not a member of trait 
`arbitrary::Arbitrary`
      |                                          help: there is an associated 
function with a similar name: `size_hint`
      |
      = note: this error originates in the derive macro `Arbitrary` (in 
Nightly builds, run with -Z macro-backtrace for more info)

error[E0433]: failed to resolve: could not find `details` in `arbitrary`
     --> C:\Users\pc\.cargo\registry\src\index.crates.io-1949cf8c6b5b557f\stell
ar-xdr-21.2.0\src\curr\generated.rs:43654:42
      |
43654 | #[cfg_attr(feature = "arbitrary", derive(Arbitrary))]
      |                                          ^^^^^^^^^ could not find 
`details` in `arbitrary`
      |
      = note: this error originates in the derive macro `Arbitrary` (in 
Nightly builds, run with -Z macro-backtrace for more info)

error[E0407]: method `try_size_hint` is not a member of trait 
`arbitrary::Arbitrary`
     --> C:\Users\pc\.cargo\registry\src\index.crates.io-1949cf8c6b5b557f\stell
ar-xdr-21.2.0\src\curr\generated.rs:43654:42
      |
43654 | #[cfg_attr(feature = "arbitrary", derive(Arbitrary))]
      |                                          ^^^^^^^^^
      |                                          |
      |                                          not a member of trait 
`arbitrary::Arbitrary`
      |                                          help: there is an associated 
function with a similar name: `size_hint`
      |
      = note: this error originates in the derive macro `Arbitrary` (in 
Nightly builds, run with -Z macro-backtrace for more info)

error[E0433]: failed to resolve: could not find `details` in `arbitrary`
     --> C:\Users\pc\.cargo\registry\src\index.crates.io-1949cf8c6b5b557f\stell
ar-xdr-21.2.0\src\curr\generated.rs:43713:42
      |
43713 | #[cfg_attr(feature = "arbitrary", derive(Arbitrary))]
      |                                          ^^^^^^^^^ could not find 
`details` in `arbitrary`
      |
      = note: this error originates in the derive macro `Arbitrary` (in 
Nightly builds, run with -Z macro-backtrace for more info)

error[E0407]: method `try_size_hint` is not a member of trait 
`arbitrary::Arbitrary`
     --> C:\Users\pc\.cargo\registry\src\index.crates.io-1949cf8c6b5b557f\stell
ar-xdr-21.2.0\src\curr\generated.rs:43713:42
      |
43713 | #[cfg_attr(feature = "arbitrary", derive(Arbitrary))]
      |                                          ^^^^^^^^^
      |                                          |
      |                                          not a member of trait 
`arbitrary::Arbitrary`
      |                                          help: there is an associated 
function with a similar name: `size_hint`
      |
      = note: this error originates in the derive macro `Arbitrary` (in 
Nightly builds, run with -Z macro-backtrace for more info)

error[E0433]: failed to resolve: could not find `details` in `arbitrary`
     --> C:\Users\pc\.cargo\registry\src\index.crates.io-1949cf8c6b5b557f\stell
ar-xdr-21.2.0\src\curr\generated.rs:43830:42
      |
43830 | #[cfg_attr(feature = "arbitrary", derive(Arbitrary))]
      |                                          ^^^^^^^^^ could not find 
`details` in `arbitrary`
      |
      = note: this error originates in the derive macro `Arbitrary` (in 
Nightly builds, run with -Z macro-backtrace for more info)

error[E0407]: method `try_size_hint` is not a member of trait 
`arbitrary::Arbitrary`
     --> C:\Users\pc\.cargo\registry\src\index.crates.io-1949cf8c6b5b557f\stell
ar-xdr-21.2.0\src\curr\generated.rs:43830:42
      |
43830 | #[cfg_attr(feature = "arbitrary", derive(Arbitrary))]
      |                                          ^^^^^^^^^
      |                                          |
      |                                          not a member of trait 
`arbitrary::Arbitrary`
      |                                          help: there is an associated 
function with a similar name: `size_hint`
      |
      = note: this error originates in the derive macro `Arbitrary` (in 
Nightly builds, run with -Z macro-backtrace for more info)

error[E0433]: failed to resolve: could not find `details` in `arbitrary`
     --> C:\Users\pc\.cargo\registry\src\index.crates.io-1949cf8c6b5b557f\stell
ar-xdr-21.2.0\src\curr\generated.rs:43936:42
      |
43936 | #[cfg_attr(feature = "arbitrary", derive(Arbitrary))]
      |                                          ^^^^^^^^^ could not find 
`details` in `arbitrary`
      |
      = note: this error originates in the derive macro `Arbitrary` (in 
Nightly builds, run with -Z macro-backtrace for more info)

error[E0407]: method `try_size_hint` is not a member of trait 
`arbitrary::Arbitrary`
     --> C:\Users\pc\.cargo\registry\src\index.crates.io-1949cf8c6b5b557f\stell
ar-xdr-21.2.0\src\curr\generated.rs:43936:42
      |
43936 | #[cfg_attr(feature = "arbitrary", derive(Arbitrary))]
      |                                          ^^^^^^^^^
      |                                          |
      |                                          not a member of trait 
`arbitrary::Arbitrary`
      |                                          help: there is an associated 
function with a similar name: `size_hint`
      |
      = note: this error originates in the derive macro `Arbitrary` (in 
Nightly builds, run with -Z macro-backtrace for more info)

error[E0433]: failed to resolve: could not find `details` in `arbitrary`
     --> C:\Users\pc\.cargo\registry\src\index.crates.io-1949cf8c6b5b557f\stell
ar-xdr-21.2.0\src\curr\generated.rs:44087:42
      |
44087 | #[cfg_attr(feature = "arbitrary", derive(Arbitrary))]
      |                                          ^^^^^^^^^ could not find 
`details` in `arbitrary`
      |
      = note: this error originates in the derive macro `Arbitrary` (in 
Nightly builds, run with -Z macro-backtrace for more info)

error[E0407]: method `try_size_hint` is not a member of trait 
`arbitrary::Arbitrary`
     --> C:\Users\pc\.cargo\registry\src\index.crates.io-1949cf8c6b5b557f\stell
ar-xdr-21.2.0\src\curr\generated.rs:44087:42
      |
44087 | #[cfg_attr(feature = "arbitrary", derive(Arbitrary))]
      |                                          ^^^^^^^^^
      |                                          |
      |                                          not a member of trait 
`arbitrary::Arbitrary`
      |                                          help: there is an associated 
function with a similar name: `size_hint`
      |
      = note: this error originates in the derive macro `Arbitrary` (in 
Nightly builds, run with -Z macro-backtrace for more info)

error[E0433]: failed to resolve: could not find `details` in `arbitrary`
     --> C:\Users\pc\.cargo\registry\src\index.crates.io-1949cf8c6b5b557f\stell
ar-xdr-21.2.0\src\curr\generated.rs:44141:42
      |
44141 | #[cfg_attr(feature = "arbitrary", derive(Arbitrary))]
      |                                          ^^^^^^^^^ could not find 
`details` in `arbitrary`
      |
      = note: this error originates in the derive macro `Arbitrary` (in 
Nightly builds, run with -Z macro-backtrace for more info)

error[E0407]: method `try_size_hint` is not a member of trait 
`arbitrary::Arbitrary`
     --> C:\Users\pc\.cargo\registry\src\index.crates.io-1949cf8c6b5b557f\stell
ar-xdr-21.2.0\src\curr\generated.rs:44141:42
      |
44141 | #[cfg_attr(feature = "arbitrary", derive(Arbitrary))]
      |                                          ^^^^^^^^^
      |                                          |
      |                                          not a member of trait 
`arbitrary::Arbitrary`
      |                                          help: there is an associated 
function with a similar name: `size_hint`
      |
      = note: this error originates in the derive macro `Arbitrary` (in 
Nightly builds, run with -Z macro-backtrace for more info)

error[E0433]: failed to resolve: could not find `details` in `arbitrary`
     --> C:\Users\pc\.cargo\registry\src\index.crates.io-1949cf8c6b5b557f\stell
ar-xdr-21.2.0\src\curr\generated.rs:44198:42
      |
44198 | #[cfg_attr(feature = "arbitrary", derive(Arbitrary))]
      |                                          ^^^^^^^^^ could not find 
`details` in `arbitrary`
      |
      = note: this error originates in the derive macro `Arbitrary` (in 
Nightly builds, run with -Z macro-backtrace for more info)

error[E0407]: method `try_size_hint` is not a member of trait 
`arbitrary::Arbitrary`
     --> C:\Users\pc\.cargo\registry\src\index.crates.io-1949cf8c6b5b557f\stell
ar-xdr-21.2.0\src\curr\generated.rs:44198:42
      |
44198 | #[cfg_attr(feature = "arbitrary", derive(Arbitrary))]
      |                                          ^^^^^^^^^
      |                                          |
      |                                          not a member of trait 
`arbitrary::Arbitrary`
      |                                          help: there is an associated 
function with a similar name: `size_hint`
      |
      = note: this error originates in the derive macro `Arbitrary` (in 
Nightly builds, run with -Z macro-backtrace for more info)

error[E0433]: failed to resolve: could not find `details` in `arbitrary`
     --> C:\Users\pc\.cargo\registry\src\index.crates.io-1949cf8c6b5b557f\stell
ar-xdr-21.2.0\src\curr\generated.rs:44240:42
      |
44240 | #[cfg_attr(feature = "arbitrary", derive(Arbitrary))]
      |                                          ^^^^^^^^^ could not find 
`details` in `arbitrary`
      |
      = note: this error originates in the derive macro `Arbitrary` (in 
Nightly builds, run with -Z macro-backtrace for more info)

error[E0407]: method `try_size_hint` is not a member of trait 
`arbitrary::Arbitrary`
     --> C:\Users\pc\.cargo\registry\src\index.crates.io-1949cf8c6b5b557f\stell
ar-xdr-21.2.0\src\curr\generated.rs:44240:42
      |
44240 | #[cfg_attr(feature = "arbitrary", derive(Arbitrary))]
      |                                          ^^^^^^^^^
      |                                          |
      |                                          not a member of trait 
`arbitrary::Arbitrary`
      |                                          help: there is an associated 
function with a similar name: `size_hint`
      |
      = note: this error originates in the derive macro `Arbitrary` (in 
Nightly builds, run with -Z macro-backtrace for more info)

error[E0433]: failed to resolve: could not find `details` in `arbitrary`
     --> C:\Users\pc\.cargo\registry\src\index.crates.io-1949cf8c6b5b557f\stell
ar-xdr-21.2.0\src\curr\generated.rs:44282:42
      |
44282 | #[cfg_attr(feature = "arbitrary", derive(Arbitrary))]
      |                                          ^^^^^^^^^ could not find 
`details` in `arbitrary`
      |
      = note: this error originates in the derive macro `Arbitrary` (in 
Nightly builds, run with -Z macro-backtrace for more info)

error[E0407]: method `try_size_hint` is not a member of trait 
`arbitrary::Arbitrary`
     --> C:\Users\pc\.cargo\registry\src\index.crates.io-1949cf8c6b5b557f\stell
ar-xdr-21.2.0\src\curr\generated.rs:44282:42
      |
44282 | #[cfg_attr(feature = "arbitrary", derive(Arbitrary))]
      |                                          ^^^^^^^^^
      |                                          |
      |                                          not a member of trait 
`arbitrary::Arbitrary`
      |                                          help: there is an associated 
function with a similar name: `size_hint`
      |
      = note: this error originates in the derive macro `Arbitrary` (in 
Nightly builds, run with -Z macro-backtrace for more info)

error[E0433]: failed to resolve: could not find `details` in `arbitrary`
     --> C:\Users\pc\.cargo\registry\src\index.crates.io-1949cf8c6b5b557f\stell
ar-xdr-21.2.0\src\curr\generated.rs:44324:42
      |
44324 | #[cfg_attr(feature = "arbitrary", derive(Arbitrary))]
      |                                          ^^^^^^^^^ could not find 
`details` in `arbitrary`
      |
      = note: this error originates in the derive macro `Arbitrary` (in 
Nightly builds, run with -Z macro-backtrace for more info)

error[E0407]: method `try_size_hint` is not a member of trait 
`arbitrary::Arbitrary`
     --> C:\Users\pc\.cargo\registry\src\index.crates.io-1949cf8c6b5b557f\stell
ar-xdr-21.2.0\src\curr\generated.rs:44324:42
      |
44324 | #[cfg_attr(feature = "arbitrary", derive(Arbitrary))]
      |                                          ^^^^^^^^^
      |                                          |
      |                                          not a member of trait 
`arbitrary::Arbitrary`
      |                                          help: there is an associated 
function with a similar name: `size_hint`
      |
      = note: this error originates in the derive macro `Arbitrary` (in 
Nightly builds, run with -Z macro-backtrace for more info)

error[E0425]: cannot find type `MaxRecursionReached` in crate `arbitrary`
   --> C:\Users\pc\.cargo\registry\src\index.crates.io-1949cf8c6b5b557f\stellar
-xdr-21.2.0\src\curr\generated.rs:935:42
    |
935 | #[cfg_attr(feature = "arbitrary", derive(Arbitrary))]
    |                                          ^^^^^^^^^ not found in 
`arbitrary`
    |
    = note: this error originates in the derive macro `Arbitrary` (in Nightly 
builds, run with -Z macro-backtrace for more info)

error[E0425]: cannot find function `try_recursion_guard` in module 
`arbitrary::size_hint`
   --> C:\Users\pc\.cargo\registry\src\index.crates.io-1949cf8c6b5b557f\stellar
-xdr-21.2.0\src\curr\generated.rs:935:42
    |
935 |   #[cfg_attr(feature = "arbitrary", derive(Arbitrary))]
    |                                            ^^^^^^^^^
    |
   ::: C:\Users\pc\.cargo\registry\src\index.crates.io-1949cf8c6b5b557f\arbitra
ry-1.3.2\src\size_hint.rs:12:1
    |
 12 | / pub fn recursion_guard(
 13 | |     depth: usize,
 14 | |     f: impl FnOnce(usize) -> (usize, Option<usize>),
 15 | | ) -> (usize, Option<usize>) {
    | |___________________________- similarly named function `recursion_guard` 
defined here
    |
    = note: this error originates in the derive macro `Arbitrary` (in Nightly 
builds, run with -Z macro-backtrace for more info)

error[E0576]: cannot find method or associated constant `try_size_hint` in 
trait `arbitrary::Arbitrary`
   --> C:\Users\pc\.cargo\registry\src\index.crates.io-1949cf8c6b5b557f\stellar
-xdr-21.2.0\src\curr\generated.rs:935:42
    |
935 | #[cfg_attr(feature = "arbitrary", derive(Arbitrary))]
    |                                          ^^^^^^^^^
    |
   ::: C:\Users\pc\.cargo\registry\src\index.crates.io-1949cf8c6b5b557f\arbitra
ry-1.3.2\src\lib.rs:277:5
    |
277 |     fn size_hint(depth: usize) -> (usize, Option<usize>) {
    |     ---------------------------------------------------- similarly named 
associated function `size_hint` defined here
    |
    = note: this error originates in the derive macro `Arbitrary` (in Nightly 
builds, run with -Z macro-backtrace for more info)

error[E0425]: cannot find type `MaxRecursionReached` in crate `arbitrary`
    --> C:\Users\pc\.cargo\registry\src\index.crates.io-1949cf8c6b5b557f\stella
r-xdr-21.2.0\src\curr\generated.rs:1368:42
     |
1368 | #[cfg_attr(feature = "arbitrary", derive(Arbitrary))]
     |                                          ^^^^^^^^^ not found in 
`arbitrary`
     |
     = note: this error originates in the derive macro `Arbitrary` (in Nightly 
builds, run with -Z macro-backtrace for more info)

error[E0425]: cannot find function `try_recursion_guard` in module 
`arbitrary::size_hint`
    --> C:\Users\pc\.cargo\registry\src\index.crates.io-1949cf8c6b5b557f\stella
r-xdr-21.2.0\src\curr\generated.rs:1368:42
     |
1368 |   #[cfg_attr(feature = "arbitrary", derive(Arbitrary))]
     |                                            ^^^^^^^^^
     |
    ::: C:\Users\pc\.cargo\registry\src\index.crates.io-1949cf8c6b5b557f\arbitr
ary-1.3.2\src\size_hint.rs:12:1
     |
  12 | / pub fn recursion_guard(
  13 | |     depth: usize,
  14 | |     f: impl FnOnce(usize) -> (usize, Option<usize>),
  15 | | ) -> (usize, Option<usize>) {
     | |___________________________- similarly named function 
`recursion_guard` defined here
     |
     = note: this error originates in the derive macro `Arbitrary` (in Nightly 
builds, run with -Z macro-backtrace for more info)

error[E0576]: cannot find method or associated constant `try_size_hint` in 
trait `arbitrary::Arbitrary`
    --> C:\Users\pc\.cargo\registry\src\index.crates.io-1949cf8c6b5b557f\stella
r-xdr-21.2.0\src\curr\generated.rs:1368:42
     |
1368 | #[cfg_attr(feature = "arbitrary", derive(Arbitrary))]
     |                                          ^^^^^^^^^
     |
    ::: C:\Users\pc\.cargo\registry\src\index.crates.io-1949cf8c6b5b557f\arbitr
ary-1.3.2\src\lib.rs:277:5
     |
 277 |     fn size_hint(depth: usize) -> (usize, Option<usize>) {
     |     ---------------------------------------------------- similarly 
named associated function `size_hint` defined here
     |
     = note: this error originates in the derive macro `Arbitrary` (in Nightly 
builds, run with -Z macro-backtrace for more info)

error[E0425]: cannot find type `MaxRecursionReached` in crate `arbitrary`
    --> C:\Users\pc\.cargo\registry\src\index.crates.io-1949cf8c6b5b557f\stella
r-xdr-21.2.0\src\curr\generated.rs:1783:42
     |
1783 | #[cfg_attr(feature = "arbitrary", derive(Arbitrary))]
     |                                          ^^^^^^^^^ not found in 
`arbitrary`
     |
     = note: this error originates in the derive macro `Arbitrary` (in Nightly 
builds, run with -Z macro-backtrace for more info)

error[E0425]: cannot find function `try_recursion_guard` in module 
`arbitrary::size_hint`
    --> C:\Users\pc\.cargo\registry\src\index.crates.io-1949cf8c6b5b557f\stella
r-xdr-21.2.0\src\curr\generated.rs:1783:42
     |
1783 |   #[cfg_attr(feature = "arbitrary", derive(Arbitrary))]
     |                                            ^^^^^^^^^
     |
    ::: C:\Users\pc\.cargo\registry\src\index.crates.io-1949cf8c6b5b557f\arbitr
ary-1.3.2\src\size_hint.rs:12:1
     |
  12 | / pub fn recursion_guard(
  13 | |     depth: usize,
  14 | |     f: impl FnOnce(usize) -> (usize, Option<usize>),
  15 | | ) -> (usize, Option<usize>) {
     | |___________________________- similarly named function 
`recursion_guard` defined here
     |
     = note: this error originates in the derive macro `Arbitrary` (in Nightly 
builds, run with -Z macro-backtrace for more info)

error[E0576]: cannot find method or associated constant `try_size_hint` in 
trait `arbitrary::Arbitrary`
    --> C:\Users\pc\.cargo\registry\src\index.crates.io-1949cf8c6b5b557f\stella
r-xdr-21.2.0\src\curr\generated.rs:1783:42
     |
1783 | #[cfg_attr(feature = "arbitrary", derive(Arbitrary))]
     |                                          ^^^^^^^^^
     |
    ::: C:\Users\pc\.cargo\registry\src\index.crates.io-1949cf8c6b5b557f\arbitr
ary-1.3.2\src\lib.rs:277:5
     |
 277 |     fn size_hint(depth: usize) -> (usize, Option<usize>) {
     |     ---------------------------------------------------- similarly 
named associated function `size_hint` defined here
     |
     = note: this error originates in the derive macro `Arbitrary` (in Nightly 
builds, run with -Z macro-backtrace for more info)

error[E0425]: cannot find type `MaxRecursionReached` in crate `arbitrary`
    --> C:\Users\pc\.cargo\registry\src\index.crates.io-1949cf8c6b5b557f\stella
r-xdr-21.2.0\src\curr\generated.rs:2846:42
     |
2846 | #[cfg_attr(feature = "arbitrary", derive(Arbitrary))]
     |                                          ^^^^^^^^^ not found in 
`arbitrary`
     |
     = note: this error originates in the derive macro `Arbitrary` (in Nightly 
builds, run with -Z macro-backtrace for more info)

error[E0425]: cannot find function `try_recursion_guard` in module 
`arbitrary::size_hint`
    --> C:\Users\pc\.cargo\registry\src\index.crates.io-1949cf8c6b5b557f\stella
r-xdr-21.2.0\src\curr\generated.rs:2846:42
     |
2846 |   #[cfg_attr(feature = "arbitrary", derive(Arbitrary))]
     |                                            ^^^^^^^^^
     |
    ::: C:\Users\pc\.cargo\registry\src\index.crates.io-1949cf8c6b5b557f\arbitr
ary-1.3.2\src\size_hint.rs:12:1
     |
  12 | / pub fn recursion_guard(
  13 | |     depth: usize,
  14 | |     f: impl FnOnce(usize) -> (usize, Option<usize>),
  15 | | ) -> (usize, Option<usize>) {
     | |___________________________- similarly named function 
`recursion_guard` defined here
     |
     = note: this error originates in the derive macro `Arbitrary` (in Nightly 
builds, run with -Z macro-backtrace for more info)

error[E0576]: cannot find method or associated constant `try_size_hint` in 
trait `arbitrary::Arbitrary`
    --> C:\Users\pc\.cargo\registry\src\index.crates.io-1949cf8c6b5b557f\stella
r-xdr-21.2.0\src\curr\generated.rs:2846:42
     |
2846 | #[cfg_attr(feature = "arbitrary", derive(Arbitrary))]
     |                                          ^^^^^^^^^
     |
    ::: C:\Users\pc\.cargo\registry\src\index.crates.io-1949cf8c6b5b557f\arbitr
ary-1.3.2\src\lib.rs:277:5
     |
 277 |     fn size_hint(depth: usize) -> (usize, Option<usize>) {
     |     ---------------------------------------------------- similarly 
named associated function `size_hint` defined here
     |
     = note: this error originates in the derive macro `Arbitrary` (in Nightly 
builds, run with -Z macro-backtrace for more info)

error[E0425]: cannot find type `MaxRecursionReached` in crate `arbitrary`
    --> C:\Users\pc\.cargo\registry\src\index.crates.io-1949cf8c6b5b557f\stella
r-xdr-21.2.0\src\curr\generated.rs:2956:42
     |
2956 | #[cfg_attr(feature = "arbitrary", derive(Arbitrary))]
     |                                          ^^^^^^^^^ not found in 
`arbitrary`
     |
     = note: this error originates in the derive macro `Arbitrary` (in Nightly 
builds, run with -Z macro-backtrace for more info)

error[E0425]: cannot find function `try_recursion_guard` in module 
`arbitrary::size_hint`
    --> C:\Users\pc\.cargo\registry\src\index.crates.io-1949cf8c6b5b557f\stella
r-xdr-21.2.0\src\curr\generated.rs:2956:42
     |
2956 |   #[cfg_attr(feature = "arbitrary", derive(Arbitrary))]
     |                                            ^^^^^^^^^
     |
    ::: C:\Users\pc\.cargo\registry\src\index.crates.io-1949cf8c6b5b557f\arbitr
ary-1.3.2\src\size_hint.rs:12:1
     |
  12 | / pub fn recursion_guard(
  13 | |     depth: usize,
  14 | |     f: impl FnOnce(usize) -> (usize, Option<usize>),
  15 | | ) -> (usize, Option<usize>) {
     | |___________________________- similarly named function 
`recursion_guard` defined here
     |
     = note: this error originates in the derive macro `Arbitrary` (in Nightly 
builds, run with -Z macro-backtrace for more info)

error[E0576]: cannot find method or associated constant `try_size_hint` in 
trait `arbitrary::Arbitrary`
    --> C:\Users\pc\.cargo\registry\src\index.crates.io-1949cf8c6b5b557f\stella
r-xdr-21.2.0\src\curr\generated.rs:2956:42
     |
2956 | #[cfg_attr(feature = "arbitrary", derive(Arbitrary))]
     |                                          ^^^^^^^^^
     |
    ::: C:\Users\pc\.cargo\registry\src\index.crates.io-1949cf8c6b5b557f\arbitr
ary-1.3.2\src\lib.rs:277:5
     |
 277 |     fn size_hint(depth: usize) -> (usize, Option<usize>) {
     |     ---------------------------------------------------- similarly 
named associated function `size_hint` defined here
     |
     = note: this error originates in the derive macro `Arbitrary` (in Nightly 
builds, run with -Z macro-backtrace for more info)

error[E0425]: cannot find type `MaxRecursionReached` in crate `arbitrary`
    --> C:\Users\pc\.cargo\registry\src\index.crates.io-1949cf8c6b5b557f\stella
r-xdr-21.2.0\src\curr\generated.rs:3122:42
     |
3122 | #[cfg_attr(feature = "arbitrary", derive(Arbitrary))]
     |                                          ^^^^^^^^^ not found in 
`arbitrary`
     |
     = note: this error originates in the derive macro `Arbitrary` (in Nightly 
builds, run with -Z macro-backtrace for more info)

error[E0425]: cannot find function `try_recursion_guard` in module 
`arbitrary::size_hint`
    --> C:\Users\pc\.cargo\registry\src\index.crates.io-1949cf8c6b5b557f\stella
r-xdr-21.2.0\src\curr\generated.rs:3122:42
     |
3122 |   #[cfg_attr(feature = "arbitrary", derive(Arbitrary))]
     |                                            ^^^^^^^^^
     |
    ::: C:\Users\pc\.cargo\registry\src\index.crates.io-1949cf8c6b5b557f\arbitr
ary-1.3.2\src\size_hint.rs:12:1
     |
  12 | / pub fn recursion_guard(
  13 | |     depth: usize,
  14 | |     f: impl FnOnce(usize) -> (usize, Option<usize>),
  15 | | ) -> (usize, Option<usize>) {
     | |___________________________- similarly named function 
`recursion_guard` defined here
     |
     = note: this error originates in the derive macro `Arbitrary` (in Nightly 
builds, run with -Z macro-backtrace for more info)

error[E0576]: cannot find method or associated constant `try_size_hint` in 
trait `arbitrary::Arbitrary`
    --> C:\Users\pc\.cargo\registry\src\index.crates.io-1949cf8c6b5b557f\stella
r-xdr-21.2.0\src\curr\generated.rs:3122:42
     |
3122 | #[cfg_attr(feature = "arbitrary", derive(Arbitrary))]
     |                                          ^^^^^^^^^
     |
    ::: C:\Users\pc\.cargo\registry\src\index.crates.io-1949cf8c6b5b557f\arbitr
ary-1.3.2\src\lib.rs:277:5
     |
 277 |     fn size_hint(depth: usize) -> (usize, Option<usize>) {
     |     ---------------------------------------------------- similarly 
named associated function `size_hint` defined here
     |
     = note: this error originates in the derive macro `Arbitrary` (in Nightly 
builds, run with -Z macro-backtrace for more info)

error[E0425]: cannot find type `MaxRecursionReached` in crate `arbitrary`
    --> C:\Users\pc\.cargo\registry\src\index.crates.io-1949cf8c6b5b557f\stella
r-xdr-21.2.0\src\curr\generated.rs:3175:42
     |
3175 | #[cfg_attr(feature = "arbitrary", derive(Arbitrary))]
     |                                          ^^^^^^^^^ not found in 
`arbitrary`
     |
     = note: this error originates in the derive macro `Arbitrary` (in Nightly 
builds, run with -Z macro-backtrace for more info)

error[E0425]: cannot find function `try_recursion_guard` in module 
`arbitrary::size_hint`
    --> C:\Users\pc\.cargo\registry\src\index.crates.io-1949cf8c6b5b557f\stella
r-xdr-21.2.0\src\curr\generated.rs:3175:42
     |
3175 |   #[cfg_attr(feature = "arbitrary", derive(Arbitrary))]
     |                                            ^^^^^^^^^
     |
    ::: C:\Users\pc\.cargo\registry\src\index.crates.io-1949cf8c6b5b557f\arbitr
ary-1.3.2\src\size_hint.rs:12:1
     |
  12 | / pub fn recursion_guard(
  13 | |     depth: usize,
  14 | |     f: impl FnOnce(usize) -> (usize, Option<usize>),
  15 | | ) -> (usize, Option<usize>) {
     | |___________________________- similarly named function 
`recursion_guard` defined here
     |
     = note: this error originates in the derive macro `Arbitrary` (in Nightly 
builds, run with -Z macro-backtrace for more info)

error[E0576]: cannot find method or associated constant `try_size_hint` in 
trait `arbitrary::Arbitrary`
    --> C:\Users\pc\.cargo\registry\src\index.crates.io-1949cf8c6b5b557f\stella
r-xdr-21.2.0\src\curr\generated.rs:3175:42
     |
3175 | #[cfg_attr(feature = "arbitrary", derive(Arbitrary))]
     |                                          ^^^^^^^^^
     |
    ::: C:\Users\pc\.cargo\registry\src\index.crates.io-1949cf8c6b5b557f\arbitr
ary-1.3.2\src\lib.rs:277:5
     |
 277 |     fn size_hint(depth: usize) -> (usize, Option<usize>) {
     |     ---------------------------------------------------- similarly 
named associated function `size_hint` defined here
     |
     = note: this error originates in the derive macro `Arbitrary` (in Nightly 
builds, run with -Z macro-backtrace for more info)

error[E0425]: cannot find type `MaxRecursionReached` in crate `arbitrary`
    --> C:\Users\pc\.cargo\registry\src\index.crates.io-1949cf8c6b5b557f\stella
r-xdr-21.2.0\src\curr\generated.rs:3236:42
     |
3236 | #[cfg_attr(feature = "arbitrary", derive(Arbitrary))]
     |                                          ^^^^^^^^^ not found in 
`arbitrary`
     |
     = note: this error originates in the derive macro `Arbitrary` (in Nightly 
builds, run with -Z macro-backtrace for more info)

error[E0425]: cannot find function `try_recursion_guard` in module 
`arbitrary::size_hint`
    --> C:\Users\pc\.cargo\registry\src\index.crates.io-1949cf8c6b5b557f\stella
r-xdr-21.2.0\src\curr\generated.rs:3236:42
     |
3236 |   #[cfg_attr(feature = "arbitrary", derive(Arbitrary))]
     |                                            ^^^^^^^^^
     |
    ::: C:\Users\pc\.cargo\registry\src\index.crates.io-1949cf8c6b5b557f\arbitr
ary-1.3.2\src\size_hint.rs:12:1
     |
  12 | / pub fn recursion_guard(
  13 | |     depth: usize,
  14 | |     f: impl FnOnce(usize) -> (usize, Option<usize>),
  15 | | ) -> (usize, Option<usize>) {
     | |___________________________- similarly named function 
`recursion_guard` defined here
     |
     = note: this error originates in the derive macro `Arbitrary` (in Nightly 
builds, run with -Z macro-backtrace for more info)

error[E0576]: cannot find method or associated constant `try_size_hint` in 
trait `arbitrary::Arbitrary`
    --> C:\Users\pc\.cargo\registry\src\index.crates.io-1949cf8c6b5b557f\stella
r-xdr-21.2.0\src\curr\generated.rs:3236:42
     |
3236 | #[cfg_attr(feature = "arbitrary", derive(Arbitrary))]
     |                                          ^^^^^^^^^
     |
    ::: C:\Users\pc\.cargo\registry\src\index.crates.io-1949cf8c6b5b557f\arbitr
ary-1.3.2\src\lib.rs:277:5
     |
 277 |     fn size_hint(depth: usize) -> (usize, Option<usize>) {
     |     ---------------------------------------------------- similarly 
named associated function `size_hint` defined here
     |
     = note: this error originates in the derive macro `Arbitrary` (in Nightly 
builds, run with -Z macro-backtrace for more info)

error[E0425]: cannot find type `MaxRecursionReached` in crate `arbitrary`
    --> C:\Users\pc\.cargo\registry\src\index.crates.io-1949cf8c6b5b557f\stella
r-xdr-21.2.0\src\curr\generated.rs:3292:42
     |
3292 | #[cfg_attr(feature = "arbitrary", derive(Arbitrary))]
     |                                          ^^^^^^^^^ not found in 
`arbitrary`
     |
     = note: this error originates in the derive macro `Arbitrary` (in Nightly 
builds, run with -Z macro-backtrace for more info)

error[E0425]: cannot find function `try_recursion_guard` in module 
`arbitrary::size_hint`
    --> C:\Users\pc\.cargo\registry\src\index.crates.io-1949cf8c6b5b557f\stella
r-xdr-21.2.0\src\curr\generated.rs:3292:42
     |
3292 |   #[cfg_attr(feature = "arbitrary", derive(Arbitrary))]
     |                                            ^^^^^^^^^
     |
    ::: C:\Users\pc\.cargo\registry\src\index.crates.io-1949cf8c6b5b557f\arbitr
ary-1.3.2\src\size_hint.rs:12:1
     |
  12 | / pub fn recursion_guard(
  13 | |     depth: usize,
  14 | |     f: impl FnOnce(usize) -> (usize, Option<usize>),
  15 | | ) -> (usize, Option<usize>) {
     | |___________________________- similarly named function 
`recursion_guard` defined here
     |
     = note: this error originates in the derive macro `Arbitrary` (in Nightly 
builds, run with -Z macro-backtrace for more info)

error[E0576]: cannot find method or associated constant `try_size_hint` in 
trait `arbitrary::Arbitrary`
    --> C:\Users\pc\.cargo\registry\src\index.crates.io-1949cf8c6b5b557f\stella
r-xdr-21.2.0\src\curr\generated.rs:3292:42
     |
3292 | #[cfg_attr(feature = "arbitrary", derive(Arbitrary))]
     |                                          ^^^^^^^^^
     |
    ::: C:\Users\pc\.cargo\registry\src\index.crates.io-1949cf8c6b5b557f\arbitr
ary-1.3.2\src\lib.rs:277:5
     |
 277 |     fn size_hint(depth: usize) -> (usize, Option<usize>) {
     |     ---------------------------------------------------- similarly 
named associated function `size_hint` defined here
     |
     = note: this error originates in the derive macro `Arbitrary` (in Nightly 
builds, run with -Z macro-backtrace for more info)

error[E0425]: cannot find type `MaxRecursionReached` in crate `arbitrary`
    --> C:\Users\pc\.cargo\registry\src\index.crates.io-1949cf8c6b5b557f\stella
r-xdr-21.2.0\src\curr\generated.rs:3368:42
     |
3368 | #[cfg_attr(feature = "arbitrary", derive(Arbitrary))]
     |                                          ^^^^^^^^^ not found in 
`arbitrary`
     |
     = note: this error originates in the derive macro `Arbitrary` (in Nightly 
builds, run with -Z macro-backtrace for more info)

error[E0425]: cannot find function `try_recursion_guard` in module 
`arbitrary::size_hint`
    --> C:\Users\pc\.cargo\registry\src\index.crates.io-1949cf8c6b5b557f\stella
r-xdr-21.2.0\src\curr\generated.rs:3368:42
     |
3368 |   #[cfg_attr(feature = "arbitrary", derive(Arbitrary))]
     |                                            ^^^^^^^^^
     |
    ::: C:\Users\pc\.cargo\registry\src\index.crates.io-1949cf8c6b5b557f\arbitr
ary-1.3.2\src\size_hint.rs:12:1
     |
  12 | / pub fn recursion_guard(
  13 | |     depth: usize,
  14 | |     f: impl FnOnce(usize) -> (usize, Option<usize>),
  15 | | ) -> (usize, Option<usize>) {
     | |___________________________- similarly named function 
`recursion_guard` defined here
     |
     = note: this error originates in the derive macro `Arbitrary` (in Nightly 
builds, run with -Z macro-backtrace for more info)

error[E0576]: cannot find method or associated constant `try_size_hint` in 
trait `arbitrary::Arbitrary`
    --> C:\Users\pc\.cargo\registry\src\index.crates.io-1949cf8c6b5b557f\stella
r-xdr-21.2.0\src\curr\generated.rs:3368:42
     |
3368 | #[cfg_attr(feature = "arbitrary", derive(Arbitrary))]
     |                                          ^^^^^^^^^
     |
    ::: C:\Users\pc\.cargo\registry\src\index.crates.io-1949cf8c6b5b557f\arbitr
ary-1.3.2\src\lib.rs:277:5
     |
 277 |     fn size_hint(depth: usize) -> (usize, Option<usize>) {
     |     ---------------------------------------------------- similarly 
named associated function `size_hint` defined here
     |
     = note: this error originates in the derive macro `Arbitrary` (in Nightly 
builds, run with -Z macro-backtrace for more info)

error[E0425]: cannot find type `MaxRecursionReached` in crate `arbitrary`
    --> C:\Users\pc\.cargo\registry\src\index.crates.io-1949cf8c6b5b557f\stella
r-xdr-21.2.0\src\curr\generated.rs:3523:42
     |
3523 | #[cfg_attr(feature = "arbitrary", derive(Arbitrary))]
     |                                          ^^^^^^^^^ not found in 
`arbitrary`
     |
     = note: this error originates in the derive macro `Arbitrary` (in Nightly 
builds, run with -Z macro-backtrace for more info)

error[E0425]: cannot find function `try_recursion_guard` in module 
`arbitrary::size_hint`
    --> C:\Users\pc\.cargo\registry\src\index.crates.io-1949cf8c6b5b557f\stella
r-xdr-21.2.0\src\curr\generated.rs:3523:42
     |
3523 |   #[cfg_attr(feature = "arbitrary", derive(Arbitrary))]
     |                                            ^^^^^^^^^
     |
    ::: C:\Users\pc\.cargo\registry\src\index.crates.io-1949cf8c6b5b557f\arbitr
ary-1.3.2\src\size_hint.rs:12:1
     |
  12 | / pub fn recursion_guard(
  13 | |     depth: usize,
  14 | |     f: impl FnOnce(usize) -> (usize, Option<usize>),
  15 | | ) -> (usize, Option<usize>) {
     | |___________________________- similarly named function 
`recursion_guard` defined here
     |
     = note: this error originates in the derive macro `Arbitrary` (in Nightly 
builds, run with -Z macro-backtrace for more info)

error[E0576]: cannot find method or associated constant `try_size_hint` in 
trait `arbitrary::Arbitrary`
    --> C:\Users\pc\.cargo\registry\src\index.crates.io-1949cf8c6b5b557f\stella
r-xdr-21.2.0\src\curr\generated.rs:3523:42
     |
3523 | #[cfg_attr(feature = "arbitrary", derive(Arbitrary))]
     |                                          ^^^^^^^^^
     |
    ::: C:\Users\pc\.cargo\registry\src\index.crates.io-1949cf8c6b5b557f\arbitr
ary-1.3.2\src\lib.rs:277:5
     |
 277 |     fn size_hint(depth: usize) -> (usize, Option<usize>) {
     |     ---------------------------------------------------- similarly 
named associated function `size_hint` defined here
     |
     = note: this error originates in the derive macro `Arbitrary` (in Nightly 
builds, run with -Z macro-backtrace for more info)

error[E0425]: cannot find type `MaxRecursionReached` in crate `arbitrary`
    --> C:\Users\pc\.cargo\registry\src\index.crates.io-1949cf8c6b5b557f\stella
r-xdr-21.2.0\src\curr\generated.rs:3572:42
     |
3572 | #[cfg_attr(feature = "arbitrary", derive(Arbitrary))]
     |                                          ^^^^^^^^^ not found in 
`arbitrary`
     |
     = note: this error originates in the derive macro `Arbitrary` (in Nightly 
builds, run with -Z macro-backtrace for more info)

error[E0425]: cannot find function `try_recursion_guard` in module 
`arbitrary::size_hint`
    --> C:\Users\pc\.cargo\registry\src\index.crates.io-1949cf8c6b5b557f\stella
r-xdr-21.2.0\src\curr\generated.rs:3572:42
     |
3572 |   #[cfg_attr(feature = "arbitrary", derive(Arbitrary))]
     |                                            ^^^^^^^^^
     |
    ::: C:\Users\pc\.cargo\registry\src\index.crates.io-1949cf8c6b5b557f\arbitr
ary-1.3.2\src\size_hint.rs:12:1
     |
  12 | / pub fn recursion_guard(
  13 | |     depth: usize,
  14 | |     f: impl FnOnce(usize) -> (usize, Option<usize>),
  15 | | ) -> (usize, Option<usize>) {
     | |___________________________- similarly named function 
`recursion_guard` defined here
     |
     = note: this error originates in the derive macro `Arbitrary` (in Nightly 
builds, run with -Z macro-backtrace for more info)

error[E0576]: cannot find method or associated constant `try_size_hint` in 
trait `arbitrary::Arbitrary`
    --> C:\Users\pc\.cargo\registry\src\index.crates.io-1949cf8c6b5b557f\stella
r-xdr-21.2.0\src\curr\generated.rs:3572:42
     |
3572 | #[cfg_attr(feature = "arbitrary", derive(Arbitrary))]
     |                                          ^^^^^^^^^
     |
    ::: C:\Users\pc\.cargo\registry\src\index.crates.io-1949cf8c6b5b557f\arbitr
ary-1.3.2\src\lib.rs:277:5
     |
 277 |     fn size_hint(depth: usize) -> (usize, Option<usize>) {
     |     ---------------------------------------------------- similarly 
named associated function `size_hint` defined here
     |
     = note: this error originates in the derive macro `Arbitrary` (in Nightly 
builds, run with -Z macro-backtrace for more info)

error[E0425]: cannot find type `MaxRecursionReached` in crate `arbitrary`
    --> C:\Users\pc\.cargo\registry\src\index.crates.io-1949cf8c6b5b557f\stella
r-xdr-21.2.0\src\curr\generated.rs:3619:42
     |
3619 | #[cfg_attr(feature = "arbitrary", derive(Arbitrary))]
     |                                          ^^^^^^^^^ not found in 
`arbitrary`
     |
     = note: this error originates in the derive macro `Arbitrary` (in Nightly 
builds, run with -Z macro-backtrace for more info)

error[E0425]: cannot find function `try_recursion_guard` in module 
`arbitrary::size_hint`
    --> C:\Users\pc\.cargo\registry\src\index.crates.io-1949cf8c6b5b557f\stella
r-xdr-21.2.0\src\curr\generated.rs:3619:42
     |
3619 |   #[cfg_attr(feature = "arbitrary", derive(Arbitrary))]
     |                                            ^^^^^^^^^
     |
    ::: C:\Users\pc\.cargo\registry\src\index.crates.io-1949cf8c6b5b557f\arbitr
ary-1.3.2\src\size_hint.rs:12:1
     |
  12 | / pub fn recursion_guard(
  13 | |     depth: usize,
  14 | |     f: impl FnOnce(usize) -> (usize, Option<usize>),
  15 | | ) -> (usize, Option<usize>) {
     | |___________________________- similarly named function 
`recursion_guard` defined here
     |
     = note: this error originates in the derive macro `Arbitrary` (in Nightly 
builds, run with -Z macro-backtrace for more info)

error[E0576]: cannot find method or associated constant `try_size_hint` in 
trait `arbitrary::Arbitrary`
    --> C:\Users\pc\.cargo\registry\src\index.crates.io-1949cf8c6b5b557f\stella
r-xdr-21.2.0\src\curr\generated.rs:3619:42
     |
3619 | #[cfg_attr(feature = "arbitrary", derive(Arbitrary))]
     |                                          ^^^^^^^^^
     |
    ::: C:\Users\pc\.cargo\registry\src\index.crates.io-1949cf8c6b5b557f\arbitr
ary-1.3.2\src\lib.rs:277:5
     |
 277 |     fn size_hint(depth: usize) -> (usize, Option<usize>) {
     |     ---------------------------------------------------- similarly 
named associated function `size_hint` defined here
     |
     = note: this error originates in the derive macro `Arbitrary` (in Nightly 
builds, run with -Z macro-backtrace for more info)

error[E0425]: cannot find type `MaxRecursionReached` in crate `arbitrary`
    --> C:\Users\pc\.cargo\registry\src\index.crates.io-1949cf8c6b5b557f\stella
r-xdr-21.2.0\src\curr\generated.rs:3668:42
     |
3668 | #[cfg_attr(feature = "arbitrary", derive(Arbitrary))]
     |                                          ^^^^^^^^^ not found in 
`arbitrary`
     |
     = note: this error originates in the derive macro `Arbitrary` (in Nightly 
builds, run with -Z macro-backtrace for more info)

error[E0425]: cannot find function `try_recursion_guard` in module 
`arbitrary::size_hint`
    --> C:\Users\pc\.cargo\registry\src\index.crates.io-1949cf8c6b5b557f\stella
r-xdr-21.2.0\src\curr\generated.rs:3668:42
     |
3668 |   #[cfg_attr(feature = "arbitrary", derive(Arbitrary))]
     |                                            ^^^^^^^^^
     |
    ::: C:\Users\pc\.cargo\registry\src\index.crates.io-1949cf8c6b5b557f\arbitr
ary-1.3.2\src\size_hint.rs:12:1
     |
  12 | / pub fn recursion_guard(
  13 | |     depth: usize,
  14 | |     f: impl FnOnce(usize) -> (usize, Option<usize>),
  15 | | ) -> (usize, Option<usize>) {
     | |___________________________- similarly named function 
`recursion_guard` defined here
     |
     = note: this error originates in the derive macro `Arbitrary` (in Nightly 
builds, run with -Z macro-backtrace for more info)

error[E0576]: cannot find method or associated constant `try_size_hint` in 
trait `arbitrary::Arbitrary`
    --> C:\Users\pc\.cargo\registry\src\index.crates.io-1949cf8c6b5b557f\stella
r-xdr-21.2.0\src\curr\generated.rs:3668:42
     |
3668 | #[cfg_attr(feature = "arbitrary", derive(Arbitrary))]
     |                                          ^^^^^^^^^
     |
    ::: C:\Users\pc\.cargo\registry\src\index.crates.io-1949cf8c6b5b557f\arbitr
ary-1.3.2\src\lib.rs:277:5
     |
 277 |     fn size_hint(depth: usize) -> (usize, Option<usize>) {
     |     ---------------------------------------------------- similarly 
named associated function `size_hint` defined here
     |
     = note: this error originates in the derive macro `Arbitrary` (in Nightly 
builds, run with -Z macro-backtrace for more info)

error[E0425]: cannot find type `MaxRecursionReached` in crate `arbitrary`
    --> C:\Users\pc\.cargo\registry\src\index.crates.io-1949cf8c6b5b557f\stella
r-xdr-21.2.0\src\curr\generated.rs:3719:42
     |
3719 | #[cfg_attr(feature = "arbitrary", derive(Arbitrary))]
     |                                          ^^^^^^^^^ not found in 
`arbitrary`
     |
     = note: this error originates in the derive macro `Arbitrary` (in Nightly 
builds, run with -Z macro-backtrace for more info)

error[E0425]: cannot find function `try_recursion_guard` in module 
`arbitrary::size_hint`
    --> C:\Users\pc\.cargo\registry\src\index.crates.io-1949cf8c6b5b557f\stella
r-xdr-21.2.0\src\curr\generated.rs:3719:42
     |
3719 |   #[cfg_attr(feature = "arbitrary", derive(Arbitrary))]
     |                                            ^^^^^^^^^
     |
    ::: C:\Users\pc\.cargo\registry\src\index.crates.io-1949cf8c6b5b557f\arbitr
ary-1.3.2\src\size_hint.rs:12:1
     |
  12 | / pub fn recursion_guard(
  13 | |     depth: usize,
  14 | |     f: impl FnOnce(usize) -> (usize, Option<usize>),
  15 | | ) -> (usize, Option<usize>) {
     | |___________________________- similarly named function 
`recursion_guard` defined here
     |
     = note: this error originates in the derive macro `Arbitrary` (in Nightly 
builds, run with -Z macro-backtrace for more info)

error[E0576]: cannot find method or associated constant `try_size_hint` in 
trait `arbitrary::Arbitrary`
    --> C:\Users\pc\.cargo\registry\src\index.crates.io-1949cf8c6b5b557f\stella
r-xdr-21.2.0\src\curr\generated.rs:3719:42
     |
3719 | #[cfg_attr(feature = "arbitrary", derive(Arbitrary))]
     |                                          ^^^^^^^^^
     |
    ::: C:\Users\pc\.cargo\registry\src\index.crates.io-1949cf8c6b5b557f\arbitr
ary-1.3.2\src\lib.rs:277:5
     |
 277 |     fn size_hint(depth: usize) -> (usize, Option<usize>) {
     |     ---------------------------------------------------- similarly 
named associated function `size_hint` defined here
     |
     = note: this error originates in the derive macro `Arbitrary` (in Nightly 
builds, run with -Z macro-backtrace for more info)

error[E0425]: cannot find type `MaxRecursionReached` in crate `arbitrary`
    --> C:\Users\pc\.cargo\registry\src\index.crates.io-1949cf8c6b5b557f\stella
r-xdr-21.2.0\src\curr\generated.rs:3801:42
     |
3801 | #[cfg_attr(feature = "arbitrary", derive(Arbitrary))]
     |                                          ^^^^^^^^^ not found in 
`arbitrary`
     |
     = note: this error originates in the derive macro `Arbitrary` (in Nightly 
builds, run with -Z macro-backtrace for more info)

error[E0425]: cannot find function `try_recursion_guard` in module 
`arbitrary::size_hint`
    --> C:\Users\pc\.cargo\registry\src\index.crates.io-1949cf8c6b5b557f\stella
r-xdr-21.2.0\src\curr\generated.rs:3801:42
     |
3801 |   #[cfg_attr(feature = "arbitrary", derive(Arbitrary))]
     |                                            ^^^^^^^^^
     |
    ::: C:\Users\pc\.cargo\registry\src\index.crates.io-1949cf8c6b5b557f\arbitr
ary-1.3.2\src\size_hint.rs:12:1
     |
  12 | / pub fn recursion_guard(
  13 | |     depth: usize,
  14 | |     f: impl FnOnce(usize) -> (usize, Option<usize>),
  15 | | ) -> (usize, Option<usize>) {
     | |___________________________- similarly named function 
`recursion_guard` defined here
     |
     = note: this error originates in the derive macro `Arbitrary` (in Nightly 
builds, run with -Z macro-backtrace for more info)

error[E0576]: cannot find method or associated constant `try_size_hint` in 
trait `arbitrary::Arbitrary`
    --> C:\Users\pc\.cargo\registry\src\index.crates.io-1949cf8c6b5b557f\stella
r-xdr-21.2.0\src\curr\generated.rs:3801:42
     |
3801 | #[cfg_attr(feature = "arbitrary", derive(Arbitrary))]
     |                                          ^^^^^^^^^
     |
    ::: C:\Users\pc\.cargo\registry\src\index.crates.io-1949cf8c6b5b557f\arbitr
ary-1.3.2\src\lib.rs:277:5
     |
 277 |     fn size_hint(depth: usize) -> (usize, Option<usize>) {
     |     ---------------------------------------------------- similarly 
named associated function `size_hint` defined here
     |
     = note: this error originates in the derive macro `Arbitrary` (in Nightly 
builds, run with -Z macro-backtrace for more info)

error[E0425]: cannot find type `MaxRecursionReached` in crate `arbitrary`
    --> C:\Users\pc\.cargo\registry\src\index.crates.io-1949cf8c6b5b557f\stella
r-xdr-21.2.0\src\curr\generated.rs:3885:42
     |
3885 | #[cfg_attr(feature = "arbitrary", derive(Arbitrary))]
     |                                          ^^^^^^^^^ not found in 
`arbitrary`
     |
     = note: this error originates in the derive macro `Arbitrary` (in Nightly 
builds, run with -Z macro-backtrace for more info)

error[E0425]: cannot find function `try_recursion_guard` in module 
`arbitrary::size_hint`
    --> C:\Users\pc\.cargo\registry\src\index.crates.io-1949cf8c6b5b557f\stella
r-xdr-21.2.0\src\curr\generated.rs:3885:42
     |
3885 |   #[cfg_attr(feature = "arbitrary", derive(Arbitrary))]
     |                                            ^^^^^^^^^
     |
    ::: C:\Users\pc\.cargo\registry\src\index.crates.io-1949cf8c6b5b557f\arbitr
ary-1.3.2\src\size_hint.rs:12:1
     |
  12 | / pub fn recursion_guard(
  13 | |     depth: usize,
  14 | |     f: impl FnOnce(usize) -> (usize, Option<usize>),
  15 | | ) -> (usize, Option<usize>) {
     | |___________________________- similarly named function 
`recursion_guard` defined here
     |
     = note: this error originates in the derive macro `Arbitrary` (in Nightly 
builds, run with -Z macro-backtrace for more info)

error[E0576]: cannot find method or associated constant `try_size_hint` in 
trait `arbitrary::Arbitrary`
    --> C:\Users\pc\.cargo\registry\src\index.crates.io-1949cf8c6b5b557f\stella
r-xdr-21.2.0\src\curr\generated.rs:3885:42
     |
3885 | #[cfg_attr(feature = "arbitrary", derive(Arbitrary))]
     |                                          ^^^^^^^^^
     |
    ::: C:\Users\pc\.cargo\registry\src\index.crates.io-1949cf8c6b5b557f\arbitr
ary-1.3.2\src\lib.rs:277:5
     |
 277 |     fn size_hint(depth: usize) -> (usize, Option<usize>) {
     |     ---------------------------------------------------- similarly 
named associated function `size_hint` defined here
     |
     = note: this error originates in the derive macro `Arbitrary` (in Nightly 
builds, run with -Z macro-backtrace for more info)

error[E0425]: cannot find type `MaxRecursionReached` in crate `arbitrary`
    --> C:\Users\pc\.cargo\registry\src\index.crates.io-1949cf8c6b5b557f\stella
r-xdr-21.2.0\src\curr\generated.rs:3930:42
     |
3930 | #[cfg_attr(feature = "arbitrary", derive(Arbitrary))]
     |                                          ^^^^^^^^^ not found in 
`arbitrary`
     |
     = note: this error originates in the derive macro `Arbitrary` (in Nightly 
builds, run with -Z macro-backtrace for more info)

error[E0425]: cannot find function `try_recursion_guard` in module 
`arbitrary::size_hint`
    --> C:\Users\pc\.cargo\registry\src\index.crates.io-1949cf8c6b5b557f\stella
r-xdr-21.2.0\src\curr\generated.rs:3930:42
     |
3930 |   #[cfg_attr(feature = "arbitrary", derive(Arbitrary))]
     |                                            ^^^^^^^^^
     |
    ::: C:\Users\pc\.cargo\registry\src\index.crates.io-1949cf8c6b5b557f\arbitr
ary-1.3.2\src\size_hint.rs:12:1
     |
  12 | / pub fn recursion_guard(
  13 | |     depth: usize,
  14 | |     f: impl FnOnce(usize) -> (usize, Option<usize>),
  15 | | ) -> (usize, Option<usize>) {
     | |___________________________- similarly named function 
`recursion_guard` defined here
     |
     = note: this error originates in the derive macro `Arbitrary` (in Nightly 
builds, run with -Z macro-backtrace for more info)

error[E0576]: cannot find method or associated constant `try_size_hint` in 
trait `arbitrary::Arbitrary`
    --> C:\Users\pc\.cargo\registry\src\index.crates.io-1949cf8c6b5b557f\stella
r-xdr-21.2.0\src\curr\generated.rs:3930:42
     |
3930 | #[cfg_attr(feature = "arbitrary", derive(Arbitrary))]
     |                                          ^^^^^^^^^
     |
    ::: C:\Users\pc\.cargo\registry\src\index.crates.io-1949cf8c6b5b557f\arbitr
ary-1.3.2\src\lib.rs:277:5
     |
 277 |     fn size_hint(depth: usize) -> (usize, Option<usize>) {
     |     ---------------------------------------------------- similarly 
named associated function `size_hint` defined here
     |
     = note: this error originates in the derive macro `Arbitrary` (in Nightly 
builds, run with -Z macro-backtrace for more info)

error[E0425]: cannot find type `MaxRecursionReached` in crate `arbitrary`
    --> C:\Users\pc\.cargo\registry\src\index.crates.io-1949cf8c6b5b557f\stella
r-xdr-21.2.0\src\curr\generated.rs:3981:42
     |
3981 | #[cfg_attr(feature = "arbitrary", derive(Arbitrary))]
     |                                          ^^^^^^^^^ not found in 
`arbitrary`
     |
     = note: this error originates in the derive macro `Arbitrary` (in Nightly 
builds, run with -Z macro-backtrace for more info)

error[E0425]: cannot find function `try_recursion_guard` in module 
`arbitrary::size_hint`
    --> C:\Users\pc\.cargo\registry\src\index.crates.io-1949cf8c6b5b557f\stella
r-xdr-21.2.0\src\curr\generated.rs:3981:42
     |
3981 |   #[cfg_attr(feature = "arbitrary", derive(Arbitrary))]
     |                                            ^^^^^^^^^
     |
    ::: C:\Users\pc\.cargo\registry\src\index.crates.io-1949cf8c6b5b557f\arbitr
ary-1.3.2\src\size_hint.rs:12:1
     |
  12 | / pub fn recursion_guard(
  13 | |     depth: usize,
  14 | |     f: impl FnOnce(usize) -> (usize, Option<usize>),
  15 | | ) -> (usize, Option<usize>) {
     | |___________________________- similarly named function 
`recursion_guard` defined here
     |
     = note: this error originates in the derive macro `Arbitrary` (in Nightly 
builds, run with -Z macro-backtrace for more info)

error[E0576]: cannot find method or associated constant `try_size_hint` in 
trait `arbitrary::Arbitrary`
    --> C:\Users\pc\.cargo\registry\src\index.crates.io-1949cf8c6b5b557f\stella
r-xdr-21.2.0\src\curr\generated.rs:3981:42
     |
3981 | #[cfg_attr(feature = "arbitrary", derive(Arbitrary))]
     |                                          ^^^^^^^^^
     |
    ::: C:\Users\pc\.cargo\registry\src\index.crates.io-1949cf8c6b5b557f\arbitr
ary-1.3.2\src\lib.rs:277:5
     |
 277 |     fn size_hint(depth: usize) -> (usize, Option<usize>) {
     |     ---------------------------------------------------- similarly 
named associated function `size_hint` defined here
     |
     = note: this error originates in the derive macro `Arbitrary` (in Nightly 
builds, run with -Z macro-backtrace for more info)

error[E0425]: cannot find type `MaxRecursionReached` in crate `arbitrary`
    --> C:\Users\pc\.cargo\registry\src\index.crates.io-1949cf8c6b5b557f\stella
r-xdr-21.2.0\src\curr\generated.rs:4455:42
     |
4455 | #[cfg_attr(feature = "arbitrary", derive(Arbitrary))]
     |                                          ^^^^^^^^^ not found in 
`arbitrary`
     |
     = note: this error originates in the derive macro `Arbitrary` (in Nightly 
builds, run with -Z macro-backtrace for more info)

error[E0425]: cannot find function `try_recursion_guard` in module 
`arbitrary::size_hint`
    --> C:\Users\pc\.cargo\registry\src\index.crates.io-1949cf8c6b5b557f\stella
r-xdr-21.2.0\src\curr\generated.rs:4455:42
     |
4455 |   #[cfg_attr(feature = "arbitrary", derive(Arbitrary))]
     |                                            ^^^^^^^^^
     |
    ::: C:\Users\pc\.cargo\registry\src\index.crates.io-1949cf8c6b5b557f\arbitr
ary-1.3.2\src\size_hint.rs:12:1
     |
  12 | / pub fn recursion_guard(
  13 | |     depth: usize,
  14 | |     f: impl FnOnce(usize) -> (usize, Option<usize>),
  15 | | ) -> (usize, Option<usize>) {
     | |___________________________- similarly named function 
`recursion_guard` defined here
     |
     = note: this error originates in the derive macro `Arbitrary` (in Nightly 
builds, run with -Z macro-backtrace for more info)

error[E0576]: cannot find method or associated constant `try_size_hint` in 
trait `arbitrary::Arbitrary`
    --> C:\Users\pc\.cargo\registry\src\index.crates.io-1949cf8c6b5b557f\stella
r-xdr-21.2.0\src\curr\generated.rs:4455:42
     |
4455 | #[cfg_attr(feature = "arbitrary", derive(Arbitrary))]
     |                                          ^^^^^^^^^
     |
    ::: C:\Users\pc\.cargo\registry\src\index.crates.io-1949cf8c6b5b557f\arbitr
ary-1.3.2\src\lib.rs:277:5
     |
 277 |     fn size_hint(depth: usize) -> (usize, Option<usize>) {
     |     ---------------------------------------------------- similarly 
named associated function `size_hint` defined here
     |
     = note: this error originates in the derive macro `Arbitrary` (in Nightly 
builds, run with -Z macro-backtrace for more info)

error[E0425]: cannot find type `MaxRecursionReached` in crate `arbitrary`
    --> C:\Users\pc\.cargo\registry\src\index.crates.io-1949cf8c6b5b557f\stella
r-xdr-21.2.0\src\curr\generated.rs:4523:42
     |
4523 | #[cfg_attr(feature = "arbitrary", derive(Arbitrary))]
     |                                          ^^^^^^^^^ not found in 
`arbitrary`
     |
     = note: this error originates in the derive macro `Arbitrary` (in Nightly 
builds, run with -Z macro-backtrace for more info)

error[E0425]: cannot find function `try_recursion_guard` in module 
`arbitrary::size_hint`
    --> C:\Users\pc\.cargo\registry\src\index.crates.io-1949cf8c6b5b557f\stella
r-xdr-21.2.0\src\curr\generated.rs:4523:42
     |
4523 |   #[cfg_attr(feature = "arbitrary", derive(Arbitrary))]
     |                                            ^^^^^^^^^
     |
    ::: C:\Users\pc\.cargo\registry\src\index.crates.io-1949cf8c6b5b557f\arbitr
ary-1.3.2\src\size_hint.rs:12:1
     |
  12 | / pub fn recursion_guard(
  13 | |     depth: usize,
  14 | |     f: impl FnOnce(usize) -> (usize, Option<usize>),
  15 | | ) -> (usize, Option<usize>) {
     | |___________________________- similarly named function 
`recursion_guard` defined here
     |
     = note: this error originates in the derive macro `Arbitrary` (in Nightly 
builds, run with -Z macro-backtrace for more info)

error[E0576]: cannot find method or associated constant `try_size_hint` in 
trait `arbitrary::Arbitrary`
    --> C:\Users\pc\.cargo\registry\src\index.crates.io-1949cf8c6b5b557f\stella
r-xdr-21.2.0\src\curr\generated.rs:4523:42
     |
4523 | #[cfg_attr(feature = "arbitrary", derive(Arbitrary))]
     |                                          ^^^^^^^^^
     |
    ::: C:\Users\pc\.cargo\registry\src\index.crates.io-1949cf8c6b5b557f\arbitr
ary-1.3.2\src\lib.rs:277:5
     |
 277 |     fn size_hint(depth: usize) -> (usize, Option<usize>) {
     |     ---------------------------------------------------- similarly 
named associated function `size_hint` defined here
     |
     = note: this error originates in the derive macro `Arbitrary` (in Nightly 
builds, run with -Z macro-backtrace for more info)

error[E0425]: cannot find type `MaxRecursionReached` in crate `arbitrary`
    --> C:\Users\pc\.cargo\registry\src\index.crates.io-1949cf8c6b5b557f\stella
r-xdr-21.2.0\src\curr\generated.rs:4593:42
     |
4593 | #[cfg_attr(feature = "arbitrary", derive(Arbitrary))]
     |                                          ^^^^^^^^^ not found in 
`arbitrary`
     |
     = note: this error originates in the derive macro `Arbitrary` (in Nightly 
builds, run with -Z macro-backtrace for more info)

error[E0425]: cannot find function `try_recursion_guard` in module 
`arbitrary::size_hint`
    --> C:\Users\pc\.cargo\registry\src\index.crates.io-1949cf8c6b5b557f\stella
r-xdr-21.2.0\src\curr\generated.rs:4593:42
     |
4593 |   #[cfg_attr(feature = "arbitrary", derive(Arbitrary))]
     |                                            ^^^^^^^^^
     |
    ::: C:\Users\pc\.cargo\registry\src\index.crates.io-1949cf8c6b5b557f\arbitr
ary-1.3.2\src\size_hint.rs:12:1
     |
  12 | / pub fn recursion_guard(
  13 | |     depth: usize,
  14 | |     f: impl FnOnce(usize) -> (usize, Option<usize>),
  15 | | ) -> (usize, Option<usize>) {
     | |___________________________- similarly named function 
`recursion_guard` defined here
     |
     = note: this error originates in the derive macro `Arbitrary` (in Nightly 
builds, run with -Z macro-backtrace for more info)

error[E0576]: cannot find method or associated constant `try_size_hint` in 
trait `arbitrary::Arbitrary`
    --> C:\Users\pc\.cargo\registry\src\index.crates.io-1949cf8c6b5b557f\stella
r-xdr-21.2.0\src\curr\generated.rs:4593:42
     |
4593 | #[cfg_attr(feature = "arbitrary", derive(Arbitrary))]
     |                                          ^^^^^^^^^
     |
    ::: C:\Users\pc\.cargo\registry\src\index.crates.io-1949cf8c6b5b557f\arbitr
ary-1.3.2\src\lib.rs:277:5
     |
 277 |     fn size_hint(depth: usize) -> (usize, Option<usize>) {
     |     ---------------------------------------------------- similarly 
named associated function `size_hint` defined here
     |
     = note: this error originates in the derive macro `Arbitrary` (in Nightly 
builds, run with -Z macro-backtrace for more info)

error[E0425]: cannot find type `MaxRecursionReached` in crate `arbitrary`
    --> C:\Users\pc\.cargo\registry\src\index.crates.io-1949cf8c6b5b557f\stella
r-xdr-21.2.0\src\curr\generated.rs:4646:42
     |
4646 | #[cfg_attr(feature = "arbitrary", derive(Arbitrary))]
     |                                          ^^^^^^^^^ not found in 
`arbitrary`
     |
     = note: this error originates in the derive macro `Arbitrary` (in Nightly 
builds, run with -Z macro-backtrace for more info)

error[E0425]: cannot find function `try_recursion_guard` in module 
`arbitrary::size_hint`
    --> C:\Users\pc\.cargo\registry\src\index.crates.io-1949cf8c6b5b557f\stella
r-xdr-21.2.0\src\curr\generated.rs:4646:42
     |
4646 |   #[cfg_attr(feature = "arbitrary", derive(Arbitrary))]
     |                                            ^^^^^^^^^
     |
    ::: C:\Users\pc\.cargo\registry\src\index.crates.io-1949cf8c6b5b557f\arbitr
ary-1.3.2\src\size_hint.rs:12:1
     |
  12 | / pub fn recursion_guard(
  13 | |     depth: usize,
  14 | |     f: impl FnOnce(usize) -> (usize, Option<usize>),
  15 | | ) -> (usize, Option<usize>) {
     | |___________________________- similarly named function 
`recursion_guard` defined here
     |
     = note: this error originates in the derive macro `Arbitrary` (in Nightly 
builds, run with -Z macro-backtrace for more info)

error[E0576]: cannot find method or associated constant `try_size_hint` in 
trait `arbitrary::Arbitrary`
    --> C:\Users\pc\.cargo\registry\src\index.crates.io-1949cf8c6b5b557f\stella
r-xdr-21.2.0\src\curr\generated.rs:4646:42
     |
4646 | #[cfg_attr(feature = "arbitrary", derive(Arbitrary))]
     |                                          ^^^^^^^^^
     |
    ::: C:\Users\pc\.cargo\registry\src\index.crates.io-1949cf8c6b5b557f\arbitr
ary-1.3.2\src\lib.rs:277:5
     |
 277 |     fn size_hint(depth: usize) -> (usize, Option<usize>) {
     |     ---------------------------------------------------- similarly 
named associated function `size_hint` defined here
     |
     = note: this error originates in the derive macro `Arbitrary` (in Nightly 
builds, run with -Z macro-backtrace for more info)

error[E0425]: cannot find type `MaxRecursionReached` in crate `arbitrary`
    --> C:\Users\pc\.cargo\registry\src\index.crates.io-1949cf8c6b5b557f\stella
r-xdr-21.2.0\src\curr\generated.rs:4967:42
     |
4967 | #[cfg_attr(feature = "arbitrary", derive(Arbitrary))]
     |                                          ^^^^^^^^^ not found in 
`arbitrary`
     |
     = note: this error originates in the derive macro `Arbitrary` (in Nightly 
builds, run with -Z macro-backtrace for more info)

error[E0425]: cannot find function `try_recursion_guard` in module 
`arbitrary::size_hint`
    --> C:\Users\pc\.cargo\registry\src\index.crates.io-1949cf8c6b5b557f\stella
r-xdr-21.2.0\src\curr\generated.rs:4967:42
     |
4967 |   #[cfg_attr(feature = "arbitrary", derive(Arbitrary))]
     |                                            ^^^^^^^^^
     |
    ::: C:\Users\pc\.cargo\registry\src\index.crates.io-1949cf8c6b5b557f\arbitr
ary-1.3.2\src\size_hint.rs:12:1
     |
  12 | / pub fn recursion_guard(
  13 | |     depth: usize,
  14 | |     f: impl FnOnce(usize) -> (usize, Option<usize>),
  15 | | ) -> (usize, Option<usize>) {
     | |___________________________- similarly named function 
`recursion_guard` defined here
     |
     = note: this error originates in the derive macro `Arbitrary` (in Nightly 
builds, run with -Z macro-backtrace for more info)

error[E0576]: cannot find method or associated constant `try_size_hint` in 
trait `arbitrary::Arbitrary`
    --> C:\Users\pc\.cargo\registry\src\index.crates.io-1949cf8c6b5b557f\stella
r-xdr-21.2.0\src\curr\generated.rs:4967:42
     |
4967 | #[cfg_attr(feature = "arbitrary", derive(Arbitrary))]
     |                                          ^^^^^^^^^
     |
    ::: C:\Users\pc\.cargo\registry\src\index.crates.io-1949cf8c6b5b557f\arbitr
ary-1.3.2\src\lib.rs:277:5
     |
 277 |     fn size_hint(depth: usize) -> (usize, Option<usize>) {
     |     ---------------------------------------------------- similarly 
named associated function `size_hint` defined here
     |
     = note: this error originates in the derive macro `Arbitrary` (in Nightly 
builds, run with -Z macro-backtrace for more info)

error[E0425]: cannot find type `MaxRecursionReached` in crate `arbitrary`
    --> C:\Users\pc\.cargo\registry\src\index.crates.io-1949cf8c6b5b557f\stella
r-xdr-21.2.0\src\curr\generated.rs:5297:42
     |
5297 | #[cfg_attr(feature = "arbitrary", derive(Arbitrary))]
     |                                          ^^^^^^^^^ not found in 
`arbitrary`
     |
     = note: this error originates in the derive macro `Arbitrary` (in Nightly 
builds, run with -Z macro-backtrace for more info)

error[E0425]: cannot find function `try_recursion_guard` in module 
`arbitrary::size_hint`
    --> C:\Users\pc\.cargo\registry\src\index.crates.io-1949cf8c6b5b557f\stella
r-xdr-21.2.0\src\curr\generated.rs:5297:42
     |
5297 |   #[cfg_attr(feature = "arbitrary", derive(Arbitrary))]
     |                                            ^^^^^^^^^
     |
    ::: C:\Users\pc\.cargo\registry\src\index.crates.io-1949cf8c6b5b557f\arbitr
ary-1.3.2\src\size_hint.rs:12:1
     |
  12 | / pub fn recursion_guard(
  13 | |     depth: usize,
  14 | |     f: impl FnOnce(usize) -> (usize, Option<usize>),
  15 | | ) -> (usize, Option<usize>) {
     | |___________________________- similarly named function 
`recursion_guard` defined here
     |
     = note: this error originates in the derive macro `Arbitrary` (in Nightly 
builds, run with -Z macro-backtrace for more info)

error[E0576]: cannot find method or associated constant `try_size_hint` in 
trait `arbitrary::Arbitrary`
    --> C:\Users\pc\.cargo\registry\src\index.crates.io-1949cf8c6b5b557f\stella
r-xdr-21.2.0\src\curr\generated.rs:5297:42
     |
5297 | #[cfg_attr(feature = "arbitrary", derive(Arbitrary))]
     |                                          ^^^^^^^^^
     |
    ::: C:\Users\pc\.cargo\registry\src\index.crates.io-1949cf8c6b5b557f\arbitr
ary-1.3.2\src\lib.rs:277:5
     |
 277 |     fn size_hint(depth: usize) -> (usize, Option<usize>) {
     |     ---------------------------------------------------- similarly 
named associated function `size_hint` defined here
     |
     = note: this error originates in the derive macro `Arbitrary` (in Nightly 
builds, run with -Z macro-backtrace for more info)

error[E0425]: cannot find type `MaxRecursionReached` in crate `arbitrary`
    --> C:\Users\pc\.cargo\registry\src\index.crates.io-1949cf8c6b5b557f\stella
r-xdr-21.2.0\src\curr\generated.rs:5399:42
     |
5399 | #[cfg_attr(feature = "arbitrary", derive(Arbitrary))]
     |                                          ^^^^^^^^^ not found in 
`arbitrary`
     |
     = note: this error originates in the derive macro `Arbitrary` (in Nightly 
builds, run with -Z macro-backtrace for more info)

error[E0425]: cannot find function `try_recursion_guard` in module 
`arbitrary::size_hint`
    --> C:\Users\pc\.cargo\registry\src\index.crates.io-1949cf8c6b5b557f\stella
r-xdr-21.2.0\src\curr\generated.rs:5399:42
     |
5399 |   #[cfg_attr(feature = "arbitrary", derive(Arbitrary))]
     |                                            ^^^^^^^^^
     |
    ::: C:\Users\pc\.cargo\registry\src\index.crates.io-1949cf8c6b5b557f\arbitr
ary-1.3.2\src\size_hint.rs:12:1
     |
  12 | / pub fn recursion_guard(
  13 | |     depth: usize,
  14 | |     f: impl FnOnce(usize) -> (usize, Option<usize>),
  15 | | ) -> (usize, Option<usize>) {
     | |___________________________- similarly named function 
`recursion_guard` defined here
     |
     = note: this error originates in the derive macro `Arbitrary` (in Nightly 
builds, run with -Z macro-backtrace for more info)

error[E0576]: cannot find method or associated constant `try_size_hint` in 
trait `arbitrary::Arbitrary`
    --> C:\Users\pc\.cargo\registry\src\index.crates.io-1949cf8c6b5b557f\stella
r-xdr-21.2.0\src\curr\generated.rs:5399:42
     |
5399 | #[cfg_attr(feature = "arbitrary", derive(Arbitrary))]
     |                                          ^^^^^^^^^
     |
    ::: C:\Users\pc\.cargo\registry\src\index.crates.io-1949cf8c6b5b557f\arbitr
ary-1.3.2\src\lib.rs:277:5
     |
 277 |     fn size_hint(depth: usize) -> (usize, Option<usize>) {
     |     ---------------------------------------------------- similarly 
named associated function `size_hint` defined here
     |
     = note: this error originates in the derive macro `Arbitrary` (in Nightly 
builds, run with -Z macro-backtrace for more info)

error[E0425]: cannot find type `MaxRecursionReached` in crate `arbitrary`
    --> C:\Users\pc\.cargo\registry\src\index.crates.io-1949cf8c6b5b557f\stella
r-xdr-21.2.0\src\curr\generated.rs:5548:42
     |
5548 | #[cfg_attr(feature = "arbitrary", derive(Arbitrary))]
     |                                          ^^^^^^^^^ not found in 
`arbitrary`
     |
     = note: this error originates in the derive macro `Arbitrary` (in Nightly 
builds, run with -Z macro-backtrace for more info)

error[E0425]: cannot find function `try_recursion_guard` in module 
`arbitrary::size_hint`
    --> C:\Users\pc\.cargo\registry\src\index.crates.io-1949cf8c6b5b557f\stella
r-xdr-21.2.0\src\curr\generated.rs:5548:42
     |
5548 |   #[cfg_attr(feature = "arbitrary", derive(Arbitrary))]
     |                                            ^^^^^^^^^
     |
    ::: C:\Users\pc\.cargo\registry\src\index.crates.io-1949cf8c6b5b557f\arbitr
ary-1.3.2\src\size_hint.rs:12:1
     |
  12 | / pub fn recursion_guard(
  13 | |     depth: usize,
  14 | |     f: impl FnOnce(usize) -> (usize, Option<usize>),
  15 | | ) -> (usize, Option<usize>) {
     | |___________________________- similarly named function 
`recursion_guard` defined here
     |
     = note: this error originates in the derive macro `Arbitrary` (in Nightly 
builds, run with -Z macro-backtrace for more info)

error[E0576]: cannot find method or associated constant `try_size_hint` in 
trait `arbitrary::Arbitrary`
    --> C:\Users\pc\.cargo\registry\src\index.crates.io-1949cf8c6b5b557f\stella
r-xdr-21.2.0\src\curr\generated.rs:5548:42
     |
5548 | #[cfg_attr(feature = "arbitrary", derive(Arbitrary))]
     |                                          ^^^^^^^^^
     |
    ::: C:\Users\pc\.cargo\registry\src\index.crates.io-1949cf8c6b5b557f\arbitr
ary-1.3.2\src\lib.rs:277:5
     |
 277 |     fn size_hint(depth: usize) -> (usize, Option<usize>) {
     |     ---------------------------------------------------- similarly 
named associated function `size_hint` defined here
     |
     = note: this error originates in the derive macro `Arbitrary` (in Nightly 
builds, run with -Z macro-backtrace for more info)

error[E0425]: cannot find type `MaxRecursionReached` in crate `arbitrary`
    --> C:\Users\pc\.cargo\registry\src\index.crates.io-1949cf8c6b5b557f\stella
r-xdr-21.2.0\src\curr\generated.rs:5911:42
     |
5911 | #[cfg_attr(feature = "arbitrary", derive(Arbitrary))]
     |                                          ^^^^^^^^^ not found in 
`arbitrary`
     |
     = note: this error originates in the derive macro `Arbitrary` (in Nightly 
builds, run with -Z macro-backtrace for more info)

error[E0425]: cannot find function `try_recursion_guard` in module 
`arbitrary::size_hint`
    --> C:\Users\pc\.cargo\registry\src\index.crates.io-1949cf8c6b5b557f\stella
r-xdr-21.2.0\src\curr\generated.rs:5911:42
     |
5911 |   #[cfg_attr(feature = "arbitrary", derive(Arbitrary))]
     |                                            ^^^^^^^^^
     |
    ::: C:\Users\pc\.cargo\registry\src\index.crates.io-1949cf8c6b5b557f\arbitr
ary-1.3.2\src\size_hint.rs:12:1
     |
  12 | / pub fn recursion_guard(
  13 | |     depth: usize,
  14 | |     f: impl FnOnce(usize) -> (usize, Option<usize>),
  15 | | ) -> (usize, Option<usize>) {
     | |___________________________- similarly named function 
`recursion_guard` defined here
     |
     = note: this error originates in the derive macro `Arbitrary` (in Nightly 
builds, run with -Z macro-backtrace for more info)

error[E0576]: cannot find method or associated constant `try_size_hint` in 
trait `arbitrary::Arbitrary`
    --> C:\Users\pc\.cargo\registry\src\index.crates.io-1949cf8c6b5b557f\stella
r-xdr-21.2.0\src\curr\generated.rs:5911:42
     |
5911 | #[cfg_attr(feature = "arbitrary", derive(Arbitrary))]
     |                                          ^^^^^^^^^
     |
    ::: C:\Users\pc\.cargo\registry\src\index.crates.io-1949cf8c6b5b557f\arbitr
ary-1.3.2\src\lib.rs:277:5
     |
 277 |     fn size_hint(depth: usize) -> (usize, Option<usize>) {
     |     ---------------------------------------------------- similarly 
named associated function `size_hint` defined here
     |
     = note: this error originates in the derive macro `Arbitrary` (in Nightly 
builds, run with -Z macro-backtrace for more info)

error[E0425]: cannot find type `MaxRecursionReached` in crate `arbitrary`
    --> C:\Users\pc\.cargo\registry\src\index.crates.io-1949cf8c6b5b557f\stella
r-xdr-21.2.0\src\curr\generated.rs:5954:42
     |
5954 | #[cfg_attr(feature = "arbitrary", derive(Arbitrary))]
     |                                          ^^^^^^^^^ not found in 
`arbitrary`
     |
     = note: this error originates in the derive macro `Arbitrary` (in Nightly 
builds, run with -Z macro-backtrace for more info)

error[E0425]: cannot find function `try_recursion_guard` in module 
`arbitrary::size_hint`
    --> C:\Users\pc\.cargo\registry\src\index.crates.io-1949cf8c6b5b557f\stella
r-xdr-21.2.0\src\curr\generated.rs:5954:42
     |
5954 |   #[cfg_attr(feature = "arbitrary", derive(Arbitrary))]
     |                                            ^^^^^^^^^
     |
    ::: C:\Users\pc\.cargo\registry\src\index.crates.io-1949cf8c6b5b557f\arbitr
ary-1.3.2\src\size_hint.rs:12:1
     |
  12 | / pub fn recursion_guard(
  13 | |     depth: usize,
  14 | |     f: impl FnOnce(usize) -> (usize, Option<usize>),
  15 | | ) -> (usize, Option<usize>) {
     | |___________________________- similarly named function 
`recursion_guard` defined here
     |
     = note: this error originates in the derive macro `Arbitrary` (in Nightly 
builds, run with -Z macro-backtrace for more info)

error[E0576]: cannot find method or associated constant `try_size_hint` in 
trait `arbitrary::Arbitrary`
    --> C:\Users\pc\.cargo\registry\src\index.crates.io-1949cf8c6b5b557f\stella
r-xdr-21.2.0\src\curr\generated.rs:5954:42
     |
5954 | #[cfg_attr(feature = "arbitrary", derive(Arbitrary))]
     |                                          ^^^^^^^^^
     |
    ::: C:\Users\pc\.cargo\registry\src\index.crates.io-1949cf8c6b5b557f\arbitr
ary-1.3.2\src\lib.rs:277:5
     |
 277 |     fn size_hint(depth: usize) -> (usize, Option<usize>) {
     |     ---------------------------------------------------- similarly 
named associated function `size_hint` defined here
     |
     = note: this error originates in the derive macro `Arbitrary` (in Nightly 
builds, run with -Z macro-backtrace for more info)

error[E0425]: cannot find type `MaxRecursionReached` in crate `arbitrary`
    --> C:\Users\pc\.cargo\registry\src\index.crates.io-1949cf8c6b5b557f\stella
r-xdr-21.2.0\src\curr\generated.rs:5999:42
     |
5999 | #[cfg_attr(feature = "arbitrary", derive(Arbitrary))]
     |                                          ^^^^^^^^^ not found in 
`arbitrary`
     |
     = note: this error originates in the derive macro `Arbitrary` (in Nightly 
builds, run with -Z macro-backtrace for more info)

error[E0425]: cannot find function `try_recursion_guard` in module 
`arbitrary::size_hint`
    --> C:\Users\pc\.cargo\registry\src\index.crates.io-1949cf8c6b5b557f\stella
r-xdr-21.2.0\src\curr\generated.rs:5999:42
     |
5999 |   #[cfg_attr(feature = "arbitrary", derive(Arbitrary))]
     |                                            ^^^^^^^^^
     |
    ::: C:\Users\pc\.cargo\registry\src\index.crates.io-1949cf8c6b5b557f\arbitr
ary-1.3.2\src\size_hint.rs:12:1
     |
  12 | / pub fn recursion_guard(
  13 | |     depth: usize,
  14 | |     f: impl FnOnce(usize) -> (usize, Option<usize>),
  15 | | ) -> (usize, Option<usize>) {
     | |___________________________- similarly named function 
`recursion_guard` defined here
     |
     = note: this error originates in the derive macro `Arbitrary` (in Nightly 
builds, run with -Z macro-backtrace for more info)

error[E0576]: cannot find method or associated constant `try_size_hint` in 
trait `arbitrary::Arbitrary`
    --> C:\Users\pc\.cargo\registry\src\index.crates.io-1949cf8c6b5b557f\stella
r-xdr-21.2.0\src\curr\generated.rs:5999:42
     |
5999 | #[cfg_attr(feature = "arbitrary", derive(Arbitrary))]
     |                                          ^^^^^^^^^
     |
    ::: C:\Users\pc\.cargo\registry\src\index.crates.io-1949cf8c6b5b557f\arbitr
ary-1.3.2\src\lib.rs:277:5
     |
 277 |     fn size_hint(depth: usize) -> (usize, Option<usize>) {
     |     ---------------------------------------------------- similarly 
named associated function `size_hint` defined here
     |
     = note: this error originates in the derive macro `Arbitrary` (in Nightly 
builds, run with -Z macro-backtrace for more info)

error[E0425]: cannot find type `MaxRecursionReached` in crate `arbitrary`
    --> C:\Users\pc\.cargo\registry\src\index.crates.io-1949cf8c6b5b557f\stella
r-xdr-21.2.0\src\curr\generated.rs:6042:42
     |
6042 | #[cfg_attr(feature = "arbitrary", derive(Arbitrary))]
     |                                          ^^^^^^^^^ not found in 
`arbitrary`
     |
     = note: this error originates in the derive macro `Arbitrary` (in Nightly 
builds, run with -Z macro-backtrace for more info)

error[E0425]: cannot find function `try_recursion_guard` in module 
`arbitrary::size_hint`
    --> C:\Users\pc\.cargo\registry\src\index.crates.io-1949cf8c6b5b557f\stella
r-xdr-21.2.0\src\curr\generated.rs:6042:42
     |
6042 |   #[cfg_attr(feature = "arbitrary", derive(Arbitrary))]
     |                                            ^^^^^^^^^
     |
    ::: C:\Users\pc\.cargo\registry\src\index.crates.io-1949cf8c6b5b557f\arbitr
ary-1.3.2\src\size_hint.rs:12:1
     |
  12 | / pub fn recursion_guard(
  13 | |     depth: usize,
  14 | |     f: impl FnOnce(usize) -> (usize, Option<usize>),
  15 | | ) -> (usize, Option<usize>) {
     | |___________________________- similarly named function 
`recursion_guard` defined here
     |
     = note: this error originates in the derive macro `Arbitrary` (in Nightly 
builds, run with -Z macro-backtrace for more info)

error[E0576]: cannot find method or associated constant `try_size_hint` in 
trait `arbitrary::Arbitrary`
    --> C:\Users\pc\.cargo\registry\src\index.crates.io-1949cf8c6b5b557f\stella
r-xdr-21.2.0\src\curr\generated.rs:6042:42
     |
6042 | #[cfg_attr(feature = "arbitrary", derive(Arbitrary))]
     |                                          ^^^^^^^^^
     |
    ::: C:\Users\pc\.cargo\registry\src\index.crates.io-1949cf8c6b5b557f\arbitr
ary-1.3.2\src\lib.rs:277:5
     |
 277 |     fn size_hint(depth: usize) -> (usize, Option<usize>) {
     |     ---------------------------------------------------- similarly 
named associated function `size_hint` defined here
     |
     = note: this error originates in the derive macro `Arbitrary` (in Nightly 
builds, run with -Z macro-backtrace for more info)

error[E0425]: cannot find type `MaxRecursionReached` in crate `arbitrary`
    --> C:\Users\pc\.cargo\registry\src\index.crates.io-1949cf8c6b5b557f\stella
r-xdr-21.2.0\src\curr\generated.rs:6087:42
     |
6087 | #[cfg_attr(feature = "arbitrary", derive(Arbitrary))]
     |                                          ^^^^^^^^^ not found in 
`arbitrary`
     |
     = note: this error originates in the derive macro `Arbitrary` (in Nightly 
builds, run with -Z macro-backtrace for more info)

error[E0425]: cannot find function `try_recursion_guard` in module 
`arbitrary::size_hint`
    --> C:\Users\pc\.cargo\registry\src\index.crates.io-1949cf8c6b5b557f\stella
r-xdr-21.2.0\src\curr\generated.rs:6087:42
     |
6087 |   #[cfg_attr(feature = "arbitrary", derive(Arbitrary))]
     |                                            ^^^^^^^^^
     |
    ::: C:\Users\pc\.cargo\registry\src\index.crates.io-1949cf8c6b5b557f\arbitr
ary-1.3.2\src\size_hint.rs:12:1
     |
  12 | / pub fn recursion_guard(
  13 | |     depth: usize,
  14 | |     f: impl FnOnce(usize) -> (usize, Option<usize>),
  15 | | ) -> (usize, Option<usize>) {
     | |___________________________- similarly named function 
`recursion_guard` defined here
     |
     = note: this error originates in the derive macro `Arbitrary` (in Nightly 
builds, run with -Z macro-backtrace for more info)

error[E0576]: cannot find method or associated constant `try_size_hint` in 
trait `arbitrary::Arbitrary`
    --> C:\Users\pc\.cargo\registry\src\index.crates.io-1949cf8c6b5b557f\stella
r-xdr-21.2.0\src\curr\generated.rs:6087:42
     |
6087 | #[cfg_attr(feature = "arbitrary", derive(Arbitrary))]
     |                                          ^^^^^^^^^
     |
    ::: C:\Users\pc\.cargo\registry\src\index.crates.io-1949cf8c6b5b557f\arbitr
ary-1.3.2\src\lib.rs:277:5
     |
 277 |     fn size_hint(depth: usize) -> (usize, Option<usize>) {
     |     ---------------------------------------------------- similarly 
named associated function `size_hint` defined here
     |
     = note: this error originates in the derive macro `Arbitrary` (in Nightly 
builds, run with -Z macro-backtrace for more info)

error[E0425]: cannot find type `MaxRecursionReached` in crate `arbitrary`
    --> C:\Users\pc\.cargo\registry\src\index.crates.io-1949cf8c6b5b557f\stella
r-xdr-21.2.0\src\curr\generated.rs:6129:42
     |
6129 | #[cfg_attr(feature = "arbitrary", derive(Arbitrary))]
     |                                          ^^^^^^^^^ not found in 
`arbitrary`
     |
     = note: this error originates in the derive macro `Arbitrary` (in Nightly 
builds, run with -Z macro-backtrace for more info)

error[E0425]: cannot find function `try_recursion_guard` in module 
`arbitrary::size_hint`
    --> C:\Users\pc\.cargo\registry\src\index.crates.io-1949cf8c6b5b557f\stella
r-xdr-21.2.0\src\curr\generated.rs:6129:42
     |
6129 |   #[cfg_attr(feature = "arbitrary", derive(Arbitrary))]
     |                                            ^^^^^^^^^
     |
    ::: C:\Users\pc\.cargo\registry\src\index.crates.io-1949cf8c6b5b557f\arbitr
ary-1.3.2\src\size_hint.rs:12:1
     |
  12 | / pub fn recursion_guard(
  13 | |     depth: usize,
  14 | |     f: impl FnOnce(usize) -> (usize, Option<usize>),
  15 | | ) -> (usize, Option<usize>) {
     | |___________________________- similarly named function 
`recursion_guard` defined here
     |
     = note: this error originates in the derive macro `Arbitrary` (in Nightly 
builds, run with -Z macro-backtrace for more info)

error[E0576]: cannot find method or associated constant `try_size_hint` in 
trait `arbitrary::Arbitrary`
    --> C:\Users\pc\.cargo\registry\src\index.crates.io-1949cf8c6b5b557f\stella
r-xdr-21.2.0\src\curr\generated.rs:6129:42
     |
6129 | #[cfg_attr(feature = "arbitrary", derive(Arbitrary))]
     |                                          ^^^^^^^^^
     |
    ::: C:\Users\pc\.cargo\registry\src\index.crates.io-1949cf8c6b5b557f\arbitr
ary-1.3.2\src\lib.rs:277:5
     |
 277 |     fn size_hint(depth: usize) -> (usize, Option<usize>) {
     |     ---------------------------------------------------- similarly 
named associated function `size_hint` defined here
     |
     = note: this error originates in the derive macro `Arbitrary` (in Nightly 
builds, run with -Z macro-backtrace for more info)

error[E0425]: cannot find type `MaxRecursionReached` in crate `arbitrary`
    --> C:\Users\pc\.cargo\registry\src\index.crates.io-1949cf8c6b5b557f\stella
r-xdr-21.2.0\src\curr\generated.rs:6171:42
     |
6171 | #[cfg_attr(feature = "arbitrary", derive(Arbitrary))]
     |                                          ^^^^^^^^^ not found in 
`arbitrary`
     |
     = note: this error originates in the derive macro `Arbitrary` (in Nightly 
builds, run with -Z macro-backtrace for more info)

error[E0425]: cannot find function `try_recursion_guard` in module 
`arbitrary::size_hint`
    --> C:\Users\pc\.cargo\registry\src\index.crates.io-1949cf8c6b5b557f\stella
r-xdr-21.2.0\src\curr\generated.rs:6171:42
     |
6171 |   #[cfg_attr(feature = "arbitrary", derive(Arbitrary))]
     |                                            ^^^^^^^^^
     |
    ::: C:\Users\pc\.cargo\registry\src\index.crates.io-1949cf8c6b5b557f\arbitr
ary-1.3.2\src\size_hint.rs:12:1
     |
  12 | / pub fn recursion_guard(
  13 | |     depth: usize,
  14 | |     f: impl FnOnce(usize) -> (usize, Option<usize>),
  15 | | ) -> (usize, Option<usize>) {
     | |___________________________- similarly named function 
`recursion_guard` defined here
     |
     = note: this error originates in the derive macro `Arbitrary` (in Nightly 
builds, run with -Z macro-backtrace for more info)

error[E0576]: cannot find method or associated constant `try_size_hint` in 
trait `arbitrary::Arbitrary`
    --> C:\Users\pc\.cargo\registry\src\index.crates.io-1949cf8c6b5b557f\stella
r-xdr-21.2.0\src\curr\generated.rs:6171:42
     |
6171 | #[cfg_attr(feature = "arbitrary", derive(Arbitrary))]
     |                                          ^^^^^^^^^
     |
    ::: C:\Users\pc\.cargo\registry\src\index.crates.io-1949cf8c6b5b557f\arbitr
ary-1.3.2\src\lib.rs:277:5
     |
 277 |     fn size_hint(depth: usize) -> (usize, Option<usize>) {
     |     ---------------------------------------------------- similarly 
named associated function `size_hint` defined here
     |
     = note: this error originates in the derive macro `Arbitrary` (in Nightly 
builds, run with -Z macro-backtrace for more info)

error[E0425]: cannot find type `MaxRecursionReached` in crate `arbitrary`
    --> C:\Users\pc\.cargo\registry\src\index.crates.io-1949cf8c6b5b557f\stella
r-xdr-21.2.0\src\curr\generated.rs:6246:42
     |
6246 | #[cfg_attr(feature = "arbitrary", derive(Arbitrary))]
     |                                          ^^^^^^^^^ not found in 
`arbitrary`
     |
     = note: this error originates in the derive macro `Arbitrary` (in Nightly 
builds, run with -Z macro-backtrace for more info)

error[E0425]: cannot find function `try_recursion_guard` in module 
`arbitrary::size_hint`
    --> C:\Users\pc\.cargo\registry\src\index.crates.io-1949cf8c6b5b557f\stella
r-xdr-21.2.0\src\curr\generated.rs:6246:42
     |
6246 |   #[cfg_attr(feature = "arbitrary", derive(Arbitrary))]
     |                                            ^^^^^^^^^
     |
    ::: C:\Users\pc\.cargo\registry\src\index.crates.io-1949cf8c6b5b557f\arbitr
ary-1.3.2\src\size_hint.rs:12:1
     |
  12 | / pub fn recursion_guard(
  13 | |     depth: usize,
  14 | |     f: impl FnOnce(usize) -> (usize, Option<usize>),
  15 | | ) -> (usize, Option<usize>) {
     | |___________________________- similarly named function 
`recursion_guard` defined here
     |
     = note: this error originates in the derive macro `Arbitrary` (in Nightly 
builds, run with -Z macro-backtrace for more info)

error[E0576]: cannot find method or associated constant `try_size_hint` in 
trait `arbitrary::Arbitrary`
    --> C:\Users\pc\.cargo\registry\src\index.crates.io-1949cf8c6b5b557f\stella
r-xdr-21.2.0\src\curr\generated.rs:6246:42
     |
6246 | #[cfg_attr(feature = "arbitrary", derive(Arbitrary))]
     |                                          ^^^^^^^^^
     |
    ::: C:\Users\pc\.cargo\registry\src\index.crates.io-1949cf8c6b5b557f\arbitr
ary-1.3.2\src\lib.rs:277:5
     |
 277 |     fn size_hint(depth: usize) -> (usize, Option<usize>) {
     |     ---------------------------------------------------- similarly 
named associated function `size_hint` defined here
     |
     = note: this error originates in the derive macro `Arbitrary` (in Nightly 
builds, run with -Z macro-backtrace for more info)

error[E0425]: cannot find type `MaxRecursionReached` in crate `arbitrary`
    --> C:\Users\pc\.cargo\registry\src\index.crates.io-1949cf8c6b5b557f\stella
r-xdr-21.2.0\src\curr\generated.rs:6519:42
     |
6519 | #[cfg_attr(feature = "arbitrary", derive(Arbitrary))]
     |                                          ^^^^^^^^^ not found in 
`arbitrary`
     |
     = note: this error originates in the derive macro `Arbitrary` (in Nightly 
builds, run with -Z macro-backtrace for more info)

error[E0425]: cannot find function `try_recursion_guard` in module 
`arbitrary::size_hint`
    --> C:\Users\pc\.cargo\registry\src\index.crates.io-1949cf8c6b5b557f\stella
r-xdr-21.2.0\src\curr\generated.rs:6519:42
     |
6519 |   #[cfg_attr(feature = "arbitrary", derive(Arbitrary))]
     |                                            ^^^^^^^^^
     |
    ::: C:\Users\pc\.cargo\registry\src\index.crates.io-1949cf8c6b5b557f\arbitr
ary-1.3.2\src\size_hint.rs:12:1
     |
  12 | / pub fn recursion_guard(
  13 | |     depth: usize,
  14 | |     f: impl FnOnce(usize) -> (usize, Option<usize>),
  15 | | ) -> (usize, Option<usize>) {
     | |___________________________- similarly named function 
`recursion_guard` defined here
     |
     = note: this error originates in the derive macro `Arbitrary` (in Nightly 
builds, run with -Z macro-backtrace for more info)

error[E0576]: cannot find method or associated constant `try_size_hint` in 
trait `arbitrary::Arbitrary`
    --> C:\Users\pc\.cargo\registry\src\index.crates.io-1949cf8c6b5b557f\stella
r-xdr-21.2.0\src\curr\generated.rs:6519:42
     |
6519 | #[cfg_attr(feature = "arbitrary", derive(Arbitrary))]
     |                                          ^^^^^^^^^
     |
    ::: C:\Users\pc\.cargo\registry\src\index.crates.io-1949cf8c6b5b557f\arbitr
ary-1.3.2\src\lib.rs:277:5
     |
 277 |     fn size_hint(depth: usize) -> (usize, Option<usize>) {
     |     ---------------------------------------------------- similarly 
named associated function `size_hint` defined here
     |
     = note: this error originates in the derive macro `Arbitrary` (in Nightly 
builds, run with -Z macro-backtrace for more info)

error[E0425]: cannot find type `MaxRecursionReached` in crate `arbitrary`
    --> C:\Users\pc\.cargo\registry\src\index.crates.io-1949cf8c6b5b557f\stella
r-xdr-21.2.0\src\curr\generated.rs:6570:42
     |
6570 | #[cfg_attr(feature = "arbitrary", derive(Arbitrary))]
     |                                          ^^^^^^^^^ not found in 
`arbitrary`
     |
     = note: this error originates in the derive macro `Arbitrary` (in Nightly 
builds, run with -Z macro-backtrace for more info)

error[E0425]: cannot find function `try_recursion_guard` in module 
`arbitrary::size_hint`
    --> C:\Users\pc\.cargo\registry\src\index.crates.io-1949cf8c6b5b557f\stella
r-xdr-21.2.0\src\curr\generated.rs:6570:42
     |
6570 |   #[cfg_attr(feature = "arbitrary", derive(Arbitrary))]
     |                                            ^^^^^^^^^
     |
    ::: C:\Users\pc\.cargo\registry\src\index.crates.io-1949cf8c6b5b557f\arbitr
ary-1.3.2\src\size_hint.rs:12:1
     |
  12 | / pub fn recursion_guard(
  13 | |     depth: usize,
  14 | |     f: impl FnOnce(usize) -> (usize, Option<usize>),
  15 | | ) -> (usize, Option<usize>) {
     | |___________________________- similarly named function 
`recursion_guard` defined here
     |
     = note: this error originates in the derive macro `Arbitrary` (in Nightly 
builds, run with -Z macro-backtrace for more info)

error[E0576]: cannot find method or associated constant `try_size_hint` in 
trait `arbitrary::Arbitrary`
    --> C:\Users\pc\.cargo\registry\src\index.crates.io-1949cf8c6b5b557f\stella
r-xdr-21.2.0\src\curr\generated.rs:6570:42
     |
6570 | #[cfg_attr(feature = "arbitrary", derive(Arbitrary))]
     |                                          ^^^^^^^^^
     |
    ::: C:\Users\pc\.cargo\registry\src\index.crates.io-1949cf8c6b5b557f\arbitr
ary-1.3.2\src\lib.rs:277:5
     |
 277 |     fn size_hint(depth: usize) -> (usize, Option<usize>) {
     |     ---------------------------------------------------- similarly 
named associated function `size_hint` defined here
     |
     = note: this error originates in the derive macro `Arbitrary` (in Nightly 
builds, run with -Z macro-backtrace for more info)

error[E0425]: cannot find type `MaxRecursionReached` in crate `arbitrary`
    --> C:\Users\pc\.cargo\registry\src\index.crates.io-1949cf8c6b5b557f\stella
r-xdr-21.2.0\src\curr\generated.rs:6622:42
     |
6622 | #[cfg_attr(feature = "arbitrary", derive(Arbitrary))]
     |                                          ^^^^^^^^^ not found in 
`arbitrary`
     |
     = note: this error originates in the derive macro `Arbitrary` (in Nightly 
builds, run with -Z macro-backtrace for more info)

error[E0425]: cannot find function `try_recursion_guard` in module 
`arbitrary::size_hint`
    --> C:\Users\pc\.cargo\registry\src\index.crates.io-1949cf8c6b5b557f\stella
r-xdr-21.2.0\src\curr\generated.rs:6622:42
     |
6622 |   #[cfg_attr(feature = "arbitrary", derive(Arbitrary))]
     |                                            ^^^^^^^^^
     |
    ::: C:\Users\pc\.cargo\registry\src\index.crates.io-1949cf8c6b5b557f\arbitr
ary-1.3.2\src\size_hint.rs:12:1
     |
  12 | / pub fn recursion_guard(
  13 | |     depth: usize,
  14 | |     f: impl FnOnce(usize) -> (usize, Option<usize>),
  15 | | ) -> (usize, Option<usize>) {
     | |___________________________- similarly named function 
`recursion_guard` defined here
     |
     = note: this error originates in the derive macro `Arbitrary` (in Nightly 
builds, run with -Z macro-backtrace for more info)

error[E0576]: cannot find method or associated constant `try_size_hint` in 
trait `arbitrary::Arbitrary`
    --> C:\Users\pc\.cargo\registry\src\index.crates.io-1949cf8c6b5b557f\stella
r-xdr-21.2.0\src\curr\generated.rs:6622:42
     |
6622 | #[cfg_attr(feature = "arbitrary", derive(Arbitrary))]
     |                                          ^^^^^^^^^
     |
    ::: C:\Users\pc\.cargo\registry\src\index.crates.io-1949cf8c6b5b557f\arbitr
ary-1.3.2\src\lib.rs:277:5
     |
 277 |     fn size_hint(depth: usize) -> (usize, Option<usize>) {
     |     ---------------------------------------------------- similarly 
named associated function `size_hint` defined here
     |
     = note: this error originates in the derive macro `Arbitrary` (in Nightly 
builds, run with -Z macro-backtrace for more info)

error[E0425]: cannot find type `MaxRecursionReached` in crate `arbitrary`
    --> C:\Users\pc\.cargo\registry\src\index.crates.io-1949cf8c6b5b557f\stella
r-xdr-21.2.0\src\curr\generated.rs:6669:42
     |
6669 | #[cfg_attr(feature = "arbitrary", derive(Arbitrary))]
     |                                          ^^^^^^^^^ not found in 
`arbitrary`
     |
     = note: this error originates in the derive macro `Arbitrary` (in Nightly 
builds, run with -Z macro-backtrace for more info)

error[E0425]: cannot find function `try_recursion_guard` in module 
`arbitrary::size_hint`
    --> C:\Users\pc\.cargo\registry\src\index.crates.io-1949cf8c6b5b557f\stella
r-xdr-21.2.0\src\curr\generated.rs:6669:42
     |
6669 |   #[cfg_attr(feature = "arbitrary", derive(Arbitrary))]
     |                                            ^^^^^^^^^
     |
    ::: C:\Users\pc\.cargo\registry\src\index.crates.io-1949cf8c6b5b557f\arbitr
ary-1.3.2\src\size_hint.rs:12:1
     |
  12 | / pub fn recursion_guard(
  13 | |     depth: usize,
  14 | |     f: impl FnOnce(usize) -> (usize, Option<usize>),
  15 | | ) -> (usize, Option<usize>) {
     | |___________________________- similarly named function 
`recursion_guard` defined here
     |
     = note: this error originates in the derive macro `Arbitrary` (in Nightly 
builds, run with -Z macro-backtrace for more info)

error[E0576]: cannot find method or associated constant `try_size_hint` in 
trait `arbitrary::Arbitrary`
    --> C:\Users\pc\.cargo\registry\src\index.crates.io-1949cf8c6b5b557f\stella
r-xdr-21.2.0\src\curr\generated.rs:6669:42
     |
6669 | #[cfg_attr(feature = "arbitrary", derive(Arbitrary))]
     |                                          ^^^^^^^^^
     |
    ::: C:\Users\pc\.cargo\registry\src\index.crates.io-1949cf8c6b5b557f\arbitr
ary-1.3.2\src\lib.rs:277:5
     |
 277 |     fn size_hint(depth: usize) -> (usize, Option<usize>) {
     |     ---------------------------------------------------- similarly 
named associated function `size_hint` defined here
     |
     = note: this error originates in the derive macro `Arbitrary` (in Nightly 
builds, run with -Z macro-backtrace for more info)

error[E0425]: cannot find type `MaxRecursionReached` in crate `arbitrary`
    --> C:\Users\pc\.cargo\registry\src\index.crates.io-1949cf8c6b5b557f\stella
r-xdr-21.2.0\src\curr\generated.rs:6830:42
     |
6830 | #[cfg_attr(feature = "arbitrary", derive(Arbitrary))]
     |                                          ^^^^^^^^^ not found in 
`arbitrary`
     |
     = note: this error originates in the derive macro `Arbitrary` (in Nightly 
builds, run with -Z macro-backtrace for more info)

error[E0425]: cannot find function `try_recursion_guard` in module 
`arbitrary::size_hint`
    --> C:\Users\pc\.cargo\registry\src\index.crates.io-1949cf8c6b5b557f\stella
r-xdr-21.2.0\src\curr\generated.rs:6830:42
     |
6830 |   #[cfg_attr(feature = "arbitrary", derive(Arbitrary))]
     |                                            ^^^^^^^^^
     |
    ::: C:\Users\pc\.cargo\registry\src\index.crates.io-1949cf8c6b5b557f\arbitr
ary-1.3.2\src\size_hint.rs:12:1
     |
  12 | / pub fn recursion_guard(
  13 | |     depth: usize,
  14 | |     f: impl FnOnce(usize) -> (usize, Option<usize>),
  15 | | ) -> (usize, Option<usize>) {
     | |___________________________- similarly named function 
`recursion_guard` defined here
     |
     = note: this error originates in the derive macro `Arbitrary` (in Nightly 
builds, run with -Z macro-backtrace for more info)

error[E0576]: cannot find method or associated constant `try_size_hint` in 
trait `arbitrary::Arbitrary`
    --> C:\Users\pc\.cargo\registry\src\index.crates.io-1949cf8c6b5b557f\stella
r-xdr-21.2.0\src\curr\generated.rs:6830:42
     |
6830 | #[cfg_attr(feature = "arbitrary", derive(Arbitrary))]
     |                                          ^^^^^^^^^
     |
    ::: C:\Users\pc\.cargo\registry\src\index.crates.io-1949cf8c6b5b557f\arbitr
ary-1.3.2\src\lib.rs:277:5
     |
 277 |     fn size_hint(depth: usize) -> (usize, Option<usize>) {
     |     ---------------------------------------------------- similarly 
named associated function `size_hint` defined here
     |
     = note: this error originates in the derive macro `Arbitrary` (in Nightly 
builds, run with -Z macro-backtrace for more info)

error[E0425]: cannot find type `MaxRecursionReached` in crate `arbitrary`
    --> C:\Users\pc\.cargo\registry\src\index.crates.io-1949cf8c6b5b557f\stella
r-xdr-21.2.0\src\curr\generated.rs:6944:42
     |
6944 | #[cfg_attr(feature = "arbitrary", derive(Arbitrary))]
     |                                          ^^^^^^^^^ not found in 
`arbitrary`
     |
     = note: this error originates in the derive macro `Arbitrary` (in Nightly 
builds, run with -Z macro-backtrace for more info)

error[E0425]: cannot find function `try_recursion_guard` in module 
`arbitrary::size_hint`
    --> C:\Users\pc\.cargo\registry\src\index.crates.io-1949cf8c6b5b557f\stella
r-xdr-21.2.0\src\curr\generated.rs:6944:42
     |
6944 |   #[cfg_attr(feature = "arbitrary", derive(Arbitrary))]
     |                                            ^^^^^^^^^
     |
    ::: C:\Users\pc\.cargo\registry\src\index.crates.io-1949cf8c6b5b557f\arbitr
ary-1.3.2\src\size_hint.rs:12:1
     |
  12 | / pub fn recursion_guard(
  13 | |     depth: usize,
  14 | |     f: impl FnOnce(usize) -> (usize, Option<usize>),
  15 | | ) -> (usize, Option<usize>) {
     | |___________________________- similarly named function 
`recursion_guard` defined here
     |
     = note: this error originates in the derive macro `Arbitrary` (in Nightly 
builds, run with -Z macro-backtrace for more info)

error[E0576]: cannot find method or associated constant `try_size_hint` in 
trait `arbitrary::Arbitrary`
    --> C:\Users\pc\.cargo\registry\src\index.crates.io-1949cf8c6b5b557f\stella
r-xdr-21.2.0\src\curr\generated.rs:6944:42
     |
6944 | #[cfg_attr(feature = "arbitrary", derive(Arbitrary))]
     |                                          ^^^^^^^^^
     |
    ::: C:\Users\pc\.cargo\registry\src\index.crates.io-1949cf8c6b5b557f\arbitr
ary-1.3.2\src\lib.rs:277:5
     |
 277 |     fn size_hint(depth: usize) -> (usize, Option<usize>) {
     |     ---------------------------------------------------- similarly 
named associated function `size_hint` defined here
     |
     = note: this error originates in the derive macro `Arbitrary` (in Nightly 
builds, run with -Z macro-backtrace for more info)

error[E0425]: cannot find type `MaxRecursionReached` in crate `arbitrary`
    --> C:\Users\pc\.cargo\registry\src\index.crates.io-1949cf8c6b5b557f\stella
r-xdr-21.2.0\src\curr\generated.rs:6997:42
     |
6997 | #[cfg_attr(feature = "arbitrary", derive(Arbitrary))]
     |                                          ^^^^^^^^^ not found in 
`arbitrary`
     |
     = note: this error originates in the derive macro `Arbitrary` (in Nightly 
builds, run with -Z macro-backtrace for more info)

error[E0425]: cannot find function `try_recursion_guard` in module 
`arbitrary::size_hint`
    --> C:\Users\pc\.cargo\registry\src\index.crates.io-1949cf8c6b5b557f\stella
r-xdr-21.2.0\src\curr\generated.rs:6997:42
     |
6997 |   #[cfg_attr(feature = "arbitrary", derive(Arbitrary))]
     |                                            ^^^^^^^^^
     |
    ::: C:\Users\pc\.cargo\registry\src\index.crates.io-1949cf8c6b5b557f\arbitr
ary-1.3.2\src\size_hint.rs:12:1
     |
  12 | / pub fn recursion_guard(
  13 | |     depth: usize,
  14 | |     f: impl FnOnce(usize) -> (usize, Option<usize>),
  15 | | ) -> (usize, Option<usize>) {
     | |___________________________- similarly named function 
`recursion_guard` defined here
     |
     = note: this error originates in the derive macro `Arbitrary` (in Nightly 
builds, run with -Z macro-backtrace for more info)

error[E0576]: cannot find method or associated constant `try_size_hint` in 
trait `arbitrary::Arbitrary`
    --> C:\Users\pc\.cargo\registry\src\index.crates.io-1949cf8c6b5b557f\stella
r-xdr-21.2.0\src\curr\generated.rs:6997:42
     |
6997 | #[cfg_attr(feature = "arbitrary", derive(Arbitrary))]
     |                                          ^^^^^^^^^
     |
    ::: C:\Users\pc\.cargo\registry\src\index.crates.io-1949cf8c6b5b557f\arbitr
ary-1.3.2\src\lib.rs:277:5
     |
 277 |     fn size_hint(depth: usize) -> (usize, Option<usize>) {
     |     ---------------------------------------------------- similarly 
named associated function `size_hint` defined here
     |
     = note: this error originates in the derive macro `Arbitrary` (in Nightly 
builds, run with -Z macro-backtrace for more info)

error[E0425]: cannot find type `MaxRecursionReached` in crate `arbitrary`
    --> C:\Users\pc\.cargo\registry\src\index.crates.io-1949cf8c6b5b557f\stella
r-xdr-21.2.0\src\curr\generated.rs:7048:42
     |
7048 | #[cfg_attr(feature = "arbitrary", derive(Arbitrary))]
     |                                          ^^^^^^^^^ not found in 
`arbitrary`
     |
     = note: this error originates in the derive macro `Arbitrary` (in Nightly 
builds, run with -Z macro-backtrace for more info)

error[E0425]: cannot find function `try_recursion_guard` in module 
`arbitrary::size_hint`
    --> C:\Users\pc\.cargo\registry\src\index.crates.io-1949cf8c6b5b557f\stella
r-xdr-21.2.0\src\curr\generated.rs:7048:42
     |
7048 |   #[cfg_attr(feature = "arbitrary", derive(Arbitrary))]
     |                                            ^^^^^^^^^
     |
    ::: C:\Users\pc\.cargo\registry\src\index.crates.io-1949cf8c6b5b557f\arbitr
ary-1.3.2\src\size_hint.rs:12:1
     |
  12 | / pub fn recursion_guard(
  13 | |     depth: usize,
  14 | |     f: impl FnOnce(usize) -> (usize, Option<usize>),
  15 | | ) -> (usize, Option<usize>) {
     | |___________________________- similarly named function 
`recursion_guard` defined here
     |
     = note: this error originates in the derive macro `Arbitrary` (in Nightly 
builds, run with -Z macro-backtrace for more info)

error[E0576]: cannot find method or associated constant `try_size_hint` in 
trait `arbitrary::Arbitrary`
    --> C:\Users\pc\.cargo\registry\src\index.crates.io-1949cf8c6b5b557f\stella
r-xdr-21.2.0\src\curr\generated.rs:7048:42
     |
7048 | #[cfg_attr(feature = "arbitrary", derive(Arbitrary))]
     |                                          ^^^^^^^^^
     |
    ::: C:\Users\pc\.cargo\registry\src\index.crates.io-1949cf8c6b5b557f\arbitr
ary-1.3.2\src\lib.rs:277:5
     |
 277 |     fn size_hint(depth: usize) -> (usize, Option<usize>) {
     |     ---------------------------------------------------- similarly 
named associated function `size_hint` defined here
     |
     = note: this error originates in the derive macro `Arbitrary` (in Nightly 
builds, run with -Z macro-backtrace for more info)

error[E0425]: cannot find type `MaxRecursionReached` in crate `arbitrary`
    --> C:\Users\pc\.cargo\registry\src\index.crates.io-1949cf8c6b5b557f\stella
r-xdr-21.2.0\src\curr\generated.rs:7101:42
     |
7101 | #[cfg_attr(feature = "arbitrary", derive(Arbitrary))]
     |                                          ^^^^^^^^^ not found in 
`arbitrary`
     |
     = note: this error originates in the derive macro `Arbitrary` (in Nightly 
builds, run with -Z macro-backtrace for more info)

error[E0425]: cannot find function `try_recursion_guard` in module 
`arbitrary::size_hint`
    --> C:\Users\pc\.cargo\registry\src\index.crates.io-1949cf8c6b5b557f\stella
r-xdr-21.2.0\src\curr\generated.rs:7101:42
     |
7101 |   #[cfg_attr(feature = "arbitrary", derive(Arbitrary))]
     |                                            ^^^^^^^^^
     |
    ::: C:\Users\pc\.cargo\registry\src\index.crates.io-1949cf8c6b5b557f\arbitr
ary-1.3.2\src\size_hint.rs:12:1
     |
  12 | / pub fn recursion_guard(
  13 | |     depth: usize,
  14 | |     f: impl FnOnce(usize) -> (usize, Option<usize>),
  15 | | ) -> (usize, Option<usize>) {
     | |___________________________- similarly named function 
`recursion_guard` defined here
     |
     = note: this error originates in the derive macro `Arbitrary` (in Nightly 
builds, run with -Z macro-backtrace for more info)

error[E0576]: cannot find method or associated constant `try_size_hint` in 
trait `arbitrary::Arbitrary`
    --> C:\Users\pc\.cargo\registry\src\index.crates.io-1949cf8c6b5b557f\stella
r-xdr-21.2.0\src\curr\generated.rs:7101:42
     |
7101 | #[cfg_attr(feature = "arbitrary", derive(Arbitrary))]
     |                                          ^^^^^^^^^
     |
    ::: C:\Users\pc\.cargo\registry\src\index.crates.io-1949cf8c6b5b557f\arbitr
ary-1.3.2\src\lib.rs:277:5
     |
 277 |     fn size_hint(depth: usize) -> (usize, Option<usize>) {
     |     ---------------------------------------------------- similarly 
named associated function `size_hint` defined here
     |
     = note: this error originates in the derive macro `Arbitrary` (in Nightly 
builds, run with -Z macro-backtrace for more info)

error[E0425]: cannot find type `MaxRecursionReached` in crate `arbitrary`
    --> C:\Users\pc\.cargo\registry\src\index.crates.io-1949cf8c6b5b557f\stella
r-xdr-21.2.0\src\curr\generated.rs:7152:42
     |
7152 | #[cfg_attr(feature = "arbitrary", derive(Arbitrary))]
     |                                          ^^^^^^^^^ not found in 
`arbitrary`
     |
     = note: this error originates in the derive macro `Arbitrary` (in Nightly 
builds, run with -Z macro-backtrace for more info)

error[E0425]: cannot find function `try_recursion_guard` in module 
`arbitrary::size_hint`
    --> C:\Users\pc\.cargo\registry\src\index.crates.io-1949cf8c6b5b557f\stella
r-xdr-21.2.0\src\curr\generated.rs:7152:42
     |
7152 |   #[cfg_attr(feature = "arbitrary", derive(Arbitrary))]
     |                                            ^^^^^^^^^
     |
    ::: C:\Users\pc\.cargo\registry\src\index.crates.io-1949cf8c6b5b557f\arbitr
ary-1.3.2\src\size_hint.rs:12:1
     |
  12 | / pub fn recursion_guard(
  13 | |     depth: usize,
  14 | |     f: impl FnOnce(usize) -> (usize, Option<usize>),
  15 | | ) -> (usize, Option<usize>) {
     | |___________________________- similarly named function 
`recursion_guard` defined here
     |
     = note: this error originates in the derive macro `Arbitrary` (in Nightly 
builds, run with -Z macro-backtrace for more info)

error[E0576]: cannot find method or associated constant `try_size_hint` in 
trait `arbitrary::Arbitrary`
    --> C:\Users\pc\.cargo\registry\src\index.crates.io-1949cf8c6b5b557f\stella
r-xdr-21.2.0\src\curr\generated.rs:7152:42
     |
7152 | #[cfg_attr(feature = "arbitrary", derive(Arbitrary))]
     |                                          ^^^^^^^^^
     |
    ::: C:\Users\pc\.cargo\registry\src\index.crates.io-1949cf8c6b5b557f\arbitr
ary-1.3.2\src\lib.rs:277:5
     |
 277 |     fn size_hint(depth: usize) -> (usize, Option<usize>) {
     |     ---------------------------------------------------- similarly 
named associated function `size_hint` defined here
     |
     = note: this error originates in the derive macro `Arbitrary` (in Nightly 
builds, run with -Z macro-backtrace for more info)

error[E0425]: cannot find type `MaxRecursionReached` in crate `arbitrary`
    --> C:\Users\pc\.cargo\registry\src\index.crates.io-1949cf8c6b5b557f\stella
r-xdr-21.2.0\src\curr\generated.rs:7205:42
     |
7205 | #[cfg_attr(feature = "arbitrary", derive(Arbitrary))]
     |                                          ^^^^^^^^^ not found in 
`arbitrary`
     |
     = note: this error originates in the derive macro `Arbitrary` (in Nightly 
builds, run with -Z macro-backtrace for more info)

error[E0425]: cannot find function `try_recursion_guard` in module 
`arbitrary::size_hint`
    --> C:\Users\pc\.cargo\registry\src\index.crates.io-1949cf8c6b5b557f\stella
r-xdr-21.2.0\src\curr\generated.rs:7205:42
     |
7205 |   #[cfg_attr(feature = "arbitrary", derive(Arbitrary))]
     |                                            ^^^^^^^^^
     |
    ::: C:\Users\pc\.cargo\registry\src\index.crates.io-1949cf8c6b5b557f\arbitr
ary-1.3.2\src\size_hint.rs:12:1
     |
  12 | / pub fn recursion_guard(
  13 | |     depth: usize,
  14 | |     f: impl FnOnce(usize) -> (usize, Option<usize>),
  15 | | ) -> (usize, Option<usize>) {
     | |___________________________- similarly named function 
`recursion_guard` defined here
     |
     = note: this error originates in the derive macro `Arbitrary` (in Nightly 
builds, run with -Z macro-backtrace for more info)

error[E0576]: cannot find method or associated constant `try_size_hint` in 
trait `arbitrary::Arbitrary`
    --> C:\Users\pc\.cargo\registry\src\index.crates.io-1949cf8c6b5b557f\stella
r-xdr-21.2.0\src\curr\generated.rs:7205:42
     |
7205 | #[cfg_attr(feature = "arbitrary", derive(Arbitrary))]
     |                                          ^^^^^^^^^
     |
    ::: C:\Users\pc\.cargo\registry\src\index.crates.io-1949cf8c6b5b557f\arbitr
ary-1.3.2\src\lib.rs:277:5
     |
 277 |     fn size_hint(depth: usize) -> (usize, Option<usize>) {
     |     ---------------------------------------------------- similarly 
named associated function `size_hint` defined here
     |
     = note: this error originates in the derive macro `Arbitrary` (in Nightly 
builds, run with -Z macro-backtrace for more info)

error[E0425]: cannot find type `MaxRecursionReached` in crate `arbitrary`
    --> C:\Users\pc\.cargo\registry\src\index.crates.io-1949cf8c6b5b557f\stella
r-xdr-21.2.0\src\curr\generated.rs:7256:42
     |
7256 | #[cfg_attr(feature = "arbitrary", derive(Arbitrary))]
     |                                          ^^^^^^^^^ not found in 
`arbitrary`
     |
     = note: this error originates in the derive macro `Arbitrary` (in Nightly 
builds, run with -Z macro-backtrace for more info)

error[E0425]: cannot find function `try_recursion_guard` in module 
`arbitrary::size_hint`
    --> C:\Users\pc\.cargo\registry\src\index.crates.io-1949cf8c6b5b557f\stella
r-xdr-21.2.0\src\curr\generated.rs:7256:42
     |
7256 |   #[cfg_attr(feature = "arbitrary", derive(Arbitrary))]
     |                                            ^^^^^^^^^
     |
    ::: C:\Users\pc\.cargo\registry\src\index.crates.io-1949cf8c6b5b557f\arbitr
ary-1.3.2\src\size_hint.rs:12:1
     |
  12 | / pub fn recursion_guard(
  13 | |     depth: usize,
  14 | |     f: impl FnOnce(usize) -> (usize, Option<usize>),
  15 | | ) -> (usize, Option<usize>) {
     | |___________________________- similarly named function 
`recursion_guard` defined here
     |
     = note: this error originates in the derive macro `Arbitrary` (in Nightly 
builds, run with -Z macro-backtrace for more info)

error[E0576]: cannot find method or associated constant `try_size_hint` in 
trait `arbitrary::Arbitrary`
    --> C:\Users\pc\.cargo\registry\src\index.crates.io-1949cf8c6b5b557f\stella
r-xdr-21.2.0\src\curr\generated.rs:7256:42
     |
7256 | #[cfg_attr(feature = "arbitrary", derive(Arbitrary))]
     |                                          ^^^^^^^^^
     |
    ::: C:\Users\pc\.cargo\registry\src\index.crates.io-1949cf8c6b5b557f\arbitr
ary-1.3.2\src\lib.rs:277:5
     |
 277 |     fn size_hint(depth: usize) -> (usize, Option<usize>) {
     |     ---------------------------------------------------- similarly 
named associated function `size_hint` defined here
     |
     = note: this error originates in the derive macro `Arbitrary` (in Nightly 
builds, run with -Z macro-backtrace for more info)

error[E0425]: cannot find type `MaxRecursionReached` in crate `arbitrary`
    --> C:\Users\pc\.cargo\registry\src\index.crates.io-1949cf8c6b5b557f\stella
r-xdr-21.2.0\src\curr\generated.rs:7447:42
     |
7447 | #[cfg_attr(feature = "arbitrary", derive(Arbitrary))]
     |                                          ^^^^^^^^^ not found in 
`arbitrary`
     |
     = note: this error originates in the derive macro `Arbitrary` (in Nightly 
builds, run with -Z macro-backtrace for more info)

error[E0425]: cannot find function `try_recursion_guard` in module 
`arbitrary::size_hint`
    --> C:\Users\pc\.cargo\registry\src\index.crates.io-1949cf8c6b5b557f\stella
r-xdr-21.2.0\src\curr\generated.rs:7447:42
     |
7447 |   #[cfg_attr(feature = "arbitrary", derive(Arbitrary))]
     |                                            ^^^^^^^^^
     |
    ::: C:\Users\pc\.cargo\registry\src\index.crates.io-1949cf8c6b5b557f\arbitr
ary-1.3.2\src\size_hint.rs:12:1
     |
  12 | / pub fn recursion_guard(
  13 | |     depth: usize,
  14 | |     f: impl FnOnce(usize) -> (usize, Option<usize>),
  15 | | ) -> (usize, Option<usize>) {
     | |___________________________- similarly named function 
`recursion_guard` defined here
     |
     = note: this error originates in the derive macro `Arbitrary` (in Nightly 
builds, run with -Z macro-backtrace for more info)

error[E0576]: cannot find method or associated constant `try_size_hint` in 
trait `arbitrary::Arbitrary`
    --> C:\Users\pc\.cargo\registry\src\index.crates.io-1949cf8c6b5b557f\stella
r-xdr-21.2.0\src\curr\generated.rs:7447:42
     |
7447 | #[cfg_attr(feature = "arbitrary", derive(Arbitrary))]
     |                                          ^^^^^^^^^
     |
    ::: C:\Users\pc\.cargo\registry\src\index.crates.io-1949cf8c6b5b557f\arbitr
ary-1.3.2\src\lib.rs:277:5
     |
 277 |     fn size_hint(depth: usize) -> (usize, Option<usize>) {
     |     ---------------------------------------------------- similarly 
named associated function `size_hint` defined here
     |
     = note: this error originates in the derive macro `Arbitrary` (in Nightly 
builds, run with -Z macro-backtrace for more info)

error[E0425]: cannot find type `MaxRecursionReached` in crate `arbitrary`
    --> C:\Users\pc\.cargo\registry\src\index.crates.io-1949cf8c6b5b557f\stella
r-xdr-21.2.0\src\curr\generated.rs:8165:42
     |
8165 | #[cfg_attr(feature = "arbitrary", derive(Arbitrary))]
     |                                          ^^^^^^^^^ not found in 
`arbitrary`
     |
     = note: this error originates in the derive macro `Arbitrary` (in Nightly 
builds, run with -Z macro-backtrace for more info)

error[E0425]: cannot find function `try_recursion_guard` in module 
`arbitrary::size_hint`
    --> C:\Users\pc\.cargo\registry\src\index.crates.io-1949cf8c6b5b557f\stella
r-xdr-21.2.0\src\curr\generated.rs:8165:42
     |
8165 |   #[cfg_attr(feature = "arbitrary", derive(Arbitrary))]
     |                                            ^^^^^^^^^
     |
    ::: C:\Users\pc\.cargo\registry\src\index.crates.io-1949cf8c6b5b557f\arbitr
ary-1.3.2\src\size_hint.rs:12:1
     |
  12 | / pub fn recursion_guard(
  13 | |     depth: usize,
  14 | |     f: impl FnOnce(usize) -> (usize, Option<usize>),
  15 | | ) -> (usize, Option<usize>) {
     | |___________________________- similarly named function 
`recursion_guard` defined here
     |
     = note: this error originates in the derive macro `Arbitrary` (in Nightly 
builds, run with -Z macro-backtrace for more info)

error[E0576]: cannot find method or associated constant `try_size_hint` in 
trait `arbitrary::Arbitrary`
    --> C:\Users\pc\.cargo\registry\src\index.crates.io-1949cf8c6b5b557f\stella
r-xdr-21.2.0\src\curr\generated.rs:8165:42
     |
8165 | #[cfg_attr(feature = "arbitrary", derive(Arbitrary))]
     |                                          ^^^^^^^^^
     |
    ::: C:\Users\pc\.cargo\registry\src\index.crates.io-1949cf8c6b5b557f\arbitr
ary-1.3.2\src\lib.rs:277:5
     |
 277 |     fn size_hint(depth: usize) -> (usize, Option<usize>) {
     |     ---------------------------------------------------- similarly 
named associated function `size_hint` defined here
     |
     = note: this error originates in the derive macro `Arbitrary` (in Nightly 
builds, run with -Z macro-backtrace for more info)

error[E0425]: cannot find type `MaxRecursionReached` in crate `arbitrary`
    --> C:\Users\pc\.cargo\registry\src\index.crates.io-1949cf8c6b5b557f\stella
r-xdr-21.2.0\src\curr\generated.rs:8323:42
     |
8323 | #[cfg_attr(feature = "arbitrary", derive(Arbitrary))]
     |                                          ^^^^^^^^^ not found in 
`arbitrary`
     |
     = note: this error originates in the derive macro `Arbitrary` (in Nightly 
builds, run with -Z macro-backtrace for more info)

error[E0425]: cannot find function `try_recursion_guard` in module 
`arbitrary::size_hint`
    --> C:\Users\pc\.cargo\registry\src\index.crates.io-1949cf8c6b5b557f\stella
r-xdr-21.2.0\src\curr\generated.rs:8323:42
     |
8323 |   #[cfg_attr(feature = "arbitrary", derive(Arbitrary))]
     |                                            ^^^^^^^^^
     |
    ::: C:\Users\pc\.cargo\registry\src\index.crates.io-1949cf8c6b5b557f\arbitr
ary-1.3.2\src\size_hint.rs:12:1
     |
  12 | / pub fn recursion_guard(
  13 | |     depth: usize,
  14 | |     f: impl FnOnce(usize) -> (usize, Option<usize>),
  15 | | ) -> (usize, Option<usize>) {
     | |___________________________- similarly named function 
`recursion_guard` defined here
     |
     = note: this error originates in the derive macro `Arbitrary` (in Nightly 
builds, run with -Z macro-backtrace for more info)

error[E0576]: cannot find method or associated constant `try_size_hint` in 
trait `arbitrary::Arbitrary`
    --> C:\Users\pc\.cargo\registry\src\index.crates.io-1949cf8c6b5b557f\stella
r-xdr-21.2.0\src\curr\generated.rs:8323:42
     |
8323 | #[cfg_attr(feature = "arbitrary", derive(Arbitrary))]
     |                                          ^^^^^^^^^
     |
    ::: C:\Users\pc\.cargo\registry\src\index.crates.io-1949cf8c6b5b557f\arbitr
ary-1.3.2\src\lib.rs:277:5
     |
 277 |     fn size_hint(depth: usize) -> (usize, Option<usize>) {
     |     ---------------------------------------------------- similarly 
named associated function `size_hint` defined here
     |
     = note: this error originates in the derive macro `Arbitrary` (in Nightly 
builds, run with -Z macro-backtrace for more info)

error[E0425]: cannot find type `MaxRecursionReached` in crate `arbitrary`
    --> C:\Users\pc\.cargo\registry\src\index.crates.io-1949cf8c6b5b557f\stella
r-xdr-21.2.0\src\curr\generated.rs:8368:42
     |
8368 | #[cfg_attr(feature = "arbitrary", derive(Arbitrary))]
     |                                          ^^^^^^^^^ not found in 
`arbitrary`
     |
     = note: this error originates in the derive macro `Arbitrary` (in Nightly 
builds, run with -Z macro-backtrace for more info)

error[E0425]: cannot find function `try_recursion_guard` in module 
`arbitrary::size_hint`
    --> C:\Users\pc\.cargo\registry\src\index.crates.io-1949cf8c6b5b557f\stella
r-xdr-21.2.0\src\curr\generated.rs:8368:42
     |
8368 |   #[cfg_attr(feature = "arbitrary", derive(Arbitrary))]
     |                                            ^^^^^^^^^
     |
    ::: C:\Users\pc\.cargo\registry\src\index.crates.io-1949cf8c6b5b557f\arbitr
ary-1.3.2\src\size_hint.rs:12:1
     |
  12 | / pub fn recursion_guard(
  13 | |     depth: usize,
  14 | |     f: impl FnOnce(usize) -> (usize, Option<usize>),
  15 | | ) -> (usize, Option<usize>) {
     | |___________________________- similarly named function 
`recursion_guard` defined here
     |
     = note: this error originates in the derive macro `Arbitrary` (in Nightly 
builds, run with -Z macro-backtrace for more info)

error[E0576]: cannot find method or associated constant `try_size_hint` in 
trait `arbitrary::Arbitrary`
    --> C:\Users\pc\.cargo\registry\src\index.crates.io-1949cf8c6b5b557f\stella
r-xdr-21.2.0\src\curr\generated.rs:8368:42
     |
8368 | #[cfg_attr(feature = "arbitrary", derive(Arbitrary))]
     |                                          ^^^^^^^^^
     |
    ::: C:\Users\pc\.cargo\registry\src\index.crates.io-1949cf8c6b5b557f\arbitr
ary-1.3.2\src\lib.rs:277:5
     |
 277 |     fn size_hint(depth: usize) -> (usize, Option<usize>) {
     |     ---------------------------------------------------- similarly 
named associated function `size_hint` defined here
     |
     = note: this error originates in the derive macro `Arbitrary` (in Nightly 
builds, run with -Z macro-backtrace for more info)

error[E0425]: cannot find type `MaxRecursionReached` in crate `arbitrary`
    --> C:\Users\pc\.cargo\registry\src\index.crates.io-1949cf8c6b5b557f\stella
r-xdr-21.2.0\src\curr\generated.rs:8415:42
     |
8415 | #[cfg_attr(feature = "arbitrary", derive(Arbitrary))]
     |                                          ^^^^^^^^^ not found in 
`arbitrary`
     |
     = note: this error originates in the derive macro `Arbitrary` (in Nightly 
builds, run with -Z macro-backtrace for more info)

error[E0425]: cannot find function `try_recursion_guard` in module 
`arbitrary::size_hint`
    --> C:\Users\pc\.cargo\registry\src\index.crates.io-1949cf8c6b5b557f\stella
r-xdr-21.2.0\src\curr\generated.rs:8415:42
     |
8415 |   #[cfg_attr(feature = "arbitrary", derive(Arbitrary))]
     |                                            ^^^^^^^^^
     |
    ::: C:\Users\pc\.cargo\registry\src\index.crates.io-1949cf8c6b5b557f\arbitr
ary-1.3.2\src\size_hint.rs:12:1
     |
  12 | / pub fn recursion_guard(
  13 | |     depth: usize,
  14 | |     f: impl FnOnce(usize) -> (usize, Option<usize>),
  15 | | ) -> (usize, Option<usize>) {
     | |___________________________- similarly named function 
`recursion_guard` defined here
     |
     = note: this error originates in the derive macro `Arbitrary` (in Nightly 
builds, run with -Z macro-backtrace for more info)

error[E0576]: cannot find method or associated constant `try_size_hint` in 
trait `arbitrary::Arbitrary`
    --> C:\Users\pc\.cargo\registry\src\index.crates.io-1949cf8c6b5b557f\stella
r-xdr-21.2.0\src\curr\generated.rs:8415:42
     |
8415 | #[cfg_attr(feature = "arbitrary", derive(Arbitrary))]
     |                                          ^^^^^^^^^
     |
    ::: C:\Users\pc\.cargo\registry\src\index.crates.io-1949cf8c6b5b557f\arbitr
ary-1.3.2\src\lib.rs:277:5
     |
 277 |     fn size_hint(depth: usize) -> (usize, Option<usize>) {
     |     ---------------------------------------------------- similarly 
named associated function `size_hint` defined here
     |
     = note: this error originates in the derive macro `Arbitrary` (in Nightly 
builds, run with -Z macro-backtrace for more info)

error[E0425]: cannot find type `MaxRecursionReached` in crate `arbitrary`
    --> C:\Users\pc\.cargo\registry\src\index.crates.io-1949cf8c6b5b557f\stella
r-xdr-21.2.0\src\curr\generated.rs:8468:42
     |
8468 | #[cfg_attr(feature = "arbitrary", derive(Arbitrary))]
     |                                          ^^^^^^^^^ not found in 
`arbitrary`
     |
     = note: this error originates in the derive macro `Arbitrary` (in Nightly 
builds, run with -Z macro-backtrace for more info)

error[E0425]: cannot find function `try_recursion_guard` in module 
`arbitrary::size_hint`
    --> C:\Users\pc\.cargo\registry\src\index.crates.io-1949cf8c6b5b557f\stella
r-xdr-21.2.0\src\curr\generated.rs:8468:42
     |
8468 |   #[cfg_attr(feature = "arbitrary", derive(Arbitrary))]
     |                                            ^^^^^^^^^
     |
    ::: C:\Users\pc\.cargo\registry\src\index.crates.io-1949cf8c6b5b557f\arbitr
ary-1.3.2\src\size_hint.rs:12:1
     |
  12 | / pub fn recursion_guard(
  13 | |     depth: usize,
  14 | |     f: impl FnOnce(usize) -> (usize, Option<usize>),
  15 | | ) -> (usize, Option<usize>) {
     | |___________________________- similarly named function 
`recursion_guard` defined here
     |
     = note: this error originates in the derive macro `Arbitrary` (in Nightly 
builds, run with -Z macro-backtrace for more info)

error[E0576]: cannot find method or associated constant `try_size_hint` in 
trait `arbitrary::Arbitrary`
    --> C:\Users\pc\.cargo\registry\src\index.crates.io-1949cf8c6b5b557f\stella
r-xdr-21.2.0\src\curr\generated.rs:8468:42
     |
8468 | #[cfg_attr(feature = "arbitrary", derive(Arbitrary))]
     |                                          ^^^^^^^^^
     |
    ::: C:\Users\pc\.cargo\registry\src\index.crates.io-1949cf8c6b5b557f\arbitr
ary-1.3.2\src\lib.rs:277:5
     |
 277 |     fn size_hint(depth: usize) -> (usize, Option<usize>) {
     |     ---------------------------------------------------- similarly 
named associated function `size_hint` defined here
     |
     = note: this error originates in the derive macro `Arbitrary` (in Nightly 
builds, run with -Z macro-backtrace for more info)

error[E0425]: cannot find type `MaxRecursionReached` in crate `arbitrary`
    --> C:\Users\pc\.cargo\registry\src\index.crates.io-1949cf8c6b5b557f\stella
r-xdr-21.2.0\src\curr\generated.rs:8632:42
     |
8632 | #[cfg_attr(feature = "arbitrary", derive(Arbitrary))]
     |                                          ^^^^^^^^^ not found in 
`arbitrary`
     |
     = note: this error originates in the derive macro `Arbitrary` (in Nightly 
builds, run with -Z macro-backtrace for more info)

error[E0425]: cannot find function `try_recursion_guard` in module 
`arbitrary::size_hint`
    --> C:\Users\pc\.cargo\registry\src\index.crates.io-1949cf8c6b5b557f\stella
r-xdr-21.2.0\src\curr\generated.rs:8632:42
     |
8632 |   #[cfg_attr(feature = "arbitrary", derive(Arbitrary))]
     |                                            ^^^^^^^^^
     |
    ::: C:\Users\pc\.cargo\registry\src\index.crates.io-1949cf8c6b5b557f\arbitr
ary-1.3.2\src\size_hint.rs:12:1
     |
  12 | / pub fn recursion_guard(
  13 | |     depth: usize,
  14 | |     f: impl FnOnce(usize) -> (usize, Option<usize>),
  15 | | ) -> (usize, Option<usize>) {
     | |___________________________- similarly named function 
`recursion_guard` defined here
     |
     = note: this error originates in the derive macro `Arbitrary` (in Nightly 
builds, run with -Z macro-backtrace for more info)

error[E0576]: cannot find method or associated constant `try_size_hint` in 
trait `arbitrary::Arbitrary`
    --> C:\Users\pc\.cargo\registry\src\index.crates.io-1949cf8c6b5b557f\stella
r-xdr-21.2.0\src\curr\generated.rs:8632:42
     |
8632 | #[cfg_attr(feature = "arbitrary", derive(Arbitrary))]
     |                                          ^^^^^^^^^
     |
    ::: C:\Users\pc\.cargo\registry\src\index.crates.io-1949cf8c6b5b557f\arbitr
ary-1.3.2\src\lib.rs:277:5
     |
 277 |     fn size_hint(depth: usize) -> (usize, Option<usize>) {
     |     ---------------------------------------------------- similarly 
named associated function `size_hint` defined here
     |
     = note: this error originates in the derive macro `Arbitrary` (in Nightly 
builds, run with -Z macro-backtrace for more info)

error[E0425]: cannot find type `MaxRecursionReached` in crate `arbitrary`
    --> C:\Users\pc\.cargo\registry\src\index.crates.io-1949cf8c6b5b557f\stella
r-xdr-21.2.0\src\curr\generated.rs:8849:42
     |
8849 | #[cfg_attr(feature = "arbitrary", derive(Arbitrary))]
     |                                          ^^^^^^^^^ not found in 
`arbitrary`
     |
     = note: this error originates in the derive macro `Arbitrary` (in Nightly 
builds, run with -Z macro-backtrace for more info)

error[E0425]: cannot find function `try_recursion_guard` in module 
`arbitrary::size_hint`
    --> C:\Users\pc\.cargo\registry\src\index.crates.io-1949cf8c6b5b557f\stella
r-xdr-21.2.0\src\curr\generated.rs:8849:42
     |
8849 |   #[cfg_attr(feature = "arbitrary", derive(Arbitrary))]
     |                                            ^^^^^^^^^
     |
    ::: C:\Users\pc\.cargo\registry\src\index.crates.io-1949cf8c6b5b557f\arbitr
ary-1.3.2\src\size_hint.rs:12:1
     |
  12 | / pub fn recursion_guard(
  13 | |     depth: usize,
  14 | |     f: impl FnOnce(usize) -> (usize, Option<usize>),
  15 | | ) -> (usize, Option<usize>) {
     | |___________________________- similarly named function 
`recursion_guard` defined here
     |
     = note: this error originates in the derive macro `Arbitrary` (in Nightly 
builds, run with -Z macro-backtrace for more info)

error[E0576]: cannot find method or associated constant `try_size_hint` in 
trait `arbitrary::Arbitrary`
    --> C:\Users\pc\.cargo\registry\src\index.crates.io-1949cf8c6b5b557f\stella
r-xdr-21.2.0\src\curr\generated.rs:8849:42
     |
8849 | #[cfg_attr(feature = "arbitrary", derive(Arbitrary))]
     |                                          ^^^^^^^^^
     |
    ::: C:\Users\pc\.cargo\registry\src\index.crates.io-1949cf8c6b5b557f\arbitr
ary-1.3.2\src\lib.rs:277:5
     |
 277 |     fn size_hint(depth: usize) -> (usize, Option<usize>) {
     |     ---------------------------------------------------- similarly 
named associated function `size_hint` defined here
     |
     = note: this error originates in the derive macro `Arbitrary` (in Nightly 
builds, run with -Z macro-backtrace for more info)

error[E0425]: cannot find type `MaxRecursionReached` in crate `arbitrary`
    --> C:\Users\pc\.cargo\registry\src\index.crates.io-1949cf8c6b5b557f\stella
r-xdr-21.2.0\src\curr\generated.rs:8956:42
     |
8956 | #[cfg_attr(feature = "arbitrary", derive(Arbitrary))]
     |                                          ^^^^^^^^^ not found in 
`arbitrary`
     |
     = note: this error originates in the derive macro `Arbitrary` (in Nightly 
builds, run with -Z macro-backtrace for more info)

error[E0425]: cannot find function `try_recursion_guard` in module 
`arbitrary::size_hint`
    --> C:\Users\pc\.cargo\registry\src\index.crates.io-1949cf8c6b5b557f\stella
r-xdr-21.2.0\src\curr\generated.rs:8956:42
     |
8956 |   #[cfg_attr(feature = "arbitrary", derive(Arbitrary))]
     |                                            ^^^^^^^^^
     |
    ::: C:\Users\pc\.cargo\registry\src\index.crates.io-1949cf8c6b5b557f\arbitr
ary-1.3.2\src\size_hint.rs:12:1
     |
  12 | / pub fn recursion_guard(
  13 | |     depth: usize,
  14 | |     f: impl FnOnce(usize) -> (usize, Option<usize>),
  15 | | ) -> (usize, Option<usize>) {
     | |___________________________- similarly named function 
`recursion_guard` defined here
     |
     = note: this error originates in the derive macro `Arbitrary` (in Nightly 
builds, run with -Z macro-backtrace for more info)

error[E0576]: cannot find method or associated constant `try_size_hint` in 
trait `arbitrary::Arbitrary`
    --> C:\Users\pc\.cargo\registry\src\index.crates.io-1949cf8c6b5b557f\stella
r-xdr-21.2.0\src\curr\generated.rs:8956:42
     |
8956 | #[cfg_attr(feature = "arbitrary", derive(Arbitrary))]
     |                                          ^^^^^^^^^
     |
    ::: C:\Users\pc\.cargo\registry\src\index.crates.io-1949cf8c6b5b557f\arbitr
ary-1.3.2\src\lib.rs:277:5
     |
 277 |     fn size_hint(depth: usize) -> (usize, Option<usize>) {
     |     ---------------------------------------------------- similarly 
named associated function `size_hint` defined here
     |
     = note: this error originates in the derive macro `Arbitrary` (in Nightly 
builds, run with -Z macro-backtrace for more info)

error[E0425]: cannot find type `MaxRecursionReached` in crate `arbitrary`
    --> C:\Users\pc\.cargo\registry\src\index.crates.io-1949cf8c6b5b557f\stella
r-xdr-21.2.0\src\curr\generated.rs:9062:42
     |
9062 | #[cfg_attr(feature = "arbitrary", derive(Arbitrary))]
     |                                          ^^^^^^^^^ not found in 
`arbitrary`
     |
     = note: this error originates in the derive macro `Arbitrary` (in Nightly 
builds, run with -Z macro-backtrace for more info)

error[E0425]: cannot find function `try_recursion_guard` in module 
`arbitrary::size_hint`
    --> C:\Users\pc\.cargo\registry\src\index.crates.io-1949cf8c6b5b557f\stella
r-xdr-21.2.0\src\curr\generated.rs:9062:42
     |
9062 |   #[cfg_attr(feature = "arbitrary", derive(Arbitrary))]
     |                                            ^^^^^^^^^
     |
    ::: C:\Users\pc\.cargo\registry\src\index.crates.io-1949cf8c6b5b557f\arbitr
ary-1.3.2\src\size_hint.rs:12:1
     |
  12 | / pub fn recursion_guard(
  13 | |     depth: usize,
  14 | |     f: impl FnOnce(usize) -> (usize, Option<usize>),
  15 | | ) -> (usize, Option<usize>) {
     | |___________________________- similarly named function 
`recursion_guard` defined here
     |
     = note: this error originates in the derive macro `Arbitrary` (in Nightly 
builds, run with -Z macro-backtrace for more info)

error[E0576]: cannot find method or associated constant `try_size_hint` in 
trait `arbitrary::Arbitrary`
    --> C:\Users\pc\.cargo\registry\src\index.crates.io-1949cf8c6b5b557f\stella
r-xdr-21.2.0\src\curr\generated.rs:9062:42
     |
9062 | #[cfg_attr(feature = "arbitrary", derive(Arbitrary))]
     |                                          ^^^^^^^^^
     |
    ::: C:\Users\pc\.cargo\registry\src\index.crates.io-1949cf8c6b5b557f\arbitr
ary-1.3.2\src\lib.rs:277:5
     |
 277 |     fn size_hint(depth: usize) -> (usize, Option<usize>) {
     |     ---------------------------------------------------- similarly 
named associated function `size_hint` defined here
     |
     = note: this error originates in the derive macro `Arbitrary` (in Nightly 
builds, run with -Z macro-backtrace for more info)

error[E0425]: cannot find type `MaxRecursionReached` in crate `arbitrary`
    --> C:\Users\pc\.cargo\registry\src\index.crates.io-1949cf8c6b5b557f\stella
r-xdr-21.2.0\src\curr\generated.rs:9168:42
     |
9168 | #[cfg_attr(feature = "arbitrary", derive(Arbitrary))]
     |                                          ^^^^^^^^^ not found in 
`arbitrary`
     |
     = note: this error originates in the derive macro `Arbitrary` (in Nightly 
builds, run with -Z macro-backtrace for more info)

error[E0425]: cannot find function `try_recursion_guard` in module 
`arbitrary::size_hint`
    --> C:\Users\pc\.cargo\registry\src\index.crates.io-1949cf8c6b5b557f\stella
r-xdr-21.2.0\src\curr\generated.rs:9168:42
     |
9168 |   #[cfg_attr(feature = "arbitrary", derive(Arbitrary))]
     |                                            ^^^^^^^^^
     |
    ::: C:\Users\pc\.cargo\registry\src\index.crates.io-1949cf8c6b5b557f\arbitr
ary-1.3.2\src\size_hint.rs:12:1
     |
  12 | / pub fn recursion_guard(
  13 | |     depth: usize,
  14 | |     f: impl FnOnce(usize) -> (usize, Option<usize>),
  15 | | ) -> (usize, Option<usize>) {
     | |___________________________- similarly named function 
`recursion_guard` defined here
     |
     = note: this error originates in the derive macro `Arbitrary` (in Nightly 
builds, run with -Z macro-backtrace for more info)

error[E0576]: cannot find method or associated constant `try_size_hint` in 
trait `arbitrary::Arbitrary`
    --> C:\Users\pc\.cargo\registry\src\index.crates.io-1949cf8c6b5b557f\stella
r-xdr-21.2.0\src\curr\generated.rs:9168:42
     |
9168 | #[cfg_attr(feature = "arbitrary", derive(Arbitrary))]
     |                                          ^^^^^^^^^
     |
    ::: C:\Users\pc\.cargo\registry\src\index.crates.io-1949cf8c6b5b557f\arbitr
ary-1.3.2\src\lib.rs:277:5
     |
 277 |     fn size_hint(depth: usize) -> (usize, Option<usize>) {
     |     ---------------------------------------------------- similarly 
named associated function `size_hint` defined here
     |
     = note: this error originates in the derive macro `Arbitrary` (in Nightly 
builds, run with -Z macro-backtrace for more info)

error[E0425]: cannot find type `MaxRecursionReached` in crate `arbitrary`
    --> C:\Users\pc\.cargo\registry\src\index.crates.io-1949cf8c6b5b557f\stella
r-xdr-21.2.0\src\curr\generated.rs:9274:42
     |
9274 | #[cfg_attr(feature = "arbitrary", derive(Arbitrary))]
     |                                          ^^^^^^^^^ not found in 
`arbitrary`
     |
     = note: this error originates in the derive macro `Arbitrary` (in Nightly 
builds, run with -Z macro-backtrace for more info)

error[E0425]: cannot find function `try_recursion_guard` in module 
`arbitrary::size_hint`
    --> C:\Users\pc\.cargo\registry\src\index.crates.io-1949cf8c6b5b557f\stella
r-xdr-21.2.0\src\curr\generated.rs:9274:42
     |
9274 |   #[cfg_attr(feature = "arbitrary", derive(Arbitrary))]
     |                                            ^^^^^^^^^
     |
    ::: C:\Users\pc\.cargo\registry\src\index.crates.io-1949cf8c6b5b557f\arbitr
ary-1.3.2\src\size_hint.rs:12:1
     |
  12 | / pub fn recursion_guard(
  13 | |     depth: usize,
  14 | |     f: impl FnOnce(usize) -> (usize, Option<usize>),
  15 | | ) -> (usize, Option<usize>) {
     | |___________________________- similarly named function 
`recursion_guard` defined here
     |
     = note: this error originates in the derive macro `Arbitrary` (in Nightly 
builds, run with -Z macro-backtrace for more info)

error[E0576]: cannot find method or associated constant `try_size_hint` in 
trait `arbitrary::Arbitrary`
    --> C:\Users\pc\.cargo\registry\src\index.crates.io-1949cf8c6b5b557f\stella
r-xdr-21.2.0\src\curr\generated.rs:9274:42
     |
9274 | #[cfg_attr(feature = "arbitrary", derive(Arbitrary))]
     |                                          ^^^^^^^^^
     |
    ::: C:\Users\pc\.cargo\registry\src\index.crates.io-1949cf8c6b5b557f\arbitr
ary-1.3.2\src\lib.rs:277:5
     |
 277 |     fn size_hint(depth: usize) -> (usize, Option<usize>) {
     |     ---------------------------------------------------- similarly 
named associated function `size_hint` defined here
     |
     = note: this error originates in the derive macro `Arbitrary` (in Nightly 
builds, run with -Z macro-backtrace for more info)

error[E0425]: cannot find type `MaxRecursionReached` in crate `arbitrary`
    --> C:\Users\pc\.cargo\registry\src\index.crates.io-1949cf8c6b5b557f\stella
r-xdr-21.2.0\src\curr\generated.rs:9380:42
     |
9380 | #[cfg_attr(feature = "arbitrary", derive(Arbitrary))]
     |                                          ^^^^^^^^^ not found in 
`arbitrary`
     |
     = note: this error originates in the derive macro `Arbitrary` (in Nightly 
builds, run with -Z macro-backtrace for more info)

error[E0425]: cannot find function `try_recursion_guard` in module 
`arbitrary::size_hint`
    --> C:\Users\pc\.cargo\registry\src\index.crates.io-1949cf8c6b5b557f\stella
r-xdr-21.2.0\src\curr\generated.rs:9380:42
     |
9380 |   #[cfg_attr(feature = "arbitrary", derive(Arbitrary))]
     |                                            ^^^^^^^^^
     |
    ::: C:\Users\pc\.cargo\registry\src\index.crates.io-1949cf8c6b5b557f\arbitr
ary-1.3.2\src\size_hint.rs:12:1
     |
  12 | / pub fn recursion_guard(
  13 | |     depth: usize,
  14 | |     f: impl FnOnce(usize) -> (usize, Option<usize>),
  15 | | ) -> (usize, Option<usize>) {
     | |___________________________- similarly named function 
`recursion_guard` defined here
     |
     = note: this error originates in the derive macro `Arbitrary` (in Nightly 
builds, run with -Z macro-backtrace for more info)

error[E0576]: cannot find method or associated constant `try_size_hint` in 
trait `arbitrary::Arbitrary`
    --> C:\Users\pc\.cargo\registry\src\index.crates.io-1949cf8c6b5b557f\stella
r-xdr-21.2.0\src\curr\generated.rs:9380:42
     |
9380 | #[cfg_attr(feature = "arbitrary", derive(Arbitrary))]
     |                                          ^^^^^^^^^
     |
    ::: C:\Users\pc\.cargo\registry\src\index.crates.io-1949cf8c6b5b557f\arbitr
ary-1.3.2\src\lib.rs:277:5
     |
 277 |     fn size_hint(depth: usize) -> (usize, Option<usize>) {
     |     ---------------------------------------------------- similarly 
named associated function `size_hint` defined here
     |
     = note: this error originates in the derive macro `Arbitrary` (in Nightly 
builds, run with -Z macro-backtrace for more info)

error[E0425]: cannot find type `MaxRecursionReached` in crate `arbitrary`
    --> C:\Users\pc\.cargo\registry\src\index.crates.io-1949cf8c6b5b557f\stella
r-xdr-21.2.0\src\curr\generated.rs:9488:42
     |
9488 | #[cfg_attr(feature = "arbitrary", derive(Arbitrary))]
     |                                          ^^^^^^^^^ not found in 
`arbitrary`
     |
     = note: this error originates in the derive macro `Arbitrary` (in Nightly 
builds, run with -Z macro-backtrace for more info)

error[E0425]: cannot find function `try_recursion_guard` in module 
`arbitrary::size_hint`
    --> C:\Users\pc\.cargo\registry\src\index.crates.io-1949cf8c6b5b557f\stella
r-xdr-21.2.0\src\curr\generated.rs:9488:42
     |
9488 |   #[cfg_attr(feature = "arbitrary", derive(Arbitrary))]
     |                                            ^^^^^^^^^
     |
    ::: C:\Users\pc\.cargo\registry\src\index.crates.io-1949cf8c6b5b557f\arbitr
ary-1.3.2\src\size_hint.rs:12:1
     |
  12 | / pub fn recursion_guard(
  13 | |     depth: usize,
  14 | |     f: impl FnOnce(usize) -> (usize, Option<usize>),
  15 | | ) -> (usize, Option<usize>) {
     | |___________________________- similarly named function 
`recursion_guard` defined here
     |
     = note: this error originates in the derive macro `Arbitrary` (in Nightly 
builds, run with -Z macro-backtrace for more info)

error[E0576]: cannot find method or associated constant `try_size_hint` in 
trait `arbitrary::Arbitrary`
    --> C:\Users\pc\.cargo\registry\src\index.crates.io-1949cf8c6b5b557f\stella
r-xdr-21.2.0\src\curr\generated.rs:9488:42
     |
9488 | #[cfg_attr(feature = "arbitrary", derive(Arbitrary))]
     |                                          ^^^^^^^^^
     |
    ::: C:\Users\pc\.cargo\registry\src\index.crates.io-1949cf8c6b5b557f\arbitr
ary-1.3.2\src\lib.rs:277:5
     |
 277 |     fn size_hint(depth: usize) -> (usize, Option<usize>) {
     |     ---------------------------------------------------- similarly 
named associated function `size_hint` defined here
     |
     = note: this error originates in the derive macro `Arbitrary` (in Nightly 
builds, run with -Z macro-backtrace for more info)

error[E0425]: cannot find type `MaxRecursionReached` in crate `arbitrary`
    --> C:\Users\pc\.cargo\registry\src\index.crates.io-1949cf8c6b5b557f\stella
r-xdr-21.2.0\src\curr\generated.rs:9530:42
     |
9530 | #[cfg_attr(feature = "arbitrary", derive(Arbitrary))]
     |                                          ^^^^^^^^^ not found in 
`arbitrary`
     |
     = note: this error originates in the derive macro `Arbitrary` (in Nightly 
builds, run with -Z macro-backtrace for more info)

error[E0425]: cannot find function `try_recursion_guard` in module 
`arbitrary::size_hint`
    --> C:\Users\pc\.cargo\registry\src\index.crates.io-1949cf8c6b5b557f\stella
r-xdr-21.2.0\src\curr\generated.rs:9530:42
     |
9530 |   #[cfg_attr(feature = "arbitrary", derive(Arbitrary))]
     |                                            ^^^^^^^^^
     |
    ::: C:\Users\pc\.cargo\registry\src\index.crates.io-1949cf8c6b5b557f\arbitr
ary-1.3.2\src\size_hint.rs:12:1
     |
  12 | / pub fn recursion_guard(
  13 | |     depth: usize,
  14 | |     f: impl FnOnce(usize) -> (usize, Option<usize>),
  15 | | ) -> (usize, Option<usize>) {
     | |___________________________- similarly named function 
`recursion_guard` defined here
     |
     = note: this error originates in the derive macro `Arbitrary` (in Nightly 
builds, run with -Z macro-backtrace for more info)

error[E0576]: cannot find method or associated constant `try_size_hint` in 
trait `arbitrary::Arbitrary`
    --> C:\Users\pc\.cargo\registry\src\index.crates.io-1949cf8c6b5b557f\stella
r-xdr-21.2.0\src\curr\generated.rs:9530:42
     |
9530 | #[cfg_attr(feature = "arbitrary", derive(Arbitrary))]
     |                                          ^^^^^^^^^
     |
    ::: C:\Users\pc\.cargo\registry\src\index.crates.io-1949cf8c6b5b557f\arbitr
ary-1.3.2\src\lib.rs:277:5
     |
 277 |     fn size_hint(depth: usize) -> (usize, Option<usize>) {
     |     ---------------------------------------------------- similarly 
named associated function `size_hint` defined here
     |
     = note: this error originates in the derive macro `Arbitrary` (in Nightly 
builds, run with -Z macro-backtrace for more info)

error[E0425]: cannot find type `MaxRecursionReached` in crate `arbitrary`
    --> C:\Users\pc\.cargo\registry\src\index.crates.io-1949cf8c6b5b557f\stella
r-xdr-21.2.0\src\curr\generated.rs:9633:42
     |
9633 | #[cfg_attr(feature = "arbitrary", derive(Arbitrary))]
     |                                          ^^^^^^^^^ not found in 
`arbitrary`
     |
     = note: this error originates in the derive macro `Arbitrary` (in Nightly 
builds, run with -Z macro-backtrace for more info)

error[E0425]: cannot find function `try_recursion_guard` in module 
`arbitrary::size_hint`
    --> C:\Users\pc\.cargo\registry\src\index.crates.io-1949cf8c6b5b557f\stella
r-xdr-21.2.0\src\curr\generated.rs:9633:42
     |
9633 |   #[cfg_attr(feature = "arbitrary", derive(Arbitrary))]
     |                                            ^^^^^^^^^
     |
    ::: C:\Users\pc\.cargo\registry\src\index.crates.io-1949cf8c6b5b557f\arbitr
ary-1.3.2\src\size_hint.rs:12:1
     |
  12 | / pub fn recursion_guard(
  13 | |     depth: usize,
  14 | |     f: impl FnOnce(usize) -> (usize, Option<usize>),
  15 | | ) -> (usize, Option<usize>) {
     | |___________________________- similarly named function 
`recursion_guard` defined here
     |
     = note: this error originates in the derive macro `Arbitrary` (in Nightly 
builds, run with -Z macro-backtrace for more info)

error[E0576]: cannot find method or associated constant `try_size_hint` in 
trait `arbitrary::Arbitrary`
    --> C:\Users\pc\.cargo\registry\src\index.crates.io-1949cf8c6b5b557f\stella
r-xdr-21.2.0\src\curr\generated.rs:9633:42
     |
9633 | #[cfg_attr(feature = "arbitrary", derive(Arbitrary))]
     |                                          ^^^^^^^^^
     |
    ::: C:\Users\pc\.cargo\registry\src\index.crates.io-1949cf8c6b5b557f\arbitr
ary-1.3.2\src\lib.rs:277:5
     |
 277 |     fn size_hint(depth: usize) -> (usize, Option<usize>) {
     |     ---------------------------------------------------- similarly 
named associated function `size_hint` defined here
     |
     = note: this error originates in the derive macro `Arbitrary` (in Nightly 
builds, run with -Z macro-backtrace for more info)

error[E0425]: cannot find type `MaxRecursionReached` in crate `arbitrary`
    --> C:\Users\pc\.cargo\registry\src\index.crates.io-1949cf8c6b5b557f\stella
r-xdr-21.2.0\src\curr\generated.rs:9886:42
     |
9886 | #[cfg_attr(feature = "arbitrary", derive(Arbitrary))]
     |                                          ^^^^^^^^^ not found in 
`arbitrary`
     |
     = note: this error originates in the derive macro `Arbitrary` (in Nightly 
builds, run with -Z macro-backtrace for more info)

error[E0425]: cannot find function `try_recursion_guard` in module 
`arbitrary::size_hint`
    --> C:\Users\pc\.cargo\registry\src\index.crates.io-1949cf8c6b5b557f\stella
r-xdr-21.2.0\src\curr\generated.rs:9886:42
     |
9886 |   #[cfg_attr(feature = "arbitrary", derive(Arbitrary))]
     |                                            ^^^^^^^^^
     |
    ::: C:\Users\pc\.cargo\registry\src\index.crates.io-1949cf8c6b5b557f\arbitr
ary-1.3.2\src\size_hint.rs:12:1
     |
  12 | / pub fn recursion_guard(
  13 | |     depth: usize,
  14 | |     f: impl FnOnce(usize) -> (usize, Option<usize>),
  15 | | ) -> (usize, Option<usize>) {
     | |___________________________- similarly named function 
`recursion_guard` defined here
     |
     = note: this error originates in the derive macro `Arbitrary` (in Nightly 
builds, run with -Z macro-backtrace for more info)

error[E0576]: cannot find method or associated constant `try_size_hint` in 
trait `arbitrary::Arbitrary`
    --> C:\Users\pc\.cargo\registry\src\index.crates.io-1949cf8c6b5b557f\stella
r-xdr-21.2.0\src\curr\generated.rs:9886:42
     |
9886 | #[cfg_attr(feature = "arbitrary", derive(Arbitrary))]
     |                                          ^^^^^^^^^
     |
    ::: C:\Users\pc\.cargo\registry\src\index.crates.io-1949cf8c6b5b557f\arbitr
ary-1.3.2\src\lib.rs:277:5
     |
 277 |     fn size_hint(depth: usize) -> (usize, Option<usize>) {
     |     ---------------------------------------------------- similarly 
named associated function `size_hint` defined here
     |
     = note: this error originates in the derive macro `Arbitrary` (in Nightly 
builds, run with -Z macro-backtrace for more info)

error[E0425]: cannot find type `MaxRecursionReached` in crate `arbitrary`
    --> C:\Users\pc\.cargo\registry\src\index.crates.io-1949cf8c6b5b557f\stella
r-xdr-21.2.0\src\curr\generated.rs:9935:42
     |
9935 | #[cfg_attr(feature = "arbitrary", derive(Arbitrary))]
     |                                          ^^^^^^^^^ not found in 
`arbitrary`
     |
     = note: this error originates in the derive macro `Arbitrary` (in Nightly 
builds, run with -Z macro-backtrace for more info)

error[E0425]: cannot find function `try_recursion_guard` in module 
`arbitrary::size_hint`
    --> C:\Users\pc\.cargo\registry\src\index.crates.io-1949cf8c6b5b557f\stella
r-xdr-21.2.0\src\curr\generated.rs:9935:42
     |
9935 |   #[cfg_attr(feature = "arbitrary", derive(Arbitrary))]
     |                                            ^^^^^^^^^
     |
    ::: C:\Users\pc\.cargo\registry\src\index.crates.io-1949cf8c6b5b557f\arbitr
ary-1.3.2\src\size_hint.rs:12:1
     |
  12 | / pub fn recursion_guard(
  13 | |     depth: usize,
  14 | |     f: impl FnOnce(usize) -> (usize, Option<usize>),
  15 | | ) -> (usize, Option<usize>) {
     | |___________________________- similarly named function 
`recursion_guard` defined here
     |
     = note: this error originates in the derive macro `Arbitrary` (in Nightly 
builds, run with -Z macro-backtrace for more info)

error[E0576]: cannot find method or associated constant `try_size_hint` in 
trait `arbitrary::Arbitrary`
    --> C:\Users\pc\.cargo\registry\src\index.crates.io-1949cf8c6b5b557f\stella
r-xdr-21.2.0\src\curr\generated.rs:9935:42
     |
9935 | #[cfg_attr(feature = "arbitrary", derive(Arbitrary))]
     |                                          ^^^^^^^^^
     |
    ::: C:\Users\pc\.cargo\registry\src\index.crates.io-1949cf8c6b5b557f\arbitr
ary-1.3.2\src\lib.rs:277:5
     |
 277 |     fn size_hint(depth: usize) -> (usize, Option<usize>) {
     |     ---------------------------------------------------- similarly 
named associated function `size_hint` defined here
     |
     = note: this error originates in the derive macro `Arbitrary` (in Nightly 
builds, run with -Z macro-backtrace for more info)

error[E0425]: cannot find type `MaxRecursionReached` in crate `arbitrary`
     --> C:\Users\pc\.cargo\registry\src\index.crates.io-1949cf8c6b5b557f\stell
ar-xdr-21.2.0\src\curr\generated.rs:10041:42
      |
10041 | #[cfg_attr(feature = "arbitrary", derive(Arbitrary))]
      |                                          ^^^^^^^^^ not found in 
`arbitrary`
      |
      = note: this error originates in the derive macro `Arbitrary` (in 
Nightly builds, run with -Z macro-backtrace for more info)

error[E0425]: cannot find function `try_recursion_guard` in module 
`arbitrary::size_hint`
     --> C:\Users\pc\.cargo\registry\src\index.crates.io-1949cf8c6b5b557f\stell
ar-xdr-21.2.0\src\curr\generated.rs:10041:42
      |
10041 |   #[cfg_attr(feature = "arbitrary", derive(Arbitrary))]
      |                                            ^^^^^^^^^
      |
     ::: C:\Users\pc\.cargo\registry\src\index.crates.io-1949cf8c6b5b557f\arbit
rary-1.3.2\src\size_hint.rs:12:1
      |
   12 | / pub fn recursion_guard(
   13 | |     depth: usize,
   14 | |     f: impl FnOnce(usize) -> (usize, Option<usize>),
   15 | | ) -> (usize, Option<usize>) {
      | |___________________________- similarly named function 
`recursion_guard` defined here
      |
      = note: this error originates in the derive macro `Arbitrary` (in 
Nightly builds, run with -Z macro-backtrace for more info)

error[E0576]: cannot find method or associated constant `try_size_hint` in 
trait `arbitrary::Arbitrary`
     --> C:\Users\pc\.cargo\registry\src\index.crates.io-1949cf8c6b5b557f\stell
ar-xdr-21.2.0\src\curr\generated.rs:10041:42
      |
10041 | #[cfg_attr(feature = "arbitrary", derive(Arbitrary))]
      |                                          ^^^^^^^^^
      |
     ::: C:\Users\pc\.cargo\registry\src\index.crates.io-1949cf8c6b5b557f\arbit
rary-1.3.2\src\lib.rs:277:5
      |
  277 |     fn size_hint(depth: usize) -> (usize, Option<usize>) {
      |     ---------------------------------------------------- similarly 
named associated function `size_hint` defined here
      |
      = note: this error originates in the derive macro `Arbitrary` (in 
Nightly builds, run with -Z macro-backtrace for more info)

error[E0425]: cannot find type `MaxRecursionReached` in crate `arbitrary`
     --> C:\Users\pc\.cargo\registry\src\index.crates.io-1949cf8c6b5b557f\stell
ar-xdr-21.2.0\src\curr\generated.rs:10091:42
      |
10091 | #[cfg_attr(feature = "arbitrary", derive(Arbitrary))]
      |                                          ^^^^^^^^^ not found in 
`arbitrary`
      |
      = note: this error originates in the derive macro `Arbitrary` (in 
Nightly builds, run with -Z macro-backtrace for more info)

error[E0425]: cannot find function `try_recursion_guard` in module 
`arbitrary::size_hint`
     --> C:\Users\pc\.cargo\registry\src\index.crates.io-1949cf8c6b5b557f\stell
ar-xdr-21.2.0\src\curr\generated.rs:10091:42
      |
10091 |   #[cfg_attr(feature = "arbitrary", derive(Arbitrary))]
      |                                            ^^^^^^^^^
      |
     ::: C:\Users\pc\.cargo\registry\src\index.crates.io-1949cf8c6b5b557f\arbit
rary-1.3.2\src\size_hint.rs:12:1
      |
   12 | / pub fn recursion_guard(
   13 | |     depth: usize,
   14 | |     f: impl FnOnce(usize) -> (usize, Option<usize>),
   15 | | ) -> (usize, Option<usize>) {
      | |___________________________- similarly named function 
`recursion_guard` defined here
      |
      = note: this error originates in the derive macro `Arbitrary` (in 
Nightly builds, run with -Z macro-backtrace for more info)

error[E0576]: cannot find method or associated constant `try_size_hint` in 
trait `arbitrary::Arbitrary`
     --> C:\Users\pc\.cargo\registry\src\index.crates.io-1949cf8c6b5b557f\stell
ar-xdr-21.2.0\src\curr\generated.rs:10091:42
      |
10091 | #[cfg_attr(feature = "arbitrary", derive(Arbitrary))]
      |                                          ^^^^^^^^^
      |
     ::: C:\Users\pc\.cargo\registry\src\index.crates.io-1949cf8c6b5b557f\arbit
rary-1.3.2\src\lib.rs:277:5
      |
  277 |     fn size_hint(depth: usize) -> (usize, Option<usize>) {
      |     ---------------------------------------------------- similarly 
named associated function `size_hint` defined here
      |
      = note: this error originates in the derive macro `Arbitrary` (in 
Nightly builds, run with -Z macro-backtrace for more info)

error[E0425]: cannot find type `MaxRecursionReached` in crate `arbitrary`
     --> C:\Users\pc\.cargo\registry\src\index.crates.io-1949cf8c6b5b557f\stell
ar-xdr-21.2.0\src\curr\generated.rs:10141:42
      |
10141 | #[cfg_attr(feature = "arbitrary", derive(Arbitrary))]
      |                                          ^^^^^^^^^ not found in 
`arbitrary`
      |
      = note: this error originates in the derive macro `Arbitrary` (in 
Nightly builds, run with -Z macro-backtrace for more info)

error[E0425]: cannot find function `try_recursion_guard` in module 
`arbitrary::size_hint`
     --> C:\Users\pc\.cargo\registry\src\index.crates.io-1949cf8c6b5b557f\stell
ar-xdr-21.2.0\src\curr\generated.rs:10141:42
      |
10141 |   #[cfg_attr(feature = "arbitrary", derive(Arbitrary))]
      |                                            ^^^^^^^^^
      |
     ::: C:\Users\pc\.cargo\registry\src\index.crates.io-1949cf8c6b5b557f\arbit
rary-1.3.2\src\size_hint.rs:12:1
      |
   12 | / pub fn recursion_guard(
   13 | |     depth: usize,
   14 | |     f: impl FnOnce(usize) -> (usize, Option<usize>),
   15 | | ) -> (usize, Option<usize>) {
      | |___________________________- similarly named function 
`recursion_guard` defined here
      |
      = note: this error originates in the derive macro `Arbitrary` (in 
Nightly builds, run with -Z macro-backtrace for more info)

error[E0576]: cannot find method or associated constant `try_size_hint` in 
trait `arbitrary::Arbitrary`
     --> C:\Users\pc\.cargo\registry\src\index.crates.io-1949cf8c6b5b557f\stell
ar-xdr-21.2.0\src\curr\generated.rs:10141:42
      |
10141 | #[cfg_attr(feature = "arbitrary", derive(Arbitrary))]
      |                                          ^^^^^^^^^
      |
     ::: C:\Users\pc\.cargo\registry\src\index.crates.io-1949cf8c6b5b557f\arbit
rary-1.3.2\src\lib.rs:277:5
      |
  277 |     fn size_hint(depth: usize) -> (usize, Option<usize>) {
      |     ---------------------------------------------------- similarly 
named associated function `size_hint` defined here
      |
      = note: this error originates in the derive macro `Arbitrary` (in 
Nightly builds, run with -Z macro-backtrace for more info)

error[E0425]: cannot find type `MaxRecursionReached` in crate `arbitrary`
     --> C:\Users\pc\.cargo\registry\src\index.crates.io-1949cf8c6b5b557f\stell
ar-xdr-21.2.0\src\curr\generated.rs:10190:42
      |
10190 | #[cfg_attr(feature = "arbitrary", derive(Arbitrary))]
      |                                          ^^^^^^^^^ not found in 
`arbitrary`
      |
      = note: this error originates in the derive macro `Arbitrary` (in 
Nightly builds, run with -Z macro-backtrace for more info)

error[E0425]: cannot find function `try_recursion_guard` in module 
`arbitrary::size_hint`
     --> C:\Users\pc\.cargo\registry\src\index.crates.io-1949cf8c6b5b557f\stell
ar-xdr-21.2.0\src\curr\generated.rs:10190:42
      |
10190 |   #[cfg_attr(feature = "arbitrary", derive(Arbitrary))]
      |                                            ^^^^^^^^^
      |
     ::: C:\Users\pc\.cargo\registry\src\index.crates.io-1949cf8c6b5b557f\arbit
rary-1.3.2\src\size_hint.rs:12:1
      |
   12 | / pub fn recursion_guard(
   13 | |     depth: usize,
   14 | |     f: impl FnOnce(usize) -> (usize, Option<usize>),
   15 | | ) -> (usize, Option<usize>) {
      | |___________________________- similarly named function 
`recursion_guard` defined here
      |
      = note: this error originates in the derive macro `Arbitrary` (in 
Nightly builds, run with -Z macro-backtrace for more info)

error[E0576]: cannot find method or associated constant `try_size_hint` in 
trait `arbitrary::Arbitrary`
     --> C:\Users\pc\.cargo\registry\src\index.crates.io-1949cf8c6b5b557f\stell
ar-xdr-21.2.0\src\curr\generated.rs:10190:42
      |
10190 | #[cfg_attr(feature = "arbitrary", derive(Arbitrary))]
      |                                          ^^^^^^^^^
      |
     ::: C:\Users\pc\.cargo\registry\src\index.crates.io-1949cf8c6b5b557f\arbit
rary-1.3.2\src\lib.rs:277:5
      |
  277 |     fn size_hint(depth: usize) -> (usize, Option<usize>) {
      |     ---------------------------------------------------- similarly 
named associated function `size_hint` defined here
      |
      = note: this error originates in the derive macro `Arbitrary` (in 
Nightly builds, run with -Z macro-backtrace for more info)

error[E0425]: cannot find type `MaxRecursionReached` in crate `arbitrary`
     --> C:\Users\pc\.cargo\registry\src\index.crates.io-1949cf8c6b5b557f\stell
ar-xdr-21.2.0\src\curr\generated.rs:10291:42
      |
10291 | #[cfg_attr(feature = "arbitrary", derive(Arbitrary))]
      |                                          ^^^^^^^^^ not found in 
`arbitrary`
      |
      = note: this error originates in the derive macro `Arbitrary` (in 
Nightly builds, run with -Z macro-backtrace for more info)

error[E0425]: cannot find function `try_recursion_guard` in module 
`arbitrary::size_hint`
     --> C:\Users\pc\.cargo\registry\src\index.crates.io-1949cf8c6b5b557f\stell
ar-xdr-21.2.0\src\curr\generated.rs:10291:42
      |
10291 |   #[cfg_attr(feature = "arbitrary", derive(Arbitrary))]
      |                                            ^^^^^^^^^
      |
     ::: C:\Users\pc\.cargo\registry\src\index.crates.io-1949cf8c6b5b557f\arbit
rary-1.3.2\src\size_hint.rs:12:1
      |
   12 | / pub fn recursion_guard(
   13 | |     depth: usize,
   14 | |     f: impl FnOnce(usize) -> (usize, Option<usize>),
   15 | | ) -> (usize, Option<usize>) {
      | |___________________________- similarly named function 
`recursion_guard` defined here
      |
      = note: this error originates in the derive macro `Arbitrary` (in 
Nightly builds, run with -Z macro-backtrace for more info)

error[E0576]: cannot find method or associated constant `try_size_hint` in 
trait `arbitrary::Arbitrary`
     --> C:\Users\pc\.cargo\registry\src\index.crates.io-1949cf8c6b5b557f\stell
ar-xdr-21.2.0\src\curr\generated.rs:10291:42
      |
10291 | #[cfg_attr(feature = "arbitrary", derive(Arbitrary))]
      |                                          ^^^^^^^^^
      |
     ::: C:\Users\pc\.cargo\registry\src\index.crates.io-1949cf8c6b5b557f\arbit
rary-1.3.2\src\lib.rs:277:5
      |
  277 |     fn size_hint(depth: usize) -> (usize, Option<usize>) {
      |     ---------------------------------------------------- similarly 
named associated function `size_hint` defined here
      |
      = note: this error originates in the derive macro `Arbitrary` (in 
Nightly builds, run with -Z macro-backtrace for more info)

error[E0425]: cannot find type `MaxRecursionReached` in crate `arbitrary`
     --> C:\Users\pc\.cargo\registry\src\index.crates.io-1949cf8c6b5b557f\stell
ar-xdr-21.2.0\src\curr\generated.rs:10442:42
      |
10442 | #[cfg_attr(feature = "arbitrary", derive(Arbitrary))]
      |                                          ^^^^^^^^^ not found in 
`arbitrary`
      |
      = note: this error originates in the derive macro `Arbitrary` (in 
Nightly builds, run with -Z macro-backtrace for more info)

error[E0425]: cannot find function `try_recursion_guard` in module 
`arbitrary::size_hint`
     --> C:\Users\pc\.cargo\registry\src\index.crates.io-1949cf8c6b5b557f\stell
ar-xdr-21.2.0\src\curr\generated.rs:10442:42
      |
10442 |   #[cfg_attr(feature = "arbitrary", derive(Arbitrary))]
      |                                            ^^^^^^^^^
      |
     ::: C:\Users\pc\.cargo\registry\src\index.crates.io-1949cf8c6b5b557f\arbit
rary-1.3.2\src\size_hint.rs:12:1
      |
   12 | / pub fn recursion_guard(
   13 | |     depth: usize,
   14 | |     f: impl FnOnce(usize) -> (usize, Option<usize>),
   15 | | ) -> (usize, Option<usize>) {
      | |___________________________- similarly named function 
`recursion_guard` defined here
      |
      = note: this error originates in the derive macro `Arbitrary` (in 
Nightly builds, run with -Z macro-backtrace for more info)

error[E0576]: cannot find method or associated constant `try_size_hint` in 
trait `arbitrary::Arbitrary`
     --> C:\Users\pc\.cargo\registry\src\index.crates.io-1949cf8c6b5b557f\stell
ar-xdr-21.2.0\src\curr\generated.rs:10442:42
      |
10442 | #[cfg_attr(feature = "arbitrary", derive(Arbitrary))]
      |                                          ^^^^^^^^^
      |
     ::: C:\Users\pc\.cargo\registry\src\index.crates.io-1949cf8c6b5b557f\arbit
rary-1.3.2\src\lib.rs:277:5
      |
  277 |     fn size_hint(depth: usize) -> (usize, Option<usize>) {
      |     ---------------------------------------------------- similarly 
named associated function `size_hint` defined here
      |
      = note: this error originates in the derive macro `Arbitrary` (in 
Nightly builds, run with -Z macro-backtrace for more info)

error[E0425]: cannot find type `MaxRecursionReached` in crate `arbitrary`
     --> C:\Users\pc\.cargo\registry\src\index.crates.io-1949cf8c6b5b557f\stell
ar-xdr-21.2.0\src\curr\generated.rs:10548:42
      |
10548 | #[cfg_attr(feature = "arbitrary", derive(Arbitrary))]
      |                                          ^^^^^^^^^ not found in 
`arbitrary`
      |
      = note: this error originates in the derive macro `Arbitrary` (in 
Nightly builds, run with -Z macro-backtrace for more info)

error[E0425]: cannot find function `try_recursion_guard` in module 
`arbitrary::size_hint`
     --> C:\Users\pc\.cargo\registry\src\index.crates.io-1949cf8c6b5b557f\stell
ar-xdr-21.2.0\src\curr\generated.rs:10548:42
      |
10548 |   #[cfg_attr(feature = "arbitrary", derive(Arbitrary))]
      |                                            ^^^^^^^^^
      |
     ::: C:\Users\pc\.cargo\registry\src\index.crates.io-1949cf8c6b5b557f\arbit
rary-1.3.2\src\size_hint.rs:12:1
      |
   12 | / pub fn recursion_guard(
   13 | |     depth: usize,
   14 | |     f: impl FnOnce(usize) -> (usize, Option<usize>),
   15 | | ) -> (usize, Option<usize>) {
      | |___________________________- similarly named function 
`recursion_guard` defined here
      |
      = note: this error originates in the derive macro `Arbitrary` (in 
Nightly builds, run with -Z macro-backtrace for more info)

error[E0576]: cannot find method or associated constant `try_size_hint` in 
trait `arbitrary::Arbitrary`
     --> C:\Users\pc\.cargo\registry\src\index.crates.io-1949cf8c6b5b557f\stell
ar-xdr-21.2.0\src\curr\generated.rs:10548:42
      |
10548 | #[cfg_attr(feature = "arbitrary", derive(Arbitrary))]
      |                                          ^^^^^^^^^
      |
     ::: C:\Users\pc\.cargo\registry\src\index.crates.io-1949cf8c6b5b557f\arbit
rary-1.3.2\src\lib.rs:277:5
      |
  277 |     fn size_hint(depth: usize) -> (usize, Option<usize>) {
      |     ---------------------------------------------------- similarly 
named associated function `size_hint` defined here
      |
      = note: this error originates in the derive macro `Arbitrary` (in 
Nightly builds, run with -Z macro-backtrace for more info)

error[E0425]: cannot find type `MaxRecursionReached` in crate `arbitrary`
     --> C:\Users\pc\.cargo\registry\src\index.crates.io-1949cf8c6b5b557f\stell
ar-xdr-21.2.0\src\curr\generated.rs:10654:42
      |
10654 | #[cfg_attr(feature = "arbitrary", derive(Arbitrary))]
      |                                          ^^^^^^^^^ not found in 
`arbitrary`
      |
      = note: this error originates in the derive macro `Arbitrary` (in 
Nightly builds, run with -Z macro-backtrace for more info)

error[E0425]: cannot find function `try_recursion_guard` in module 
`arbitrary::size_hint`
     --> C:\Users\pc\.cargo\registry\src\index.crates.io-1949cf8c6b5b557f\stell
ar-xdr-21.2.0\src\curr\generated.rs:10654:42
      |
10654 |   #[cfg_attr(feature = "arbitrary", derive(Arbitrary))]
      |                                            ^^^^^^^^^
      |
     ::: C:\Users\pc\.cargo\registry\src\index.crates.io-1949cf8c6b5b557f\arbit
rary-1.3.2\src\size_hint.rs:12:1
      |
   12 | / pub fn recursion_guard(
   13 | |     depth: usize,
   14 | |     f: impl FnOnce(usize) -> (usize, Option<usize>),
   15 | | ) -> (usize, Option<usize>) {
      | |___________________________- similarly named function 
`recursion_guard` defined here
      |
      = note: this error originates in the derive macro `Arbitrary` (in 
Nightly builds, run with -Z macro-backtrace for more info)

error[E0576]: cannot find method or associated constant `try_size_hint` in 
trait `arbitrary::Arbitrary`
     --> C:\Users\pc\.cargo\registry\src\index.crates.io-1949cf8c6b5b557f\stell
ar-xdr-21.2.0\src\curr\generated.rs:10654:42
      |
10654 | #[cfg_attr(feature = "arbitrary", derive(Arbitrary))]
      |                                          ^^^^^^^^^
      |
     ::: C:\Users\pc\.cargo\registry\src\index.crates.io-1949cf8c6b5b557f\arbit
rary-1.3.2\src\lib.rs:277:5
      |
  277 |     fn size_hint(depth: usize) -> (usize, Option<usize>) {
      |     ---------------------------------------------------- similarly 
named associated function `size_hint` defined here
      |
      = note: this error originates in the derive macro `Arbitrary` (in 
Nightly builds, run with -Z macro-backtrace for more info)

error[E0425]: cannot find type `MaxRecursionReached` in crate `arbitrary`
     --> C:\Users\pc\.cargo\registry\src\index.crates.io-1949cf8c6b5b557f\stell
ar-xdr-21.2.0\src\curr\generated.rs:10710:42
      |
10710 | #[cfg_attr(feature = "arbitrary", derive(Arbitrary))]
      |                                          ^^^^^^^^^ not found in 
`arbitrary`
      |
      = note: this error originates in the derive macro `Arbitrary` (in 
Nightly builds, run with -Z macro-backtrace for more info)

error[E0425]: cannot find function `try_recursion_guard` in module 
`arbitrary::size_hint`
     --> C:\Users\pc\.cargo\registry\src\index.crates.io-1949cf8c6b5b557f\stell
ar-xdr-21.2.0\src\curr\generated.rs:10710:42
      |
10710 |   #[cfg_attr(feature = "arbitrary", derive(Arbitrary))]
      |                                            ^^^^^^^^^
      |
     ::: C:\Users\pc\.cargo\registry\src\index.crates.io-1949cf8c6b5b557f\arbit
rary-1.3.2\src\size_hint.rs:12:1
      |
   12 | / pub fn recursion_guard(
   13 | |     depth: usize,
   14 | |     f: impl FnOnce(usize) -> (usize, Option<usize>),
   15 | | ) -> (usize, Option<usize>) {
      | |___________________________- similarly named function 
`recursion_guard` defined here
      |
      = note: this error originates in the derive macro `Arbitrary` (in 
Nightly builds, run with -Z macro-backtrace for more info)

error[E0576]: cannot find method or associated constant `try_size_hint` in 
trait `arbitrary::Arbitrary`
     --> C:\Users\pc\.cargo\registry\src\index.crates.io-1949cf8c6b5b557f\stell
ar-xdr-21.2.0\src\curr\generated.rs:10710:42
      |
10710 | #[cfg_attr(feature = "arbitrary", derive(Arbitrary))]
      |                                          ^^^^^^^^^
      |
     ::: C:\Users\pc\.cargo\registry\src\index.crates.io-1949cf8c6b5b557f\arbit
rary-1.3.2\src\lib.rs:277:5
      |
  277 |     fn size_hint(depth: usize) -> (usize, Option<usize>) {
      |     ---------------------------------------------------- similarly 
named associated function `size_hint` defined here
      |
      = note: this error originates in the derive macro `Arbitrary` (in 
Nightly builds, run with -Z macro-backtrace for more info)

error[E0425]: cannot find type `MaxRecursionReached` in crate `arbitrary`
     --> C:\Users\pc\.cargo\registry\src\index.crates.io-1949cf8c6b5b557f\stell
ar-xdr-21.2.0\src\curr\generated.rs:10816:42
      |
10816 | #[cfg_attr(feature = "arbitrary", derive(Arbitrary))]
      |                                          ^^^^^^^^^ not found in 
`arbitrary`
      |
      = note: this error originates in the derive macro `Arbitrary` (in 
Nightly builds, run with -Z macro-backtrace for more info)

error[E0425]: cannot find function `try_recursion_guard` in module 
`arbitrary::size_hint`
     --> C:\Users\pc\.cargo\registry\src\index.crates.io-1949cf8c6b5b557f\stell
ar-xdr-21.2.0\src\curr\generated.rs:10816:42
      |
10816 |   #[cfg_attr(feature = "arbitrary", derive(Arbitrary))]
      |                                            ^^^^^^^^^
      |
     ::: C:\Users\pc\.cargo\registry\src\index.crates.io-1949cf8c6b5b557f\arbit
rary-1.3.2\src\size_hint.rs:12:1
      |
   12 | / pub fn recursion_guard(
   13 | |     depth: usize,
   14 | |     f: impl FnOnce(usize) -> (usize, Option<usize>),
   15 | | ) -> (usize, Option<usize>) {
      | |___________________________- similarly named function 
`recursion_guard` defined here
      |
      = note: this error originates in the derive macro `Arbitrary` (in 
Nightly builds, run with -Z macro-backtrace for more info)

error[E0576]: cannot find method or associated constant `try_size_hint` in 
trait `arbitrary::Arbitrary`
     --> C:\Users\pc\.cargo\registry\src\index.crates.io-1949cf8c6b5b557f\stell
ar-xdr-21.2.0\src\curr\generated.rs:10816:42
      |
10816 | #[cfg_attr(feature = "arbitrary", derive(Arbitrary))]
      |                                          ^^^^^^^^^
      |
     ::: C:\Users\pc\.cargo\registry\src\index.crates.io-1949cf8c6b5b557f\arbit
rary-1.3.2\src\lib.rs:277:5
      |
  277 |     fn size_hint(depth: usize) -> (usize, Option<usize>) {
      |     ---------------------------------------------------- similarly 
named associated function `size_hint` defined here
      |
      = note: this error originates in the derive macro `Arbitrary` (in 
Nightly builds, run with -Z macro-backtrace for more info)

error[E0425]: cannot find type `MaxRecursionReached` in crate `arbitrary`
     --> C:\Users\pc\.cargo\registry\src\index.crates.io-1949cf8c6b5b557f\stell
ar-xdr-21.2.0\src\curr\generated.rs:10872:42
      |
10872 | #[cfg_attr(feature = "arbitrary", derive(Arbitrary))]
      |                                          ^^^^^^^^^ not found in 
`arbitrary`
      |
      = note: this error originates in the derive macro `Arbitrary` (in 
Nightly builds, run with -Z macro-backtrace for more info)

error[E0425]: cannot find function `try_recursion_guard` in module 
`arbitrary::size_hint`
     --> C:\Users\pc\.cargo\registry\src\index.crates.io-1949cf8c6b5b557f\stell
ar-xdr-21.2.0\src\curr\generated.rs:10872:42
      |
10872 |   #[cfg_attr(feature = "arbitrary", derive(Arbitrary))]
      |                                            ^^^^^^^^^
      |
     ::: C:\Users\pc\.cargo\registry\src\index.crates.io-1949cf8c6b5b557f\arbit
rary-1.3.2\src\size_hint.rs:12:1
      |
   12 | / pub fn recursion_guard(
   13 | |     depth: usize,
   14 | |     f: impl FnOnce(usize) -> (usize, Option<usize>),
   15 | | ) -> (usize, Option<usize>) {
      | |___________________________- similarly named function 
`recursion_guard` defined here
      |
      = note: this error originates in the derive macro `Arbitrary` (in 
Nightly builds, run with -Z macro-backtrace for more info)

error[E0576]: cannot find method or associated constant `try_size_hint` in 
trait `arbitrary::Arbitrary`
     --> C:\Users\pc\.cargo\registry\src\index.crates.io-1949cf8c6b5b557f\stell
ar-xdr-21.2.0\src\curr\generated.rs:10872:42
      |
10872 | #[cfg_attr(feature = "arbitrary", derive(Arbitrary))]
      |                                          ^^^^^^^^^
      |
     ::: C:\Users\pc\.cargo\registry\src\index.crates.io-1949cf8c6b5b557f\arbit
rary-1.3.2\src\lib.rs:277:5
      |
  277 |     fn size_hint(depth: usize) -> (usize, Option<usize>) {
      |     ---------------------------------------------------- similarly 
named associated function `size_hint` defined here
      |
      = note: this error originates in the derive macro `Arbitrary` (in 
Nightly builds, run with -Z macro-backtrace for more info)

error[E0425]: cannot find type `MaxRecursionReached` in crate `arbitrary`
     --> C:\Users\pc\.cargo\registry\src\index.crates.io-1949cf8c6b5b557f\stell
ar-xdr-21.2.0\src\curr\generated.rs:10973:42
      |
10973 | #[cfg_attr(feature = "arbitrary", derive(Arbitrary))]
      |                                          ^^^^^^^^^ not found in 
`arbitrary`
      |
      = note: this error originates in the derive macro `Arbitrary` (in 
Nightly builds, run with -Z macro-backtrace for more info)

error[E0425]: cannot find function `try_recursion_guard` in module 
`arbitrary::size_hint`
     --> C:\Users\pc\.cargo\registry\src\index.crates.io-1949cf8c6b5b557f\stell
ar-xdr-21.2.0\src\curr\generated.rs:10973:42
      |
10973 |   #[cfg_attr(feature = "arbitrary", derive(Arbitrary))]
      |                                            ^^^^^^^^^
      |
     ::: C:\Users\pc\.cargo\registry\src\index.crates.io-1949cf8c6b5b557f\arbit
rary-1.3.2\src\size_hint.rs:12:1
      |
   12 | / pub fn recursion_guard(
   13 | |     depth: usize,
   14 | |     f: impl FnOnce(usize) -> (usize, Option<usize>),
   15 | | ) -> (usize, Option<usize>) {
      | |___________________________- similarly named function 
`recursion_guard` defined here
      |
      = note: this error originates in the derive macro `Arbitrary` (in 
Nightly builds, run with -Z macro-backtrace for more info)

error[E0576]: cannot find method or associated constant `try_size_hint` in 
trait `arbitrary::Arbitrary`
     --> C:\Users\pc\.cargo\registry\src\index.crates.io-1949cf8c6b5b557f\stell
ar-xdr-21.2.0\src\curr\generated.rs:10973:42
      |
10973 | #[cfg_attr(feature = "arbitrary", derive(Arbitrary))]
      |                                          ^^^^^^^^^
      |
     ::: C:\Users\pc\.cargo\registry\src\index.crates.io-1949cf8c6b5b557f\arbit
rary-1.3.2\src\lib.rs:277:5
      |
  277 |     fn size_hint(depth: usize) -> (usize, Option<usize>) {
      |     ---------------------------------------------------- similarly 
named associated function `size_hint` defined here
      |
      = note: this error originates in the derive macro `Arbitrary` (in 
Nightly builds, run with -Z macro-backtrace for more info)

error[E0425]: cannot find type `MaxRecursionReached` in crate `arbitrary`
     --> C:\Users\pc\.cargo\registry\src\index.crates.io-1949cf8c6b5b557f\stell
ar-xdr-21.2.0\src\curr\generated.rs:11204:42
      |
11204 | #[cfg_attr(feature = "arbitrary", derive(Arbitrary))]
      |                                          ^^^^^^^^^ not found in 
`arbitrary`
      |
      = note: this error originates in the derive macro `Arbitrary` (in 
Nightly builds, run with -Z macro-backtrace for more info)

error[E0425]: cannot find function `try_recursion_guard` in module 
`arbitrary::size_hint`
     --> C:\Users\pc\.cargo\registry\src\index.crates.io-1949cf8c6b5b557f\stell
ar-xdr-21.2.0\src\curr\generated.rs:11204:42
      |
11204 |   #[cfg_attr(feature = "arbitrary", derive(Arbitrary))]
      |                                            ^^^^^^^^^
      |
     ::: C:\Users\pc\.cargo\registry\src\index.crates.io-1949cf8c6b5b557f\arbit
rary-1.3.2\src\size_hint.rs:12:1
      |
   12 | / pub fn recursion_guard(
   13 | |     depth: usize,
   14 | |     f: impl FnOnce(usize) -> (usize, Option<usize>),
   15 | | ) -> (usize, Option<usize>) {
      | |___________________________- similarly named function 
`recursion_guard` defined here
      |
      = note: this error originates in the derive macro `Arbitrary` (in 
Nightly builds, run with -Z macro-backtrace for more info)

error[E0576]: cannot find method or associated constant `try_size_hint` in 
trait `arbitrary::Arbitrary`
     --> C:\Users\pc\.cargo\registry\src\index.crates.io-1949cf8c6b5b557f\stell
ar-xdr-21.2.0\src\curr\generated.rs:11204:42
      |
11204 | #[cfg_attr(feature = "arbitrary", derive(Arbitrary))]
      |                                          ^^^^^^^^^
      |
     ::: C:\Users\pc\.cargo\registry\src\index.crates.io-1949cf8c6b5b557f\arbit
rary-1.3.2\src\lib.rs:277:5
      |
  277 |     fn size_hint(depth: usize) -> (usize, Option<usize>) {
      |     ---------------------------------------------------- similarly 
named associated function `size_hint` defined here
      |
      = note: this error originates in the derive macro `Arbitrary` (in 
Nightly builds, run with -Z macro-backtrace for more info)

error[E0425]: cannot find type `MaxRecursionReached` in crate `arbitrary`
     --> C:\Users\pc\.cargo\registry\src\index.crates.io-1949cf8c6b5b557f\stell
ar-xdr-21.2.0\src\curr\generated.rs:11307:42
      |
11307 | #[cfg_attr(feature = "arbitrary", derive(Arbitrary))]
      |                                          ^^^^^^^^^ not found in 
`arbitrary`
      |
      = note: this error originates in the derive macro `Arbitrary` (in 
Nightly builds, run with -Z macro-backtrace for more info)

error[E0425]: cannot find function `try_recursion_guard` in module 
`arbitrary::size_hint`
     --> C:\Users\pc\.cargo\registry\src\index.crates.io-1949cf8c6b5b557f\stell
ar-xdr-21.2.0\src\curr\generated.rs:11307:42
      |
11307 |   #[cfg_attr(feature = "arbitrary", derive(Arbitrary))]
      |                                            ^^^^^^^^^
      |
     ::: C:\Users\pc\.cargo\registry\src\index.crates.io-1949cf8c6b5b557f\arbit
rary-1.3.2\src\size_hint.rs:12:1
      |
   12 | / pub fn recursion_guard(
   13 | |     depth: usize,
   14 | |     f: impl FnOnce(usize) -> (usize, Option<usize>),
   15 | | ) -> (usize, Option<usize>) {
      | |___________________________- similarly named function 
`recursion_guard` defined here
      |
      = note: this error originates in the derive macro `Arbitrary` (in 
Nightly builds, run with -Z macro-backtrace for more info)

error[E0576]: cannot find method or associated constant `try_size_hint` in 
trait `arbitrary::Arbitrary`
     --> C:\Users\pc\.cargo\registry\src\index.crates.io-1949cf8c6b5b557f\stell
ar-xdr-21.2.0\src\curr\generated.rs:11307:42
      |
11307 | #[cfg_attr(feature = "arbitrary", derive(Arbitrary))]
      |                                          ^^^^^^^^^
      |
     ::: C:\Users\pc\.cargo\registry\src\index.crates.io-1949cf8c6b5b557f\arbit
rary-1.3.2\src\lib.rs:277:5
      |
  277 |     fn size_hint(depth: usize) -> (usize, Option<usize>) {
      |     ---------------------------------------------------- similarly 
named associated function `size_hint` defined here
      |
      = note: this error originates in the derive macro `Arbitrary` (in 
Nightly builds, run with -Z macro-backtrace for more info)

error[E0425]: cannot find type `MaxRecursionReached` in crate `arbitrary`
     --> C:\Users\pc\.cargo\registry\src\index.crates.io-1949cf8c6b5b557f\stell
ar-xdr-21.2.0\src\curr\generated.rs:11353:42
      |
11353 | #[cfg_attr(feature = "arbitrary", derive(Arbitrary))]
      |                                          ^^^^^^^^^ not found in 
`arbitrary`
      |
      = note: this error originates in the derive macro `Arbitrary` (in 
Nightly builds, run with -Z macro-backtrace for more info)

error[E0425]: cannot find function `try_recursion_guard` in module 
`arbitrary::size_hint`
     --> C:\Users\pc\.cargo\registry\src\index.crates.io-1949cf8c6b5b557f\stell
ar-xdr-21.2.0\src\curr\generated.rs:11353:42
      |
11353 |   #[cfg_attr(feature = "arbitrary", derive(Arbitrary))]
      |                                            ^^^^^^^^^
      |
     ::: C:\Users\pc\.cargo\registry\src\index.crates.io-1949cf8c6b5b557f\arbit
rary-1.3.2\src\size_hint.rs:12:1
      |
   12 | / pub fn recursion_guard(
   13 | |     depth: usize,
   14 | |     f: impl FnOnce(usize) -> (usize, Option<usize>),
   15 | | ) -> (usize, Option<usize>) {
      | |___________________________- similarly named function 
`recursion_guard` defined here
      |
      = note: this error originates in the derive macro `Arbitrary` (in 
Nightly builds, run with -Z macro-backtrace for more info)

error[E0576]: cannot find method or associated constant `try_size_hint` in 
trait `arbitrary::Arbitrary`
     --> C:\Users\pc\.cargo\registry\src\index.crates.io-1949cf8c6b5b557f\stell
ar-xdr-21.2.0\src\curr\generated.rs:11353:42
      |
11353 | #[cfg_attr(feature = "arbitrary", derive(Arbitrary))]
      |                                          ^^^^^^^^^
      |
     ::: C:\Users\pc\.cargo\registry\src\index.crates.io-1949cf8c6b5b557f\arbit
rary-1.3.2\src\lib.rs:277:5
      |
  277 |     fn size_hint(depth: usize) -> (usize, Option<usize>) {
      |     ---------------------------------------------------- similarly 
named associated function `size_hint` defined here
      |
      = note: this error originates in the derive macro `Arbitrary` (in 
Nightly builds, run with -Z macro-backtrace for more info)

error[E0425]: cannot find type `MaxRecursionReached` in crate `arbitrary`
     --> C:\Users\pc\.cargo\registry\src\index.crates.io-1949cf8c6b5b557f\stell
ar-xdr-21.2.0\src\curr\generated.rs:11408:42
      |
11408 | #[cfg_attr(feature = "arbitrary", derive(Arbitrary))]
      |                                          ^^^^^^^^^ not found in 
`arbitrary`
      |
      = note: this error originates in the derive macro `Arbitrary` (in 
Nightly builds, run with -Z macro-backtrace for more info)

error[E0425]: cannot find function `try_recursion_guard` in module 
`arbitrary::size_hint`
     --> C:\Users\pc\.cargo\registry\src\index.crates.io-1949cf8c6b5b557f\stell
ar-xdr-21.2.0\src\curr\generated.rs:11408:42
      |
11408 |   #[cfg_attr(feature = "arbitrary", derive(Arbitrary))]
      |                                            ^^^^^^^^^
      |
     ::: C:\Users\pc\.cargo\registry\src\index.crates.io-1949cf8c6b5b557f\arbit
rary-1.3.2\src\size_hint.rs:12:1
      |
   12 | / pub fn recursion_guard(
   13 | |     depth: usize,
   14 | |     f: impl FnOnce(usize) -> (usize, Option<usize>),
   15 | | ) -> (usize, Option<usize>) {
      | |___________________________- similarly named function 
`recursion_guard` defined here
      |
      = note: this error originates in the derive macro `Arbitrary` (in 
Nightly builds, run with -Z macro-backtrace for more info)

error[E0576]: cannot find method or associated constant `try_size_hint` in 
trait `arbitrary::Arbitrary`
     --> C:\Users\pc\.cargo\registry\src\index.crates.io-1949cf8c6b5b557f\stell
ar-xdr-21.2.0\src\curr\generated.rs:11408:42
      |
11408 | #[cfg_attr(feature = "arbitrary", derive(Arbitrary))]
      |                                          ^^^^^^^^^
      |
     ::: C:\Users\pc\.cargo\registry\src\index.crates.io-1949cf8c6b5b557f\arbit
rary-1.3.2\src\lib.rs:277:5
      |
  277 |     fn size_hint(depth: usize) -> (usize, Option<usize>) {
      |     ---------------------------------------------------- similarly 
named associated function `size_hint` defined here
      |
      = note: this error originates in the derive macro `Arbitrary` (in 
Nightly builds, run with -Z macro-backtrace for more info)

error[E0425]: cannot find type `MaxRecursionReached` in crate `arbitrary`
     --> C:\Users\pc\.cargo\registry\src\index.crates.io-1949cf8c6b5b557f\stell
ar-xdr-21.2.0\src\curr\generated.rs:11522:42
      |
11522 | #[cfg_attr(feature = "arbitrary", derive(Arbitrary))]
      |                                          ^^^^^^^^^ not found in 
`arbitrary`
      |
      = note: this error originates in the derive macro `Arbitrary` (in 
Nightly builds, run with -Z macro-backtrace for more info)

error[E0425]: cannot find function `try_recursion_guard` in module 
`arbitrary::size_hint`
     --> C:\Users\pc\.cargo\registry\src\index.crates.io-1949cf8c6b5b557f\stell
ar-xdr-21.2.0\src\curr\generated.rs:11522:42
      |
11522 |   #[cfg_attr(feature = "arbitrary", derive(Arbitrary))]
      |                                            ^^^^^^^^^
      |
     ::: C:\Users\pc\.cargo\registry\src\index.crates.io-1949cf8c6b5b557f\arbit
rary-1.3.2\src\size_hint.rs:12:1
      |
   12 | / pub fn recursion_guard(
   13 | |     depth: usize,
   14 | |     f: impl FnOnce(usize) -> (usize, Option<usize>),
   15 | | ) -> (usize, Option<usize>) {
      | |___________________________- similarly named function 
`recursion_guard` defined here
      |
      = note: this error originates in the derive macro `Arbitrary` (in 
Nightly builds, run with -Z macro-backtrace for more info)

error[E0576]: cannot find method or associated constant `try_size_hint` in 
trait `arbitrary::Arbitrary`
     --> C:\Users\pc\.cargo\registry\src\index.crates.io-1949cf8c6b5b557f\stell
ar-xdr-21.2.0\src\curr\generated.rs:11522:42
      |
11522 | #[cfg_attr(feature = "arbitrary", derive(Arbitrary))]
      |                                          ^^^^^^^^^
      |
     ::: C:\Users\pc\.cargo\registry\src\index.crates.io-1949cf8c6b5b557f\arbit
rary-1.3.2\src\lib.rs:277:5
      |
  277 |     fn size_hint(depth: usize) -> (usize, Option<usize>) {
      |     ---------------------------------------------------- similarly 
named associated function `size_hint` defined here
      |
      = note: this error originates in the derive macro `Arbitrary` (in 
Nightly builds, run with -Z macro-backtrace for more info)

error[E0425]: cannot find type `MaxRecursionReached` in crate `arbitrary`
     --> C:\Users\pc\.cargo\registry\src\index.crates.io-1949cf8c6b5b557f\stell
ar-xdr-21.2.0\src\curr\generated.rs:11568:42
      |
11568 | #[cfg_attr(feature = "arbitrary", derive(Arbitrary))]
      |                                          ^^^^^^^^^ not found in 
`arbitrary`
      |
      = note: this error originates in the derive macro `Arbitrary` (in 
Nightly builds, run with -Z macro-backtrace for more info)

error[E0425]: cannot find function `try_recursion_guard` in module 
`arbitrary::size_hint`
     --> C:\Users\pc\.cargo\registry\src\index.crates.io-1949cf8c6b5b557f\stell
ar-xdr-21.2.0\src\curr\generated.rs:11568:42
      |
11568 |   #[cfg_attr(feature = "arbitrary", derive(Arbitrary))]
      |                                            ^^^^^^^^^
      |
     ::: C:\Users\pc\.cargo\registry\src\index.crates.io-1949cf8c6b5b557f\arbit
rary-1.3.2\src\size_hint.rs:12:1
      |
   12 | / pub fn recursion_guard(
   13 | |     depth: usize,
   14 | |     f: impl FnOnce(usize) -> (usize, Option<usize>),
   15 | | ) -> (usize, Option<usize>) {
      | |___________________________- similarly named function 
`recursion_guard` defined here
      |
      = note: this error originates in the derive macro `Arbitrary` (in 
Nightly builds, run with -Z macro-backtrace for more info)

error[E0576]: cannot find method or associated constant `try_size_hint` in 
trait `arbitrary::Arbitrary`
     --> C:\Users\pc\.cargo\registry\src\index.crates.io-1949cf8c6b5b557f\stell
ar-xdr-21.2.0\src\curr\generated.rs:11568:42
      |
11568 | #[cfg_attr(feature = "arbitrary", derive(Arbitrary))]
      |                                          ^^^^^^^^^
      |
     ::: C:\Users\pc\.cargo\registry\src\index.crates.io-1949cf8c6b5b557f\arbit
rary-1.3.2\src\lib.rs:277:5
      |
  277 |     fn size_hint(depth: usize) -> (usize, Option<usize>) {
      |     ---------------------------------------------------- similarly 
named associated function `size_hint` defined here
      |
      = note: this error originates in the derive macro `Arbitrary` (in 
Nightly builds, run with -Z macro-backtrace for more info)

error[E0425]: cannot find type `MaxRecursionReached` in crate `arbitrary`
     --> C:\Users\pc\.cargo\registry\src\index.crates.io-1949cf8c6b5b557f\stell
ar-xdr-21.2.0\src\curr\generated.rs:11893:42
      |
11893 | #[cfg_attr(feature = "arbitrary", derive(Arbitrary))]
      |                                          ^^^^^^^^^ not found in 
`arbitrary`
      |
      = note: this error originates in the derive macro `Arbitrary` (in 
Nightly builds, run with -Z macro-backtrace for more info)

error[E0425]: cannot find function `try_recursion_guard` in module 
`arbitrary::size_hint`
     --> C:\Users\pc\.cargo\registry\src\index.crates.io-1949cf8c6b5b557f\stell
ar-xdr-21.2.0\src\curr\generated.rs:11893:42
      |
11893 |   #[cfg_attr(feature = "arbitrary", derive(Arbitrary))]
      |                                            ^^^^^^^^^
      |
     ::: C:\Users\pc\.cargo\registry\src\index.crates.io-1949cf8c6b5b557f\arbit
rary-1.3.2\src\size_hint.rs:12:1
      |
   12 | / pub fn recursion_guard(
   13 | |     depth: usize,
   14 | |     f: impl FnOnce(usize) -> (usize, Option<usize>),
   15 | | ) -> (usize, Option<usize>) {
      | |___________________________- similarly named function 
`recursion_guard` defined here
      |
      = note: this error originates in the derive macro `Arbitrary` (in 
Nightly builds, run with -Z macro-backtrace for more info)

error[E0576]: cannot find method or associated constant `try_size_hint` in 
trait `arbitrary::Arbitrary`
     --> C:\Users\pc\.cargo\registry\src\index.crates.io-1949cf8c6b5b557f\stell
ar-xdr-21.2.0\src\curr\generated.rs:11893:42
      |
11893 | #[cfg_attr(feature = "arbitrary", derive(Arbitrary))]
      |                                          ^^^^^^^^^
      |
     ::: C:\Users\pc\.cargo\registry\src\index.crates.io-1949cf8c6b5b557f\arbit
rary-1.3.2\src\lib.rs:277:5
      |
  277 |     fn size_hint(depth: usize) -> (usize, Option<usize>) {
      |     ---------------------------------------------------- similarly 
named associated function `size_hint` defined here
      |
      = note: this error originates in the derive macro `Arbitrary` (in 
Nightly builds, run with -Z macro-backtrace for more info)

error[E0425]: cannot find type `MaxRecursionReached` in crate `arbitrary`
     --> C:\Users\pc\.cargo\registry\src\index.crates.io-1949cf8c6b5b557f\stell
ar-xdr-21.2.0\src\curr\generated.rs:12093:42
      |
12093 | #[cfg_attr(feature = "arbitrary", derive(Arbitrary))]
      |                                          ^^^^^^^^^ not found in 
`arbitrary`
      |
      = note: this error originates in the derive macro `Arbitrary` (in 
Nightly builds, run with -Z macro-backtrace for more info)

error[E0425]: cannot find function `try_recursion_guard` in module 
`arbitrary::size_hint`
     --> C:\Users\pc\.cargo\registry\src\index.crates.io-1949cf8c6b5b557f\stell
ar-xdr-21.2.0\src\curr\generated.rs:12093:42
      |
12093 |   #[cfg_attr(feature = "arbitrary", derive(Arbitrary))]
      |                                            ^^^^^^^^^
      |
     ::: C:\Users\pc\.cargo\registry\src\index.crates.io-1949cf8c6b5b557f\arbit
rary-1.3.2\src\size_hint.rs:12:1
      |
   12 | / pub fn recursion_guard(
   13 | |     depth: usize,
   14 | |     f: impl FnOnce(usize) -> (usize, Option<usize>),
   15 | | ) -> (usize, Option<usize>) {
      | |___________________________- similarly named function 
`recursion_guard` defined here
      |
      = note: this error originates in the derive macro `Arbitrary` (in 
Nightly builds, run with -Z macro-backtrace for more info)

error[E0576]: cannot find method or associated constant `try_size_hint` in 
trait `arbitrary::Arbitrary`
     --> C:\Users\pc\.cargo\registry\src\index.crates.io-1949cf8c6b5b557f\stell
ar-xdr-21.2.0\src\curr\generated.rs:12093:42
      |
12093 | #[cfg_attr(feature = "arbitrary", derive(Arbitrary))]
      |                                          ^^^^^^^^^
      |
     ::: C:\Users\pc\.cargo\registry\src\index.crates.io-1949cf8c6b5b557f\arbit
rary-1.3.2\src\lib.rs:277:5
      |
  277 |     fn size_hint(depth: usize) -> (usize, Option<usize>) {
      |     ---------------------------------------------------- similarly 
named associated function `size_hint` defined here
      |
      = note: this error originates in the derive macro `Arbitrary` (in 
Nightly builds, run with -Z macro-backtrace for more info)

error[E0425]: cannot find type `MaxRecursionReached` in crate `arbitrary`
     --> C:\Users\pc\.cargo\registry\src\index.crates.io-1949cf8c6b5b557f\stell
ar-xdr-21.2.0\src\curr\generated.rs:12160:42
      |
12160 | #[cfg_attr(feature = "arbitrary", derive(Arbitrary))]
      |                                          ^^^^^^^^^ not found in 
`arbitrary`
      |
      = note: this error originates in the derive macro `Arbitrary` (in 
Nightly builds, run with -Z macro-backtrace for more info)

error[E0425]: cannot find function `try_recursion_guard` in module 
`arbitrary::size_hint`
     --> C:\Users\pc\.cargo\registry\src\index.crates.io-1949cf8c6b5b557f\stell
ar-xdr-21.2.0\src\curr\generated.rs:12160:42
      |
12160 |   #[cfg_attr(feature = "arbitrary", derive(Arbitrary))]
      |                                            ^^^^^^^^^
      |
     ::: C:\Users\pc\.cargo\registry\src\index.crates.io-1949cf8c6b5b557f\arbit
rary-1.3.2\src\size_hint.rs:12:1
      |
   12 | / pub fn recursion_guard(
   13 | |     depth: usize,
   14 | |     f: impl FnOnce(usize) -> (usize, Option<usize>),
   15 | | ) -> (usize, Option<usize>) {
      | |___________________________- similarly named function 
`recursion_guard` defined here
      |
      = note: this error originates in the derive macro `Arbitrary` (in 
Nightly builds, run with -Z macro-backtrace for more info)

error[E0576]: cannot find method or associated constant `try_size_hint` in 
trait `arbitrary::Arbitrary`
     --> C:\Users\pc\.cargo\registry\src\index.crates.io-1949cf8c6b5b557f\stell
ar-xdr-21.2.0\src\curr\generated.rs:12160:42
      |
12160 | #[cfg_attr(feature = "arbitrary", derive(Arbitrary))]
      |                                          ^^^^^^^^^
      |
     ::: C:\Users\pc\.cargo\registry\src\index.crates.io-1949cf8c6b5b557f\arbit
rary-1.3.2\src\lib.rs:277:5
      |
  277 |     fn size_hint(depth: usize) -> (usize, Option<usize>) {
      |     ---------------------------------------------------- similarly 
named associated function `size_hint` defined here
      |
      = note: this error originates in the derive macro `Arbitrary` (in 
Nightly builds, run with -Z macro-backtrace for more info)

error[E0425]: cannot find type `MaxRecursionReached` in crate `arbitrary`
     --> C:\Users\pc\.cargo\registry\src\index.crates.io-1949cf8c6b5b557f\stell
ar-xdr-21.2.0\src\curr\generated.rs:12212:42
      |
12212 | #[cfg_attr(feature = "arbitrary", derive(Arbitrary))]
      |                                          ^^^^^^^^^ not found in 
`arbitrary`
      |
      = note: this error originates in the derive macro `Arbitrary` (in 
Nightly builds, run with -Z macro-backtrace for more info)

error[E0425]: cannot find function `try_recursion_guard` in module 
`arbitrary::size_hint`
     --> C:\Users\pc\.cargo\registry\src\index.crates.io-1949cf8c6b5b557f\stell
ar-xdr-21.2.0\src\curr\generated.rs:12212:42
      |
12212 |   #[cfg_attr(feature = "arbitrary", derive(Arbitrary))]
      |                                            ^^^^^^^^^
      |
     ::: C:\Users\pc\.cargo\registry\src\index.crates.io-1949cf8c6b5b557f\arbit
rary-1.3.2\src\size_hint.rs:12:1
      |
   12 | / pub fn recursion_guard(
   13 | |     depth: usize,
   14 | |     f: impl FnOnce(usize) -> (usize, Option<usize>),
   15 | | ) -> (usize, Option<usize>) {
      | |___________________________- similarly named function 
`recursion_guard` defined here
      |
      = note: this error originates in the derive macro `Arbitrary` (in 
Nightly builds, run with -Z macro-backtrace for more info)

error[E0576]: cannot find method or associated constant `try_size_hint` in 
trait `arbitrary::Arbitrary`
     --> C:\Users\pc\.cargo\registry\src\index.crates.io-1949cf8c6b5b557f\stell
ar-xdr-21.2.0\src\curr\generated.rs:12212:42
      |
12212 | #[cfg_attr(feature = "arbitrary", derive(Arbitrary))]
      |                                          ^^^^^^^^^
      |
     ::: C:\Users\pc\.cargo\registry\src\index.crates.io-1949cf8c6b5b557f\arbit
rary-1.3.2\src\lib.rs:277:5
      |
  277 |     fn size_hint(depth: usize) -> (usize, Option<usize>) {
      |     ---------------------------------------------------- similarly 
named associated function `size_hint` defined here
      |
      = note: this error originates in the derive macro `Arbitrary` (in 
Nightly builds, run with -Z macro-backtrace for more info)

error[E0425]: cannot find type `MaxRecursionReached` in crate `arbitrary`
     --> C:\Users\pc\.cargo\registry\src\index.crates.io-1949cf8c6b5b557f\stell
ar-xdr-21.2.0\src\curr\generated.rs:12327:42
      |
12327 | #[cfg_attr(feature = "arbitrary", derive(Arbitrary))]
      |                                          ^^^^^^^^^ not found in 
`arbitrary`
      |
      = note: this error originates in the derive macro `Arbitrary` (in 
Nightly builds, run with -Z macro-backtrace for more info)

error[E0425]: cannot find function `try_recursion_guard` in module 
`arbitrary::size_hint`
     --> C:\Users\pc\.cargo\registry\src\index.crates.io-1949cf8c6b5b557f\stell
ar-xdr-21.2.0\src\curr\generated.rs:12327:42
      |
12327 |   #[cfg_attr(feature = "arbitrary", derive(Arbitrary))]
      |                                            ^^^^^^^^^
      |
     ::: C:\Users\pc\.cargo\registry\src\index.crates.io-1949cf8c6b5b557f\arbit
rary-1.3.2\src\size_hint.rs:12:1
      |
   12 | / pub fn recursion_guard(
   13 | |     depth: usize,
   14 | |     f: impl FnOnce(usize) -> (usize, Option<usize>),
   15 | | ) -> (usize, Option<usize>) {
      | |___________________________- similarly named function 
`recursion_guard` defined here
      |
      = note: this error originates in the derive macro `Arbitrary` (in 
Nightly builds, run with -Z macro-backtrace for more info)

error[E0576]: cannot find method or associated constant `try_size_hint` in 
trait `arbitrary::Arbitrary`
     --> C:\Users\pc\.cargo\registry\src\index.crates.io-1949cf8c6b5b557f\stell
ar-xdr-21.2.0\src\curr\generated.rs:12327:42
      |
12327 | #[cfg_attr(feature = "arbitrary", derive(Arbitrary))]
      |                                          ^^^^^^^^^
      |
     ::: C:\Users\pc\.cargo\registry\src\index.crates.io-1949cf8c6b5b557f\arbit
rary-1.3.2\src\lib.rs:277:5
      |
  277 |     fn size_hint(depth: usize) -> (usize, Option<usize>) {
      |     ---------------------------------------------------- similarly 
named associated function `size_hint` defined here
      |
      = note: this error originates in the derive macro `Arbitrary` (in 
Nightly builds, run with -Z macro-backtrace for more info)

error[E0425]: cannot find type `MaxRecursionReached` in crate `arbitrary`
     --> C:\Users\pc\.cargo\registry\src\index.crates.io-1949cf8c6b5b557f\stell
ar-xdr-21.2.0\src\curr\generated.rs:12382:42
      |
12382 | #[cfg_attr(feature = "arbitrary", derive(Arbitrary))]
      |                                          ^^^^^^^^^ not found in 
`arbitrary`
      |
      = note: this error originates in the derive macro `Arbitrary` (in 
Nightly builds, run with -Z macro-backtrace for more info)

error[E0425]: cannot find function `try_recursion_guard` in module 
`arbitrary::size_hint`
     --> C:\Users\pc\.cargo\registry\src\index.crates.io-1949cf8c6b5b557f\stell
ar-xdr-21.2.0\src\curr\generated.rs:12382:42
      |
12382 |   #[cfg_attr(feature = "arbitrary", derive(Arbitrary))]
      |                                            ^^^^^^^^^
      |
     ::: C:\Users\pc\.cargo\registry\src\index.crates.io-1949cf8c6b5b557f\arbit
rary-1.3.2\src\size_hint.rs:12:1
      |
   12 | / pub fn recursion_guard(
   13 | |     depth: usize,
   14 | |     f: impl FnOnce(usize) -> (usize, Option<usize>),
   15 | | ) -> (usize, Option<usize>) {
      | |___________________________- similarly named function 
`recursion_guard` defined here
      |
      = note: this error originates in the derive macro `Arbitrary` (in 
Nightly builds, run with -Z macro-backtrace for more info)

error[E0576]: cannot find method or associated constant `try_size_hint` in 
trait `arbitrary::Arbitrary`
     --> C:\Users\pc\.cargo\registry\src\index.crates.io-1949cf8c6b5b557f\stell
ar-xdr-21.2.0\src\curr\generated.rs:12382:42
      |
12382 | #[cfg_attr(feature = "arbitrary", derive(Arbitrary))]
      |                                          ^^^^^^^^^
      |
     ::: C:\Users\pc\.cargo\registry\src\index.crates.io-1949cf8c6b5b557f\arbit
rary-1.3.2\src\lib.rs:277:5
      |
  277 |     fn size_hint(depth: usize) -> (usize, Option<usize>) {
      |     ---------------------------------------------------- similarly 
named associated function `size_hint` defined here
      |
      = note: this error originates in the derive macro `Arbitrary` (in 
Nightly builds, run with -Z macro-backtrace for more info)

error[E0425]: cannot find type `MaxRecursionReached` in crate `arbitrary`
     --> C:\Users\pc\.cargo\registry\src\index.crates.io-1949cf8c6b5b557f\stell
ar-xdr-21.2.0\src\curr\generated.rs:12495:42
      |
12495 | #[cfg_attr(feature = "arbitrary", derive(Arbitrary))]
      |                                          ^^^^^^^^^ not found in 
`arbitrary`
      |
      = note: this error originates in the derive macro `Arbitrary` (in 
Nightly builds, run with -Z macro-backtrace for more info)

error[E0425]: cannot find function `try_recursion_guard` in module 
`arbitrary::size_hint`
     --> C:\Users\pc\.cargo\registry\src\index.crates.io-1949cf8c6b5b557f\stell
ar-xdr-21.2.0\src\curr\generated.rs:12495:42
      |
12495 |   #[cfg_attr(feature = "arbitrary", derive(Arbitrary))]
      |                                            ^^^^^^^^^
      |
     ::: C:\Users\pc\.cargo\registry\src\index.crates.io-1949cf8c6b5b557f\arbit
rary-1.3.2\src\size_hint.rs:12:1
      |
   12 | / pub fn recursion_guard(
   13 | |     depth: usize,
   14 | |     f: impl FnOnce(usize) -> (usize, Option<usize>),
   15 | | ) -> (usize, Option<usize>) {
      | |___________________________- similarly named function 
`recursion_guard` defined here
      |
      = note: this error originates in the derive macro `Arbitrary` (in 
Nightly builds, run with -Z macro-backtrace for more info)

error[E0576]: cannot find method or associated constant `try_size_hint` in 
trait `arbitrary::Arbitrary`
     --> C:\Users\pc\.cargo\registry\src\index.crates.io-1949cf8c6b5b557f\stell
ar-xdr-21.2.0\src\curr\generated.rs:12495:42
      |
12495 | #[cfg_attr(feature = "arbitrary", derive(Arbitrary))]
      |                                          ^^^^^^^^^
      |
     ::: C:\Users\pc\.cargo\registry\src\index.crates.io-1949cf8c6b5b557f\arbit
rary-1.3.2\src\lib.rs:277:5
      |
  277 |     fn size_hint(depth: usize) -> (usize, Option<usize>) {
      |     ---------------------------------------------------- similarly 
named associated function `size_hint` defined here
      |
      = note: this error originates in the derive macro `Arbitrary` (in 
Nightly builds, run with -Z macro-backtrace for more info)

error[E0425]: cannot find type `MaxRecursionReached` in crate `arbitrary`
     --> C:\Users\pc\.cargo\registry\src\index.crates.io-1949cf8c6b5b557f\stell
ar-xdr-21.2.0\src\curr\generated.rs:12544:42
      |
12544 | #[cfg_attr(feature = "arbitrary", derive(Arbitrary))]
      |                                          ^^^^^^^^^ not found in 
`arbitrary`
      |
      = note: this error originates in the derive macro `Arbitrary` (in 
Nightly builds, run with -Z macro-backtrace for more info)

error[E0425]: cannot find function `try_recursion_guard` in module 
`arbitrary::size_hint`
     --> C:\Users\pc\.cargo\registry\src\index.crates.io-1949cf8c6b5b557f\stell
ar-xdr-21.2.0\src\curr\generated.rs:12544:42
      |
12544 |   #[cfg_attr(feature = "arbitrary", derive(Arbitrary))]
      |                                            ^^^^^^^^^
      |
     ::: C:\Users\pc\.cargo\registry\src\index.crates.io-1949cf8c6b5b557f\arbit
rary-1.3.2\src\size_hint.rs:12:1
      |
   12 | / pub fn recursion_guard(
   13 | |     depth: usize,
   14 | |     f: impl FnOnce(usize) -> (usize, Option<usize>),
   15 | | ) -> (usize, Option<usize>) {
      | |___________________________- similarly named function 
`recursion_guard` defined here
      |
      = note: this error originates in the derive macro `Arbitrary` (in 
Nightly builds, run with -Z macro-backtrace for more info)

error[E0576]: cannot find method or associated constant `try_size_hint` in 
trait `arbitrary::Arbitrary`
     --> C:\Users\pc\.cargo\registry\src\index.crates.io-1949cf8c6b5b557f\stell
ar-xdr-21.2.0\src\curr\generated.rs:12544:42
      |
12544 | #[cfg_attr(feature = "arbitrary", derive(Arbitrary))]
      |                                          ^^^^^^^^^
      |
     ::: C:\Users\pc\.cargo\registry\src\index.crates.io-1949cf8c6b5b557f\arbit
rary-1.3.2\src\lib.rs:277:5
      |
  277 |     fn size_hint(depth: usize) -> (usize, Option<usize>) {
      |     ---------------------------------------------------- similarly 
named associated function `size_hint` defined here
      |
      = note: this error originates in the derive macro `Arbitrary` (in 
Nightly builds, run with -Z macro-backtrace for more info)

error[E0425]: cannot find type `MaxRecursionReached` in crate `arbitrary`
     --> C:\Users\pc\.cargo\registry\src\index.crates.io-1949cf8c6b5b557f\stell
ar-xdr-21.2.0\src\curr\generated.rs:12672:42
      |
12672 | #[cfg_attr(feature = "arbitrary", derive(Arbitrary))]
      |                                          ^^^^^^^^^ not found in 
`arbitrary`
      |
      = note: this error originates in the derive macro `Arbitrary` (in 
Nightly builds, run with -Z macro-backtrace for more info)

error[E0425]: cannot find function `try_recursion_guard` in module 
`arbitrary::size_hint`
     --> C:\Users\pc\.cargo\registry\src\index.crates.io-1949cf8c6b5b557f\stell
ar-xdr-21.2.0\src\curr\generated.rs:12672:42
      |
12672 |   #[cfg_attr(feature = "arbitrary", derive(Arbitrary))]
      |                                            ^^^^^^^^^
      |
     ::: C:\Users\pc\.cargo\registry\src\index.crates.io-1949cf8c6b5b557f\arbit
rary-1.3.2\src\size_hint.rs:12:1
      |
   12 | / pub fn recursion_guard(
   13 | |     depth: usize,
   14 | |     f: impl FnOnce(usize) -> (usize, Option<usize>),
   15 | | ) -> (usize, Option<usize>) {
      | |___________________________- similarly named function 
`recursion_guard` defined here
      |
      = note: this error originates in the derive macro `Arbitrary` (in 
Nightly builds, run with -Z macro-backtrace for more info)

error[E0576]: cannot find method or associated constant `try_size_hint` in 
trait `arbitrary::Arbitrary`
     --> C:\Users\pc\.cargo\registry\src\index.crates.io-1949cf8c6b5b557f\stell
ar-xdr-21.2.0\src\curr\generated.rs:12672:42
      |
12672 | #[cfg_attr(feature = "arbitrary", derive(Arbitrary))]
      |                                          ^^^^^^^^^
      |
     ::: C:\Users\pc\.cargo\registry\src\index.crates.io-1949cf8c6b5b557f\arbit
rary-1.3.2\src\lib.rs:277:5
      |
  277 |     fn size_hint(depth: usize) -> (usize, Option<usize>) {
      |     ---------------------------------------------------- similarly 
named associated function `size_hint` defined here
      |
      = note: this error originates in the derive macro `Arbitrary` (in 
Nightly builds, run with -Z macro-backtrace for more info)

error[E0425]: cannot find type `MaxRecursionReached` in crate `arbitrary`
     --> C:\Users\pc\.cargo\registry\src\index.crates.io-1949cf8c6b5b557f\stell
ar-xdr-21.2.0\src\curr\generated.rs:13003:42
      |
13003 | #[cfg_attr(feature = "arbitrary", derive(Arbitrary))]
      |                                          ^^^^^^^^^ not found in 
`arbitrary`
      |
      = note: this error originates in the derive macro `Arbitrary` (in 
Nightly builds, run with -Z macro-backtrace for more info)

error[E0425]: cannot find function `try_recursion_guard` in module 
`arbitrary::size_hint`
     --> C:\Users\pc\.cargo\registry\src\index.crates.io-1949cf8c6b5b557f\stell
ar-xdr-21.2.0\src\curr\generated.rs:13003:42
      |
13003 |   #[cfg_attr(feature = "arbitrary", derive(Arbitrary))]
      |                                            ^^^^^^^^^
      |
     ::: C:\Users\pc\.cargo\registry\src\index.crates.io-1949cf8c6b5b557f\arbit
rary-1.3.2\src\size_hint.rs:12:1
      |
   12 | / pub fn recursion_guard(
   13 | |     depth: usize,
   14 | |     f: impl FnOnce(usize) -> (usize, Option<usize>),
   15 | | ) -> (usize, Option<usize>) {
      | |___________________________- similarly named function 
`recursion_guard` defined here
      |
      = note: this error originates in the derive macro `Arbitrary` (in 
Nightly builds, run with -Z macro-backtrace for more info)

error[E0576]: cannot find method or associated constant `try_size_hint` in 
trait `arbitrary::Arbitrary`
     --> C:\Users\pc\.cargo\registry\src\index.crates.io-1949cf8c6b5b557f\stell
ar-xdr-21.2.0\src\curr\generated.rs:13003:42
      |
13003 | #[cfg_attr(feature = "arbitrary", derive(Arbitrary))]
      |                                          ^^^^^^^^^
      |
     ::: C:\Users\pc\.cargo\registry\src\index.crates.io-1949cf8c6b5b557f\arbit
rary-1.3.2\src\lib.rs:277:5
      |
  277 |     fn size_hint(depth: usize) -> (usize, Option<usize>) {
      |     ---------------------------------------------------- similarly 
named associated function `size_hint` defined here
      |
      = note: this error originates in the derive macro `Arbitrary` (in 
Nightly builds, run with -Z macro-backtrace for more info)

error[E0425]: cannot find type `MaxRecursionReached` in crate `arbitrary`
     --> C:\Users\pc\.cargo\registry\src\index.crates.io-1949cf8c6b5b557f\stell
ar-xdr-21.2.0\src\curr\generated.rs:13231:42
      |
13231 | #[cfg_attr(feature = "arbitrary", derive(Arbitrary))]
      |                                          ^^^^^^^^^ not found in 
`arbitrary`
      |
      = note: this error originates in the derive macro `Arbitrary` (in 
Nightly builds, run with -Z macro-backtrace for more info)

error[E0425]: cannot find function `try_recursion_guard` in module 
`arbitrary::size_hint`
     --> C:\Users\pc\.cargo\registry\src\index.crates.io-1949cf8c6b5b557f\stell
ar-xdr-21.2.0\src\curr\generated.rs:13231:42
      |
13231 |   #[cfg_attr(feature = "arbitrary", derive(Arbitrary))]
      |                                            ^^^^^^^^^
      |
     ::: C:\Users\pc\.cargo\registry\src\index.crates.io-1949cf8c6b5b557f\arbit
rary-1.3.2\src\size_hint.rs:12:1
      |
   12 | / pub fn recursion_guard(
   13 | |     depth: usize,
   14 | |     f: impl FnOnce(usize) -> (usize, Option<usize>),
   15 | | ) -> (usize, Option<usize>) {
      | |___________________________- similarly named function 
`recursion_guard` defined here
      |
      = note: this error originates in the derive macro `Arbitrary` (in 
Nightly builds, run with -Z macro-backtrace for more info)

error[E0576]: cannot find method or associated constant `try_size_hint` in 
trait `arbitrary::Arbitrary`
     --> C:\Users\pc\.cargo\registry\src\index.crates.io-1949cf8c6b5b557f\stell
ar-xdr-21.2.0\src\curr\generated.rs:13231:42
      |
13231 | #[cfg_attr(feature = "arbitrary", derive(Arbitrary))]
      |                                          ^^^^^^^^^
      |
     ::: C:\Users\pc\.cargo\registry\src\index.crates.io-1949cf8c6b5b557f\arbit
rary-1.3.2\src\lib.rs:277:5
      |
  277 |     fn size_hint(depth: usize) -> (usize, Option<usize>) {
      |     ---------------------------------------------------- similarly 
named associated function `size_hint` defined here
      |
      = note: this error originates in the derive macro `Arbitrary` (in 
Nightly builds, run with -Z macro-backtrace for more info)

error[E0425]: cannot find type `MaxRecursionReached` in crate `arbitrary`
     --> C:\Users\pc\.cargo\registry\src\index.crates.io-1949cf8c6b5b557f\stell
ar-xdr-21.2.0\src\curr\generated.rs:13280:42
      |
13280 | #[cfg_attr(feature = "arbitrary", derive(Arbitrary))]
      |                                          ^^^^^^^^^ not found in 
`arbitrary`
      |
      = note: this error originates in the derive macro `Arbitrary` (in 
Nightly builds, run with -Z macro-backtrace for more info)

error[E0425]: cannot find function `try_recursion_guard` in module 
`arbitrary::size_hint`
     --> C:\Users\pc\.cargo\registry\src\index.crates.io-1949cf8c6b5b557f\stell
ar-xdr-21.2.0\src\curr\generated.rs:13280:42
      |
13280 |   #[cfg_attr(feature = "arbitrary", derive(Arbitrary))]
      |                                            ^^^^^^^^^
      |
     ::: C:\Users\pc\.cargo\registry\src\index.crates.io-1949cf8c6b5b557f\arbit
rary-1.3.2\src\size_hint.rs:12:1
      |
   12 | / pub fn recursion_guard(
   13 | |     depth: usize,
   14 | |     f: impl FnOnce(usize) -> (usize, Option<usize>),
   15 | | ) -> (usize, Option<usize>) {
      | |___________________________- similarly named function 
`recursion_guard` defined here
      |
      = note: this error originates in the derive macro `Arbitrary` (in 
Nightly builds, run with -Z macro-backtrace for more info)

error[E0576]: cannot find method or associated constant `try_size_hint` in 
trait `arbitrary::Arbitrary`
     --> C:\Users\pc\.cargo\registry\src\index.crates.io-1949cf8c6b5b557f\stell
ar-xdr-21.2.0\src\curr\generated.rs:13280:42
      |
13280 | #[cfg_attr(feature = "arbitrary", derive(Arbitrary))]
      |                                          ^^^^^^^^^
      |
     ::: C:\Users\pc\.cargo\registry\src\index.crates.io-1949cf8c6b5b557f\arbit
rary-1.3.2\src\lib.rs:277:5
      |
  277 |     fn size_hint(depth: usize) -> (usize, Option<usize>) {
      |     ---------------------------------------------------- similarly 
named associated function `size_hint` defined here
      |
      = note: this error originates in the derive macro `Arbitrary` (in 
Nightly builds, run with -Z macro-backtrace for more info)

error[E0425]: cannot find type `MaxRecursionReached` in crate `arbitrary`
     --> C:\Users\pc\.cargo\registry\src\index.crates.io-1949cf8c6b5b557f\stell
ar-xdr-21.2.0\src\curr\generated.rs:13393:42
      |
13393 | #[cfg_attr(feature = "arbitrary", derive(Arbitrary))]
      |                                          ^^^^^^^^^ not found in 
`arbitrary`
      |
      = note: this error originates in the derive macro `Arbitrary` (in 
Nightly builds, run with -Z macro-backtrace for more info)

error[E0425]: cannot find function `try_recursion_guard` in module 
`arbitrary::size_hint`
     --> C:\Users\pc\.cargo\registry\src\index.crates.io-1949cf8c6b5b557f\stell
ar-xdr-21.2.0\src\curr\generated.rs:13393:42
      |
13393 |   #[cfg_attr(feature = "arbitrary", derive(Arbitrary))]
      |                                            ^^^^^^^^^
      |
     ::: C:\Users\pc\.cargo\registry\src\index.crates.io-1949cf8c6b5b557f\arbit
rary-1.3.2\src\size_hint.rs:12:1
      |
   12 | / pub fn recursion_guard(
   13 | |     depth: usize,
   14 | |     f: impl FnOnce(usize) -> (usize, Option<usize>),
   15 | | ) -> (usize, Option<usize>) {
      | |___________________________- similarly named function 
`recursion_guard` defined here
      |
      = note: this error originates in the derive macro `Arbitrary` (in 
Nightly builds, run with -Z macro-backtrace for more info)

error[E0576]: cannot find method or associated constant `try_size_hint` in 
trait `arbitrary::Arbitrary`
     --> C:\Users\pc\.cargo\registry\src\index.crates.io-1949cf8c6b5b557f\stell
ar-xdr-21.2.0\src\curr\generated.rs:13393:42
      |
13393 | #[cfg_attr(feature = "arbitrary", derive(Arbitrary))]
      |                                          ^^^^^^^^^
      |
     ::: C:\Users\pc\.cargo\registry\src\index.crates.io-1949cf8c6b5b557f\arbit
rary-1.3.2\src\lib.rs:277:5
      |
  277 |     fn size_hint(depth: usize) -> (usize, Option<usize>) {
      |     ---------------------------------------------------- similarly 
named associated function `size_hint` defined here
      |
      = note: this error originates in the derive macro `Arbitrary` (in 
Nightly builds, run with -Z macro-backtrace for more info)

error[E0425]: cannot find type `MaxRecursionReached` in crate `arbitrary`
     --> C:\Users\pc\.cargo\registry\src\index.crates.io-1949cf8c6b5b557f\stell
ar-xdr-21.2.0\src\curr\generated.rs:13454:42
      |
13454 | #[cfg_attr(feature = "arbitrary", derive(Arbitrary))]
      |                                          ^^^^^^^^^ not found in 
`arbitrary`
      |
      = note: this error originates in the derive macro `Arbitrary` (in 
Nightly builds, run with -Z macro-backtrace for more info)

error[E0425]: cannot find function `try_recursion_guard` in module 
`arbitrary::size_hint`
     --> C:\Users\pc\.cargo\registry\src\index.crates.io-1949cf8c6b5b557f\stell
ar-xdr-21.2.0\src\curr\generated.rs:13454:42
      |
13454 |   #[cfg_attr(feature = "arbitrary", derive(Arbitrary))]
      |                                            ^^^^^^^^^
      |
     ::: C:\Users\pc\.cargo\registry\src\index.crates.io-1949cf8c6b5b557f\arbit
rary-1.3.2\src\size_hint.rs:12:1
      |
   12 | / pub fn recursion_guard(
   13 | |     depth: usize,
   14 | |     f: impl FnOnce(usize) -> (usize, Option<usize>),
   15 | | ) -> (usize, Option<usize>) {
      | |___________________________- similarly named function 
`recursion_guard` defined here
      |
      = note: this error originates in the derive macro `Arbitrary` (in 
Nightly builds, run with -Z macro-backtrace for more info)

error[E0576]: cannot find method or associated constant `try_size_hint` in 
trait `arbitrary::Arbitrary`
     --> C:\Users\pc\.cargo\registry\src\index.crates.io-1949cf8c6b5b557f\stell
ar-xdr-21.2.0\src\curr\generated.rs:13454:42
      |
13454 | #[cfg_attr(feature = "arbitrary", derive(Arbitrary))]
      |                                          ^^^^^^^^^
      |
     ::: C:\Users\pc\.cargo\registry\src\index.crates.io-1949cf8c6b5b557f\arbit
rary-1.3.2\src\lib.rs:277:5
      |
  277 |     fn size_hint(depth: usize) -> (usize, Option<usize>) {
      |     ---------------------------------------------------- similarly 
named associated function `size_hint` defined here
      |
      = note: this error originates in the derive macro `Arbitrary` (in 
Nightly builds, run with -Z macro-backtrace for more info)

error[E0425]: cannot find type `MaxRecursionReached` in crate `arbitrary`
     --> C:\Users\pc\.cargo\registry\src\index.crates.io-1949cf8c6b5b557f\stell
ar-xdr-21.2.0\src\curr\generated.rs:13586:42
      |
13586 | #[cfg_attr(feature = "arbitrary", derive(Arbitrary))]
      |                                          ^^^^^^^^^ not found in 
`arbitrary`
      |
      = note: this error originates in the derive macro `Arbitrary` (in 
Nightly builds, run with -Z macro-backtrace for more info)

error[E0425]: cannot find function `try_recursion_guard` in module 
`arbitrary::size_hint`
     --> C:\Users\pc\.cargo\registry\src\index.crates.io-1949cf8c6b5b557f\stell
ar-xdr-21.2.0\src\curr\generated.rs:13586:42
      |
13586 |   #[cfg_attr(feature = "arbitrary", derive(Arbitrary))]
      |                                            ^^^^^^^^^
      |
     ::: C:\Users\pc\.cargo\registry\src\index.crates.io-1949cf8c6b5b557f\arbit
rary-1.3.2\src\size_hint.rs:12:1
      |
   12 | / pub fn recursion_guard(
   13 | |     depth: usize,
   14 | |     f: impl FnOnce(usize) -> (usize, Option<usize>),
   15 | | ) -> (usize, Option<usize>) {
      | |___________________________- similarly named function 
`recursion_guard` defined here
      |
      = note: this error originates in the derive macro `Arbitrary` (in 
Nightly builds, run with -Z macro-backtrace for more info)

error[E0576]: cannot find method or associated constant `try_size_hint` in 
trait `arbitrary::Arbitrary`
     --> C:\Users\pc\.cargo\registry\src\index.crates.io-1949cf8c6b5b557f\stell
ar-xdr-21.2.0\src\curr\generated.rs:13586:42
      |
13586 | #[cfg_attr(feature = "arbitrary", derive(Arbitrary))]
      |                                          ^^^^^^^^^
      |
     ::: C:\Users\pc\.cargo\registry\src\index.crates.io-1949cf8c6b5b557f\arbit
rary-1.3.2\src\lib.rs:277:5
      |
  277 |     fn size_hint(depth: usize) -> (usize, Option<usize>) {
      |     ---------------------------------------------------- similarly 
named associated function `size_hint` defined here
      |
      = note: this error originates in the derive macro `Arbitrary` (in 
Nightly builds, run with -Z macro-backtrace for more info)

error[E0425]: cannot find type `MaxRecursionReached` in crate `arbitrary`
     --> C:\Users\pc\.cargo\registry\src\index.crates.io-1949cf8c6b5b557f\stell
ar-xdr-21.2.0\src\curr\generated.rs:13876:42
      |
13876 | #[cfg_attr(feature = "arbitrary", derive(Arbitrary))]
      |                                          ^^^^^^^^^ not found in 
`arbitrary`
      |
      = note: this error originates in the derive macro `Arbitrary` (in 
Nightly builds, run with -Z macro-backtrace for more info)

error[E0425]: cannot find function `try_recursion_guard` in module 
`arbitrary::size_hint`
     --> C:\Users\pc\.cargo\registry\src\index.crates.io-1949cf8c6b5b557f\stell
ar-xdr-21.2.0\src\curr\generated.rs:13876:42
      |
13876 |   #[cfg_attr(feature = "arbitrary", derive(Arbitrary))]
      |                                            ^^^^^^^^^
      |
     ::: C:\Users\pc\.cargo\registry\src\index.crates.io-1949cf8c6b5b557f\arbit
rary-1.3.2\src\size_hint.rs:12:1
      |
   12 | / pub fn recursion_guard(
   13 | |     depth: usize,
   14 | |     f: impl FnOnce(usize) -> (usize, Option<usize>),
   15 | | ) -> (usize, Option<usize>) {
      | |___________________________- similarly named function 
`recursion_guard` defined here
      |
      = note: this error originates in the derive macro `Arbitrary` (in 
Nightly builds, run with -Z macro-backtrace for more info)

error[E0576]: cannot find method or associated constant `try_size_hint` in 
trait `arbitrary::Arbitrary`
     --> C:\Users\pc\.cargo\registry\src\index.crates.io-1949cf8c6b5b557f\stell
ar-xdr-21.2.0\src\curr\generated.rs:13876:42
      |
13876 | #[cfg_attr(feature = "arbitrary", derive(Arbitrary))]
      |                                          ^^^^^^^^^
      |
     ::: C:\Users\pc\.cargo\registry\src\index.crates.io-1949cf8c6b5b557f\arbit
rary-1.3.2\src\lib.rs:277:5
      |
  277 |     fn size_hint(depth: usize) -> (usize, Option<usize>) {
      |     ---------------------------------------------------- similarly 
named associated function `size_hint` defined here
      |
      = note: this error originates in the derive macro `Arbitrary` (in 
Nightly builds, run with -Z macro-backtrace for more info)

error[E0425]: cannot find type `MaxRecursionReached` in crate `arbitrary`
     --> C:\Users\pc\.cargo\registry\src\index.crates.io-1949cf8c6b5b557f\stell
ar-xdr-21.2.0\src\curr\generated.rs:14050:42
      |
14050 | #[cfg_attr(feature = "arbitrary", derive(Arbitrary))]
      |                                          ^^^^^^^^^ not found in 
`arbitrary`
      |
      = note: this error originates in the derive macro `Arbitrary` (in 
Nightly builds, run with -Z macro-backtrace for more info)

error[E0425]: cannot find function `try_recursion_guard` in module 
`arbitrary::size_hint`
     --> C:\Users\pc\.cargo\registry\src\index.crates.io-1949cf8c6b5b557f\stell
ar-xdr-21.2.0\src\curr\generated.rs:14050:42
      |
14050 |   #[cfg_attr(feature = "arbitrary", derive(Arbitrary))]
      |                                            ^^^^^^^^^
      |
     ::: C:\Users\pc\.cargo\registry\src\index.crates.io-1949cf8c6b5b557f\arbit
rary-1.3.2\src\size_hint.rs:12:1
      |
   12 | / pub fn recursion_guard(
   13 | |     depth: usize,
   14 | |     f: impl FnOnce(usize) -> (usize, Option<usize>),
   15 | | ) -> (usize, Option<usize>) {
      | |___________________________- similarly named function 
`recursion_guard` defined here
      |
      = note: this error originates in the derive macro `Arbitrary` (in 
Nightly builds, run with -Z macro-backtrace for more info)

error[E0576]: cannot find method or associated constant `try_size_hint` in 
trait `arbitrary::Arbitrary`
     --> C:\Users\pc\.cargo\registry\src\index.crates.io-1949cf8c6b5b557f\stell
ar-xdr-21.2.0\src\curr\generated.rs:14050:42
      |
14050 | #[cfg_attr(feature = "arbitrary", derive(Arbitrary))]
      |                                          ^^^^^^^^^
      |
     ::: C:\Users\pc\.cargo\registry\src\index.crates.io-1949cf8c6b5b557f\arbit
rary-1.3.2\src\lib.rs:277:5
      |
  277 |     fn size_hint(depth: usize) -> (usize, Option<usize>) {
      |     ---------------------------------------------------- similarly 
named associated function `size_hint` defined here
      |
      = note: this error originates in the derive macro `Arbitrary` (in 
Nightly builds, run with -Z macro-backtrace for more info)

error[E0425]: cannot find type `MaxRecursionReached` in crate `arbitrary`
     --> C:\Users\pc\.cargo\registry\src\index.crates.io-1949cf8c6b5b557f\stell
ar-xdr-21.2.0\src\curr\generated.rs:14250:42
      |
14250 | #[cfg_attr(feature = "arbitrary", derive(Arbitrary))]
      |                                          ^^^^^^^^^ not found in 
`arbitrary`
      |
      = note: this error originates in the derive macro `Arbitrary` (in 
Nightly builds, run with -Z macro-backtrace for more info)

error[E0425]: cannot find function `try_recursion_guard` in module 
`arbitrary::size_hint`
     --> C:\Users\pc\.cargo\registry\src\index.crates.io-1949cf8c6b5b557f\stell
ar-xdr-21.2.0\src\curr\generated.rs:14250:42
      |
14250 |   #[cfg_attr(feature = "arbitrary", derive(Arbitrary))]
      |                                            ^^^^^^^^^
      |
     ::: C:\Users\pc\.cargo\registry\src\index.crates.io-1949cf8c6b5b557f\arbit
rary-1.3.2\src\size_hint.rs:12:1
      |
   12 | / pub fn recursion_guard(
   13 | |     depth: usize,
   14 | |     f: impl FnOnce(usize) -> (usize, Option<usize>),
   15 | | ) -> (usize, Option<usize>) {
      | |___________________________- similarly named function 
`recursion_guard` defined here
      |
      = note: this error originates in the derive macro `Arbitrary` (in 
Nightly builds, run with -Z macro-backtrace for more info)

error[E0576]: cannot find method or associated constant `try_size_hint` in 
trait `arbitrary::Arbitrary`
     --> C:\Users\pc\.cargo\registry\src\index.crates.io-1949cf8c6b5b557f\stell
ar-xdr-21.2.0\src\curr\generated.rs:14250:42
      |
14250 | #[cfg_attr(feature = "arbitrary", derive(Arbitrary))]
      |                                          ^^^^^^^^^
      |
     ::: C:\Users\pc\.cargo\registry\src\index.crates.io-1949cf8c6b5b557f\arbit
rary-1.3.2\src\lib.rs:277:5
      |
  277 |     fn size_hint(depth: usize) -> (usize, Option<usize>) {
      |     ---------------------------------------------------- similarly 
named associated function `size_hint` defined here
      |
      = note: this error originates in the derive macro `Arbitrary` (in 
Nightly builds, run with -Z macro-backtrace for more info)

error[E0425]: cannot find type `MaxRecursionReached` in crate `arbitrary`
     --> C:\Users\pc\.cargo\registry\src\index.crates.io-1949cf8c6b5b557f\stell
ar-xdr-21.2.0\src\curr\generated.rs:14495:42
      |
14495 | #[cfg_attr(feature = "arbitrary", derive(Arbitrary))]
      |                                          ^^^^^^^^^ not found in 
`arbitrary`
      |
      = note: this error originates in the derive macro `Arbitrary` (in 
Nightly builds, run with -Z macro-backtrace for more info)

error[E0425]: cannot find function `try_recursion_guard` in module 
`arbitrary::size_hint`
     --> C:\Users\pc\.cargo\registry\src\index.crates.io-1949cf8c6b5b557f\stell
ar-xdr-21.2.0\src\curr\generated.rs:14495:42
      |
14495 |   #[cfg_attr(feature = "arbitrary", derive(Arbitrary))]
      |                                            ^^^^^^^^^
      |
     ::: C:\Users\pc\.cargo\registry\src\index.crates.io-1949cf8c6b5b557f\arbit
rary-1.3.2\src\size_hint.rs:12:1
      |
   12 | / pub fn recursion_guard(
   13 | |     depth: usize,
   14 | |     f: impl FnOnce(usize) -> (usize, Option<usize>),
   15 | | ) -> (usize, Option<usize>) {
      | |___________________________- similarly named function 
`recursion_guard` defined here
      |
      = note: this error originates in the derive macro `Arbitrary` (in 
Nightly builds, run with -Z macro-backtrace for more info)

error[E0576]: cannot find method or associated constant `try_size_hint` in 
trait `arbitrary::Arbitrary`
     --> C:\Users\pc\.cargo\registry\src\index.crates.io-1949cf8c6b5b557f\stell
ar-xdr-21.2.0\src\curr\generated.rs:14495:42
      |
14495 | #[cfg_attr(feature = "arbitrary", derive(Arbitrary))]
      |                                          ^^^^^^^^^
      |
     ::: C:\Users\pc\.cargo\registry\src\index.crates.io-1949cf8c6b5b557f\arbit
rary-1.3.2\src\lib.rs:277:5
      |
  277 |     fn size_hint(depth: usize) -> (usize, Option<usize>) {
      |     ---------------------------------------------------- similarly 
named associated function `size_hint` defined here
      |
      = note: this error originates in the derive macro `Arbitrary` (in 
Nightly builds, run with -Z macro-backtrace for more info)

error[E0425]: cannot find type `MaxRecursionReached` in crate `arbitrary`
     --> C:\Users\pc\.cargo\registry\src\index.crates.io-1949cf8c6b5b557f\stell
ar-xdr-21.2.0\src\curr\generated.rs:14546:42
      |
14546 | #[cfg_attr(feature = "arbitrary", derive(Arbitrary))]
      |                                          ^^^^^^^^^ not found in 
`arbitrary`
      |
      = note: this error originates in the derive macro `Arbitrary` (in 
Nightly builds, run with -Z macro-backtrace for more info)

error[E0425]: cannot find function `try_recursion_guard` in module 
`arbitrary::size_hint`
     --> C:\Users\pc\.cargo\registry\src\index.crates.io-1949cf8c6b5b557f\stell
ar-xdr-21.2.0\src\curr\generated.rs:14546:42
      |
14546 |   #[cfg_attr(feature = "arbitrary", derive(Arbitrary))]
      |                                            ^^^^^^^^^
      |
     ::: C:\Users\pc\.cargo\registry\src\index.crates.io-1949cf8c6b5b557f\arbit
rary-1.3.2\src\size_hint.rs:12:1
      |
   12 | / pub fn recursion_guard(
   13 | |     depth: usize,
   14 | |     f: impl FnOnce(usize) -> (usize, Option<usize>),
   15 | | ) -> (usize, Option<usize>) {
      | |___________________________- similarly named function 
`recursion_guard` defined here
      |
      = note: this error originates in the derive macro `Arbitrary` (in 
Nightly builds, run with -Z macro-backtrace for more info)

error[E0576]: cannot find method or associated constant `try_size_hint` in 
trait `arbitrary::Arbitrary`
     --> C:\Users\pc\.cargo\registry\src\index.crates.io-1949cf8c6b5b557f\stell
ar-xdr-21.2.0\src\curr\generated.rs:14546:42
      |
14546 | #[cfg_attr(feature = "arbitrary", derive(Arbitrary))]
      |                                          ^^^^^^^^^
      |
     ::: C:\Users\pc\.cargo\registry\src\index.crates.io-1949cf8c6b5b557f\arbit
rary-1.3.2\src\lib.rs:277:5
      |
  277 |     fn size_hint(depth: usize) -> (usize, Option<usize>) {
      |     ---------------------------------------------------- similarly 
named associated function `size_hint` defined here
      |
      = note: this error originates in the derive macro `Arbitrary` (in 
Nightly builds, run with -Z macro-backtrace for more info)

error[E0425]: cannot find type `MaxRecursionReached` in crate `arbitrary`
     --> C:\Users\pc\.cargo\registry\src\index.crates.io-1949cf8c6b5b557f\stell
ar-xdr-21.2.0\src\curr\generated.rs:14750:42
      |
14750 | #[cfg_attr(feature = "arbitrary", derive(Arbitrary))]
      |                                          ^^^^^^^^^ not found in 
`arbitrary`
      |
      = note: this error originates in the derive macro `Arbitrary` (in 
Nightly builds, run with -Z macro-backtrace for more info)

error[E0425]: cannot find function `try_recursion_guard` in module 
`arbitrary::size_hint`
     --> C:\Users\pc\.cargo\registry\src\index.crates.io-1949cf8c6b5b557f\stell
ar-xdr-21.2.0\src\curr\generated.rs:14750:42
      |
14750 |   #[cfg_attr(feature = "arbitrary", derive(Arbitrary))]
      |                                            ^^^^^^^^^
      |
     ::: C:\Users\pc\.cargo\registry\src\index.crates.io-1949cf8c6b5b557f\arbit
rary-1.3.2\src\size_hint.rs:12:1
      |
   12 | / pub fn recursion_guard(
   13 | |     depth: usize,
   14 | |     f: impl FnOnce(usize) -> (usize, Option<usize>),
   15 | | ) -> (usize, Option<usize>) {
      | |___________________________- similarly named function 
`recursion_guard` defined here
      |
      = note: this error originates in the derive macro `Arbitrary` (in 
Nightly builds, run with -Z macro-backtrace for more info)

error[E0576]: cannot find method or associated constant `try_size_hint` in 
trait `arbitrary::Arbitrary`
     --> C:\Users\pc\.cargo\registry\src\index.crates.io-1949cf8c6b5b557f\stell
ar-xdr-21.2.0\src\curr\generated.rs:14750:42
      |
14750 | #[cfg_attr(feature = "arbitrary", derive(Arbitrary))]
      |                                          ^^^^^^^^^
      |
     ::: C:\Users\pc\.cargo\registry\src\index.crates.io-1949cf8c6b5b557f\arbit
rary-1.3.2\src\lib.rs:277:5
      |
  277 |     fn size_hint(depth: usize) -> (usize, Option<usize>) {
      |     ---------------------------------------------------- similarly 
named associated function `size_hint` defined here
      |
      = note: this error originates in the derive macro `Arbitrary` (in 
Nightly builds, run with -Z macro-backtrace for more info)

error[E0425]: cannot find type `MaxRecursionReached` in crate `arbitrary`
     --> C:\Users\pc\.cargo\registry\src\index.crates.io-1949cf8c6b5b557f\stell
ar-xdr-21.2.0\src\curr\generated.rs:15071:42
      |
15071 | #[cfg_attr(feature = "arbitrary", derive(Arbitrary))]
      |                                          ^^^^^^^^^ not found in 
`arbitrary`
      |
      = note: this error originates in the derive macro `Arbitrary` (in 
Nightly builds, run with -Z macro-backtrace for more info)

error[E0425]: cannot find function `try_recursion_guard` in module 
`arbitrary::size_hint`
     --> C:\Users\pc\.cargo\registry\src\index.crates.io-1949cf8c6b5b557f\stell
ar-xdr-21.2.0\src\curr\generated.rs:15071:42
      |
15071 |   #[cfg_attr(feature = "arbitrary", derive(Arbitrary))]
      |                                            ^^^^^^^^^
      |
     ::: C:\Users\pc\.cargo\registry\src\index.crates.io-1949cf8c6b5b557f\arbit
rary-1.3.2\src\size_hint.rs:12:1
      |
   12 | / pub fn recursion_guard(
   13 | |     depth: usize,
   14 | |     f: impl FnOnce(usize) -> (usize, Option<usize>),
   15 | | ) -> (usize, Option<usize>) {
      | |___________________________- similarly named function 
`recursion_guard` defined here
      |
      = note: this error originates in the derive macro `Arbitrary` (in 
Nightly builds, run with -Z macro-backtrace for more info)

error[E0576]: cannot find method or associated constant `try_size_hint` in 
trait `arbitrary::Arbitrary`
     --> C:\Users\pc\.cargo\registry\src\index.crates.io-1949cf8c6b5b557f\stell
ar-xdr-21.2.0\src\curr\generated.rs:15071:42
      |
15071 | #[cfg_attr(feature = "arbitrary", derive(Arbitrary))]
      |                                          ^^^^^^^^^
      |
     ::: C:\Users\pc\.cargo\registry\src\index.crates.io-1949cf8c6b5b557f\arbit
rary-1.3.2\src\lib.rs:277:5
      |
  277 |     fn size_hint(depth: usize) -> (usize, Option<usize>) {
      |     ---------------------------------------------------- similarly 
named associated function `size_hint` defined here
      |
      = note: this error originates in the derive macro `Arbitrary` (in 
Nightly builds, run with -Z macro-backtrace for more info)

error[E0425]: cannot find type `MaxRecursionReached` in crate `arbitrary`
     --> C:\Users\pc\.cargo\registry\src\index.crates.io-1949cf8c6b5b557f\stell
ar-xdr-21.2.0\src\curr\generated.rs:15120:42
      |
15120 | #[cfg_attr(feature = "arbitrary", derive(Arbitrary))]
      |                                          ^^^^^^^^^ not found in 
`arbitrary`
      |
      = note: this error originates in the derive macro `Arbitrary` (in 
Nightly builds, run with -Z macro-backtrace for more info)

error[E0425]: cannot find function `try_recursion_guard` in module 
`arbitrary::size_hint`
     --> C:\Users\pc\.cargo\registry\src\index.crates.io-1949cf8c6b5b557f\stell
ar-xdr-21.2.0\src\curr\generated.rs:15120:42
      |
15120 |   #[cfg_attr(feature = "arbitrary", derive(Arbitrary))]
      |                                            ^^^^^^^^^
      |
     ::: C:\Users\pc\.cargo\registry\src\index.crates.io-1949cf8c6b5b557f\arbit
rary-1.3.2\src\size_hint.rs:12:1
      |
   12 | / pub fn recursion_guard(
   13 | |     depth: usize,
   14 | |     f: impl FnOnce(usize) -> (usize, Option<usize>),
   15 | | ) -> (usize, Option<usize>) {
      | |___________________________- similarly named function 
`recursion_guard` defined here
      |
      = note: this error originates in the derive macro `Arbitrary` (in 
Nightly builds, run with -Z macro-backtrace for more info)

error[E0576]: cannot find method or associated constant `try_size_hint` in 
trait `arbitrary::Arbitrary`
     --> C:\Users\pc\.cargo\registry\src\index.crates.io-1949cf8c6b5b557f\stell
ar-xdr-21.2.0\src\curr\generated.rs:15120:42
      |
15120 | #[cfg_attr(feature = "arbitrary", derive(Arbitrary))]
      |                                          ^^^^^^^^^
      |
     ::: C:\Users\pc\.cargo\registry\src\index.crates.io-1949cf8c6b5b557f\arbit
rary-1.3.2\src\lib.rs:277:5
      |
  277 |     fn size_hint(depth: usize) -> (usize, Option<usize>) {
      |     ---------------------------------------------------- similarly 
named associated function `size_hint` defined here
      |
      = note: this error originates in the derive macro `Arbitrary` (in 
Nightly builds, run with -Z macro-backtrace for more info)

error[E0425]: cannot find type `MaxRecursionReached` in crate `arbitrary`
     --> C:\Users\pc\.cargo\registry\src\index.crates.io-1949cf8c6b5b557f\stell
ar-xdr-21.2.0\src\curr\generated.rs:15244:42
      |
15244 | #[cfg_attr(feature = "arbitrary", derive(Arbitrary))]
      |                                          ^^^^^^^^^ not found in 
`arbitrary`
      |
      = note: this error originates in the derive macro `Arbitrary` (in 
Nightly builds, run with -Z macro-backtrace for more info)

error[E0425]: cannot find function `try_recursion_guard` in module 
`arbitrary::size_hint`
     --> C:\Users\pc\.cargo\registry\src\index.crates.io-1949cf8c6b5b557f\stell
ar-xdr-21.2.0\src\curr\generated.rs:15244:42
      |
15244 |   #[cfg_attr(feature = "arbitrary", derive(Arbitrary))]
      |                                            ^^^^^^^^^
      |
     ::: C:\Users\pc\.cargo\registry\src\index.crates.io-1949cf8c6b5b557f\arbit
rary-1.3.2\src\size_hint.rs:12:1
      |
   12 | / pub fn recursion_guard(
   13 | |     depth: usize,
   14 | |     f: impl FnOnce(usize) -> (usize, Option<usize>),
   15 | | ) -> (usize, Option<usize>) {
      | |___________________________- similarly named function 
`recursion_guard` defined here
      |
      = note: this error originates in the derive macro `Arbitrary` (in 
Nightly builds, run with -Z macro-backtrace for more info)

error[E0576]: cannot find method or associated constant `try_size_hint` in 
trait `arbitrary::Arbitrary`
     --> C:\Users\pc\.cargo\registry\src\index.crates.io-1949cf8c6b5b557f\stell
ar-xdr-21.2.0\src\curr\generated.rs:15244:42
      |
15244 | #[cfg_attr(feature = "arbitrary", derive(Arbitrary))]
      |                                          ^^^^^^^^^
      |
     ::: C:\Users\pc\.cargo\registry\src\index.crates.io-1949cf8c6b5b557f\arbit
rary-1.3.2\src\lib.rs:277:5
      |
  277 |     fn size_hint(depth: usize) -> (usize, Option<usize>) {
      |     ---------------------------------------------------- similarly 
named associated function `size_hint` defined here
      |
      = note: this error originates in the derive macro `Arbitrary` (in 
Nightly builds, run with -Z macro-backtrace for more info)

error[E0425]: cannot find type `MaxRecursionReached` in crate `arbitrary`
     --> C:\Users\pc\.cargo\registry\src\index.crates.io-1949cf8c6b5b557f\stell
ar-xdr-21.2.0\src\curr\generated.rs:15300:42
      |
15300 | #[cfg_attr(feature = "arbitrary", derive(Arbitrary))]
      |                                          ^^^^^^^^^ not found in 
`arbitrary`
      |
      = note: this error originates in the derive macro `Arbitrary` (in 
Nightly builds, run with -Z macro-backtrace for more info)

error[E0425]: cannot find function `try_recursion_guard` in module 
`arbitrary::size_hint`
     --> C:\Users\pc\.cargo\registry\src\index.crates.io-1949cf8c6b5b557f\stell
ar-xdr-21.2.0\src\curr\generated.rs:15300:42
      |
15300 |   #[cfg_attr(feature = "arbitrary", derive(Arbitrary))]
      |                                            ^^^^^^^^^
      |
     ::: C:\Users\pc\.cargo\registry\src\index.crates.io-1949cf8c6b5b557f\arbit
rary-1.3.2\src\size_hint.rs:12:1
      |
   12 | / pub fn recursion_guard(
   13 | |     depth: usize,
   14 | |     f: impl FnOnce(usize) -> (usize, Option<usize>),
   15 | | ) -> (usize, Option<usize>) {
      | |___________________________- similarly named function 
`recursion_guard` defined here
      |
      = note: this error originates in the derive macro `Arbitrary` (in 
Nightly builds, run with -Z macro-backtrace for more info)

error[E0576]: cannot find method or associated constant `try_size_hint` in 
trait `arbitrary::Arbitrary`
     --> C:\Users\pc\.cargo\registry\src\index.crates.io-1949cf8c6b5b557f\stell
ar-xdr-21.2.0\src\curr\generated.rs:15300:42
      |
15300 | #[cfg_attr(feature = "arbitrary", derive(Arbitrary))]
      |                                          ^^^^^^^^^
      |
     ::: C:\Users\pc\.cargo\registry\src\index.crates.io-1949cf8c6b5b557f\arbit
rary-1.3.2\src\lib.rs:277:5
      |
  277 |     fn size_hint(depth: usize) -> (usize, Option<usize>) {
      |     ---------------------------------------------------- similarly 
named associated function `size_hint` defined here
      |
      = note: this error originates in the derive macro `Arbitrary` (in 
Nightly builds, run with -Z macro-backtrace for more info)

error[E0425]: cannot find type `MaxRecursionReached` in crate `arbitrary`
     --> C:\Users\pc\.cargo\registry\src\index.crates.io-1949cf8c6b5b557f\stell
ar-xdr-21.2.0\src\curr\generated.rs:15354:42
      |
15354 | #[cfg_attr(feature = "arbitrary", derive(Arbitrary))]
      |                                          ^^^^^^^^^ not found in 
`arbitrary`
      |
      = note: this error originates in the derive macro `Arbitrary` (in 
Nightly builds, run with -Z macro-backtrace for more info)

error[E0425]: cannot find function `try_recursion_guard` in module 
`arbitrary::size_hint`
     --> C:\Users\pc\.cargo\registry\src\index.crates.io-1949cf8c6b5b557f\stell
ar-xdr-21.2.0\src\curr\generated.rs:15354:42
      |
15354 |   #[cfg_attr(feature = "arbitrary", derive(Arbitrary))]
      |                                            ^^^^^^^^^
      |
     ::: C:\Users\pc\.cargo\registry\src\index.crates.io-1949cf8c6b5b557f\arbit
rary-1.3.2\src\size_hint.rs:12:1
      |
   12 | / pub fn recursion_guard(
   13 | |     depth: usize,
   14 | |     f: impl FnOnce(usize) -> (usize, Option<usize>),
   15 | | ) -> (usize, Option<usize>) {
      | |___________________________- similarly named function 
`recursion_guard` defined here
      |
      = note: this error originates in the derive macro `Arbitrary` (in 
Nightly builds, run with -Z macro-backtrace for more info)

error[E0576]: cannot find method or associated constant `try_size_hint` in 
trait `arbitrary::Arbitrary`
     --> C:\Users\pc\.cargo\registry\src\index.crates.io-1949cf8c6b5b557f\stell
ar-xdr-21.2.0\src\curr\generated.rs:15354:42
      |
15354 | #[cfg_attr(feature = "arbitrary", derive(Arbitrary))]
      |                                          ^^^^^^^^^
      |
     ::: C:\Users\pc\.cargo\registry\src\index.crates.io-1949cf8c6b5b557f\arbit
rary-1.3.2\src\lib.rs:277:5
      |
  277 |     fn size_hint(depth: usize) -> (usize, Option<usize>) {
      |     ---------------------------------------------------- similarly 
named associated function `size_hint` defined here
      |
      = note: this error originates in the derive macro `Arbitrary` (in 
Nightly builds, run with -Z macro-backtrace for more info)

error[E0425]: cannot find type `MaxRecursionReached` in crate `arbitrary`
     --> C:\Users\pc\.cargo\registry\src\index.crates.io-1949cf8c6b5b557f\stell
ar-xdr-21.2.0\src\curr\generated.rs:15419:42
      |
15419 | #[cfg_attr(feature = "arbitrary", derive(Arbitrary))]
      |                                          ^^^^^^^^^ not found in 
`arbitrary`
      |
      = note: this error originates in the derive macro `Arbitrary` (in 
Nightly builds, run with -Z macro-backtrace for more info)

error[E0425]: cannot find function `try_recursion_guard` in module 
`arbitrary::size_hint`
     --> C:\Users\pc\.cargo\registry\src\index.crates.io-1949cf8c6b5b557f\stell
ar-xdr-21.2.0\src\curr\generated.rs:15419:42
      |
15419 |   #[cfg_attr(feature = "arbitrary", derive(Arbitrary))]
      |                                            ^^^^^^^^^
      |
     ::: C:\Users\pc\.cargo\registry\src\index.crates.io-1949cf8c6b5b557f\arbit
rary-1.3.2\src\size_hint.rs:12:1
      |
   12 | / pub fn recursion_guard(
   13 | |     depth: usize,
   14 | |     f: impl FnOnce(usize) -> (usize, Option<usize>),
   15 | | ) -> (usize, Option<usize>) {
      | |___________________________- similarly named function 
`recursion_guard` defined here
      |
      = note: this error originates in the derive macro `Arbitrary` (in 
Nightly builds, run with -Z macro-backtrace for more info)

error[E0576]: cannot find method or associated constant `try_size_hint` in 
trait `arbitrary::Arbitrary`
     --> C:\Users\pc\.cargo\registry\src\index.crates.io-1949cf8c6b5b557f\stell
ar-xdr-21.2.0\src\curr\generated.rs:15419:42
      |
15419 | #[cfg_attr(feature = "arbitrary", derive(Arbitrary))]
      |                                          ^^^^^^^^^
      |
     ::: C:\Users\pc\.cargo\registry\src\index.crates.io-1949cf8c6b5b557f\arbit
rary-1.3.2\src\lib.rs:277:5
      |
  277 |     fn size_hint(depth: usize) -> (usize, Option<usize>) {
      |     ---------------------------------------------------- similarly 
named associated function `size_hint` defined here
      |
      = note: this error originates in the derive macro `Arbitrary` (in 
Nightly builds, run with -Z macro-backtrace for more info)

error[E0425]: cannot find type `MaxRecursionReached` in crate `arbitrary`
     --> C:\Users\pc\.cargo\registry\src\index.crates.io-1949cf8c6b5b557f\stell
ar-xdr-21.2.0\src\curr\generated.rs:15540:42
      |
15540 | #[cfg_attr(feature = "arbitrary", derive(Arbitrary))]
      |                                          ^^^^^^^^^ not found in 
`arbitrary`
      |
      = note: this error originates in the derive macro `Arbitrary` (in 
Nightly builds, run with -Z macro-backtrace for more info)

error[E0425]: cannot find function `try_recursion_guard` in module 
`arbitrary::size_hint`
     --> C:\Users\pc\.cargo\registry\src\index.crates.io-1949cf8c6b5b557f\stell
ar-xdr-21.2.0\src\curr\generated.rs:15540:42
      |
15540 |   #[cfg_attr(feature = "arbitrary", derive(Arbitrary))]
      |                                            ^^^^^^^^^
      |
     ::: C:\Users\pc\.cargo\registry\src\index.crates.io-1949cf8c6b5b557f\arbit
rary-1.3.2\src\size_hint.rs:12:1
      |
   12 | / pub fn recursion_guard(
   13 | |     depth: usize,
   14 | |     f: impl FnOnce(usize) -> (usize, Option<usize>),
   15 | | ) -> (usize, Option<usize>) {
      | |___________________________- similarly named function 
`recursion_guard` defined here
      |
      = note: this error originates in the derive macro `Arbitrary` (in 
Nightly builds, run with -Z macro-backtrace for more info)

error[E0576]: cannot find method or associated constant `try_size_hint` in 
trait `arbitrary::Arbitrary`
     --> C:\Users\pc\.cargo\registry\src\index.crates.io-1949cf8c6b5b557f\stell
ar-xdr-21.2.0\src\curr\generated.rs:15540:42
      |
15540 | #[cfg_attr(feature = "arbitrary", derive(Arbitrary))]
      |                                          ^^^^^^^^^
      |
     ::: C:\Users\pc\.cargo\registry\src\index.crates.io-1949cf8c6b5b557f\arbit
rary-1.3.2\src\lib.rs:277:5
      |
  277 |     fn size_hint(depth: usize) -> (usize, Option<usize>) {
      |     ---------------------------------------------------- similarly 
named associated function `size_hint` defined here
      |
      = note: this error originates in the derive macro `Arbitrary` (in 
Nightly builds, run with -Z macro-backtrace for more info)

error[E0425]: cannot find type `MaxRecursionReached` in crate `arbitrary`
     --> C:\Users\pc\.cargo\registry\src\index.crates.io-1949cf8c6b5b557f\stell
ar-xdr-21.2.0\src\curr\generated.rs:15697:42
      |
15697 | #[cfg_attr(feature = "arbitrary", derive(Arbitrary))]
      |                                          ^^^^^^^^^ not found in 
`arbitrary`
      |
      = note: this error originates in the derive macro `Arbitrary` (in 
Nightly builds, run with -Z macro-backtrace for more info)

error[E0425]: cannot find function `try_recursion_guard` in module 
`arbitrary::size_hint`
     --> C:\Users\pc\.cargo\registry\src\index.crates.io-1949cf8c6b5b557f\stell
ar-xdr-21.2.0\src\curr\generated.rs:15697:42
      |
15697 |   #[cfg_attr(feature = "arbitrary", derive(Arbitrary))]
      |                                            ^^^^^^^^^
      |
     ::: C:\Users\pc\.cargo\registry\src\index.crates.io-1949cf8c6b5b557f\arbit
rary-1.3.2\src\size_hint.rs:12:1
      |
   12 | / pub fn recursion_guard(
   13 | |     depth: usize,
   14 | |     f: impl FnOnce(usize) -> (usize, Option<usize>),
   15 | | ) -> (usize, Option<usize>) {
      | |___________________________- similarly named function 
`recursion_guard` defined here
      |
      = note: this error originates in the derive macro `Arbitrary` (in 
Nightly builds, run with -Z macro-backtrace for more info)

error[E0576]: cannot find method or associated constant `try_size_hint` in 
trait `arbitrary::Arbitrary`
     --> C:\Users\pc\.cargo\registry\src\index.crates.io-1949cf8c6b5b557f\stell
ar-xdr-21.2.0\src\curr\generated.rs:15697:42
      |
15697 | #[cfg_attr(feature = "arbitrary", derive(Arbitrary))]
      |                                          ^^^^^^^^^
      |
     ::: C:\Users\pc\.cargo\registry\src\index.crates.io-1949cf8c6b5b557f\arbit
rary-1.3.2\src\lib.rs:277:5
      |
  277 |     fn size_hint(depth: usize) -> (usize, Option<usize>) {
      |     ---------------------------------------------------- similarly 
named associated function `size_hint` defined here
      |
      = note: this error originates in the derive macro `Arbitrary` (in 
Nightly builds, run with -Z macro-backtrace for more info)

error[E0425]: cannot find type `MaxRecursionReached` in crate `arbitrary`
     --> C:\Users\pc\.cargo\registry\src\index.crates.io-1949cf8c6b5b557f\stell
ar-xdr-21.2.0\src\curr\generated.rs:15760:42
      |
15760 | #[cfg_attr(feature = "arbitrary", derive(Arbitrary))]
      |                                          ^^^^^^^^^ not found in 
`arbitrary`
      |
      = note: this error originates in the derive macro `Arbitrary` (in 
Nightly builds, run with -Z macro-backtrace for more info)

error[E0425]: cannot find function `try_recursion_guard` in module 
`arbitrary::size_hint`
     --> C:\Users\pc\.cargo\registry\src\index.crates.io-1949cf8c6b5b557f\stell
ar-xdr-21.2.0\src\curr\generated.rs:15760:42
      |
15760 |   #[cfg_attr(feature = "arbitrary", derive(Arbitrary))]
      |                                            ^^^^^^^^^
      |
     ::: C:\Users\pc\.cargo\registry\src\index.crates.io-1949cf8c6b5b557f\arbit
rary-1.3.2\src\size_hint.rs:12:1
      |
   12 | / pub fn recursion_guard(
   13 | |     depth: usize,
   14 | |     f: impl FnOnce(usize) -> (usize, Option<usize>),
   15 | | ) -> (usize, Option<usize>) {
      | |___________________________- similarly named function 
`recursion_guard` defined here
      |
      = note: this error originates in the derive macro `Arbitrary` (in 
Nightly builds, run with -Z macro-backtrace for more info)

error[E0576]: cannot find method or associated constant `try_size_hint` in 
trait `arbitrary::Arbitrary`
     --> C:\Users\pc\.cargo\registry\src\index.crates.io-1949cf8c6b5b557f\stell
ar-xdr-21.2.0\src\curr\generated.rs:15760:42
      |
15760 | #[cfg_attr(feature = "arbitrary", derive(Arbitrary))]
      |                                          ^^^^^^^^^
      |
     ::: C:\Users\pc\.cargo\registry\src\index.crates.io-1949cf8c6b5b557f\arbit
rary-1.3.2\src\lib.rs:277:5
      |
  277 |     fn size_hint(depth: usize) -> (usize, Option<usize>) {
      |     ---------------------------------------------------- similarly 
named associated function `size_hint` defined here
      |
      = note: this error originates in the derive macro `Arbitrary` (in 
Nightly builds, run with -Z macro-backtrace for more info)

error[E0425]: cannot find type `MaxRecursionReached` in crate `arbitrary`
     --> C:\Users\pc\.cargo\registry\src\index.crates.io-1949cf8c6b5b557f\stell
ar-xdr-21.2.0\src\curr\generated.rs:15833:42
      |
15833 | #[cfg_attr(feature = "arbitrary", derive(Arbitrary))]
      |                                          ^^^^^^^^^ not found in 
`arbitrary`
      |
      = note: this error originates in the derive macro `Arbitrary` (in 
Nightly builds, run with -Z macro-backtrace for more info)

error[E0425]: cannot find function `try_recursion_guard` in module 
`arbitrary::size_hint`
     --> C:\Users\pc\.cargo\registry\src\index.crates.io-1949cf8c6b5b557f\stell
ar-xdr-21.2.0\src\curr\generated.rs:15833:42
      |
15833 |   #[cfg_attr(feature = "arbitrary", derive(Arbitrary))]
      |                                            ^^^^^^^^^
      |
     ::: C:\Users\pc\.cargo\registry\src\index.crates.io-1949cf8c6b5b557f\arbit
rary-1.3.2\src\size_hint.rs:12:1
      |
   12 | / pub fn recursion_guard(
   13 | |     depth: usize,
   14 | |     f: impl FnOnce(usize) -> (usize, Option<usize>),
   15 | | ) -> (usize, Option<usize>) {
      | |___________________________- similarly named function 
`recursion_guard` defined here
      |
      = note: this error originates in the derive macro `Arbitrary` (in 
Nightly builds, run with -Z macro-backtrace for more info)

error[E0576]: cannot find method or associated constant `try_size_hint` in 
trait `arbitrary::Arbitrary`
     --> C:\Users\pc\.cargo\registry\src\index.crates.io-1949cf8c6b5b557f\stell
ar-xdr-21.2.0\src\curr\generated.rs:15833:42
      |
15833 | #[cfg_attr(feature = "arbitrary", derive(Arbitrary))]
      |                                          ^^^^^^^^^
      |
     ::: C:\Users\pc\.cargo\registry\src\index.crates.io-1949cf8c6b5b557f\arbit
rary-1.3.2\src\lib.rs:277:5
      |
  277 |     fn size_hint(depth: usize) -> (usize, Option<usize>) {
      |     ---------------------------------------------------- similarly 
named associated function `size_hint` defined here
      |
      = note: this error originates in the derive macro `Arbitrary` (in 
Nightly builds, run with -Z macro-backtrace for more info)

error[E0425]: cannot find type `MaxRecursionReached` in crate `arbitrary`
     --> C:\Users\pc\.cargo\registry\src\index.crates.io-1949cf8c6b5b557f\stell
ar-xdr-21.2.0\src\curr\generated.rs:15886:42
      |
15886 | #[cfg_attr(feature = "arbitrary", derive(Arbitrary))]
      |                                          ^^^^^^^^^ not found in 
`arbitrary`
      |
      = note: this error originates in the derive macro `Arbitrary` (in 
Nightly builds, run with -Z macro-backtrace for more info)

error[E0425]: cannot find function `try_recursion_guard` in module 
`arbitrary::size_hint`
     --> C:\Users\pc\.cargo\registry\src\index.crates.io-1949cf8c6b5b557f\stell
ar-xdr-21.2.0\src\curr\generated.rs:15886:42
      |
15886 |   #[cfg_attr(feature = "arbitrary", derive(Arbitrary))]
      |                                            ^^^^^^^^^
      |
     ::: C:\Users\pc\.cargo\registry\src\index.crates.io-1949cf8c6b5b557f\arbit
rary-1.3.2\src\size_hint.rs:12:1
      |
   12 | / pub fn recursion_guard(
   13 | |     depth: usize,
   14 | |     f: impl FnOnce(usize) -> (usize, Option<usize>),
   15 | | ) -> (usize, Option<usize>) {
      | |___________________________- similarly named function 
`recursion_guard` defined here
      |
      = note: this error originates in the derive macro `Arbitrary` (in 
Nightly builds, run with -Z macro-backtrace for more info)

error[E0576]: cannot find method or associated constant `try_size_hint` in 
trait `arbitrary::Arbitrary`
     --> C:\Users\pc\.cargo\registry\src\index.crates.io-1949cf8c6b5b557f\stell
ar-xdr-21.2.0\src\curr\generated.rs:15886:42
      |
15886 | #[cfg_attr(feature = "arbitrary", derive(Arbitrary))]
      |                                          ^^^^^^^^^
      |
     ::: C:\Users\pc\.cargo\registry\src\index.crates.io-1949cf8c6b5b557f\arbit
rary-1.3.2\src\lib.rs:277:5
      |
  277 |     fn size_hint(depth: usize) -> (usize, Option<usize>) {
      |     ---------------------------------------------------- similarly 
named associated function `size_hint` defined here
      |
      = note: this error originates in the derive macro `Arbitrary` (in 
Nightly builds, run with -Z macro-backtrace for more info)

error[E0425]: cannot find type `MaxRecursionReached` in crate `arbitrary`
     --> C:\Users\pc\.cargo\registry\src\index.crates.io-1949cf8c6b5b557f\stell
ar-xdr-21.2.0\src\curr\generated.rs:16002:42
      |
16002 | #[cfg_attr(feature = "arbitrary", derive(Arbitrary))]
      |                                          ^^^^^^^^^ not found in 
`arbitrary`
      |
      = note: this error originates in the derive macro `Arbitrary` (in 
Nightly builds, run with -Z macro-backtrace for more info)

error[E0425]: cannot find function `try_recursion_guard` in module 
`arbitrary::size_hint`
     --> C:\Users\pc\.cargo\registry\src\index.crates.io-1949cf8c6b5b557f\stell
ar-xdr-21.2.0\src\curr\generated.rs:16002:42
      |
16002 |   #[cfg_attr(feature = "arbitrary", derive(Arbitrary))]
      |                                            ^^^^^^^^^
      |
     ::: C:\Users\pc\.cargo\registry\src\index.crates.io-1949cf8c6b5b557f\arbit
rary-1.3.2\src\size_hint.rs:12:1
      |
   12 | / pub fn recursion_guard(
   13 | |     depth: usize,
   14 | |     f: impl FnOnce(usize) -> (usize, Option<usize>),
   15 | | ) -> (usize, Option<usize>) {
      | |___________________________- similarly named function 
`recursion_guard` defined here
      |
      = note: this error originates in the derive macro `Arbitrary` (in 
Nightly builds, run with -Z macro-backtrace for more info)

error[E0576]: cannot find method or associated constant `try_size_hint` in 
trait `arbitrary::Arbitrary`
     --> C:\Users\pc\.cargo\registry\src\index.crates.io-1949cf8c6b5b557f\stell
ar-xdr-21.2.0\src\curr\generated.rs:16002:42
      |
16002 | #[cfg_attr(feature = "arbitrary", derive(Arbitrary))]
      |                                          ^^^^^^^^^
      |
     ::: C:\Users\pc\.cargo\registry\src\index.crates.io-1949cf8c6b5b557f\arbit
rary-1.3.2\src\lib.rs:277:5
      |
  277 |     fn size_hint(depth: usize) -> (usize, Option<usize>) {
      |     ---------------------------------------------------- similarly 
named associated function `size_hint` defined here
      |
      = note: this error originates in the derive macro `Arbitrary` (in 
Nightly builds, run with -Z macro-backtrace for more info)

error[E0425]: cannot find type `MaxRecursionReached` in crate `arbitrary`
     --> C:\Users\pc\.cargo\registry\src\index.crates.io-1949cf8c6b5b557f\stell
ar-xdr-21.2.0\src\curr\generated.rs:16051:42
      |
16051 | #[cfg_attr(feature = "arbitrary", derive(Arbitrary))]
      |                                          ^^^^^^^^^ not found in 
`arbitrary`
      |
      = note: this error originates in the derive macro `Arbitrary` (in 
Nightly builds, run with -Z macro-backtrace for more info)

error[E0425]: cannot find function `try_recursion_guard` in module 
`arbitrary::size_hint`
     --> C:\Users\pc\.cargo\registry\src\index.crates.io-1949cf8c6b5b557f\stell
ar-xdr-21.2.0\src\curr\generated.rs:16051:42
      |
16051 |   #[cfg_attr(feature = "arbitrary", derive(Arbitrary))]
      |                                            ^^^^^^^^^
      |
     ::: C:\Users\pc\.cargo\registry\src\index.crates.io-1949cf8c6b5b557f\arbit
rary-1.3.2\src\size_hint.rs:12:1
      |
   12 | / pub fn recursion_guard(
   13 | |     depth: usize,
   14 | |     f: impl FnOnce(usize) -> (usize, Option<usize>),
   15 | | ) -> (usize, Option<usize>) {
      | |___________________________- similarly named function 
`recursion_guard` defined here
      |
      = note: this error originates in the derive macro `Arbitrary` (in 
Nightly builds, run with -Z macro-backtrace for more info)

error[E0576]: cannot find method or associated constant `try_size_hint` in 
trait `arbitrary::Arbitrary`
     --> C:\Users\pc\.cargo\registry\src\index.crates.io-1949cf8c6b5b557f\stell
ar-xdr-21.2.0\src\curr\generated.rs:16051:42
      |
16051 | #[cfg_attr(feature = "arbitrary", derive(Arbitrary))]
      |                                          ^^^^^^^^^
      |
     ::: C:\Users\pc\.cargo\registry\src\index.crates.io-1949cf8c6b5b557f\arbit
rary-1.3.2\src\lib.rs:277:5
      |
  277 |     fn size_hint(depth: usize) -> (usize, Option<usize>) {
      |     ---------------------------------------------------- similarly 
named associated function `size_hint` defined here
      |
      = note: this error originates in the derive macro `Arbitrary` (in 
Nightly builds, run with -Z macro-backtrace for more info)

error[E0425]: cannot find type `MaxRecursionReached` in crate `arbitrary`
     --> C:\Users\pc\.cargo\registry\src\index.crates.io-1949cf8c6b5b557f\stell
ar-xdr-21.2.0\src\curr\generated.rs:16204:42
      |
16204 | #[cfg_attr(feature = "arbitrary", derive(Arbitrary))]
      |                                          ^^^^^^^^^ not found in 
`arbitrary`
      |
      = note: this error originates in the derive macro `Arbitrary` (in 
Nightly builds, run with -Z macro-backtrace for more info)

error[E0425]: cannot find function `try_recursion_guard` in module 
`arbitrary::size_hint`
     --> C:\Users\pc\.cargo\registry\src\index.crates.io-1949cf8c6b5b557f\stell
ar-xdr-21.2.0\src\curr\generated.rs:16204:42
      |
16204 |   #[cfg_attr(feature = "arbitrary", derive(Arbitrary))]
      |                                            ^^^^^^^^^
      |
     ::: C:\Users\pc\.cargo\registry\src\index.crates.io-1949cf8c6b5b557f\arbit
rary-1.3.2\src\size_hint.rs:12:1
      |
   12 | / pub fn recursion_guard(
   13 | |     depth: usize,
   14 | |     f: impl FnOnce(usize) -> (usize, Option<usize>),
   15 | | ) -> (usize, Option<usize>) {
      | |___________________________- similarly named function 
`recursion_guard` defined here
      |
      = note: this error originates in the derive macro `Arbitrary` (in 
Nightly builds, run with -Z macro-backtrace for more info)

error[E0576]: cannot find method or associated constant `try_size_hint` in 
trait `arbitrary::Arbitrary`
     --> C:\Users\pc\.cargo\registry\src\index.crates.io-1949cf8c6b5b557f\stell
ar-xdr-21.2.0\src\curr\generated.rs:16204:42
      |
16204 | #[cfg_attr(feature = "arbitrary", derive(Arbitrary))]
      |                                          ^^^^^^^^^
      |
     ::: C:\Users\pc\.cargo\registry\src\index.crates.io-1949cf8c6b5b557f\arbit
rary-1.3.2\src\lib.rs:277:5
      |
  277 |     fn size_hint(depth: usize) -> (usize, Option<usize>) {
      |     ---------------------------------------------------- similarly 
named associated function `size_hint` defined here
      |
      = note: this error originates in the derive macro `Arbitrary` (in 
Nightly builds, run with -Z macro-backtrace for more info)

error[E0425]: cannot find type `MaxRecursionReached` in crate `arbitrary`
     --> C:\Users\pc\.cargo\registry\src\index.crates.io-1949cf8c6b5b557f\stell
ar-xdr-21.2.0\src\curr\generated.rs:16269:42
      |
16269 | #[cfg_attr(feature = "arbitrary", derive(Arbitrary))]
      |                                          ^^^^^^^^^ not found in 
`arbitrary`
      |
      = note: this error originates in the derive macro `Arbitrary` (in 
Nightly builds, run with -Z macro-backtrace for more info)

error[E0425]: cannot find function `try_recursion_guard` in module 
`arbitrary::size_hint`
     --> C:\Users\pc\.cargo\registry\src\index.crates.io-1949cf8c6b5b557f\stell
ar-xdr-21.2.0\src\curr\generated.rs:16269:42
      |
16269 |   #[cfg_attr(feature = "arbitrary", derive(Arbitrary))]
      |                                            ^^^^^^^^^
      |
     ::: C:\Users\pc\.cargo\registry\src\index.crates.io-1949cf8c6b5b557f\arbit
rary-1.3.2\src\size_hint.rs:12:1
      |
   12 | / pub fn recursion_guard(
   13 | |     depth: usize,
   14 | |     f: impl FnOnce(usize) -> (usize, Option<usize>),
   15 | | ) -> (usize, Option<usize>) {
      | |___________________________- similarly named function 
`recursion_guard` defined here
      |
      = note: this error originates in the derive macro `Arbitrary` (in 
Nightly builds, run with -Z macro-backtrace for more info)

error[E0576]: cannot find method or associated constant `try_size_hint` in 
trait `arbitrary::Arbitrary`
     --> C:\Users\pc\.cargo\registry\src\index.crates.io-1949cf8c6b5b557f\stell
ar-xdr-21.2.0\src\curr\generated.rs:16269:42
      |
16269 | #[cfg_attr(feature = "arbitrary", derive(Arbitrary))]
      |                                          ^^^^^^^^^
      |
     ::: C:\Users\pc\.cargo\registry\src\index.crates.io-1949cf8c6b5b557f\arbit
rary-1.3.2\src\lib.rs:277:5
      |
  277 |     fn size_hint(depth: usize) -> (usize, Option<usize>) {
      |     ---------------------------------------------------- similarly 
named associated function `size_hint` defined here
      |
      = note: this error originates in the derive macro `Arbitrary` (in 
Nightly builds, run with -Z macro-backtrace for more info)

error[E0425]: cannot find type `MaxRecursionReached` in crate `arbitrary`
     --> C:\Users\pc\.cargo\registry\src\index.crates.io-1949cf8c6b5b557f\stell
ar-xdr-21.2.0\src\curr\generated.rs:16449:42
      |
16449 | #[cfg_attr(feature = "arbitrary", derive(Arbitrary))]
      |                                          ^^^^^^^^^ not found in 
`arbitrary`
      |
      = note: this error originates in the derive macro `Arbitrary` (in 
Nightly builds, run with -Z macro-backtrace for more info)

error[E0425]: cannot find function `try_recursion_guard` in module 
`arbitrary::size_hint`
     --> C:\Users\pc\.cargo\registry\src\index.crates.io-1949cf8c6b5b557f\stell
ar-xdr-21.2.0\src\curr\generated.rs:16449:42
      |
16449 |   #[cfg_attr(feature = "arbitrary", derive(Arbitrary))]
      |                                            ^^^^^^^^^
      |
     ::: C:\Users\pc\.cargo\registry\src\index.crates.io-1949cf8c6b5b557f\arbit
rary-1.3.2\src\size_hint.rs:12:1
      |
   12 | / pub fn recursion_guard(
   13 | |     depth: usize,
   14 | |     f: impl FnOnce(usize) -> (usize, Option<usize>),
   15 | | ) -> (usize, Option<usize>) {
      | |___________________________- similarly named function 
`recursion_guard` defined here
      |
      = note: this error originates in the derive macro `Arbitrary` (in 
Nightly builds, run with -Z macro-backtrace for more info)

error[E0576]: cannot find method or associated constant `try_size_hint` in 
trait `arbitrary::Arbitrary`
     --> C:\Users\pc\.cargo\registry\src\index.crates.io-1949cf8c6b5b557f\stell
ar-xdr-21.2.0\src\curr\generated.rs:16449:42
      |
16449 | #[cfg_attr(feature = "arbitrary", derive(Arbitrary))]
      |                                          ^^^^^^^^^
      |
     ::: C:\Users\pc\.cargo\registry\src\index.crates.io-1949cf8c6b5b557f\arbit
rary-1.3.2\src\lib.rs:277:5
      |
  277 |     fn size_hint(depth: usize) -> (usize, Option<usize>) {
      |     ---------------------------------------------------- similarly 
named associated function `size_hint` defined here
      |
      = note: this error originates in the derive macro `Arbitrary` (in 
Nightly builds, run with -Z macro-backtrace for more info)

error[E0425]: cannot find type `MaxRecursionReached` in crate `arbitrary`
     --> C:\Users\pc\.cargo\registry\src\index.crates.io-1949cf8c6b5b557f\stell
ar-xdr-21.2.0\src\curr\generated.rs:16588:42
      |
16588 | #[cfg_attr(feature = "arbitrary", derive(Arbitrary))]
      |                                          ^^^^^^^^^ not found in 
`arbitrary`
      |
      = note: this error originates in the derive macro `Arbitrary` (in 
Nightly builds, run with -Z macro-backtrace for more info)

error[E0425]: cannot find function `try_recursion_guard` in module 
`arbitrary::size_hint`
     --> C:\Users\pc\.cargo\registry\src\index.crates.io-1949cf8c6b5b557f\stell
ar-xdr-21.2.0\src\curr\generated.rs:16588:42
      |
16588 |   #[cfg_attr(feature = "arbitrary", derive(Arbitrary))]
      |                                            ^^^^^^^^^
      |
     ::: C:\Users\pc\.cargo\registry\src\index.crates.io-1949cf8c6b5b557f\arbit
rary-1.3.2\src\size_hint.rs:12:1
      |
   12 | / pub fn recursion_guard(
   13 | |     depth: usize,
   14 | |     f: impl FnOnce(usize) -> (usize, Option<usize>),
   15 | | ) -> (usize, Option<usize>) {
      | |___________________________- similarly named function 
`recursion_guard` defined here
      |
      = note: this error originates in the derive macro `Arbitrary` (in 
Nightly builds, run with -Z macro-backtrace for more info)

error[E0576]: cannot find method or associated constant `try_size_hint` in 
trait `arbitrary::Arbitrary`
     --> C:\Users\pc\.cargo\registry\src\index.crates.io-1949cf8c6b5b557f\stell
ar-xdr-21.2.0\src\curr\generated.rs:16588:42
      |
16588 | #[cfg_attr(feature = "arbitrary", derive(Arbitrary))]
      |                                          ^^^^^^^^^
      |
     ::: C:\Users\pc\.cargo\registry\src\index.crates.io-1949cf8c6b5b557f\arbit
rary-1.3.2\src\lib.rs:277:5
      |
  277 |     fn size_hint(depth: usize) -> (usize, Option<usize>) {
      |     ---------------------------------------------------- similarly 
named associated function `size_hint` defined here
      |
      = note: this error originates in the derive macro `Arbitrary` (in 
Nightly builds, run with -Z macro-backtrace for more info)

error[E0425]: cannot find type `MaxRecursionReached` in crate `arbitrary`
     --> C:\Users\pc\.cargo\registry\src\index.crates.io-1949cf8c6b5b557f\stell
ar-xdr-21.2.0\src\curr\generated.rs:16636:42
      |
16636 | #[cfg_attr(feature = "arbitrary", derive(Arbitrary))]
      |                                          ^^^^^^^^^ not found in 
`arbitrary`
      |
      = note: this error originates in the derive macro `Arbitrary` (in 
Nightly builds, run with -Z macro-backtrace for more info)

error[E0425]: cannot find function `try_recursion_guard` in module 
`arbitrary::size_hint`
     --> C:\Users\pc\.cargo\registry\src\index.crates.io-1949cf8c6b5b557f\stell
ar-xdr-21.2.0\src\curr\generated.rs:16636:42
      |
16636 |   #[cfg_attr(feature = "arbitrary", derive(Arbitrary))]
      |                                            ^^^^^^^^^
      |
     ::: C:\Users\pc\.cargo\registry\src\index.crates.io-1949cf8c6b5b557f\arbit
rary-1.3.2\src\size_hint.rs:12:1
      |
   12 | / pub fn recursion_guard(
   13 | |     depth: usize,
   14 | |     f: impl FnOnce(usize) -> (usize, Option<usize>),
   15 | | ) -> (usize, Option<usize>) {
      | |___________________________- similarly named function 
`recursion_guard` defined here
      |
      = note: this error originates in the derive macro `Arbitrary` (in 
Nightly builds, run with -Z macro-backtrace for more info)

error[E0576]: cannot find method or associated constant `try_size_hint` in 
trait `arbitrary::Arbitrary`
     --> C:\Users\pc\.cargo\registry\src\index.crates.io-1949cf8c6b5b557f\stell
ar-xdr-21.2.0\src\curr\generated.rs:16636:42
      |
16636 | #[cfg_attr(feature = "arbitrary", derive(Arbitrary))]
      |                                          ^^^^^^^^^
      |
     ::: C:\Users\pc\.cargo\registry\src\index.crates.io-1949cf8c6b5b557f\arbit
rary-1.3.2\src\lib.rs:277:5
      |
  277 |     fn size_hint(depth: usize) -> (usize, Option<usize>) {
      |     ---------------------------------------------------- similarly 
named associated function `size_hint` defined here
      |
      = note: this error originates in the derive macro `Arbitrary` (in 
Nightly builds, run with -Z macro-backtrace for more info)

error[E0425]: cannot find type `MaxRecursionReached` in crate `arbitrary`
     --> C:\Users\pc\.cargo\registry\src\index.crates.io-1949cf8c6b5b557f\stell
ar-xdr-21.2.0\src\curr\generated.rs:16679:42
      |
16679 | #[cfg_attr(feature = "arbitrary", derive(Arbitrary))]
      |                                          ^^^^^^^^^ not found in 
`arbitrary`
      |
      = note: this error originates in the derive macro `Arbitrary` (in 
Nightly builds, run with -Z macro-backtrace for more info)

error[E0425]: cannot find function `try_recursion_guard` in module 
`arbitrary::size_hint`
     --> C:\Users\pc\.cargo\registry\src\index.crates.io-1949cf8c6b5b557f\stell
ar-xdr-21.2.0\src\curr\generated.rs:16679:42
      |
16679 |   #[cfg_attr(feature = "arbitrary", derive(Arbitrary))]
      |                                            ^^^^^^^^^
      |
     ::: C:\Users\pc\.cargo\registry\src\index.crates.io-1949cf8c6b5b557f\arbit
rary-1.3.2\src\size_hint.rs:12:1
      |
   12 | / pub fn recursion_guard(
   13 | |     depth: usize,
   14 | |     f: impl FnOnce(usize) -> (usize, Option<usize>),
   15 | | ) -> (usize, Option<usize>) {
      | |___________________________- similarly named function 
`recursion_guard` defined here
      |
      = note: this error originates in the derive macro `Arbitrary` (in 
Nightly builds, run with -Z macro-backtrace for more info)

error[E0576]: cannot find method or associated constant `try_size_hint` in 
trait `arbitrary::Arbitrary`
     --> C:\Users\pc\.cargo\registry\src\index.crates.io-1949cf8c6b5b557f\stell
ar-xdr-21.2.0\src\curr\generated.rs:16679:42
      |
16679 | #[cfg_attr(feature = "arbitrary", derive(Arbitrary))]
      |                                          ^^^^^^^^^
      |
     ::: C:\Users\pc\.cargo\registry\src\index.crates.io-1949cf8c6b5b557f\arbit
rary-1.3.2\src\lib.rs:277:5
      |
  277 |     fn size_hint(depth: usize) -> (usize, Option<usize>) {
      |     ---------------------------------------------------- similarly 
named associated function `size_hint` defined here
      |
      = note: this error originates in the derive macro `Arbitrary` (in 
Nightly builds, run with -Z macro-backtrace for more info)

error[E0425]: cannot find type `MaxRecursionReached` in crate `arbitrary`
     --> C:\Users\pc\.cargo\registry\src\index.crates.io-1949cf8c6b5b557f\stell
ar-xdr-21.2.0\src\curr\generated.rs:16725:42
      |
16725 | #[cfg_attr(feature = "arbitrary", derive(Arbitrary))]
      |                                          ^^^^^^^^^ not found in 
`arbitrary`
      |
      = note: this error originates in the derive macro `Arbitrary` (in 
Nightly builds, run with -Z macro-backtrace for more info)

error[E0425]: cannot find function `try_recursion_guard` in module 
`arbitrary::size_hint`
     --> C:\Users\pc\.cargo\registry\src\index.crates.io-1949cf8c6b5b557f\stell
ar-xdr-21.2.0\src\curr\generated.rs:16725:42
      |
16725 |   #[cfg_attr(feature = "arbitrary", derive(Arbitrary))]
      |                                            ^^^^^^^^^
      |
     ::: C:\Users\pc\.cargo\registry\src\index.crates.io-1949cf8c6b5b557f\arbit
rary-1.3.2\src\size_hint.rs:12:1
      |
   12 | / pub fn recursion_guard(
   13 | |     depth: usize,
   14 | |     f: impl FnOnce(usize) -> (usize, Option<usize>),
   15 | | ) -> (usize, Option<usize>) {
      | |___________________________- similarly named function 
`recursion_guard` defined here
      |
      = note: this error originates in the derive macro `Arbitrary` (in 
Nightly builds, run with -Z macro-backtrace for more info)

error[E0576]: cannot find method or associated constant `try_size_hint` in 
trait `arbitrary::Arbitrary`
     --> C:\Users\pc\.cargo\registry\src\index.crates.io-1949cf8c6b5b557f\stell
ar-xdr-21.2.0\src\curr\generated.rs:16725:42
      |
16725 | #[cfg_attr(feature = "arbitrary", derive(Arbitrary))]
      |                                          ^^^^^^^^^
      |
     ::: C:\Users\pc\.cargo\registry\src\index.crates.io-1949cf8c6b5b557f\arbit
rary-1.3.2\src\lib.rs:277:5
      |
  277 |     fn size_hint(depth: usize) -> (usize, Option<usize>) {
      |     ---------------------------------------------------- similarly 
named associated function `size_hint` defined here
      |
      = note: this error originates in the derive macro `Arbitrary` (in 
Nightly builds, run with -Z macro-backtrace for more info)

error[E0425]: cannot find type `MaxRecursionReached` in crate `arbitrary`
     --> C:\Users\pc\.cargo\registry\src\index.crates.io-1949cf8c6b5b557f\stell
ar-xdr-21.2.0\src\curr\generated.rs:16771:42
      |
16771 | #[cfg_attr(feature = "arbitrary", derive(Arbitrary))]
      |                                          ^^^^^^^^^ not found in 
`arbitrary`
      |
      = note: this error originates in the derive macro `Arbitrary` (in 
Nightly builds, run with -Z macro-backtrace for more info)

error[E0425]: cannot find function `try_recursion_guard` in module 
`arbitrary::size_hint`
     --> C:\Users\pc\.cargo\registry\src\index.crates.io-1949cf8c6b5b557f\stell
ar-xdr-21.2.0\src\curr\generated.rs:16771:42
      |
16771 |   #[cfg_attr(feature = "arbitrary", derive(Arbitrary))]
      |                                            ^^^^^^^^^
      |
     ::: C:\Users\pc\.cargo\registry\src\index.crates.io-1949cf8c6b5b557f\arbit
rary-1.3.2\src\size_hint.rs:12:1
      |
   12 | / pub fn recursion_guard(
   13 | |     depth: usize,
   14 | |     f: impl FnOnce(usize) -> (usize, Option<usize>),
   15 | | ) -> (usize, Option<usize>) {
      | |___________________________- similarly named function 
`recursion_guard` defined here
      |
      = note: this error originates in the derive macro `Arbitrary` (in 
Nightly builds, run with -Z macro-backtrace for more info)

error[E0576]: cannot find method or associated constant `try_size_hint` in 
trait `arbitrary::Arbitrary`
     --> C:\Users\pc\.cargo\registry\src\index.crates.io-1949cf8c6b5b557f\stell
ar-xdr-21.2.0\src\curr\generated.rs:16771:42
      |
16771 | #[cfg_attr(feature = "arbitrary", derive(Arbitrary))]
      |                                          ^^^^^^^^^
      |
     ::: C:\Users\pc\.cargo\registry\src\index.crates.io-1949cf8c6b5b557f\arbit
rary-1.3.2\src\lib.rs:277:5
      |
  277 |     fn size_hint(depth: usize) -> (usize, Option<usize>) {
      |     ---------------------------------------------------- similarly 
named associated function `size_hint` defined here
      |
      = note: this error originates in the derive macro `Arbitrary` (in 
Nightly builds, run with -Z macro-backtrace for more info)

error[E0425]: cannot find type `MaxRecursionReached` in crate `arbitrary`
     --> C:\Users\pc\.cargo\registry\src\index.crates.io-1949cf8c6b5b557f\stell
ar-xdr-21.2.0\src\curr\generated.rs:16816:42
      |
16816 | #[cfg_attr(feature = "arbitrary", derive(Arbitrary))]
      |                                          ^^^^^^^^^ not found in 
`arbitrary`
      |
      = note: this error originates in the derive macro `Arbitrary` (in 
Nightly builds, run with -Z macro-backtrace for more info)

error[E0425]: cannot find function `try_recursion_guard` in module 
`arbitrary::size_hint`
     --> C:\Users\pc\.cargo\registry\src\index.crates.io-1949cf8c6b5b557f\stell
ar-xdr-21.2.0\src\curr\generated.rs:16816:42
      |
16816 |   #[cfg_attr(feature = "arbitrary", derive(Arbitrary))]
      |                                            ^^^^^^^^^
      |
     ::: C:\Users\pc\.cargo\registry\src\index.crates.io-1949cf8c6b5b557f\arbit
rary-1.3.2\src\size_hint.rs:12:1
      |
   12 | / pub fn recursion_guard(
   13 | |     depth: usize,
   14 | |     f: impl FnOnce(usize) -> (usize, Option<usize>),
   15 | | ) -> (usize, Option<usize>) {
      | |___________________________- similarly named function 
`recursion_guard` defined here
      |
      = note: this error originates in the derive macro `Arbitrary` (in 
Nightly builds, run with -Z macro-backtrace for more info)

error[E0576]: cannot find method or associated constant `try_size_hint` in 
trait `arbitrary::Arbitrary`
     --> C:\Users\pc\.cargo\registry\src\index.crates.io-1949cf8c6b5b557f\stell
ar-xdr-21.2.0\src\curr\generated.rs:16816:42
      |
16816 | #[cfg_attr(feature = "arbitrary", derive(Arbitrary))]
      |                                          ^^^^^^^^^
      |
     ::: C:\Users\pc\.cargo\registry\src\index.crates.io-1949cf8c6b5b557f\arbit
rary-1.3.2\src\lib.rs:277:5
      |
  277 |     fn size_hint(depth: usize) -> (usize, Option<usize>) {
      |     ---------------------------------------------------- similarly 
named associated function `size_hint` defined here
      |
      = note: this error originates in the derive macro `Arbitrary` (in 
Nightly builds, run with -Z macro-backtrace for more info)

error[E0425]: cannot find type `MaxRecursionReached` in crate `arbitrary`
     --> C:\Users\pc\.cargo\registry\src\index.crates.io-1949cf8c6b5b557f\stell
ar-xdr-21.2.0\src\curr\generated.rs:16858:42
      |
16858 | #[cfg_attr(feature = "arbitrary", derive(Arbitrary))]
      |                                          ^^^^^^^^^ not found in 
`arbitrary`
      |
      = note: this error originates in the derive macro `Arbitrary` (in 
Nightly builds, run with -Z macro-backtrace for more info)

error[E0425]: cannot find function `try_recursion_guard` in module 
`arbitrary::size_hint`
     --> C:\Users\pc\.cargo\registry\src\index.crates.io-1949cf8c6b5b557f\stell
ar-xdr-21.2.0\src\curr\generated.rs:16858:42
      |
16858 |   #[cfg_attr(feature = "arbitrary", derive(Arbitrary))]
      |                                            ^^^^^^^^^
      |
     ::: C:\Users\pc\.cargo\registry\src\index.crates.io-1949cf8c6b5b557f\arbit
rary-1.3.2\src\size_hint.rs:12:1
      |
   12 | / pub fn recursion_guard(
   13 | |     depth: usize,
   14 | |     f: impl FnOnce(usize) -> (usize, Option<usize>),
   15 | | ) -> (usize, Option<usize>) {
      | |___________________________- similarly named function 
`recursion_guard` defined here
      |
      = note: this error originates in the derive macro `Arbitrary` (in 
Nightly builds, run with -Z macro-backtrace for more info)

error[E0576]: cannot find method or associated constant `try_size_hint` in 
trait `arbitrary::Arbitrary`
     --> C:\Users\pc\.cargo\registry\src\index.crates.io-1949cf8c6b5b557f\stell
ar-xdr-21.2.0\src\curr\generated.rs:16858:42
      |
16858 | #[cfg_attr(feature = "arbitrary", derive(Arbitrary))]
      |                                          ^^^^^^^^^
      |
     ::: C:\Users\pc\.cargo\registry\src\index.crates.io-1949cf8c6b5b557f\arbit
rary-1.3.2\src\lib.rs:277:5
      |
  277 |     fn size_hint(depth: usize) -> (usize, Option<usize>) {
      |     ---------------------------------------------------- similarly 
named associated function `size_hint` defined here
      |
      = note: this error originates in the derive macro `Arbitrary` (in 
Nightly builds, run with -Z macro-backtrace for more info)

error[E0425]: cannot find type `MaxRecursionReached` in crate `arbitrary`
     --> C:\Users\pc\.cargo\registry\src\index.crates.io-1949cf8c6b5b557f\stell
ar-xdr-21.2.0\src\curr\generated.rs:16902:42
      |
16902 | #[cfg_attr(feature = "arbitrary", derive(Arbitrary))]
      |                                          ^^^^^^^^^ not found in 
`arbitrary`
      |
      = note: this error originates in the derive macro `Arbitrary` (in 
Nightly builds, run with -Z macro-backtrace for more info)

error[E0425]: cannot find function `try_recursion_guard` in module 
`arbitrary::size_hint`
     --> C:\Users\pc\.cargo\registry\src\index.crates.io-1949cf8c6b5b557f\stell
ar-xdr-21.2.0\src\curr\generated.rs:16902:42
      |
16902 |   #[cfg_attr(feature = "arbitrary", derive(Arbitrary))]
      |                                            ^^^^^^^^^
      |
     ::: C:\Users\pc\.cargo\registry\src\index.crates.io-1949cf8c6b5b557f\arbit
rary-1.3.2\src\size_hint.rs:12:1
      |
   12 | / pub fn recursion_guard(
   13 | |     depth: usize,
   14 | |     f: impl FnOnce(usize) -> (usize, Option<usize>),
   15 | | ) -> (usize, Option<usize>) {
      | |___________________________- similarly named function 
`recursion_guard` defined here
      |
      = note: this error originates in the derive macro `Arbitrary` (in 
Nightly builds, run with -Z macro-backtrace for more info)

error[E0576]: cannot find method or associated constant `try_size_hint` in 
trait `arbitrary::Arbitrary`
     --> C:\Users\pc\.cargo\registry\src\index.crates.io-1949cf8c6b5b557f\stell
ar-xdr-21.2.0\src\curr\generated.rs:16902:42
      |
16902 | #[cfg_attr(feature = "arbitrary", derive(Arbitrary))]
      |                                          ^^^^^^^^^
      |
     ::: C:\Users\pc\.cargo\registry\src\index.crates.io-1949cf8c6b5b557f\arbit
rary-1.3.2\src\lib.rs:277:5
      |
  277 |     fn size_hint(depth: usize) -> (usize, Option<usize>) {
      |     ---------------------------------------------------- similarly 
named associated function `size_hint` defined here
      |
      = note: this error originates in the derive macro `Arbitrary` (in 
Nightly builds, run with -Z macro-backtrace for more info)

error[E0425]: cannot find type `MaxRecursionReached` in crate `arbitrary`
     --> C:\Users\pc\.cargo\registry\src\index.crates.io-1949cf8c6b5b557f\stell
ar-xdr-21.2.0\src\curr\generated.rs:16950:42
      |
16950 | #[cfg_attr(feature = "arbitrary", derive(Arbitrary))]
      |                                          ^^^^^^^^^ not found in 
`arbitrary`
      |
      = note: this error originates in the derive macro `Arbitrary` (in 
Nightly builds, run with -Z macro-backtrace for more info)

error[E0425]: cannot find function `try_recursion_guard` in module 
`arbitrary::size_hint`
     --> C:\Users\pc\.cargo\registry\src\index.crates.io-1949cf8c6b5b557f\stell
ar-xdr-21.2.0\src\curr\generated.rs:16950:42
      |
16950 |   #[cfg_attr(feature = "arbitrary", derive(Arbitrary))]
      |                                            ^^^^^^^^^
      |
     ::: C:\Users\pc\.cargo\registry\src\index.crates.io-1949cf8c6b5b557f\arbit
rary-1.3.2\src\size_hint.rs:12:1
      |
   12 | / pub fn recursion_guard(
   13 | |     depth: usize,
   14 | |     f: impl FnOnce(usize) -> (usize, Option<usize>),
   15 | | ) -> (usize, Option<usize>) {
      | |___________________________- similarly named function 
`recursion_guard` defined here
      |
      = note: this error originates in the derive macro `Arbitrary` (in 
Nightly builds, run with -Z macro-backtrace for more info)

error[E0576]: cannot find method or associated constant `try_size_hint` in 
trait `arbitrary::Arbitrary`
     --> C:\Users\pc\.cargo\registry\src\index.crates.io-1949cf8c6b5b557f\stell
ar-xdr-21.2.0\src\curr\generated.rs:16950:42
      |
16950 | #[cfg_attr(feature = "arbitrary", derive(Arbitrary))]
      |                                          ^^^^^^^^^
      |
     ::: C:\Users\pc\.cargo\registry\src\index.crates.io-1949cf8c6b5b557f\arbit
rary-1.3.2\src\lib.rs:277:5
      |
  277 |     fn size_hint(depth: usize) -> (usize, Option<usize>) {
      |     ---------------------------------------------------- similarly 
named associated function `size_hint` defined here
      |
      = note: this error originates in the derive macro `Arbitrary` (in 
Nightly builds, run with -Z macro-backtrace for more info)

error[E0425]: cannot find type `MaxRecursionReached` in crate `arbitrary`
     --> C:\Users\pc\.cargo\registry\src\index.crates.io-1949cf8c6b5b557f\stell
ar-xdr-21.2.0\src\curr\generated.rs:16992:42
      |
16992 | #[cfg_attr(feature = "arbitrary", derive(Arbitrary))]
      |                                          ^^^^^^^^^ not found in 
`arbitrary`
      |
      = note: this error originates in the derive macro `Arbitrary` (in 
Nightly builds, run with -Z macro-backtrace for more info)

error[E0425]: cannot find function `try_recursion_guard` in module 
`arbitrary::size_hint`
     --> C:\Users\pc\.cargo\registry\src\index.crates.io-1949cf8c6b5b557f\stell
ar-xdr-21.2.0\src\curr\generated.rs:16992:42
      |
16992 |   #[cfg_attr(feature = "arbitrary", derive(Arbitrary))]
      |                                            ^^^^^^^^^
      |
     ::: C:\Users\pc\.cargo\registry\src\index.crates.io-1949cf8c6b5b557f\arbit
rary-1.3.2\src\size_hint.rs:12:1
      |
   12 | / pub fn recursion_guard(
   13 | |     depth: usize,
   14 | |     f: impl FnOnce(usize) -> (usize, Option<usize>),
   15 | | ) -> (usize, Option<usize>) {
      | |___________________________- similarly named function 
`recursion_guard` defined here
      |
      = note: this error originates in the derive macro `Arbitrary` (in 
Nightly builds, run with -Z macro-backtrace for more info)

error[E0576]: cannot find method or associated constant `try_size_hint` in 
trait `arbitrary::Arbitrary`
     --> C:\Users\pc\.cargo\registry\src\index.crates.io-1949cf8c6b5b557f\stell
ar-xdr-21.2.0\src\curr\generated.rs:16992:42
      |
16992 | #[cfg_attr(feature = "arbitrary", derive(Arbitrary))]
      |                                          ^^^^^^^^^
      |
     ::: C:\Users\pc\.cargo\registry\src\index.crates.io-1949cf8c6b5b557f\arbit
rary-1.3.2\src\lib.rs:277:5
      |
  277 |     fn size_hint(depth: usize) -> (usize, Option<usize>) {
      |     ---------------------------------------------------- similarly 
named associated function `size_hint` defined here
      |
      = note: this error originates in the derive macro `Arbitrary` (in 
Nightly builds, run with -Z macro-backtrace for more info)

error[E0425]: cannot find type `MaxRecursionReached` in crate `arbitrary`
     --> C:\Users\pc\.cargo\registry\src\index.crates.io-1949cf8c6b5b557f\stell
ar-xdr-21.2.0\src\curr\generated.rs:17035:42
      |
17035 | #[cfg_attr(feature = "arbitrary", derive(Arbitrary))]
      |                                          ^^^^^^^^^ not found in 
`arbitrary`
      |
      = note: this error originates in the derive macro `Arbitrary` (in 
Nightly builds, run with -Z macro-backtrace for more info)

error[E0425]: cannot find function `try_recursion_guard` in module 
`arbitrary::size_hint`
     --> C:\Users\pc\.cargo\registry\src\index.crates.io-1949cf8c6b5b557f\stell
ar-xdr-21.2.0\src\curr\generated.rs:17035:42
      |
17035 |   #[cfg_attr(feature = "arbitrary", derive(Arbitrary))]
      |                                            ^^^^^^^^^
      |
     ::: C:\Users\pc\.cargo\registry\src\index.crates.io-1949cf8c6b5b557f\arbit
rary-1.3.2\src\size_hint.rs:12:1
      |
   12 | / pub fn recursion_guard(
   13 | |     depth: usize,
   14 | |     f: impl FnOnce(usize) -> (usize, Option<usize>),
   15 | | ) -> (usize, Option<usize>) {
      | |___________________________- similarly named function 
`recursion_guard` defined here
      |
      = note: this error originates in the derive macro `Arbitrary` (in 
Nightly builds, run with -Z macro-backtrace for more info)

error[E0576]: cannot find method or associated constant `try_size_hint` in 
trait `arbitrary::Arbitrary`
     --> C:\Users\pc\.cargo\registry\src\index.crates.io-1949cf8c6b5b557f\stell
ar-xdr-21.2.0\src\curr\generated.rs:17035:42
      |
17035 | #[cfg_attr(feature = "arbitrary", derive(Arbitrary))]
      |                                          ^^^^^^^^^
      |
     ::: C:\Users\pc\.cargo\registry\src\index.crates.io-1949cf8c6b5b557f\arbit
rary-1.3.2\src\lib.rs:277:5
      |
  277 |     fn size_hint(depth: usize) -> (usize, Option<usize>) {
      |     ---------------------------------------------------- similarly 
named associated function `size_hint` defined here
      |
      = note: this error originates in the derive macro `Arbitrary` (in 
Nightly builds, run with -Z macro-backtrace for more info)

error[E0425]: cannot find type `MaxRecursionReached` in crate `arbitrary`
     --> C:\Users\pc\.cargo\registry\src\index.crates.io-1949cf8c6b5b557f\stell
ar-xdr-21.2.0\src\curr\generated.rs:17138:42
      |
17138 | #[cfg_attr(feature = "arbitrary", derive(Arbitrary))]
      |                                          ^^^^^^^^^ not found in 
`arbitrary`
      |
      = note: this error originates in the derive macro `Arbitrary` (in 
Nightly builds, run with -Z macro-backtrace for more info)

error[E0425]: cannot find function `try_recursion_guard` in module 
`arbitrary::size_hint`
     --> C:\Users\pc\.cargo\registry\src\index.crates.io-1949cf8c6b5b557f\stell
ar-xdr-21.2.0\src\curr\generated.rs:17138:42
      |
17138 |   #[cfg_attr(feature = "arbitrary", derive(Arbitrary))]
      |                                            ^^^^^^^^^
      |
     ::: C:\Users\pc\.cargo\registry\src\index.crates.io-1949cf8c6b5b557f\arbit
rary-1.3.2\src\size_hint.rs:12:1
      |
   12 | / pub fn recursion_guard(
   13 | |     depth: usize,
   14 | |     f: impl FnOnce(usize) -> (usize, Option<usize>),
   15 | | ) -> (usize, Option<usize>) {
      | |___________________________- similarly named function 
`recursion_guard` defined here
      |
      = note: this error originates in the derive macro `Arbitrary` (in 
Nightly builds, run with -Z macro-backtrace for more info)

error[E0576]: cannot find method or associated constant `try_size_hint` in 
trait `arbitrary::Arbitrary`
     --> C:\Users\pc\.cargo\registry\src\index.crates.io-1949cf8c6b5b557f\stell
ar-xdr-21.2.0\src\curr\generated.rs:17138:42
      |
17138 | #[cfg_attr(feature = "arbitrary", derive(Arbitrary))]
      |                                          ^^^^^^^^^
      |
     ::: C:\Users\pc\.cargo\registry\src\index.crates.io-1949cf8c6b5b557f\arbit
rary-1.3.2\src\lib.rs:277:5
      |
  277 |     fn size_hint(depth: usize) -> (usize, Option<usize>) {
      |     ---------------------------------------------------- similarly 
named associated function `size_hint` defined here
      |
      = note: this error originates in the derive macro `Arbitrary` (in 
Nightly builds, run with -Z macro-backtrace for more info)

error[E0425]: cannot find type `MaxRecursionReached` in crate `arbitrary`
     --> C:\Users\pc\.cargo\registry\src\index.crates.io-1949cf8c6b5b557f\stell
ar-xdr-21.2.0\src\curr\generated.rs:17471:42
      |
17471 | #[cfg_attr(feature = "arbitrary", derive(Arbitrary))]
      |                                          ^^^^^^^^^ not found in 
`arbitrary`
      |
      = note: this error originates in the derive macro `Arbitrary` (in 
Nightly builds, run with -Z macro-backtrace for more info)

error[E0425]: cannot find function `try_recursion_guard` in module 
`arbitrary::size_hint`
     --> C:\Users\pc\.cargo\registry\src\index.crates.io-1949cf8c6b5b557f\stell
ar-xdr-21.2.0\src\curr\generated.rs:17471:42
      |
17471 |   #[cfg_attr(feature = "arbitrary", derive(Arbitrary))]
      |                                            ^^^^^^^^^
      |
     ::: C:\Users\pc\.cargo\registry\src\index.crates.io-1949cf8c6b5b557f\arbit
rary-1.3.2\src\size_hint.rs:12:1
      |
   12 | / pub fn recursion_guard(
   13 | |     depth: usize,
   14 | |     f: impl FnOnce(usize) -> (usize, Option<usize>),
   15 | | ) -> (usize, Option<usize>) {
      | |___________________________- similarly named function 
`recursion_guard` defined here
      |
      = note: this error originates in the derive macro `Arbitrary` (in 
Nightly builds, run with -Z macro-backtrace for more info)

error[E0576]: cannot find method or associated constant `try_size_hint` in 
trait `arbitrary::Arbitrary`
     --> C:\Users\pc\.cargo\registry\src\index.crates.io-1949cf8c6b5b557f\stell
ar-xdr-21.2.0\src\curr\generated.rs:17471:42
      |
17471 | #[cfg_attr(feature = "arbitrary", derive(Arbitrary))]
      |                                          ^^^^^^^^^
      |
     ::: C:\Users\pc\.cargo\registry\src\index.crates.io-1949cf8c6b5b557f\arbit
rary-1.3.2\src\lib.rs:277:5
      |
  277 |     fn size_hint(depth: usize) -> (usize, Option<usize>) {
      |     ---------------------------------------------------- similarly 
named associated function `size_hint` defined here
      |
      = note: this error originates in the derive macro `Arbitrary` (in 
Nightly builds, run with -Z macro-backtrace for more info)

error[E0425]: cannot find type `MaxRecursionReached` in crate `arbitrary`
     --> C:\Users\pc\.cargo\registry\src\index.crates.io-1949cf8c6b5b557f\stell
ar-xdr-21.2.0\src\curr\generated.rs:17687:42
      |
17687 | #[cfg_attr(feature = "arbitrary", derive(Arbitrary))]
      |                                          ^^^^^^^^^ not found in 
`arbitrary`
      |
      = note: this error originates in the derive macro `Arbitrary` (in 
Nightly builds, run with -Z macro-backtrace for more info)

error[E0425]: cannot find function `try_recursion_guard` in module 
`arbitrary::size_hint`
     --> C:\Users\pc\.cargo\registry\src\index.crates.io-1949cf8c6b5b557f\stell
ar-xdr-21.2.0\src\curr\generated.rs:17687:42
      |
17687 |   #[cfg_attr(feature = "arbitrary", derive(Arbitrary))]
      |                                            ^^^^^^^^^
      |
     ::: C:\Users\pc\.cargo\registry\src\index.crates.io-1949cf8c6b5b557f\arbit
rary-1.3.2\src\size_hint.rs:12:1
      |
   12 | / pub fn recursion_guard(
   13 | |     depth: usize,
   14 | |     f: impl FnOnce(usize) -> (usize, Option<usize>),
   15 | | ) -> (usize, Option<usize>) {
      | |___________________________- similarly named function 
`recursion_guard` defined here
      |
      = note: this error originates in the derive macro `Arbitrary` (in 
Nightly builds, run with -Z macro-backtrace for more info)

error[E0576]: cannot find method or associated constant `try_size_hint` in 
trait `arbitrary::Arbitrary`
     --> C:\Users\pc\.cargo\registry\src\index.crates.io-1949cf8c6b5b557f\stell
ar-xdr-21.2.0\src\curr\generated.rs:17687:42
      |
17687 | #[cfg_attr(feature = "arbitrary", derive(Arbitrary))]
      |                                          ^^^^^^^^^
      |
     ::: C:\Users\pc\.cargo\registry\src\index.crates.io-1949cf8c6b5b557f\arbit
rary-1.3.2\src\lib.rs:277:5
      |
  277 |     fn size_hint(depth: usize) -> (usize, Option<usize>) {
      |     ---------------------------------------------------- similarly 
named associated function `size_hint` defined here
      |
      = note: this error originates in the derive macro `Arbitrary` (in 
Nightly builds, run with -Z macro-backtrace for more info)

error[E0425]: cannot find type `MaxRecursionReached` in crate `arbitrary`
     --> C:\Users\pc\.cargo\registry\src\index.crates.io-1949cf8c6b5b557f\stell
ar-xdr-21.2.0\src\curr\generated.rs:17736:42
      |
17736 | #[cfg_attr(feature = "arbitrary", derive(Arbitrary))]
      |                                          ^^^^^^^^^ not found in 
`arbitrary`
      |
      = note: this error originates in the derive macro `Arbitrary` (in 
Nightly builds, run with -Z macro-backtrace for more info)

error[E0425]: cannot find function `try_recursion_guard` in module 
`arbitrary::size_hint`
     --> C:\Users\pc\.cargo\registry\src\index.crates.io-1949cf8c6b5b557f\stell
ar-xdr-21.2.0\src\curr\generated.rs:17736:42
      |
17736 |   #[cfg_attr(feature = "arbitrary", derive(Arbitrary))]
      |                                            ^^^^^^^^^
      |
     ::: C:\Users\pc\.cargo\registry\src\index.crates.io-1949cf8c6b5b557f\arbit
rary-1.3.2\src\size_hint.rs:12:1
      |
   12 | / pub fn recursion_guard(
   13 | |     depth: usize,
   14 | |     f: impl FnOnce(usize) -> (usize, Option<usize>),
   15 | | ) -> (usize, Option<usize>) {
      | |___________________________- similarly named function 
`recursion_guard` defined here
      |
      = note: this error originates in the derive macro `Arbitrary` (in 
Nightly builds, run with -Z macro-backtrace for more info)

error[E0576]: cannot find method or associated constant `try_size_hint` in 
trait `arbitrary::Arbitrary`
     --> C:\Users\pc\.cargo\registry\src\index.crates.io-1949cf8c6b5b557f\stell
ar-xdr-21.2.0\src\curr\generated.rs:17736:42
      |
17736 | #[cfg_attr(feature = "arbitrary", derive(Arbitrary))]
      |                                          ^^^^^^^^^
      |
     ::: C:\Users\pc\.cargo\registry\src\index.crates.io-1949cf8c6b5b557f\arbit
rary-1.3.2\src\lib.rs:277:5
      |
  277 |     fn size_hint(depth: usize) -> (usize, Option<usize>) {
      |     ---------------------------------------------------- similarly 
named associated function `size_hint` defined here
      |
      = note: this error originates in the derive macro `Arbitrary` (in 
Nightly builds, run with -Z macro-backtrace for more info)

error[E0425]: cannot find type `MaxRecursionReached` in crate `arbitrary`
     --> C:\Users\pc\.cargo\registry\src\index.crates.io-1949cf8c6b5b557f\stell
ar-xdr-21.2.0\src\curr\generated.rs:17858:42
      |
17858 | #[cfg_attr(feature = "arbitrary", derive(Arbitrary))]
      |                                          ^^^^^^^^^ not found in 
`arbitrary`
      |
      = note: this error originates in the derive macro `Arbitrary` (in 
Nightly builds, run with -Z macro-backtrace for more info)

error[E0425]: cannot find function `try_recursion_guard` in module 
`arbitrary::size_hint`
     --> C:\Users\pc\.cargo\registry\src\index.crates.io-1949cf8c6b5b557f\stell
ar-xdr-21.2.0\src\curr\generated.rs:17858:42
      |
17858 |   #[cfg_attr(feature = "arbitrary", derive(Arbitrary))]
      |                                            ^^^^^^^^^
      |
     ::: C:\Users\pc\.cargo\registry\src\index.crates.io-1949cf8c6b5b557f\arbit
rary-1.3.2\src\size_hint.rs:12:1
      |
   12 | / pub fn recursion_guard(
   13 | |     depth: usize,
   14 | |     f: impl FnOnce(usize) -> (usize, Option<usize>),
   15 | | ) -> (usize, Option<usize>) {
      | |___________________________- similarly named function 
`recursion_guard` defined here
      |
      = note: this error originates in the derive macro `Arbitrary` (in 
Nightly builds, run with -Z macro-backtrace for more info)

error[E0576]: cannot find method or associated constant `try_size_hint` in 
trait `arbitrary::Arbitrary`
     --> C:\Users\pc\.cargo\registry\src\index.crates.io-1949cf8c6b5b557f\stell
ar-xdr-21.2.0\src\curr\generated.rs:17858:42
      |
17858 | #[cfg_attr(feature = "arbitrary", derive(Arbitrary))]
      |                                          ^^^^^^^^^
      |
     ::: C:\Users\pc\.cargo\registry\src\index.crates.io-1949cf8c6b5b557f\arbit
rary-1.3.2\src\lib.rs:277:5
      |
  277 |     fn size_hint(depth: usize) -> (usize, Option<usize>) {
      |     ---------------------------------------------------- similarly 
named associated function `size_hint` defined here
      |
      = note: this error originates in the derive macro `Arbitrary` (in 
Nightly builds, run with -Z macro-backtrace for more info)

error[E0425]: cannot find type `MaxRecursionReached` in crate `arbitrary`
     --> C:\Users\pc\.cargo\registry\src\index.crates.io-1949cf8c6b5b557f\stell
ar-xdr-21.2.0\src\curr\generated.rs:18139:42
      |
18139 | #[cfg_attr(feature = "arbitrary", derive(Arbitrary))]
      |                                          ^^^^^^^^^ not found in 
`arbitrary`
      |
      = note: this error originates in the derive macro `Arbitrary` (in 
Nightly builds, run with -Z macro-backtrace for more info)

error[E0425]: cannot find function `try_recursion_guard` in module 
`arbitrary::size_hint`
     --> C:\Users\pc\.cargo\registry\src\index.crates.io-1949cf8c6b5b557f\stell
ar-xdr-21.2.0\src\curr\generated.rs:18139:42
      |
18139 |   #[cfg_attr(feature = "arbitrary", derive(Arbitrary))]
      |                                            ^^^^^^^^^
      |
     ::: C:\Users\pc\.cargo\registry\src\index.crates.io-1949cf8c6b5b557f\arbit
rary-1.3.2\src\size_hint.rs:12:1
      |
   12 | / pub fn recursion_guard(
   13 | |     depth: usize,
   14 | |     f: impl FnOnce(usize) -> (usize, Option<usize>),
   15 | | ) -> (usize, Option<usize>) {
      | |___________________________- similarly named function 
`recursion_guard` defined here
      |
      = note: this error originates in the derive macro `Arbitrary` (in 
Nightly builds, run with -Z macro-backtrace for more info)

error[E0576]: cannot find method or associated constant `try_size_hint` in 
trait `arbitrary::Arbitrary`
     --> C:\Users\pc\.cargo\registry\src\index.crates.io-1949cf8c6b5b557f\stell
ar-xdr-21.2.0\src\curr\generated.rs:18139:42
      |
18139 | #[cfg_attr(feature = "arbitrary", derive(Arbitrary))]
      |                                          ^^^^^^^^^
      |
     ::: C:\Users\pc\.cargo\registry\src\index.crates.io-1949cf8c6b5b557f\arbit
rary-1.3.2\src\lib.rs:277:5
      |
  277 |     fn size_hint(depth: usize) -> (usize, Option<usize>) {
      |     ---------------------------------------------------- similarly 
named associated function `size_hint` defined here
      |
      = note: this error originates in the derive macro `Arbitrary` (in 
Nightly builds, run with -Z macro-backtrace for more info)

error[E0425]: cannot find type `MaxRecursionReached` in crate `arbitrary`
     --> C:\Users\pc\.cargo\registry\src\index.crates.io-1949cf8c6b5b557f\stell
ar-xdr-21.2.0\src\curr\generated.rs:18188:42
      |
18188 | #[cfg_attr(feature = "arbitrary", derive(Arbitrary))]
      |                                          ^^^^^^^^^ not found in 
`arbitrary`
      |
      = note: this error originates in the derive macro `Arbitrary` (in 
Nightly builds, run with -Z macro-backtrace for more info)

error[E0425]: cannot find function `try_recursion_guard` in module 
`arbitrary::size_hint`
     --> C:\Users\pc\.cargo\registry\src\index.crates.io-1949cf8c6b5b557f\stell
ar-xdr-21.2.0\src\curr\generated.rs:18188:42
      |
18188 |   #[cfg_attr(feature = "arbitrary", derive(Arbitrary))]
      |                                            ^^^^^^^^^
      |
     ::: C:\Users\pc\.cargo\registry\src\index.crates.io-1949cf8c6b5b557f\arbit
rary-1.3.2\src\size_hint.rs:12:1
      |
   12 | / pub fn recursion_guard(
   13 | |     depth: usize,
   14 | |     f: impl FnOnce(usize) -> (usize, Option<usize>),
   15 | | ) -> (usize, Option<usize>) {
      | |___________________________- similarly named function 
`recursion_guard` defined here
      |
      = note: this error originates in the derive macro `Arbitrary` (in 
Nightly builds, run with -Z macro-backtrace for more info)

error[E0576]: cannot find method or associated constant `try_size_hint` in 
trait `arbitrary::Arbitrary`
     --> C:\Users\pc\.cargo\registry\src\index.crates.io-1949cf8c6b5b557f\stell
ar-xdr-21.2.0\src\curr\generated.rs:18188:42
      |
18188 | #[cfg_attr(feature = "arbitrary", derive(Arbitrary))]
      |                                          ^^^^^^^^^
      |
     ::: C:\Users\pc\.cargo\registry\src\index.crates.io-1949cf8c6b5b557f\arbit
rary-1.3.2\src\lib.rs:277:5
      |
  277 |     fn size_hint(depth: usize) -> (usize, Option<usize>) {
      |     ---------------------------------------------------- similarly 
named associated function `size_hint` defined here
      |
      = note: this error originates in the derive macro `Arbitrary` (in 
Nightly builds, run with -Z macro-backtrace for more info)

error[E0425]: cannot find type `MaxRecursionReached` in crate `arbitrary`
     --> C:\Users\pc\.cargo\registry\src\index.crates.io-1949cf8c6b5b557f\stell
ar-xdr-21.2.0\src\curr\generated.rs:18327:42
      |
18327 | #[cfg_attr(feature = "arbitrary", derive(Arbitrary))]
      |                                          ^^^^^^^^^ not found in 
`arbitrary`
      |
      = note: this error originates in the derive macro `Arbitrary` (in 
Nightly builds, run with -Z macro-backtrace for more info)

error[E0425]: cannot find function `try_recursion_guard` in module 
`arbitrary::size_hint`
     --> C:\Users\pc\.cargo\registry\src\index.crates.io-1949cf8c6b5b557f\stell
ar-xdr-21.2.0\src\curr\generated.rs:18327:42
      |
18327 |   #[cfg_attr(feature = "arbitrary", derive(Arbitrary))]
      |                                            ^^^^^^^^^
      |
     ::: C:\Users\pc\.cargo\registry\src\index.crates.io-1949cf8c6b5b557f\arbit
rary-1.3.2\src\size_hint.rs:12:1
      |
   12 | / pub fn recursion_guard(
   13 | |     depth: usize,
   14 | |     f: impl FnOnce(usize) -> (usize, Option<usize>),
   15 | | ) -> (usize, Option<usize>) {
      | |___________________________- similarly named function 
`recursion_guard` defined here
      |
      = note: this error originates in the derive macro `Arbitrary` (in 
Nightly builds, run with -Z macro-backtrace for more info)

error[E0576]: cannot find method or associated constant `try_size_hint` in 
trait `arbitrary::Arbitrary`
     --> C:\Users\pc\.cargo\registry\src\index.crates.io-1949cf8c6b5b557f\stell
ar-xdr-21.2.0\src\curr\generated.rs:18327:42
      |
18327 | #[cfg_attr(feature = "arbitrary", derive(Arbitrary))]
      |                                          ^^^^^^^^^
      |
     ::: C:\Users\pc\.cargo\registry\src\index.crates.io-1949cf8c6b5b557f\arbit
rary-1.3.2\src\lib.rs:277:5
      |
  277 |     fn size_hint(depth: usize) -> (usize, Option<usize>) {
      |     ---------------------------------------------------- similarly 
named associated function `size_hint` defined here
      |
      = note: this error originates in the derive macro `Arbitrary` (in 
Nightly builds, run with -Z macro-backtrace for more info)

error[E0425]: cannot find type `MaxRecursionReached` in crate `arbitrary`
     --> C:\Users\pc\.cargo\registry\src\index.crates.io-1949cf8c6b5b557f\stell
ar-xdr-21.2.0\src\curr\generated.rs:18553:42
      |
18553 | #[cfg_attr(feature = "arbitrary", derive(Arbitrary))]
      |                                          ^^^^^^^^^ not found in 
`arbitrary`
      |
      = note: this error originates in the derive macro `Arbitrary` (in 
Nightly builds, run with -Z macro-backtrace for more info)

error[E0425]: cannot find function `try_recursion_guard` in module 
`arbitrary::size_hint`
     --> C:\Users\pc\.cargo\registry\src\index.crates.io-1949cf8c6b5b557f\stell
ar-xdr-21.2.0\src\curr\generated.rs:18553:42
      |
18553 |   #[cfg_attr(feature = "arbitrary", derive(Arbitrary))]
      |                                            ^^^^^^^^^
      |
     ::: C:\Users\pc\.cargo\registry\src\index.crates.io-1949cf8c6b5b557f\arbit
rary-1.3.2\src\size_hint.rs:12:1
      |
   12 | / pub fn recursion_guard(
   13 | |     depth: usize,
   14 | |     f: impl FnOnce(usize) -> (usize, Option<usize>),
   15 | | ) -> (usize, Option<usize>) {
      | |___________________________- similarly named function 
`recursion_guard` defined here
      |
      = note: this error originates in the derive macro `Arbitrary` (in 
Nightly builds, run with -Z macro-backtrace for more info)

error[E0576]: cannot find method or associated constant `try_size_hint` in 
trait `arbitrary::Arbitrary`
     --> C:\Users\pc\.cargo\registry\src\index.crates.io-1949cf8c6b5b557f\stell
ar-xdr-21.2.0\src\curr\generated.rs:18553:42
      |
18553 | #[cfg_attr(feature = "arbitrary", derive(Arbitrary))]
      |                                          ^^^^^^^^^
      |
     ::: C:\Users\pc\.cargo\registry\src\index.crates.io-1949cf8c6b5b557f\arbit
rary-1.3.2\src\lib.rs:277:5
      |
  277 |     fn size_hint(depth: usize) -> (usize, Option<usize>) {
      |     ---------------------------------------------------- similarly 
named associated function `size_hint` defined here
      |
      = note: this error originates in the derive macro `Arbitrary` (in 
Nightly builds, run with -Z macro-backtrace for more info)

error[E0425]: cannot find type `MaxRecursionReached` in crate `arbitrary`
     --> C:\Users\pc\.cargo\registry\src\index.crates.io-1949cf8c6b5b557f\stell
ar-xdr-21.2.0\src\curr\generated.rs:18615:42
      |
18615 | #[cfg_attr(feature = "arbitrary", derive(Arbitrary))]
      |                                          ^^^^^^^^^ not found in 
`arbitrary`
      |
      = note: this error originates in the derive macro `Arbitrary` (in 
Nightly builds, run with -Z macro-backtrace for more info)

error[E0425]: cannot find function `try_recursion_guard` in module 
`arbitrary::size_hint`
     --> C:\Users\pc\.cargo\registry\src\index.crates.io-1949cf8c6b5b557f\stell
ar-xdr-21.2.0\src\curr\generated.rs:18615:42
      |
18615 |   #[cfg_attr(feature = "arbitrary", derive(Arbitrary))]
      |                                            ^^^^^^^^^
      |
     ::: C:\Users\pc\.cargo\registry\src\index.crates.io-1949cf8c6b5b557f\arbit
rary-1.3.2\src\size_hint.rs:12:1
      |
   12 | / pub fn recursion_guard(
   13 | |     depth: usize,
   14 | |     f: impl FnOnce(usize) -> (usize, Option<usize>),
   15 | | ) -> (usize, Option<usize>) {
      | |___________________________- similarly named function 
`recursion_guard` defined here
      |
      = note: this error originates in the derive macro `Arbitrary` (in 
Nightly builds, run with -Z macro-backtrace for more info)

error[E0576]: cannot find method or associated constant `try_size_hint` in 
trait `arbitrary::Arbitrary`
     --> C:\Users\pc\.cargo\registry\src\index.crates.io-1949cf8c6b5b557f\stell
ar-xdr-21.2.0\src\curr\generated.rs:18615:42
      |
18615 | #[cfg_attr(feature = "arbitrary", derive(Arbitrary))]
      |                                          ^^^^^^^^^
      |
     ::: C:\Users\pc\.cargo\registry\src\index.crates.io-1949cf8c6b5b557f\arbit
rary-1.3.2\src\lib.rs:277:5
      |
  277 |     fn size_hint(depth: usize) -> (usize, Option<usize>) {
      |     ---------------------------------------------------- similarly 
named associated function `size_hint` defined here
      |
      = note: this error originates in the derive macro `Arbitrary` (in 
Nightly builds, run with -Z macro-backtrace for more info)

error[E0425]: cannot find type `MaxRecursionReached` in crate `arbitrary`
     --> C:\Users\pc\.cargo\registry\src\index.crates.io-1949cf8c6b5b557f\stell
ar-xdr-21.2.0\src\curr\generated.rs:18761:42
      |
18761 | #[cfg_attr(feature = "arbitrary", derive(Arbitrary))]
      |                                          ^^^^^^^^^ not found in 
`arbitrary`
      |
      = note: this error originates in the derive macro `Arbitrary` (in 
Nightly builds, run with -Z macro-backtrace for more info)

error[E0425]: cannot find function `try_recursion_guard` in module 
`arbitrary::size_hint`
     --> C:\Users\pc\.cargo\registry\src\index.crates.io-1949cf8c6b5b557f\stell
ar-xdr-21.2.0\src\curr\generated.rs:18761:42
      |
18761 |   #[cfg_attr(feature = "arbitrary", derive(Arbitrary))]
      |                                            ^^^^^^^^^
      |
     ::: C:\Users\pc\.cargo\registry\src\index.crates.io-1949cf8c6b5b557f\arbit
rary-1.3.2\src\size_hint.rs:12:1
      |
   12 | / pub fn recursion_guard(
   13 | |     depth: usize,
   14 | |     f: impl FnOnce(usize) -> (usize, Option<usize>),
   15 | | ) -> (usize, Option<usize>) {
      | |___________________________- similarly named function 
`recursion_guard` defined here
      |
      = note: this error originates in the derive macro `Arbitrary` (in 
Nightly builds, run with -Z macro-backtrace for more info)

error[E0576]: cannot find method or associated constant `try_size_hint` in 
trait `arbitrary::Arbitrary`
     --> C:\Users\pc\.cargo\registry\src\index.crates.io-1949cf8c6b5b557f\stell
ar-xdr-21.2.0\src\curr\generated.rs:18761:42
      |
18761 | #[cfg_attr(feature = "arbitrary", derive(Arbitrary))]
      |                                          ^^^^^^^^^
      |
     ::: C:\Users\pc\.cargo\registry\src\index.crates.io-1949cf8c6b5b557f\arbit
rary-1.3.2\src\lib.rs:277:5
      |
  277 |     fn size_hint(depth: usize) -> (usize, Option<usize>) {
      |     ---------------------------------------------------- similarly 
named associated function `size_hint` defined here
      |
      = note: this error originates in the derive macro `Arbitrary` (in 
Nightly builds, run with -Z macro-backtrace for more info)

error[E0425]: cannot find type `MaxRecursionReached` in crate `arbitrary`
     --> C:\Users\pc\.cargo\registry\src\index.crates.io-1949cf8c6b5b557f\stell
ar-xdr-21.2.0\src\curr\generated.rs:19035:42
      |
19035 | #[cfg_attr(feature = "arbitrary", derive(Arbitrary))]
      |                                          ^^^^^^^^^ not found in 
`arbitrary`
      |
      = note: this error originates in the derive macro `Arbitrary` (in 
Nightly builds, run with -Z macro-backtrace for more info)

error[E0425]: cannot find function `try_recursion_guard` in module 
`arbitrary::size_hint`
     --> C:\Users\pc\.cargo\registry\src\index.crates.io-1949cf8c6b5b557f\stell
ar-xdr-21.2.0\src\curr\generated.rs:19035:42
      |
19035 |   #[cfg_attr(feature = "arbitrary", derive(Arbitrary))]
      |                                            ^^^^^^^^^
      |
     ::: C:\Users\pc\.cargo\registry\src\index.crates.io-1949cf8c6b5b557f\arbit
rary-1.3.2\src\size_hint.rs:12:1
      |
   12 | / pub fn recursion_guard(
   13 | |     depth: usize,
   14 | |     f: impl FnOnce(usize) -> (usize, Option<usize>),
   15 | | ) -> (usize, Option<usize>) {
      | |___________________________- similarly named function 
`recursion_guard` defined here
      |
      = note: this error originates in the derive macro `Arbitrary` (in 
Nightly builds, run with -Z macro-backtrace for more info)

error[E0576]: cannot find method or associated constant `try_size_hint` in 
trait `arbitrary::Arbitrary`
     --> C:\Users\pc\.cargo\registry\src\index.crates.io-1949cf8c6b5b557f\stell
ar-xdr-21.2.0\src\curr\generated.rs:19035:42
      |
19035 | #[cfg_attr(feature = "arbitrary", derive(Arbitrary))]
      |                                          ^^^^^^^^^
      |
     ::: C:\Users\pc\.cargo\registry\src\index.crates.io-1949cf8c6b5b557f\arbit
rary-1.3.2\src\lib.rs:277:5
      |
  277 |     fn size_hint(depth: usize) -> (usize, Option<usize>) {
      |     ---------------------------------------------------- similarly 
named associated function `size_hint` defined here
      |
      = note: this error originates in the derive macro `Arbitrary` (in 
Nightly builds, run with -Z macro-backtrace for more info)

error[E0425]: cannot find type `MaxRecursionReached` in crate `arbitrary`
     --> C:\Users\pc\.cargo\registry\src\index.crates.io-1949cf8c6b5b557f\stell
ar-xdr-21.2.0\src\curr\generated.rs:19088:42
      |
19088 | #[cfg_attr(feature = "arbitrary", derive(Arbitrary))]
      |                                          ^^^^^^^^^ not found in 
`arbitrary`
      |
      = note: this error originates in the derive macro `Arbitrary` (in 
Nightly builds, run with -Z macro-backtrace for more info)

error[E0425]: cannot find function `try_recursion_guard` in module 
`arbitrary::size_hint`
     --> C:\Users\pc\.cargo\registry\src\index.crates.io-1949cf8c6b5b557f\stell
ar-xdr-21.2.0\src\curr\generated.rs:19088:42
      |
19088 |   #[cfg_attr(feature = "arbitrary", derive(Arbitrary))]
      |                                            ^^^^^^^^^
      |
     ::: C:\Users\pc\.cargo\registry\src\index.crates.io-1949cf8c6b5b557f\arbit
rary-1.3.2\src\size_hint.rs:12:1
      |
   12 | / pub fn recursion_guard(
   13 | |     depth: usize,
   14 | |     f: impl FnOnce(usize) -> (usize, Option<usize>),
   15 | | ) -> (usize, Option<usize>) {
      | |___________________________- similarly named function 
`recursion_guard` defined here
      |
      = note: this error originates in the derive macro `Arbitrary` (in 
Nightly builds, run with -Z macro-backtrace for more info)

error[E0576]: cannot find method or associated constant `try_size_hint` in 
trait `arbitrary::Arbitrary`
     --> C:\Users\pc\.cargo\registry\src\index.crates.io-1949cf8c6b5b557f\stell
ar-xdr-21.2.0\src\curr\generated.rs:19088:42
      |
19088 | #[cfg_attr(feature = "arbitrary", derive(Arbitrary))]
      |                                          ^^^^^^^^^
      |
     ::: C:\Users\pc\.cargo\registry\src\index.crates.io-1949cf8c6b5b557f\arbit
rary-1.3.2\src\lib.rs:277:5
      |
  277 |     fn size_hint(depth: usize) -> (usize, Option<usize>) {
      |     ---------------------------------------------------- similarly 
named associated function `size_hint` defined here
      |
      = note: this error originates in the derive macro `Arbitrary` (in 
Nightly builds, run with -Z macro-backtrace for more info)

error[E0425]: cannot find type `MaxRecursionReached` in crate `arbitrary`
     --> C:\Users\pc\.cargo\registry\src\index.crates.io-1949cf8c6b5b557f\stell
ar-xdr-21.2.0\src\curr\generated.rs:19314:42
      |
19314 | #[cfg_attr(feature = "arbitrary", derive(Arbitrary))]
      |                                          ^^^^^^^^^ not found in 
`arbitrary`
      |
      = note: this error originates in the derive macro `Arbitrary` (in 
Nightly builds, run with -Z macro-backtrace for more info)

error[E0425]: cannot find function `try_recursion_guard` in module 
`arbitrary::size_hint`
     --> C:\Users\pc\.cargo\registry\src\index.crates.io-1949cf8c6b5b557f\stell
ar-xdr-21.2.0\src\curr\generated.rs:19314:42
      |
19314 |   #[cfg_attr(feature = "arbitrary", derive(Arbitrary))]
      |                                            ^^^^^^^^^
      |
     ::: C:\Users\pc\.cargo\registry\src\index.crates.io-1949cf8c6b5b557f\arbit
rary-1.3.2\src\size_hint.rs:12:1
      |
   12 | / pub fn recursion_guard(
   13 | |     depth: usize,
   14 | |     f: impl FnOnce(usize) -> (usize, Option<usize>),
   15 | | ) -> (usize, Option<usize>) {
      | |___________________________- similarly named function 
`recursion_guard` defined here
      |
      = note: this error originates in the derive macro `Arbitrary` (in 
Nightly builds, run with -Z macro-backtrace for more info)

error[E0576]: cannot find method or associated constant `try_size_hint` in 
trait `arbitrary::Arbitrary`
     --> C:\Users\pc\.cargo\registry\src\index.crates.io-1949cf8c6b5b557f\stell
ar-xdr-21.2.0\src\curr\generated.rs:19314:42
      |
19314 | #[cfg_attr(feature = "arbitrary", derive(Arbitrary))]
      |                                          ^^^^^^^^^
      |
     ::: C:\Users\pc\.cargo\registry\src\index.crates.io-1949cf8c6b5b557f\arbit
rary-1.3.2\src\lib.rs:277:5
      |
  277 |     fn size_hint(depth: usize) -> (usize, Option<usize>) {
      |     ---------------------------------------------------- similarly 
named associated function `size_hint` defined here
      |
      = note: this error originates in the derive macro `Arbitrary` (in 
Nightly builds, run with -Z macro-backtrace for more info)

error[E0425]: cannot find type `MaxRecursionReached` in crate `arbitrary`
     --> C:\Users\pc\.cargo\registry\src\index.crates.io-1949cf8c6b5b557f\stell
ar-xdr-21.2.0\src\curr\generated.rs:19365:42
      |
19365 | #[cfg_attr(feature = "arbitrary", derive(Arbitrary))]
      |                                          ^^^^^^^^^ not found in 
`arbitrary`
      |
      = note: this error originates in the derive macro `Arbitrary` (in 
Nightly builds, run with -Z macro-backtrace for more info)

error[E0425]: cannot find function `try_recursion_guard` in module 
`arbitrary::size_hint`
     --> C:\Users\pc\.cargo\registry\src\index.crates.io-1949cf8c6b5b557f\stell
ar-xdr-21.2.0\src\curr\generated.rs:19365:42
      |
19365 |   #[cfg_attr(feature = "arbitrary", derive(Arbitrary))]
      |                                            ^^^^^^^^^
      |
     ::: C:\Users\pc\.cargo\registry\src\index.crates.io-1949cf8c6b5b557f\arbit
rary-1.3.2\src\size_hint.rs:12:1
      |
   12 | / pub fn recursion_guard(
   13 | |     depth: usize,
   14 | |     f: impl FnOnce(usize) -> (usize, Option<usize>),
   15 | | ) -> (usize, Option<usize>) {
      | |___________________________- similarly named function 
`recursion_guard` defined here
      |
      = note: this error originates in the derive macro `Arbitrary` (in 
Nightly builds, run with -Z macro-backtrace for more info)

error[E0576]: cannot find method or associated constant `try_size_hint` in 
trait `arbitrary::Arbitrary`
     --> C:\Users\pc\.cargo\registry\src\index.crates.io-1949cf8c6b5b557f\stell
ar-xdr-21.2.0\src\curr\generated.rs:19365:42
      |
19365 | #[cfg_attr(feature = "arbitrary", derive(Arbitrary))]
      |                                          ^^^^^^^^^
      |
     ::: C:\Users\pc\.cargo\registry\src\index.crates.io-1949cf8c6b5b557f\arbit
rary-1.3.2\src\lib.rs:277:5
      |
  277 |     fn size_hint(depth: usize) -> (usize, Option<usize>) {
      |     ---------------------------------------------------- similarly 
named associated function `size_hint` defined here
      |
      = note: this error originates in the derive macro `Arbitrary` (in 
Nightly builds, run with -Z macro-backtrace for more info)

error[E0425]: cannot find type `MaxRecursionReached` in crate `arbitrary`
     --> C:\Users\pc\.cargo\registry\src\index.crates.io-1949cf8c6b5b557f\stell
ar-xdr-21.2.0\src\curr\generated.rs:19473:42
      |
19473 | #[cfg_attr(feature = "arbitrary", derive(Arbitrary))]
      |                                          ^^^^^^^^^ not found in 
`arbitrary`
      |
      = note: this error originates in the derive macro `Arbitrary` (in 
Nightly builds, run with -Z macro-backtrace for more info)

error[E0425]: cannot find function `try_recursion_guard` in module 
`arbitrary::size_hint`
     --> C:\Users\pc\.cargo\registry\src\index.crates.io-1949cf8c6b5b557f\stell
ar-xdr-21.2.0\src\curr\generated.rs:19473:42
      |
19473 |   #[cfg_attr(feature = "arbitrary", derive(Arbitrary))]
      |                                            ^^^^^^^^^
      |
     ::: C:\Users\pc\.cargo\registry\src\index.crates.io-1949cf8c6b5b557f\arbit
rary-1.3.2\src\size_hint.rs:12:1
      |
   12 | / pub fn recursion_guard(
   13 | |     depth: usize,
   14 | |     f: impl FnOnce(usize) -> (usize, Option<usize>),
   15 | | ) -> (usize, Option<usize>) {
      | |___________________________- similarly named function 
`recursion_guard` defined here
      |
      = note: this error originates in the derive macro `Arbitrary` (in 
Nightly builds, run with -Z macro-backtrace for more info)

error[E0576]: cannot find method or associated constant `try_size_hint` in 
trait `arbitrary::Arbitrary`
     --> C:\Users\pc\.cargo\registry\src\index.crates.io-1949cf8c6b5b557f\stell
ar-xdr-21.2.0\src\curr\generated.rs:19473:42
      |
19473 | #[cfg_attr(feature = "arbitrary", derive(Arbitrary))]
      |                                          ^^^^^^^^^
      |
     ::: C:\Users\pc\.cargo\registry\src\index.crates.io-1949cf8c6b5b557f\arbit
rary-1.3.2\src\lib.rs:277:5
      |
  277 |     fn size_hint(depth: usize) -> (usize, Option<usize>) {
      |     ---------------------------------------------------- similarly 
named associated function `size_hint` defined here
      |
      = note: this error originates in the derive macro `Arbitrary` (in 
Nightly builds, run with -Z macro-backtrace for more info)

error[E0425]: cannot find type `MaxRecursionReached` in crate `arbitrary`
     --> C:\Users\pc\.cargo\registry\src\index.crates.io-1949cf8c6b5b557f\stell
ar-xdr-21.2.0\src\curr\generated.rs:19573:42
      |
19573 | #[cfg_attr(feature = "arbitrary", derive(Arbitrary))]
      |                                          ^^^^^^^^^ not found in 
`arbitrary`
      |
      = note: this error originates in the derive macro `Arbitrary` (in 
Nightly builds, run with -Z macro-backtrace for more info)

error[E0425]: cannot find function `try_recursion_guard` in module 
`arbitrary::size_hint`
     --> C:\Users\pc\.cargo\registry\src\index.crates.io-1949cf8c6b5b557f\stell
ar-xdr-21.2.0\src\curr\generated.rs:19573:42
      |
19573 |   #[cfg_attr(feature = "arbitrary", derive(Arbitrary))]
      |                                            ^^^^^^^^^
      |
     ::: C:\Users\pc\.cargo\registry\src\index.crates.io-1949cf8c6b5b557f\arbit
rary-1.3.2\src\size_hint.rs:12:1
      |
   12 | / pub fn recursion_guard(
   13 | |     depth: usize,
   14 | |     f: impl FnOnce(usize) -> (usize, Option<usize>),
   15 | | ) -> (usize, Option<usize>) {
      | |___________________________- similarly named function 
`recursion_guard` defined here
      |
      = note: this error originates in the derive macro `Arbitrary` (in 
Nightly builds, run with -Z macro-backtrace for more info)

error[E0576]: cannot find method or associated constant `try_size_hint` in 
trait `arbitrary::Arbitrary`
     --> C:\Users\pc\.cargo\registry\src\index.crates.io-1949cf8c6b5b557f\stell
ar-xdr-21.2.0\src\curr\generated.rs:19573:42
      |
19573 | #[cfg_attr(feature = "arbitrary", derive(Arbitrary))]
      |                                          ^^^^^^^^^
      |
     ::: C:\Users\pc\.cargo\registry\src\index.crates.io-1949cf8c6b5b557f\arbit
rary-1.3.2\src\lib.rs:277:5
      |
  277 |     fn size_hint(depth: usize) -> (usize, Option<usize>) {
      |     ---------------------------------------------------- similarly 
named associated function `size_hint` defined here
      |
      = note: this error originates in the derive macro `Arbitrary` (in 
Nightly builds, run with -Z macro-backtrace for more info)

error[E0425]: cannot find type `MaxRecursionReached` in crate `arbitrary`
     --> C:\Users\pc\.cargo\registry\src\index.crates.io-1949cf8c6b5b557f\stell
ar-xdr-21.2.0\src\curr\generated.rs:19619:42
      |
19619 | #[cfg_attr(feature = "arbitrary", derive(Arbitrary))]
      |                                          ^^^^^^^^^ not found in 
`arbitrary`
      |
      = note: this error originates in the derive macro `Arbitrary` (in 
Nightly builds, run with -Z macro-backtrace for more info)

error[E0425]: cannot find function `try_recursion_guard` in module 
`arbitrary::size_hint`
     --> C:\Users\pc\.cargo\registry\src\index.crates.io-1949cf8c6b5b557f\stell
ar-xdr-21.2.0\src\curr\generated.rs:19619:42
      |
19619 |   #[cfg_attr(feature = "arbitrary", derive(Arbitrary))]
      |                                            ^^^^^^^^^
      |
     ::: C:\Users\pc\.cargo\registry\src\index.crates.io-1949cf8c6b5b557f\arbit
rary-1.3.2\src\size_hint.rs:12:1
      |
   12 | / pub fn recursion_guard(
   13 | |     depth: usize,
   14 | |     f: impl FnOnce(usize) -> (usize, Option<usize>),
   15 | | ) -> (usize, Option<usize>) {
      | |___________________________- similarly named function 
`recursion_guard` defined here
      |
      = note: this error originates in the derive macro `Arbitrary` (in 
Nightly builds, run with -Z macro-backtrace for more info)

error[E0576]: cannot find method or associated constant `try_size_hint` in 
trait `arbitrary::Arbitrary`
     --> C:\Users\pc\.cargo\registry\src\index.crates.io-1949cf8c6b5b557f\stell
ar-xdr-21.2.0\src\curr\generated.rs:19619:42
      |
19619 | #[cfg_attr(feature = "arbitrary", derive(Arbitrary))]
      |                                          ^^^^^^^^^
      |
     ::: C:\Users\pc\.cargo\registry\src\index.crates.io-1949cf8c6b5b557f\arbit
rary-1.3.2\src\lib.rs:277:5
      |
  277 |     fn size_hint(depth: usize) -> (usize, Option<usize>) {
      |     ---------------------------------------------------- similarly 
named associated function `size_hint` defined here
      |
      = note: this error originates in the derive macro `Arbitrary` (in 
Nightly builds, run with -Z macro-backtrace for more info)

error[E0425]: cannot find type `MaxRecursionReached` in crate `arbitrary`
     --> C:\Users\pc\.cargo\registry\src\index.crates.io-1949cf8c6b5b557f\stell
ar-xdr-21.2.0\src\curr\generated.rs:19667:42
      |
19667 | #[cfg_attr(feature = "arbitrary", derive(Arbitrary))]
      |                                          ^^^^^^^^^ not found in 
`arbitrary`
      |
      = note: this error originates in the derive macro `Arbitrary` (in 
Nightly builds, run with -Z macro-backtrace for more info)

error[E0425]: cannot find function `try_recursion_guard` in module 
`arbitrary::size_hint`
     --> C:\Users\pc\.cargo\registry\src\index.crates.io-1949cf8c6b5b557f\stell
ar-xdr-21.2.0\src\curr\generated.rs:19667:42
      |
19667 |   #[cfg_attr(feature = "arbitrary", derive(Arbitrary))]
      |                                            ^^^^^^^^^
      |
     ::: C:\Users\pc\.cargo\registry\src\index.crates.io-1949cf8c6b5b557f\arbit
rary-1.3.2\src\size_hint.rs:12:1
      |
   12 | / pub fn recursion_guard(
   13 | |     depth: usize,
   14 | |     f: impl FnOnce(usize) -> (usize, Option<usize>),
   15 | | ) -> (usize, Option<usize>) {
      | |___________________________- similarly named function 
`recursion_guard` defined here
      |
      = note: this error originates in the derive macro `Arbitrary` (in 
Nightly builds, run with -Z macro-backtrace for more info)

error[E0576]: cannot find method or associated constant `try_size_hint` in 
trait `arbitrary::Arbitrary`
     --> C:\Users\pc\.cargo\registry\src\index.crates.io-1949cf8c6b5b557f\stell
ar-xdr-21.2.0\src\curr\generated.rs:19667:42
      |
19667 | #[cfg_attr(feature = "arbitrary", derive(Arbitrary))]
      |                                          ^^^^^^^^^
      |
     ::: C:\Users\pc\.cargo\registry\src\index.crates.io-1949cf8c6b5b557f\arbit
rary-1.3.2\src\lib.rs:277:5
      |
  277 |     fn size_hint(depth: usize) -> (usize, Option<usize>) {
      |     ---------------------------------------------------- similarly 
named associated function `size_hint` defined here
      |
      = note: this error originates in the derive macro `Arbitrary` (in 
Nightly builds, run with -Z macro-backtrace for more info)

error[E0425]: cannot find type `MaxRecursionReached` in crate `arbitrary`
     --> C:\Users\pc\.cargo\registry\src\index.crates.io-1949cf8c6b5b557f\stell
ar-xdr-21.2.0\src\curr\generated.rs:19767:42
      |
19767 | #[cfg_attr(feature = "arbitrary", derive(Arbitrary))]
      |                                          ^^^^^^^^^ not found in 
`arbitrary`
      |
      = note: this error originates in the derive macro `Arbitrary` (in 
Nightly builds, run with -Z macro-backtrace for more info)

error[E0425]: cannot find function `try_recursion_guard` in module 
`arbitrary::size_hint`
     --> C:\Users\pc\.cargo\registry\src\index.crates.io-1949cf8c6b5b557f\stell
ar-xdr-21.2.0\src\curr\generated.rs:19767:42
      |
19767 |   #[cfg_attr(feature = "arbitrary", derive(Arbitrary))]
      |                                            ^^^^^^^^^
      |
     ::: C:\Users\pc\.cargo\registry\src\index.crates.io-1949cf8c6b5b557f\arbit
rary-1.3.2\src\size_hint.rs:12:1
      |
   12 | / pub fn recursion_guard(
   13 | |     depth: usize,
   14 | |     f: impl FnOnce(usize) -> (usize, Option<usize>),
   15 | | ) -> (usize, Option<usize>) {
      | |___________________________- similarly named function 
`recursion_guard` defined here
      |
      = note: this error originates in the derive macro `Arbitrary` (in 
Nightly builds, run with -Z macro-backtrace for more info)

error[E0576]: cannot find method or associated constant `try_size_hint` in 
trait `arbitrary::Arbitrary`
     --> C:\Users\pc\.cargo\registry\src\index.crates.io-1949cf8c6b5b557f\stell
ar-xdr-21.2.0\src\curr\generated.rs:19767:42
      |
19767 | #[cfg_attr(feature = "arbitrary", derive(Arbitrary))]
      |                                          ^^^^^^^^^
      |
     ::: C:\Users\pc\.cargo\registry\src\index.crates.io-1949cf8c6b5b557f\arbit
rary-1.3.2\src\lib.rs:277:5
      |
  277 |     fn size_hint(depth: usize) -> (usize, Option<usize>) {
      |     ---------------------------------------------------- similarly 
named associated function `size_hint` defined here
      |
      = note: this error originates in the derive macro `Arbitrary` (in 
Nightly builds, run with -Z macro-backtrace for more info)

error[E0425]: cannot find type `MaxRecursionReached` in crate `arbitrary`
     --> C:\Users\pc\.cargo\registry\src\index.crates.io-1949cf8c6b5b557f\stell
ar-xdr-21.2.0\src\curr\generated.rs:19812:42
      |
19812 | #[cfg_attr(feature = "arbitrary", derive(Arbitrary))]
      |                                          ^^^^^^^^^ not found in 
`arbitrary`
      |
      = note: this error originates in the derive macro `Arbitrary` (in 
Nightly builds, run with -Z macro-backtrace for more info)

error[E0425]: cannot find function `try_recursion_guard` in module 
`arbitrary::size_hint`
     --> C:\Users\pc\.cargo\registry\src\index.crates.io-1949cf8c6b5b557f\stell
ar-xdr-21.2.0\src\curr\generated.rs:19812:42
      |
19812 |   #[cfg_attr(feature = "arbitrary", derive(Arbitrary))]
      |                                            ^^^^^^^^^
      |
     ::: C:\Users\pc\.cargo\registry\src\index.crates.io-1949cf8c6b5b557f\arbit
rary-1.3.2\src\size_hint.rs:12:1
      |
   12 | / pub fn recursion_guard(
   13 | |     depth: usize,
   14 | |     f: impl FnOnce(usize) -> (usize, Option<usize>),
   15 | | ) -> (usize, Option<usize>) {
      | |___________________________- similarly named function 
`recursion_guard` defined here
      |
      = note: this error originates in the derive macro `Arbitrary` (in 
Nightly builds, run with -Z macro-backtrace for more info)

error[E0576]: cannot find method or associated constant `try_size_hint` in 
trait `arbitrary::Arbitrary`
     --> C:\Users\pc\.cargo\registry\src\index.crates.io-1949cf8c6b5b557f\stell
ar-xdr-21.2.0\src\curr\generated.rs:19812:42
      |
19812 | #[cfg_attr(feature = "arbitrary", derive(Arbitrary))]
      |                                          ^^^^^^^^^
      |
     ::: C:\Users\pc\.cargo\registry\src\index.crates.io-1949cf8c6b5b557f\arbit
rary-1.3.2\src\lib.rs:277:5
      |
  277 |     fn size_hint(depth: usize) -> (usize, Option<usize>) {
      |     ---------------------------------------------------- similarly 
named associated function `size_hint` defined here
      |
      = note: this error originates in the derive macro `Arbitrary` (in 
Nightly builds, run with -Z macro-backtrace for more info)

error[E0425]: cannot find type `MaxRecursionReached` in crate `arbitrary`
     --> C:\Users\pc\.cargo\registry\src\index.crates.io-1949cf8c6b5b557f\stell
ar-xdr-21.2.0\src\curr\generated.rs:19858:42
      |
19858 | #[cfg_attr(feature = "arbitrary", derive(Arbitrary))]
      |                                          ^^^^^^^^^ not found in 
`arbitrary`
      |
      = note: this error originates in the derive macro `Arbitrary` (in 
Nightly builds, run with -Z macro-backtrace for more info)

error[E0425]: cannot find function `try_recursion_guard` in module 
`arbitrary::size_hint`
     --> C:\Users\pc\.cargo\registry\src\index.crates.io-1949cf8c6b5b557f\stell
ar-xdr-21.2.0\src\curr\generated.rs:19858:42
      |
19858 |   #[cfg_attr(feature = "arbitrary", derive(Arbitrary))]
      |                                            ^^^^^^^^^
      |
     ::: C:\Users\pc\.cargo\registry\src\index.crates.io-1949cf8c6b5b557f\arbit
rary-1.3.2\src\size_hint.rs:12:1
      |
   12 | / pub fn recursion_guard(
   13 | |     depth: usize,
   14 | |     f: impl FnOnce(usize) -> (usize, Option<usize>),
   15 | | ) -> (usize, Option<usize>) {
      | |___________________________- similarly named function 
`recursion_guard` defined here
      |
      = note: this error originates in the derive macro `Arbitrary` (in 
Nightly builds, run with -Z macro-backtrace for more info)

error[E0576]: cannot find method or associated constant `try_size_hint` in 
trait `arbitrary::Arbitrary`
     --> C:\Users\pc\.cargo\registry\src\index.crates.io-1949cf8c6b5b557f\stell
ar-xdr-21.2.0\src\curr\generated.rs:19858:42
      |
19858 | #[cfg_attr(feature = "arbitrary", derive(Arbitrary))]
      |                                          ^^^^^^^^^
      |
     ::: C:\Users\pc\.cargo\registry\src\index.crates.io-1949cf8c6b5b557f\arbit
rary-1.3.2\src\lib.rs:277:5
      |
  277 |     fn size_hint(depth: usize) -> (usize, Option<usize>) {
      |     ---------------------------------------------------- similarly 
named associated function `size_hint` defined here
      |
      = note: this error originates in the derive macro `Arbitrary` (in 
Nightly builds, run with -Z macro-backtrace for more info)

error[E0425]: cannot find type `MaxRecursionReached` in crate `arbitrary`
     --> C:\Users\pc\.cargo\registry\src\index.crates.io-1949cf8c6b5b557f\stell
ar-xdr-21.2.0\src\curr\generated.rs:19973:42
      |
19973 | #[cfg_attr(feature = "arbitrary", derive(Arbitrary))]
      |                                          ^^^^^^^^^ not found in 
`arbitrary`
      |
      = note: this error originates in the derive macro `Arbitrary` (in 
Nightly builds, run with -Z macro-backtrace for more info)

error[E0425]: cannot find function `try_recursion_guard` in module 
`arbitrary::size_hint`
     --> C:\Users\pc\.cargo\registry\src\index.crates.io-1949cf8c6b5b557f\stell
ar-xdr-21.2.0\src\curr\generated.rs:19973:42
      |
19973 |   #[cfg_attr(feature = "arbitrary", derive(Arbitrary))]
      |                                            ^^^^^^^^^
      |
     ::: C:\Users\pc\.cargo\registry\src\index.crates.io-1949cf8c6b5b557f\arbit
rary-1.3.2\src\size_hint.rs:12:1
      |
   12 | / pub fn recursion_guard(
   13 | |     depth: usize,
   14 | |     f: impl FnOnce(usize) -> (usize, Option<usize>),
   15 | | ) -> (usize, Option<usize>) {
      | |___________________________- similarly named function 
`recursion_guard` defined here
      |
      = note: this error originates in the derive macro `Arbitrary` (in 
Nightly builds, run with -Z macro-backtrace for more info)

error[E0576]: cannot find method or associated constant `try_size_hint` in 
trait `arbitrary::Arbitrary`
     --> C:\Users\pc\.cargo\registry\src\index.crates.io-1949cf8c6b5b557f\stell
ar-xdr-21.2.0\src\curr\generated.rs:19973:42
      |
19973 | #[cfg_attr(feature = "arbitrary", derive(Arbitrary))]
      |                                          ^^^^^^^^^
      |
     ::: C:\Users\pc\.cargo\registry\src\index.crates.io-1949cf8c6b5b557f\arbit
rary-1.3.2\src\lib.rs:277:5
      |
  277 |     fn size_hint(depth: usize) -> (usize, Option<usize>) {
      |     ---------------------------------------------------- similarly 
named associated function `size_hint` defined here
      |
      = note: this error originates in the derive macro `Arbitrary` (in 
Nightly builds, run with -Z macro-backtrace for more info)

error[E0425]: cannot find type `MaxRecursionReached` in crate `arbitrary`
     --> C:\Users\pc\.cargo\registry\src\index.crates.io-1949cf8c6b5b557f\stell
ar-xdr-21.2.0\src\curr\generated.rs:20131:42
      |
20131 | #[cfg_attr(feature = "arbitrary", derive(Arbitrary))]
      |                                          ^^^^^^^^^ not found in 
`arbitrary`
      |
      = note: this error originates in the derive macro `Arbitrary` (in 
Nightly builds, run with -Z macro-backtrace for more info)

error[E0425]: cannot find function `try_recursion_guard` in module 
`arbitrary::size_hint`
     --> C:\Users\pc\.cargo\registry\src\index.crates.io-1949cf8c6b5b557f\stell
ar-xdr-21.2.0\src\curr\generated.rs:20131:42
      |
20131 |   #[cfg_attr(feature = "arbitrary", derive(Arbitrary))]
      |                                            ^^^^^^^^^
      |
     ::: C:\Users\pc\.cargo\registry\src\index.crates.io-1949cf8c6b5b557f\arbit
rary-1.3.2\src\size_hint.rs:12:1
      |
   12 | / pub fn recursion_guard(
   13 | |     depth: usize,
   14 | |     f: impl FnOnce(usize) -> (usize, Option<usize>),
   15 | | ) -> (usize, Option<usize>) {
      | |___________________________- similarly named function 
`recursion_guard` defined here
      |
      = note: this error originates in the derive macro `Arbitrary` (in 
Nightly builds, run with -Z macro-backtrace for more info)

error[E0576]: cannot find method or associated constant `try_size_hint` in 
trait `arbitrary::Arbitrary`
     --> C:\Users\pc\.cargo\registry\src\index.crates.io-1949cf8c6b5b557f\stell
ar-xdr-21.2.0\src\curr\generated.rs:20131:42
      |
20131 | #[cfg_attr(feature = "arbitrary", derive(Arbitrary))]
      |                                          ^^^^^^^^^
      |
     ::: C:\Users\pc\.cargo\registry\src\index.crates.io-1949cf8c6b5b557f\arbit
rary-1.3.2\src\lib.rs:277:5
      |
  277 |     fn size_hint(depth: usize) -> (usize, Option<usize>) {
      |     ---------------------------------------------------- similarly 
named associated function `size_hint` defined here
      |
      = note: this error originates in the derive macro `Arbitrary` (in 
Nightly builds, run with -Z macro-backtrace for more info)

error[E0425]: cannot find type `MaxRecursionReached` in crate `arbitrary`
     --> C:\Users\pc\.cargo\registry\src\index.crates.io-1949cf8c6b5b557f\stell
ar-xdr-21.2.0\src\curr\generated.rs:20289:42
      |
20289 | #[cfg_attr(feature = "arbitrary", derive(Arbitrary))]
      |                                          ^^^^^^^^^ not found in 
`arbitrary`
      |
      = note: this error originates in the derive macro `Arbitrary` (in 
Nightly builds, run with -Z macro-backtrace for more info)

error[E0425]: cannot find function `try_recursion_guard` in module 
`arbitrary::size_hint`
     --> C:\Users\pc\.cargo\registry\src\index.crates.io-1949cf8c6b5b557f\stell
ar-xdr-21.2.0\src\curr\generated.rs:20289:42
      |
20289 |   #[cfg_attr(feature = "arbitrary", derive(Arbitrary))]
      |                                            ^^^^^^^^^
      |
     ::: C:\Users\pc\.cargo\registry\src\index.crates.io-1949cf8c6b5b557f\arbit
rary-1.3.2\src\size_hint.rs:12:1
      |
   12 | / pub fn recursion_guard(
   13 | |     depth: usize,
   14 | |     f: impl FnOnce(usize) -> (usize, Option<usize>),
   15 | | ) -> (usize, Option<usize>) {
      | |___________________________- similarly named function 
`recursion_guard` defined here
      |
      = note: this error originates in the derive macro `Arbitrary` (in 
Nightly builds, run with -Z macro-backtrace for more info)

error[E0576]: cannot find method or associated constant `try_size_hint` in 
trait `arbitrary::Arbitrary`
     --> C:\Users\pc\.cargo\registry\src\index.crates.io-1949cf8c6b5b557f\stell
ar-xdr-21.2.0\src\curr\generated.rs:20289:42
      |
20289 | #[cfg_attr(feature = "arbitrary", derive(Arbitrary))]
      |                                          ^^^^^^^^^
      |
     ::: C:\Users\pc\.cargo\registry\src\index.crates.io-1949cf8c6b5b557f\arbit
rary-1.3.2\src\lib.rs:277:5
      |
  277 |     fn size_hint(depth: usize) -> (usize, Option<usize>) {
      |     ---------------------------------------------------- similarly 
named associated function `size_hint` defined here
      |
      = note: this error originates in the derive macro `Arbitrary` (in 
Nightly builds, run with -Z macro-backtrace for more info)

error[E0425]: cannot find type `MaxRecursionReached` in crate `arbitrary`
     --> C:\Users\pc\.cargo\registry\src\index.crates.io-1949cf8c6b5b557f\stell
ar-xdr-21.2.0\src\curr\generated.rs:20338:42
      |
20338 | #[cfg_attr(feature = "arbitrary", derive(Arbitrary))]
      |                                          ^^^^^^^^^ not found in 
`arbitrary`
      |
      = note: this error originates in the derive macro `Arbitrary` (in 
Nightly builds, run with -Z macro-backtrace for more info)

error[E0425]: cannot find function `try_recursion_guard` in module 
`arbitrary::size_hint`
     --> C:\Users\pc\.cargo\registry\src\index.crates.io-1949cf8c6b5b557f\stell
ar-xdr-21.2.0\src\curr\generated.rs:20338:42
      |
20338 |   #[cfg_attr(feature = "arbitrary", derive(Arbitrary))]
      |                                            ^^^^^^^^^
      |
     ::: C:\Users\pc\.cargo\registry\src\index.crates.io-1949cf8c6b5b557f\arbit
rary-1.3.2\src\size_hint.rs:12:1
      |
   12 | / pub fn recursion_guard(
   13 | |     depth: usize,
   14 | |     f: impl FnOnce(usize) -> (usize, Option<usize>),
   15 | | ) -> (usize, Option<usize>) {
      | |___________________________- similarly named function 
`recursion_guard` defined here
      |
      = note: this error originates in the derive macro `Arbitrary` (in 
Nightly builds, run with -Z macro-backtrace for more info)

error[E0576]: cannot find method or associated constant `try_size_hint` in 
trait `arbitrary::Arbitrary`
     --> C:\Users\pc\.cargo\registry\src\index.crates.io-1949cf8c6b5b557f\stell
ar-xdr-21.2.0\src\curr\generated.rs:20338:42
      |
20338 | #[cfg_attr(feature = "arbitrary", derive(Arbitrary))]
      |                                          ^^^^^^^^^
      |
     ::: C:\Users\pc\.cargo\registry\src\index.crates.io-1949cf8c6b5b557f\arbit
rary-1.3.2\src\lib.rs:277:5
      |
  277 |     fn size_hint(depth: usize) -> (usize, Option<usize>) {
      |     ---------------------------------------------------- similarly 
named associated function `size_hint` defined here
      |
      = note: this error originates in the derive macro `Arbitrary` (in 
Nightly builds, run with -Z macro-backtrace for more info)

error[E0425]: cannot find type `MaxRecursionReached` in crate `arbitrary`
     --> C:\Users\pc\.cargo\registry\src\index.crates.io-1949cf8c6b5b557f\stell
ar-xdr-21.2.0\src\curr\generated.rs:20384:42
      |
20384 | #[cfg_attr(feature = "arbitrary", derive(Arbitrary))]
      |                                          ^^^^^^^^^ not found in 
`arbitrary`
      |
      = note: this error originates in the derive macro `Arbitrary` (in 
Nightly builds, run with -Z macro-backtrace for more info)

error[E0425]: cannot find function `try_recursion_guard` in module 
`arbitrary::size_hint`
     --> C:\Users\pc\.cargo\registry\src\index.crates.io-1949cf8c6b5b557f\stell
ar-xdr-21.2.0\src\curr\generated.rs:20384:42
      |
20384 |   #[cfg_attr(feature = "arbitrary", derive(Arbitrary))]
      |                                            ^^^^^^^^^
      |
     ::: C:\Users\pc\.cargo\registry\src\index.crates.io-1949cf8c6b5b557f\arbit
rary-1.3.2\src\size_hint.rs:12:1
      |
   12 | / pub fn recursion_guard(
   13 | |     depth: usize,
   14 | |     f: impl FnOnce(usize) -> (usize, Option<usize>),
   15 | | ) -> (usize, Option<usize>) {
      | |___________________________- similarly named function 
`recursion_guard` defined here
      |
      = note: this error originates in the derive macro `Arbitrary` (in 
Nightly builds, run with -Z macro-backtrace for more info)

error[E0576]: cannot find method or associated constant `try_size_hint` in 
trait `arbitrary::Arbitrary`
     --> C:\Users\pc\.cargo\registry\src\index.crates.io-1949cf8c6b5b557f\stell
ar-xdr-21.2.0\src\curr\generated.rs:20384:42
      |
20384 | #[cfg_attr(feature = "arbitrary", derive(Arbitrary))]
      |                                          ^^^^^^^^^
      |
     ::: C:\Users\pc\.cargo\registry\src\index.crates.io-1949cf8c6b5b557f\arbit
rary-1.3.2\src\lib.rs:277:5
      |
  277 |     fn size_hint(depth: usize) -> (usize, Option<usize>) {
      |     ---------------------------------------------------- similarly 
named associated function `size_hint` defined here
      |
      = note: this error originates in the derive macro `Arbitrary` (in 
Nightly builds, run with -Z macro-backtrace for more info)

error[E0425]: cannot find type `MaxRecursionReached` in crate `arbitrary`
     --> C:\Users\pc\.cargo\registry\src\index.crates.io-1949cf8c6b5b557f\stell
ar-xdr-21.2.0\src\curr\generated.rs:20431:42
      |
20431 | #[cfg_attr(feature = "arbitrary", derive(Arbitrary))]
      |                                          ^^^^^^^^^ not found in 
`arbitrary`
      |
      = note: this error originates in the derive macro `Arbitrary` (in 
Nightly builds, run with -Z macro-backtrace for more info)

error[E0425]: cannot find function `try_recursion_guard` in module 
`arbitrary::size_hint`
     --> C:\Users\pc\.cargo\registry\src\index.crates.io-1949cf8c6b5b557f\stell
ar-xdr-21.2.0\src\curr\generated.rs:20431:42
      |
20431 |   #[cfg_attr(feature = "arbitrary", derive(Arbitrary))]
      |                                            ^^^^^^^^^
      |
     ::: C:\Users\pc\.cargo\registry\src\index.crates.io-1949cf8c6b5b557f\arbit
rary-1.3.2\src\size_hint.rs:12:1
      |
   12 | / pub fn recursion_guard(
   13 | |     depth: usize,
   14 | |     f: impl FnOnce(usize) -> (usize, Option<usize>),
   15 | | ) -> (usize, Option<usize>) {
      | |___________________________- similarly named function 
`recursion_guard` defined here
      |
      = note: this error originates in the derive macro `Arbitrary` (in 
Nightly builds, run with -Z macro-backtrace for more info)

error[E0576]: cannot find method or associated constant `try_size_hint` in 
trait `arbitrary::Arbitrary`
     --> C:\Users\pc\.cargo\registry\src\index.crates.io-1949cf8c6b5b557f\stell
ar-xdr-21.2.0\src\curr\generated.rs:20431:42
      |
20431 | #[cfg_attr(feature = "arbitrary", derive(Arbitrary))]
      |                                          ^^^^^^^^^
      |
     ::: C:\Users\pc\.cargo\registry\src\index.crates.io-1949cf8c6b5b557f\arbit
rary-1.3.2\src\lib.rs:277:5
      |
  277 |     fn size_hint(depth: usize) -> (usize, Option<usize>) {
      |     ---------------------------------------------------- similarly 
named associated function `size_hint` defined here
      |
      = note: this error originates in the derive macro `Arbitrary` (in 
Nightly builds, run with -Z macro-backtrace for more info)

error[E0425]: cannot find type `MaxRecursionReached` in crate `arbitrary`
     --> C:\Users\pc\.cargo\registry\src\index.crates.io-1949cf8c6b5b557f\stell
ar-xdr-21.2.0\src\curr\generated.rs:20657:42
      |
20657 | #[cfg_attr(feature = "arbitrary", derive(Arbitrary))]
      |                                          ^^^^^^^^^ not found in 
`arbitrary`
      |
      = note: this error originates in the derive macro `Arbitrary` (in 
Nightly builds, run with -Z macro-backtrace for more info)

error[E0425]: cannot find function `try_recursion_guard` in module 
`arbitrary::size_hint`
     --> C:\Users\pc\.cargo\registry\src\index.crates.io-1949cf8c6b5b557f\stell
ar-xdr-21.2.0\src\curr\generated.rs:20657:42
      |
20657 |   #[cfg_attr(feature = "arbitrary", derive(Arbitrary))]
      |                                            ^^^^^^^^^
      |
     ::: C:\Users\pc\.cargo\registry\src\index.crates.io-1949cf8c6b5b557f\arbit
rary-1.3.2\src\size_hint.rs:12:1
      |
   12 | / pub fn recursion_guard(
   13 | |     depth: usize,
   14 | |     f: impl FnOnce(usize) -> (usize, Option<usize>),
   15 | | ) -> (usize, Option<usize>) {
      | |___________________________- similarly named function 
`recursion_guard` defined here
      |
      = note: this error originates in the derive macro `Arbitrary` (in 
Nightly builds, run with -Z macro-backtrace for more info)

error[E0576]: cannot find method or associated constant `try_size_hint` in 
trait `arbitrary::Arbitrary`
     --> C:\Users\pc\.cargo\registry\src\index.crates.io-1949cf8c6b5b557f\stell
ar-xdr-21.2.0\src\curr\generated.rs:20657:42
      |
20657 | #[cfg_attr(feature = "arbitrary", derive(Arbitrary))]
      |                                          ^^^^^^^^^
      |
     ::: C:\Users\pc\.cargo\registry\src\index.crates.io-1949cf8c6b5b557f\arbit
rary-1.3.2\src\lib.rs:277:5
      |
  277 |     fn size_hint(depth: usize) -> (usize, Option<usize>) {
      |     ---------------------------------------------------- similarly 
named associated function `size_hint` defined here
      |
      = note: this error originates in the derive macro `Arbitrary` (in 
Nightly builds, run with -Z macro-backtrace for more info)

error[E0425]: cannot find type `MaxRecursionReached` in crate `arbitrary`
     --> C:\Users\pc\.cargo\registry\src\index.crates.io-1949cf8c6b5b557f\stell
ar-xdr-21.2.0\src\curr\generated.rs:20773:42
      |
20773 | #[cfg_attr(feature = "arbitrary", derive(Arbitrary))]
      |                                          ^^^^^^^^^ not found in 
`arbitrary`
      |
      = note: this error originates in the derive macro `Arbitrary` (in 
Nightly builds, run with -Z macro-backtrace for more info)

error[E0425]: cannot find function `try_recursion_guard` in module 
`arbitrary::size_hint`
     --> C:\Users\pc\.cargo\registry\src\index.crates.io-1949cf8c6b5b557f\stell
ar-xdr-21.2.0\src\curr\generated.rs:20773:42
      |
20773 |   #[cfg_attr(feature = "arbitrary", derive(Arbitrary))]
      |                                            ^^^^^^^^^
      |
     ::: C:\Users\pc\.cargo\registry\src\index.crates.io-1949cf8c6b5b557f\arbit
rary-1.3.2\src\size_hint.rs:12:1
      |
   12 | / pub fn recursion_guard(
   13 | |     depth: usize,
   14 | |     f: impl FnOnce(usize) -> (usize, Option<usize>),
   15 | | ) -> (usize, Option<usize>) {
      | |___________________________- similarly named function 
`recursion_guard` defined here
      |
      = note: this error originates in the derive macro `Arbitrary` (in 
Nightly builds, run with -Z macro-backtrace for more info)

error[E0576]: cannot find method or associated constant `try_size_hint` in 
trait `arbitrary::Arbitrary`
     --> C:\Users\pc\.cargo\registry\src\index.crates.io-1949cf8c6b5b557f\stell
ar-xdr-21.2.0\src\curr\generated.rs:20773:42
      |
20773 | #[cfg_attr(feature = "arbitrary", derive(Arbitrary))]
      |                                          ^^^^^^^^^
      |
     ::: C:\Users\pc\.cargo\registry\src\index.crates.io-1949cf8c6b5b557f\arbit
rary-1.3.2\src\lib.rs:277:5
      |
  277 |     fn size_hint(depth: usize) -> (usize, Option<usize>) {
      |     ---------------------------------------------------- similarly 
named associated function `size_hint` defined here
      |
      = note: this error originates in the derive macro `Arbitrary` (in 
Nightly builds, run with -Z macro-backtrace for more info)

error[E0425]: cannot find type `MaxRecursionReached` in crate `arbitrary`
     --> C:\Users\pc\.cargo\registry\src\index.crates.io-1949cf8c6b5b557f\stell
ar-xdr-21.2.0\src\curr\generated.rs:20882:42
      |
20882 | #[cfg_attr(feature = "arbitrary", derive(Arbitrary))]
      |                                          ^^^^^^^^^ not found in 
`arbitrary`
      |
      = note: this error originates in the derive macro `Arbitrary` (in 
Nightly builds, run with -Z macro-backtrace for more info)

error[E0425]: cannot find function `try_recursion_guard` in module 
`arbitrary::size_hint`
     --> C:\Users\pc\.cargo\registry\src\index.crates.io-1949cf8c6b5b557f\stell
ar-xdr-21.2.0\src\curr\generated.rs:20882:42
      |
20882 |   #[cfg_attr(feature = "arbitrary", derive(Arbitrary))]
      |                                            ^^^^^^^^^
      |
     ::: C:\Users\pc\.cargo\registry\src\index.crates.io-1949cf8c6b5b557f\arbit
rary-1.3.2\src\size_hint.rs:12:1
      |
   12 | / pub fn recursion_guard(
   13 | |     depth: usize,
   14 | |     f: impl FnOnce(usize) -> (usize, Option<usize>),
   15 | | ) -> (usize, Option<usize>) {
      | |___________________________- similarly named function 
`recursion_guard` defined here
      |
      = note: this error originates in the derive macro `Arbitrary` (in 
Nightly builds, run with -Z macro-backtrace for more info)

error[E0576]: cannot find method or associated constant `try_size_hint` in 
trait `arbitrary::Arbitrary`
     --> C:\Users\pc\.cargo\registry\src\index.crates.io-1949cf8c6b5b557f\stell
ar-xdr-21.2.0\src\curr\generated.rs:20882:42
      |
20882 | #[cfg_attr(feature = "arbitrary", derive(Arbitrary))]
      |                                          ^^^^^^^^^
      |
     ::: C:\Users\pc\.cargo\registry\src\index.crates.io-1949cf8c6b5b557f\arbit
rary-1.3.2\src\lib.rs:277:5
      |
  277 |     fn size_hint(depth: usize) -> (usize, Option<usize>) {
      |     ---------------------------------------------------- similarly 
named associated function `size_hint` defined here
      |
      = note: this error originates in the derive macro `Arbitrary` (in 
Nightly builds, run with -Z macro-backtrace for more info)

error[E0425]: cannot find type `MaxRecursionReached` in crate `arbitrary`
     --> C:\Users\pc\.cargo\registry\src\index.crates.io-1949cf8c6b5b557f\stell
ar-xdr-21.2.0\src\curr\generated.rs:20925:42
      |
20925 | #[cfg_attr(feature = "arbitrary", derive(Arbitrary))]
      |                                          ^^^^^^^^^ not found in 
`arbitrary`
      |
      = note: this error originates in the derive macro `Arbitrary` (in 
Nightly builds, run with -Z macro-backtrace for more info)

error[E0425]: cannot find function `try_recursion_guard` in module 
`arbitrary::size_hint`
     --> C:\Users\pc\.cargo\registry\src\index.crates.io-1949cf8c6b5b557f\stell
ar-xdr-21.2.0\src\curr\generated.rs:20925:42
      |
20925 |   #[cfg_attr(feature = "arbitrary", derive(Arbitrary))]
      |                                            ^^^^^^^^^
      |
     ::: C:\Users\pc\.cargo\registry\src\index.crates.io-1949cf8c6b5b557f\arbit
rary-1.3.2\src\size_hint.rs:12:1
      |
   12 | / pub fn recursion_guard(
   13 | |     depth: usize,
   14 | |     f: impl FnOnce(usize) -> (usize, Option<usize>),
   15 | | ) -> (usize, Option<usize>) {
      | |___________________________- similarly named function 
`recursion_guard` defined here
      |
      = note: this error originates in the derive macro `Arbitrary` (in 
Nightly builds, run with -Z macro-backtrace for more info)

error[E0576]: cannot find method or associated constant `try_size_hint` in 
trait `arbitrary::Arbitrary`
     --> C:\Users\pc\.cargo\registry\src\index.crates.io-1949cf8c6b5b557f\stell
ar-xdr-21.2.0\src\curr\generated.rs:20925:42
      |
20925 | #[cfg_attr(feature = "arbitrary", derive(Arbitrary))]
      |                                          ^^^^^^^^^
      |
     ::: C:\Users\pc\.cargo\registry\src\index.crates.io-1949cf8c6b5b557f\arbit
rary-1.3.2\src\lib.rs:277:5
      |
  277 |     fn size_hint(depth: usize) -> (usize, Option<usize>) {
      |     ---------------------------------------------------- similarly 
named associated function `size_hint` defined here
      |
      = note: this error originates in the derive macro `Arbitrary` (in 
Nightly builds, run with -Z macro-backtrace for more info)

error[E0425]: cannot find type `MaxRecursionReached` in crate `arbitrary`
     --> C:\Users\pc\.cargo\registry\src\index.crates.io-1949cf8c6b5b557f\stell
ar-xdr-21.2.0\src\curr\generated.rs:20974:42
      |
20974 | #[cfg_attr(feature = "arbitrary", derive(Arbitrary))]
      |                                          ^^^^^^^^^ not found in 
`arbitrary`
      |
      = note: this error originates in the derive macro `Arbitrary` (in 
Nightly builds, run with -Z macro-backtrace for more info)

error[E0425]: cannot find function `try_recursion_guard` in module 
`arbitrary::size_hint`
     --> C:\Users\pc\.cargo\registry\src\index.crates.io-1949cf8c6b5b557f\stell
ar-xdr-21.2.0\src\curr\generated.rs:20974:42
      |
20974 |   #[cfg_attr(feature = "arbitrary", derive(Arbitrary))]
      |                                            ^^^^^^^^^
      |
     ::: C:\Users\pc\.cargo\registry\src\index.crates.io-1949cf8c6b5b557f\arbit
rary-1.3.2\src\size_hint.rs:12:1
      |
   12 | / pub fn recursion_guard(
   13 | |     depth: usize,
   14 | |     f: impl FnOnce(usize) -> (usize, Option<usize>),
   15 | | ) -> (usize, Option<usize>) {
      | |___________________________- similarly named function 
`recursion_guard` defined here
      |
      = note: this error originates in the derive macro `Arbitrary` (in 
Nightly builds, run with -Z macro-backtrace for more info)

error[E0576]: cannot find method or associated constant `try_size_hint` in 
trait `arbitrary::Arbitrary`
     --> C:\Users\pc\.cargo\registry\src\index.crates.io-1949cf8c6b5b557f\stell
ar-xdr-21.2.0\src\curr\generated.rs:20974:42
      |
20974 | #[cfg_attr(feature = "arbitrary", derive(Arbitrary))]
      |                                          ^^^^^^^^^
      |
     ::: C:\Users\pc\.cargo\registry\src\index.crates.io-1949cf8c6b5b557f\arbit
rary-1.3.2\src\lib.rs:277:5
      |
  277 |     fn size_hint(depth: usize) -> (usize, Option<usize>) {
      |     ---------------------------------------------------- similarly 
named associated function `size_hint` defined here
      |
      = note: this error originates in the derive macro `Arbitrary` (in 
Nightly builds, run with -Z macro-backtrace for more info)

error[E0425]: cannot find type `MaxRecursionReached` in crate `arbitrary`
     --> C:\Users\pc\.cargo\registry\src\index.crates.io-1949cf8c6b5b557f\stell
ar-xdr-21.2.0\src\curr\generated.rs:21137:42
      |
21137 | #[cfg_attr(feature = "arbitrary", derive(Arbitrary))]
      |                                          ^^^^^^^^^ not found in 
`arbitrary`
      |
      = note: this error originates in the derive macro `Arbitrary` (in 
Nightly builds, run with -Z macro-backtrace for more info)

error[E0425]: cannot find function `try_recursion_guard` in module 
`arbitrary::size_hint`
     --> C:\Users\pc\.cargo\registry\src\index.crates.io-1949cf8c6b5b557f\stell
ar-xdr-21.2.0\src\curr\generated.rs:21137:42
      |
21137 |   #[cfg_attr(feature = "arbitrary", derive(Arbitrary))]
      |                                            ^^^^^^^^^
      |
     ::: C:\Users\pc\.cargo\registry\src\index.crates.io-1949cf8c6b5b557f\arbit
rary-1.3.2\src\size_hint.rs:12:1
      |
   12 | / pub fn recursion_guard(
   13 | |     depth: usize,
   14 | |     f: impl FnOnce(usize) -> (usize, Option<usize>),
   15 | | ) -> (usize, Option<usize>) {
      | |___________________________- similarly named function 
`recursion_guard` defined here
      |
      = note: this error originates in the derive macro `Arbitrary` (in 
Nightly builds, run with -Z macro-backtrace for more info)

error[E0576]: cannot find method or associated constant `try_size_hint` in 
trait `arbitrary::Arbitrary`
     --> C:\Users\pc\.cargo\registry\src\index.crates.io-1949cf8c6b5b557f\stell
ar-xdr-21.2.0\src\curr\generated.rs:21137:42
      |
21137 | #[cfg_attr(feature = "arbitrary", derive(Arbitrary))]
      |                                          ^^^^^^^^^
      |
     ::: C:\Users\pc\.cargo\registry\src\index.crates.io-1949cf8c6b5b557f\arbit
rary-1.3.2\src\lib.rs:277:5
      |
  277 |     fn size_hint(depth: usize) -> (usize, Option<usize>) {
      |     ---------------------------------------------------- similarly 
named associated function `size_hint` defined here
      |
      = note: this error originates in the derive macro `Arbitrary` (in 
Nightly builds, run with -Z macro-backtrace for more info)

error[E0425]: cannot find type `MaxRecursionReached` in crate `arbitrary`
     --> C:\Users\pc\.cargo\registry\src\index.crates.io-1949cf8c6b5b557f\stell
ar-xdr-21.2.0\src\curr\generated.rs:21188:42
      |
21188 | #[cfg_attr(feature = "arbitrary", derive(Arbitrary))]
      |                                          ^^^^^^^^^ not found in 
`arbitrary`
      |
      = note: this error originates in the derive macro `Arbitrary` (in 
Nightly builds, run with -Z macro-backtrace for more info)

error[E0425]: cannot find function `try_recursion_guard` in module 
`arbitrary::size_hint`
     --> C:\Users\pc\.cargo\registry\src\index.crates.io-1949cf8c6b5b557f\stell
ar-xdr-21.2.0\src\curr\generated.rs:21188:42
      |
21188 |   #[cfg_attr(feature = "arbitrary", derive(Arbitrary))]
      |                                            ^^^^^^^^^
      |
     ::: C:\Users\pc\.cargo\registry\src\index.crates.io-1949cf8c6b5b557f\arbit
rary-1.3.2\src\size_hint.rs:12:1
      |
   12 | / pub fn recursion_guard(
   13 | |     depth: usize,
   14 | |     f: impl FnOnce(usize) -> (usize, Option<usize>),
   15 | | ) -> (usize, Option<usize>) {
      | |___________________________- similarly named function 
`recursion_guard` defined here
      |
      = note: this error originates in the derive macro `Arbitrary` (in 
Nightly builds, run with -Z macro-backtrace for more info)

error[E0576]: cannot find method or associated constant `try_size_hint` in 
trait `arbitrary::Arbitrary`
     --> C:\Users\pc\.cargo\registry\src\index.crates.io-1949cf8c6b5b557f\stell
ar-xdr-21.2.0\src\curr\generated.rs:21188:42
      |
21188 | #[cfg_attr(feature = "arbitrary", derive(Arbitrary))]
      |                                          ^^^^^^^^^
      |
     ::: C:\Users\pc\.cargo\registry\src\index.crates.io-1949cf8c6b5b557f\arbit
rary-1.3.2\src\lib.rs:277:5
      |
  277 |     fn size_hint(depth: usize) -> (usize, Option<usize>) {
      |     ---------------------------------------------------- similarly 
named associated function `size_hint` defined here
      |
      = note: this error originates in the derive macro `Arbitrary` (in 
Nightly builds, run with -Z macro-backtrace for more info)

error[E0425]: cannot find type `MaxRecursionReached` in crate `arbitrary`
     --> C:\Users\pc\.cargo\registry\src\index.crates.io-1949cf8c6b5b557f\stell
ar-xdr-21.2.0\src\curr\generated.rs:21303:42
      |
21303 | #[cfg_attr(feature = "arbitrary", derive(Arbitrary))]
      |                                          ^^^^^^^^^ not found in 
`arbitrary`
      |
      = note: this error originates in the derive macro `Arbitrary` (in 
Nightly builds, run with -Z macro-backtrace for more info)

error[E0425]: cannot find function `try_recursion_guard` in module 
`arbitrary::size_hint`
     --> C:\Users\pc\.cargo\registry\src\index.crates.io-1949cf8c6b5b557f\stell
ar-xdr-21.2.0\src\curr\generated.rs:21303:42
      |
21303 |   #[cfg_attr(feature = "arbitrary", derive(Arbitrary))]
      |                                            ^^^^^^^^^
      |
     ::: C:\Users\pc\.cargo\registry\src\index.crates.io-1949cf8c6b5b557f\arbit
rary-1.3.2\src\size_hint.rs:12:1
      |
   12 | / pub fn recursion_guard(
   13 | |     depth: usize,
   14 | |     f: impl FnOnce(usize) -> (usize, Option<usize>),
   15 | | ) -> (usize, Option<usize>) {
      | |___________________________- similarly named function 
`recursion_guard` defined here
      |
      = note: this error originates in the derive macro `Arbitrary` (in 
Nightly builds, run with -Z macro-backtrace for more info)

error[E0576]: cannot find method or associated constant `try_size_hint` in 
trait `arbitrary::Arbitrary`
     --> C:\Users\pc\.cargo\registry\src\index.crates.io-1949cf8c6b5b557f\stell
ar-xdr-21.2.0\src\curr\generated.rs:21303:42
      |
21303 | #[cfg_attr(feature = "arbitrary", derive(Arbitrary))]
      |                                          ^^^^^^^^^
      |
     ::: C:\Users\pc\.cargo\registry\src\index.crates.io-1949cf8c6b5b557f\arbit
rary-1.3.2\src\lib.rs:277:5
      |
  277 |     fn size_hint(depth: usize) -> (usize, Option<usize>) {
      |     ---------------------------------------------------- similarly 
named associated function `size_hint` defined here
      |
      = note: this error originates in the derive macro `Arbitrary` (in 
Nightly builds, run with -Z macro-backtrace for more info)

error[E0425]: cannot find type `MaxRecursionReached` in crate `arbitrary`
     --> C:\Users\pc\.cargo\registry\src\index.crates.io-1949cf8c6b5b557f\stell
ar-xdr-21.2.0\src\curr\generated.rs:21355:42
      |
21355 | #[cfg_attr(feature = "arbitrary", derive(Arbitrary))]
      |                                          ^^^^^^^^^ not found in 
`arbitrary`
      |
      = note: this error originates in the derive macro `Arbitrary` (in 
Nightly builds, run with -Z macro-backtrace for more info)

error[E0425]: cannot find function `try_recursion_guard` in module 
`arbitrary::size_hint`
     --> C:\Users\pc\.cargo\registry\src\index.crates.io-1949cf8c6b5b557f\stell
ar-xdr-21.2.0\src\curr\generated.rs:21355:42
      |
21355 |   #[cfg_attr(feature = "arbitrary", derive(Arbitrary))]
      |                                            ^^^^^^^^^
      |
     ::: C:\Users\pc\.cargo\registry\src\index.crates.io-1949cf8c6b5b557f\arbit
rary-1.3.2\src\size_hint.rs:12:1
      |
   12 | / pub fn recursion_guard(
   13 | |     depth: usize,
   14 | |     f: impl FnOnce(usize) -> (usize, Option<usize>),
   15 | | ) -> (usize, Option<usize>) {
      | |___________________________- similarly named function 
`recursion_guard` defined here
      |
      = note: this error originates in the derive macro `Arbitrary` (in 
Nightly builds, run with -Z macro-backtrace for more info)

error[E0576]: cannot find method or associated constant `try_size_hint` in 
trait `arbitrary::Arbitrary`
     --> C:\Users\pc\.cargo\registry\src\index.crates.io-1949cf8c6b5b557f\stell
ar-xdr-21.2.0\src\curr\generated.rs:21355:42
      |
21355 | #[cfg_attr(feature = "arbitrary", derive(Arbitrary))]
      |                                          ^^^^^^^^^
      |
     ::: C:\Users\pc\.cargo\registry\src\index.crates.io-1949cf8c6b5b557f\arbit
rary-1.3.2\src\lib.rs:277:5
      |
  277 |     fn size_hint(depth: usize) -> (usize, Option<usize>) {
      |     ---------------------------------------------------- similarly 
named associated function `size_hint` defined here
      |
      = note: this error originates in the derive macro `Arbitrary` (in 
Nightly builds, run with -Z macro-backtrace for more info)

error[E0425]: cannot find type `MaxRecursionReached` in crate `arbitrary`
     --> C:\Users\pc\.cargo\registry\src\index.crates.io-1949cf8c6b5b557f\stell
ar-xdr-21.2.0\src\curr\generated.rs:21397:42
      |
21397 | #[cfg_attr(feature = "arbitrary", derive(Arbitrary))]
      |                                          ^^^^^^^^^ not found in 
`arbitrary`
      |
      = note: this error originates in the derive macro `Arbitrary` (in 
Nightly builds, run with -Z macro-backtrace for more info)

error[E0425]: cannot find function `try_recursion_guard` in module 
`arbitrary::size_hint`
     --> C:\Users\pc\.cargo\registry\src\index.crates.io-1949cf8c6b5b557f\stell
ar-xdr-21.2.0\src\curr\generated.rs:21397:42
      |
21397 |   #[cfg_attr(feature = "arbitrary", derive(Arbitrary))]
      |                                            ^^^^^^^^^
      |
     ::: C:\Users\pc\.cargo\registry\src\index.crates.io-1949cf8c6b5b557f\arbit
rary-1.3.2\src\size_hint.rs:12:1
      |
   12 | / pub fn recursion_guard(
   13 | |     depth: usize,
   14 | |     f: impl FnOnce(usize) -> (usize, Option<usize>),
   15 | | ) -> (usize, Option<usize>) {
      | |___________________________- similarly named function 
`recursion_guard` defined here
      |
      = note: this error originates in the derive macro `Arbitrary` (in 
Nightly builds, run with -Z macro-backtrace for more info)

error[E0576]: cannot find method or associated constant `try_size_hint` in 
trait `arbitrary::Arbitrary`
     --> C:\Users\pc\.cargo\registry\src\index.crates.io-1949cf8c6b5b557f\stell
ar-xdr-21.2.0\src\curr\generated.rs:21397:42
      |
21397 | #[cfg_attr(feature = "arbitrary", derive(Arbitrary))]
      |                                          ^^^^^^^^^
      |
     ::: C:\Users\pc\.cargo\registry\src\index.crates.io-1949cf8c6b5b557f\arbit
rary-1.3.2\src\lib.rs:277:5
      |
  277 |     fn size_hint(depth: usize) -> (usize, Option<usize>) {
      |     ---------------------------------------------------- similarly 
named associated function `size_hint` defined here
      |
      = note: this error originates in the derive macro `Arbitrary` (in 
Nightly builds, run with -Z macro-backtrace for more info)

error[E0425]: cannot find type `MaxRecursionReached` in crate `arbitrary`
     --> C:\Users\pc\.cargo\registry\src\index.crates.io-1949cf8c6b5b557f\stell
ar-xdr-21.2.0\src\curr\generated.rs:21535:42
      |
21535 | #[cfg_attr(feature = "arbitrary", derive(Arbitrary))]
      |                                          ^^^^^^^^^ not found in 
`arbitrary`
      |
      = note: this error originates in the derive macro `Arbitrary` (in 
Nightly builds, run with -Z macro-backtrace for more info)

error[E0425]: cannot find function `try_recursion_guard` in module 
`arbitrary::size_hint`
     --> C:\Users\pc\.cargo\registry\src\index.crates.io-1949cf8c6b5b557f\stell
ar-xdr-21.2.0\src\curr\generated.rs:21535:42
      |
21535 |   #[cfg_attr(feature = "arbitrary", derive(Arbitrary))]
      |                                            ^^^^^^^^^
      |
     ::: C:\Users\pc\.cargo\registry\src\index.crates.io-1949cf8c6b5b557f\arbit
rary-1.3.2\src\size_hint.rs:12:1
      |
   12 | / pub fn recursion_guard(
   13 | |     depth: usize,
   14 | |     f: impl FnOnce(usize) -> (usize, Option<usize>),
   15 | | ) -> (usize, Option<usize>) {
      | |___________________________- similarly named function 
`recursion_guard` defined here
      |
      = note: this error originates in the derive macro `Arbitrary` (in 
Nightly builds, run with -Z macro-backtrace for more info)

error[E0576]: cannot find method or associated constant `try_size_hint` in 
trait `arbitrary::Arbitrary`
     --> C:\Users\pc\.cargo\registry\src\index.crates.io-1949cf8c6b5b557f\stell
ar-xdr-21.2.0\src\curr\generated.rs:21535:42
      |
21535 | #[cfg_attr(feature = "arbitrary", derive(Arbitrary))]
      |                                          ^^^^^^^^^
      |
     ::: C:\Users\pc\.cargo\registry\src\index.crates.io-1949cf8c6b5b557f\arbit
rary-1.3.2\src\lib.rs:277:5
      |
  277 |     fn size_hint(depth: usize) -> (usize, Option<usize>) {
      |     ---------------------------------------------------- similarly 
named associated function `size_hint` defined here
      |
      = note: this error originates in the derive macro `Arbitrary` (in 
Nightly builds, run with -Z macro-backtrace for more info)

error[E0425]: cannot find type `MaxRecursionReached` in crate `arbitrary`
     --> C:\Users\pc\.cargo\registry\src\index.crates.io-1949cf8c6b5b557f\stell
ar-xdr-21.2.0\src\curr\generated.rs:21591:42
      |
21591 | #[cfg_attr(feature = "arbitrary", derive(Arbitrary))]
      |                                          ^^^^^^^^^ not found in 
`arbitrary`
      |
      = note: this error originates in the derive macro `Arbitrary` (in 
Nightly builds, run with -Z macro-backtrace for more info)

error[E0425]: cannot find function `try_recursion_guard` in module 
`arbitrary::size_hint`
     --> C:\Users\pc\.cargo\registry\src\index.crates.io-1949cf8c6b5b557f\stell
ar-xdr-21.2.0\src\curr\generated.rs:21591:42
      |
21591 |   #[cfg_attr(feature = "arbitrary", derive(Arbitrary))]
      |                                            ^^^^^^^^^
      |
     ::: C:\Users\pc\.cargo\registry\src\index.crates.io-1949cf8c6b5b557f\arbit
rary-1.3.2\src\size_hint.rs:12:1
      |
   12 | / pub fn recursion_guard(
   13 | |     depth: usize,
   14 | |     f: impl FnOnce(usize) -> (usize, Option<usize>),
   15 | | ) -> (usize, Option<usize>) {
      | |___________________________- similarly named function 
`recursion_guard` defined here
      |
      = note: this error originates in the derive macro `Arbitrary` (in 
Nightly builds, run with -Z macro-backtrace for more info)

error[E0576]: cannot find method or associated constant `try_size_hint` in 
trait `arbitrary::Arbitrary`
     --> C:\Users\pc\.cargo\registry\src\index.crates.io-1949cf8c6b5b557f\stell
ar-xdr-21.2.0\src\curr\generated.rs:21591:42
      |
21591 | #[cfg_attr(feature = "arbitrary", derive(Arbitrary))]
      |                                          ^^^^^^^^^
      |
     ::: C:\Users\pc\.cargo\registry\src\index.crates.io-1949cf8c6b5b557f\arbit
rary-1.3.2\src\lib.rs:277:5
      |
  277 |     fn size_hint(depth: usize) -> (usize, Option<usize>) {
      |     ---------------------------------------------------- similarly 
named associated function `size_hint` defined here
      |
      = note: this error originates in the derive macro `Arbitrary` (in 
Nightly builds, run with -Z macro-backtrace for more info)

error[E0425]: cannot find type `MaxRecursionReached` in crate `arbitrary`
     --> C:\Users\pc\.cargo\registry\src\index.crates.io-1949cf8c6b5b557f\stell
ar-xdr-21.2.0\src\curr\generated.rs:21704:42
      |
21704 | #[cfg_attr(feature = "arbitrary", derive(Arbitrary))]
      |                                          ^^^^^^^^^ not found in 
`arbitrary`
      |
      = note: this error originates in the derive macro `Arbitrary` (in 
Nightly builds, run with -Z macro-backtrace for more info)

error[E0425]: cannot find function `try_recursion_guard` in module 
`arbitrary::size_hint`
     --> C:\Users\pc\.cargo\registry\src\index.crates.io-1949cf8c6b5b557f\stell
ar-xdr-21.2.0\src\curr\generated.rs:21704:42
      |
21704 |   #[cfg_attr(feature = "arbitrary", derive(Arbitrary))]
      |                                            ^^^^^^^^^
      |
     ::: C:\Users\pc\.cargo\registry\src\index.crates.io-1949cf8c6b5b557f\arbit
rary-1.3.2\src\size_hint.rs:12:1
      |
   12 | / pub fn recursion_guard(
   13 | |     depth: usize,
   14 | |     f: impl FnOnce(usize) -> (usize, Option<usize>),
   15 | | ) -> (usize, Option<usize>) {
      | |___________________________- similarly named function 
`recursion_guard` defined here
      |
      = note: this error originates in the derive macro `Arbitrary` (in 
Nightly builds, run with -Z macro-backtrace for more info)

error[E0576]: cannot find method or associated constant `try_size_hint` in 
trait `arbitrary::Arbitrary`
     --> C:\Users\pc\.cargo\registry\src\index.crates.io-1949cf8c6b5b557f\stell
ar-xdr-21.2.0\src\curr\generated.rs:21704:42
      |
21704 | #[cfg_attr(feature = "arbitrary", derive(Arbitrary))]
      |                                          ^^^^^^^^^
      |
     ::: C:\Users\pc\.cargo\registry\src\index.crates.io-1949cf8c6b5b557f\arbit
rary-1.3.2\src\lib.rs:277:5
      |
  277 |     fn size_hint(depth: usize) -> (usize, Option<usize>) {
      |     ---------------------------------------------------- similarly 
named associated function `size_hint` defined here
      |
      = note: this error originates in the derive macro `Arbitrary` (in 
Nightly builds, run with -Z macro-backtrace for more info)

error[E0425]: cannot find type `MaxRecursionReached` in crate `arbitrary`
     --> C:\Users\pc\.cargo\registry\src\index.crates.io-1949cf8c6b5b557f\stell
ar-xdr-21.2.0\src\curr\generated.rs:21763:42
      |
21763 | #[cfg_attr(feature = "arbitrary", derive(Arbitrary))]
      |                                          ^^^^^^^^^ not found in 
`arbitrary`
      |
      = note: this error originates in the derive macro `Arbitrary` (in 
Nightly builds, run with -Z macro-backtrace for more info)

error[E0425]: cannot find function `try_recursion_guard` in module 
`arbitrary::size_hint`
     --> C:\Users\pc\.cargo\registry\src\index.crates.io-1949cf8c6b5b557f\stell
ar-xdr-21.2.0\src\curr\generated.rs:21763:42
      |
21763 |   #[cfg_attr(feature = "arbitrary", derive(Arbitrary))]
      |                                            ^^^^^^^^^
      |
     ::: C:\Users\pc\.cargo\registry\src\index.crates.io-1949cf8c6b5b557f\arbit
rary-1.3.2\src\size_hint.rs:12:1
      |
   12 | / pub fn recursion_guard(
   13 | |     depth: usize,
   14 | |     f: impl FnOnce(usize) -> (usize, Option<usize>),
   15 | | ) -> (usize, Option<usize>) {
      | |___________________________- similarly named function 
`recursion_guard` defined here
      |
      = note: this error originates in the derive macro `Arbitrary` (in 
Nightly builds, run with -Z macro-backtrace for more info)

error[E0576]: cannot find method or associated constant `try_size_hint` in 
trait `arbitrary::Arbitrary`
     --> C:\Users\pc\.cargo\registry\src\index.crates.io-1949cf8c6b5b557f\stell
ar-xdr-21.2.0\src\curr\generated.rs:21763:42
      |
21763 | #[cfg_attr(feature = "arbitrary", derive(Arbitrary))]
      |                                          ^^^^^^^^^
      |
     ::: C:\Users\pc\.cargo\registry\src\index.crates.io-1949cf8c6b5b557f\arbit
rary-1.3.2\src\lib.rs:277:5
      |
  277 |     fn size_hint(depth: usize) -> (usize, Option<usize>) {
      |     ---------------------------------------------------- similarly 
named associated function `size_hint` defined here
      |
      = note: this error originates in the derive macro `Arbitrary` (in 
Nightly builds, run with -Z macro-backtrace for more info)

error[E0425]: cannot find type `MaxRecursionReached` in crate `arbitrary`
     --> C:\Users\pc\.cargo\registry\src\index.crates.io-1949cf8c6b5b557f\stell
ar-xdr-21.2.0\src\curr\generated.rs:21818:42
      |
21818 | #[cfg_attr(feature = "arbitrary", derive(Arbitrary))]
      |                                          ^^^^^^^^^ not found in 
`arbitrary`
      |
      = note: this error originates in the derive macro `Arbitrary` (in 
Nightly builds, run with -Z macro-backtrace for more info)

error[E0425]: cannot find function `try_recursion_guard` in module 
`arbitrary::size_hint`
     --> C:\Users\pc\.cargo\registry\src\index.crates.io-1949cf8c6b5b557f\stell
ar-xdr-21.2.0\src\curr\generated.rs:21818:42
      |
21818 |   #[cfg_attr(feature = "arbitrary", derive(Arbitrary))]
      |                                            ^^^^^^^^^
      |
     ::: C:\Users\pc\.cargo\registry\src\index.crates.io-1949cf8c6b5b557f\arbit
rary-1.3.2\src\size_hint.rs:12:1
      |
   12 | / pub fn recursion_guard(
   13 | |     depth: usize,
   14 | |     f: impl FnOnce(usize) -> (usize, Option<usize>),
   15 | | ) -> (usize, Option<usize>) {
      | |___________________________- similarly named function 
`recursion_guard` defined here
      |
      = note: this error originates in the derive macro `Arbitrary` (in 
Nightly builds, run with -Z macro-backtrace for more info)

error[E0576]: cannot find method or associated constant `try_size_hint` in 
trait `arbitrary::Arbitrary`
     --> C:\Users\pc\.cargo\registry\src\index.crates.io-1949cf8c6b5b557f\stell
ar-xdr-21.2.0\src\curr\generated.rs:21818:42
      |
21818 | #[cfg_attr(feature = "arbitrary", derive(Arbitrary))]
      |                                          ^^^^^^^^^
      |
     ::: C:\Users\pc\.cargo\registry\src\index.crates.io-1949cf8c6b5b557f\arbit
rary-1.3.2\src\lib.rs:277:5
      |
  277 |     fn size_hint(depth: usize) -> (usize, Option<usize>) {
      |     ---------------------------------------------------- similarly 
named associated function `size_hint` defined here
      |
      = note: this error originates in the derive macro `Arbitrary` (in 
Nightly builds, run with -Z macro-backtrace for more info)

error[E0425]: cannot find type `MaxRecursionReached` in crate `arbitrary`
     --> C:\Users\pc\.cargo\registry\src\index.crates.io-1949cf8c6b5b557f\stell
ar-xdr-21.2.0\src\curr\generated.rs:21871:42
      |
21871 | #[cfg_attr(feature = "arbitrary", derive(Arbitrary))]
      |                                          ^^^^^^^^^ not found in 
`arbitrary`
      |
      = note: this error originates in the derive macro `Arbitrary` (in 
Nightly builds, run with -Z macro-backtrace for more info)

error[E0425]: cannot find function `try_recursion_guard` in module 
`arbitrary::size_hint`
     --> C:\Users\pc\.cargo\registry\src\index.crates.io-1949cf8c6b5b557f\stell
ar-xdr-21.2.0\src\curr\generated.rs:21871:42
      |
21871 |   #[cfg_attr(feature = "arbitrary", derive(Arbitrary))]
      |                                            ^^^^^^^^^
      |
     ::: C:\Users\pc\.cargo\registry\src\index.crates.io-1949cf8c6b5b557f\arbit
rary-1.3.2\src\size_hint.rs:12:1
      |
   12 | / pub fn recursion_guard(
   13 | |     depth: usize,
   14 | |     f: impl FnOnce(usize) -> (usize, Option<usize>),
   15 | | ) -> (usize, Option<usize>) {
      | |___________________________- similarly named function 
`recursion_guard` defined here
      |
      = note: this error originates in the derive macro `Arbitrary` (in 
Nightly builds, run with -Z macro-backtrace for more info)

error[E0576]: cannot find method or associated constant `try_size_hint` in 
trait `arbitrary::Arbitrary`
     --> C:\Users\pc\.cargo\registry\src\index.crates.io-1949cf8c6b5b557f\stell
ar-xdr-21.2.0\src\curr\generated.rs:21871:42
      |
21871 | #[cfg_attr(feature = "arbitrary", derive(Arbitrary))]
      |                                          ^^^^^^^^^
      |
     ::: C:\Users\pc\.cargo\registry\src\index.crates.io-1949cf8c6b5b557f\arbit
rary-1.3.2\src\lib.rs:277:5
      |
  277 |     fn size_hint(depth: usize) -> (usize, Option<usize>) {
      |     ---------------------------------------------------- similarly 
named associated function `size_hint` defined here
      |
      = note: this error originates in the derive macro `Arbitrary` (in 
Nightly builds, run with -Z macro-backtrace for more info)

error[E0425]: cannot find type `MaxRecursionReached` in crate `arbitrary`
     --> C:\Users\pc\.cargo\registry\src\index.crates.io-1949cf8c6b5b557f\stell
ar-xdr-21.2.0\src\curr\generated.rs:21987:42
      |
21987 | #[cfg_attr(feature = "arbitrary", derive(Arbitrary))]
      |                                          ^^^^^^^^^ not found in 
`arbitrary`
      |
      = note: this error originates in the derive macro `Arbitrary` (in 
Nightly builds, run with -Z macro-backtrace for more info)

error[E0425]: cannot find function `try_recursion_guard` in module 
`arbitrary::size_hint`
     --> C:\Users\pc\.cargo\registry\src\index.crates.io-1949cf8c6b5b557f\stell
ar-xdr-21.2.0\src\curr\generated.rs:21987:42
      |
21987 |   #[cfg_attr(feature = "arbitrary", derive(Arbitrary))]
      |                                            ^^^^^^^^^
      |
     ::: C:\Users\pc\.cargo\registry\src\index.crates.io-1949cf8c6b5b557f\arbit
rary-1.3.2\src\size_hint.rs:12:1
      |
   12 | / pub fn recursion_guard(
   13 | |     depth: usize,
   14 | |     f: impl FnOnce(usize) -> (usize, Option<usize>),
   15 | | ) -> (usize, Option<usize>) {
      | |___________________________- similarly named function 
`recursion_guard` defined here
      |
      = note: this error originates in the derive macro `Arbitrary` (in 
Nightly builds, run with -Z macro-backtrace for more info)

error[E0576]: cannot find method or associated constant `try_size_hint` in 
trait `arbitrary::Arbitrary`
     --> C:\Users\pc\.cargo\registry\src\index.crates.io-1949cf8c6b5b557f\stell
ar-xdr-21.2.0\src\curr\generated.rs:21987:42
      |
21987 | #[cfg_attr(feature = "arbitrary", derive(Arbitrary))]
      |                                          ^^^^^^^^^
      |
     ::: C:\Users\pc\.cargo\registry\src\index.crates.io-1949cf8c6b5b557f\arbit
rary-1.3.2\src\lib.rs:277:5
      |
  277 |     fn size_hint(depth: usize) -> (usize, Option<usize>) {
      |     ---------------------------------------------------- similarly 
named associated function `size_hint` defined here
      |
      = note: this error originates in the derive macro `Arbitrary` (in 
Nightly builds, run with -Z macro-backtrace for more info)

error[E0425]: cannot find type `MaxRecursionReached` in crate `arbitrary`
     --> C:\Users\pc\.cargo\registry\src\index.crates.io-1949cf8c6b5b557f\stell
ar-xdr-21.2.0\src\curr\generated.rs:22036:42
      |
22036 | #[cfg_attr(feature = "arbitrary", derive(Arbitrary))]
      |                                          ^^^^^^^^^ not found in 
`arbitrary`
      |
      = note: this error originates in the derive macro `Arbitrary` (in 
Nightly builds, run with -Z macro-backtrace for more info)

error[E0425]: cannot find function `try_recursion_guard` in module 
`arbitrary::size_hint`
     --> C:\Users\pc\.cargo\registry\src\index.crates.io-1949cf8c6b5b557f\stell
ar-xdr-21.2.0\src\curr\generated.rs:22036:42
      |
22036 |   #[cfg_attr(feature = "arbitrary", derive(Arbitrary))]
      |                                            ^^^^^^^^^
      |
     ::: C:\Users\pc\.cargo\registry\src\index.crates.io-1949cf8c6b5b557f\arbit
rary-1.3.2\src\size_hint.rs:12:1
      |
   12 | / pub fn recursion_guard(
   13 | |     depth: usize,
   14 | |     f: impl FnOnce(usize) -> (usize, Option<usize>),
   15 | | ) -> (usize, Option<usize>) {
      | |___________________________- similarly named function 
`recursion_guard` defined here
      |
      = note: this error originates in the derive macro `Arbitrary` (in 
Nightly builds, run with -Z macro-backtrace for more info)

error[E0576]: cannot find method or associated constant `try_size_hint` in 
trait `arbitrary::Arbitrary`
     --> C:\Users\pc\.cargo\registry\src\index.crates.io-1949cf8c6b5b557f\stell
ar-xdr-21.2.0\src\curr\generated.rs:22036:42
      |
22036 | #[cfg_attr(feature = "arbitrary", derive(Arbitrary))]
      |                                          ^^^^^^^^^
      |
     ::: C:\Users\pc\.cargo\registry\src\index.crates.io-1949cf8c6b5b557f\arbit
rary-1.3.2\src\lib.rs:277:5
      |
  277 |     fn size_hint(depth: usize) -> (usize, Option<usize>) {
      |     ---------------------------------------------------- similarly 
named associated function `size_hint` defined here
      |
      = note: this error originates in the derive macro `Arbitrary` (in 
Nightly builds, run with -Z macro-backtrace for more info)

error[E0425]: cannot find type `MaxRecursionReached` in crate `arbitrary`
     --> C:\Users\pc\.cargo\registry\src\index.crates.io-1949cf8c6b5b557f\stell
ar-xdr-21.2.0\src\curr\generated.rs:22094:42
      |
22094 | #[cfg_attr(feature = "arbitrary", derive(Arbitrary))]
      |                                          ^^^^^^^^^ not found in 
`arbitrary`
      |
      = note: this error originates in the derive macro `Arbitrary` (in 
Nightly builds, run with -Z macro-backtrace for more info)

error[E0425]: cannot find function `try_recursion_guard` in module 
`arbitrary::size_hint`
     --> C:\Users\pc\.cargo\registry\src\index.crates.io-1949cf8c6b5b557f\stell
ar-xdr-21.2.0\src\curr\generated.rs:22094:42
      |
22094 |   #[cfg_attr(feature = "arbitrary", derive(Arbitrary))]
      |                                            ^^^^^^^^^
      |
     ::: C:\Users\pc\.cargo\registry\src\index.crates.io-1949cf8c6b5b557f\arbit
rary-1.3.2\src\size_hint.rs:12:1
      |
   12 | / pub fn recursion_guard(
   13 | |     depth: usize,
   14 | |     f: impl FnOnce(usize) -> (usize, Option<usize>),
   15 | | ) -> (usize, Option<usize>) {
      | |___________________________- similarly named function 
`recursion_guard` defined here
      |
      = note: this error originates in the derive macro `Arbitrary` (in 
Nightly builds, run with -Z macro-backtrace for more info)

error[E0576]: cannot find method or associated constant `try_size_hint` in 
trait `arbitrary::Arbitrary`
     --> C:\Users\pc\.cargo\registry\src\index.crates.io-1949cf8c6b5b557f\stell
ar-xdr-21.2.0\src\curr\generated.rs:22094:42
      |
22094 | #[cfg_attr(feature = "arbitrary", derive(Arbitrary))]
      |                                          ^^^^^^^^^
      |
     ::: C:\Users\pc\.cargo\registry\src\index.crates.io-1949cf8c6b5b557f\arbit
rary-1.3.2\src\lib.rs:277:5
      |
  277 |     fn size_hint(depth: usize) -> (usize, Option<usize>) {
      |     ---------------------------------------------------- similarly 
named associated function `size_hint` defined here
      |
      = note: this error originates in the derive macro `Arbitrary` (in 
Nightly builds, run with -Z macro-backtrace for more info)

error[E0425]: cannot find type `MaxRecursionReached` in crate `arbitrary`
     --> C:\Users\pc\.cargo\registry\src\index.crates.io-1949cf8c6b5b557f\stell
ar-xdr-21.2.0\src\curr\generated.rs:22149:42
      |
22149 | #[cfg_attr(feature = "arbitrary", derive(Arbitrary))]
      |                                          ^^^^^^^^^ not found in 
`arbitrary`
      |
      = note: this error originates in the derive macro `Arbitrary` (in 
Nightly builds, run with -Z macro-backtrace for more info)

error[E0425]: cannot find function `try_recursion_guard` in module 
`arbitrary::size_hint`
     --> C:\Users\pc\.cargo\registry\src\index.crates.io-1949cf8c6b5b557f\stell
ar-xdr-21.2.0\src\curr\generated.rs:22149:42
      |
22149 |   #[cfg_attr(feature = "arbitrary", derive(Arbitrary))]
      |                                            ^^^^^^^^^
      |
     ::: C:\Users\pc\.cargo\registry\src\index.crates.io-1949cf8c6b5b557f\arbit
rary-1.3.2\src\size_hint.rs:12:1
      |
   12 | / pub fn recursion_guard(
   13 | |     depth: usize,
   14 | |     f: impl FnOnce(usize) -> (usize, Option<usize>),
   15 | | ) -> (usize, Option<usize>) {
      | |___________________________- similarly named function 
`recursion_guard` defined here
      |
      = note: this error originates in the derive macro `Arbitrary` (in 
Nightly builds, run with -Z macro-backtrace for more info)

error[E0576]: cannot find method or associated constant `try_size_hint` in 
trait `arbitrary::Arbitrary`
     --> C:\Users\pc\.cargo\registry\src\index.crates.io-1949cf8c6b5b557f\stell
ar-xdr-21.2.0\src\curr\generated.rs:22149:42
      |
22149 | #[cfg_attr(feature = "arbitrary", derive(Arbitrary))]
      |                                          ^^^^^^^^^
      |
     ::: C:\Users\pc\.cargo\registry\src\index.crates.io-1949cf8c6b5b557f\arbit
rary-1.3.2\src\lib.rs:277:5
      |
  277 |     fn size_hint(depth: usize) -> (usize, Option<usize>) {
      |     ---------------------------------------------------- similarly 
named associated function `size_hint` defined here
      |
      = note: this error originates in the derive macro `Arbitrary` (in 
Nightly builds, run with -Z macro-backtrace for more info)

error[E0425]: cannot find type `MaxRecursionReached` in crate `arbitrary`
     --> C:\Users\pc\.cargo\registry\src\index.crates.io-1949cf8c6b5b557f\stell
ar-xdr-21.2.0\src\curr\generated.rs:22198:42
      |
22198 | #[cfg_attr(feature = "arbitrary", derive(Arbitrary))]
      |                                          ^^^^^^^^^ not found in 
`arbitrary`
      |
      = note: this error originates in the derive macro `Arbitrary` (in 
Nightly builds, run with -Z macro-backtrace for more info)

error[E0425]: cannot find function `try_recursion_guard` in module 
`arbitrary::size_hint`
     --> C:\Users\pc\.cargo\registry\src\index.crates.io-1949cf8c6b5b557f\stell
ar-xdr-21.2.0\src\curr\generated.rs:22198:42
      |
22198 |   #[cfg_attr(feature = "arbitrary", derive(Arbitrary))]
      |                                            ^^^^^^^^^
      |
     ::: C:\Users\pc\.cargo\registry\src\index.crates.io-1949cf8c6b5b557f\arbit
rary-1.3.2\src\size_hint.rs:12:1
      |
   12 | / pub fn recursion_guard(
   13 | |     depth: usize,
   14 | |     f: impl FnOnce(usize) -> (usize, Option<usize>),
   15 | | ) -> (usize, Option<usize>) {
      | |___________________________- similarly named function 
`recursion_guard` defined here
      |
      = note: this error originates in the derive macro `Arbitrary` (in 
Nightly builds, run with -Z macro-backtrace for more info)

error[E0576]: cannot find method or associated constant `try_size_hint` in 
trait `arbitrary::Arbitrary`
     --> C:\Users\pc\.cargo\registry\src\index.crates.io-1949cf8c6b5b557f\stell
ar-xdr-21.2.0\src\curr\generated.rs:22198:42
      |
22198 | #[cfg_attr(feature = "arbitrary", derive(Arbitrary))]
      |                                          ^^^^^^^^^
      |
     ::: C:\Users\pc\.cargo\registry\src\index.crates.io-1949cf8c6b5b557f\arbit
rary-1.3.2\src\lib.rs:277:5
      |
  277 |     fn size_hint(depth: usize) -> (usize, Option<usize>) {
      |     ---------------------------------------------------- similarly 
named associated function `size_hint` defined here
      |
      = note: this error originates in the derive macro `Arbitrary` (in 
Nightly builds, run with -Z macro-backtrace for more info)

error[E0425]: cannot find type `MaxRecursionReached` in crate `arbitrary`
     --> C:\Users\pc\.cargo\registry\src\index.crates.io-1949cf8c6b5b557f\stell
ar-xdr-21.2.0\src\curr\generated.rs:22328:42
      |
22328 | #[cfg_attr(feature = "arbitrary", derive(Arbitrary))]
      |                                          ^^^^^^^^^ not found in 
`arbitrary`
      |
      = note: this error originates in the derive macro `Arbitrary` (in 
Nightly builds, run with -Z macro-backtrace for more info)

error[E0425]: cannot find function `try_recursion_guard` in module 
`arbitrary::size_hint`
     --> C:\Users\pc\.cargo\registry\src\index.crates.io-1949cf8c6b5b557f\stell
ar-xdr-21.2.0\src\curr\generated.rs:22328:42
      |
22328 |   #[cfg_attr(feature = "arbitrary", derive(Arbitrary))]
      |                                            ^^^^^^^^^
      |
     ::: C:\Users\pc\.cargo\registry\src\index.crates.io-1949cf8c6b5b557f\arbit
rary-1.3.2\src\size_hint.rs:12:1
      |
   12 | / pub fn recursion_guard(
   13 | |     depth: usize,
   14 | |     f: impl FnOnce(usize) -> (usize, Option<usize>),
   15 | | ) -> (usize, Option<usize>) {
      | |___________________________- similarly named function 
`recursion_guard` defined here
      |
      = note: this error originates in the derive macro `Arbitrary` (in 
Nightly builds, run with -Z macro-backtrace for more info)

error[E0576]: cannot find method or associated constant `try_size_hint` in 
trait `arbitrary::Arbitrary`
     --> C:\Users\pc\.cargo\registry\src\index.crates.io-1949cf8c6b5b557f\stell
ar-xdr-21.2.0\src\curr\generated.rs:22328:42
      |
22328 | #[cfg_attr(feature = "arbitrary", derive(Arbitrary))]
      |                                          ^^^^^^^^^
      |
     ::: C:\Users\pc\.cargo\registry\src\index.crates.io-1949cf8c6b5b557f\arbit
rary-1.3.2\src\lib.rs:277:5
      |
  277 |     fn size_hint(depth: usize) -> (usize, Option<usize>) {
      |     ---------------------------------------------------- similarly 
named associated function `size_hint` defined here
      |
      = note: this error originates in the derive macro `Arbitrary` (in 
Nightly builds, run with -Z macro-backtrace for more info)

error[E0425]: cannot find type `MaxRecursionReached` in crate `arbitrary`
     --> C:\Users\pc\.cargo\registry\src\index.crates.io-1949cf8c6b5b557f\stell
ar-xdr-21.2.0\src\curr\generated.rs:22398:42
      |
22398 | #[cfg_attr(feature = "arbitrary", derive(Arbitrary))]
      |                                          ^^^^^^^^^ not found in 
`arbitrary`
      |
      = note: this error originates in the derive macro `Arbitrary` (in 
Nightly builds, run with -Z macro-backtrace for more info)

error[E0425]: cannot find function `try_recursion_guard` in module 
`arbitrary::size_hint`
     --> C:\Users\pc\.cargo\registry\src\index.crates.io-1949cf8c6b5b557f\stell
ar-xdr-21.2.0\src\curr\generated.rs:22398:42
      |
22398 |   #[cfg_attr(feature = "arbitrary", derive(Arbitrary))]
      |                                            ^^^^^^^^^
      |
     ::: C:\Users\pc\.cargo\registry\src\index.crates.io-1949cf8c6b5b557f\arbit
rary-1.3.2\src\size_hint.rs:12:1
      |
   12 | / pub fn recursion_guard(
   13 | |     depth: usize,
   14 | |     f: impl FnOnce(usize) -> (usize, Option<usize>),
   15 | | ) -> (usize, Option<usize>) {
      | |___________________________- similarly named function 
`recursion_guard` defined here
      |
      = note: this error originates in the derive macro `Arbitrary` (in 
Nightly builds, run with -Z macro-backtrace for more info)

error[E0576]: cannot find method or associated constant `try_size_hint` in 
trait `arbitrary::Arbitrary`
     --> C:\Users\pc\.cargo\registry\src\index.crates.io-1949cf8c6b5b557f\stell
ar-xdr-21.2.0\src\curr\generated.rs:22398:42
      |
22398 | #[cfg_attr(feature = "arbitrary", derive(Arbitrary))]
      |                                          ^^^^^^^^^
      |
     ::: C:\Users\pc\.cargo\registry\src\index.crates.io-1949cf8c6b5b557f\arbit
rary-1.3.2\src\lib.rs:277:5
      |
  277 |     fn size_hint(depth: usize) -> (usize, Option<usize>) {
      |     ---------------------------------------------------- similarly 
named associated function `size_hint` defined here
      |
      = note: this error originates in the derive macro `Arbitrary` (in 
Nightly builds, run with -Z macro-backtrace for more info)

error[E0425]: cannot find type `MaxRecursionReached` in crate `arbitrary`
     --> C:\Users\pc\.cargo\registry\src\index.crates.io-1949cf8c6b5b557f\stell
ar-xdr-21.2.0\src\curr\generated.rs:22627:42
      |
22627 | #[cfg_attr(feature = "arbitrary", derive(Arbitrary))]
      |                                          ^^^^^^^^^ not found in 
`arbitrary`
      |
      = note: this error originates in the derive macro `Arbitrary` (in 
Nightly builds, run with -Z macro-backtrace for more info)

error[E0425]: cannot find function `try_recursion_guard` in module 
`arbitrary::size_hint`
     --> C:\Users\pc\.cargo\registry\src\index.crates.io-1949cf8c6b5b557f\stell
ar-xdr-21.2.0\src\curr\generated.rs:22627:42
      |
22627 |   #[cfg_attr(feature = "arbitrary", derive(Arbitrary))]
      |                                            ^^^^^^^^^
      |
     ::: C:\Users\pc\.cargo\registry\src\index.crates.io-1949cf8c6b5b557f\arbit
rary-1.3.2\src\size_hint.rs:12:1
      |
   12 | / pub fn recursion_guard(
   13 | |     depth: usize,
   14 | |     f: impl FnOnce(usize) -> (usize, Option<usize>),
   15 | | ) -> (usize, Option<usize>) {
      | |___________________________- similarly named function 
`recursion_guard` defined here
      |
      = note: this error originates in the derive macro `Arbitrary` (in 
Nightly builds, run with -Z macro-backtrace for more info)

error[E0576]: cannot find method or associated constant `try_size_hint` in 
trait `arbitrary::Arbitrary`
     --> C:\Users\pc\.cargo\registry\src\index.crates.io-1949cf8c6b5b557f\stell
ar-xdr-21.2.0\src\curr\generated.rs:22627:42
      |
22627 | #[cfg_attr(feature = "arbitrary", derive(Arbitrary))]
      |                                          ^^^^^^^^^
      |
     ::: C:\Users\pc\.cargo\registry\src\index.crates.io-1949cf8c6b5b557f\arbit
rary-1.3.2\src\lib.rs:277:5
      |
  277 |     fn size_hint(depth: usize) -> (usize, Option<usize>) {
      |     ---------------------------------------------------- similarly 
named associated function `size_hint` defined here
      |
      = note: this error originates in the derive macro `Arbitrary` (in 
Nightly builds, run with -Z macro-backtrace for more info)

error[E0425]: cannot find type `MaxRecursionReached` in crate `arbitrary`
     --> C:\Users\pc\.cargo\registry\src\index.crates.io-1949cf8c6b5b557f\stell
ar-xdr-21.2.0\src\curr\generated.rs:22672:42
      |
22672 | #[cfg_attr(feature = "arbitrary", derive(Arbitrary))]
      |                                          ^^^^^^^^^ not found in 
`arbitrary`
      |
      = note: this error originates in the derive macro `Arbitrary` (in 
Nightly builds, run with -Z macro-backtrace for more info)

error[E0425]: cannot find function `try_recursion_guard` in module 
`arbitrary::size_hint`
     --> C:\Users\pc\.cargo\registry\src\index.crates.io-1949cf8c6b5b557f\stell
ar-xdr-21.2.0\src\curr\generated.rs:22672:42
      |
22672 |   #[cfg_attr(feature = "arbitrary", derive(Arbitrary))]
      |                                            ^^^^^^^^^
      |
     ::: C:\Users\pc\.cargo\registry\src\index.crates.io-1949cf8c6b5b557f\arbit
rary-1.3.2\src\size_hint.rs:12:1
      |
   12 | / pub fn recursion_guard(
   13 | |     depth: usize,
   14 | |     f: impl FnOnce(usize) -> (usize, Option<usize>),
   15 | | ) -> (usize, Option<usize>) {
      | |___________________________- similarly named function 
`recursion_guard` defined here
      |
      = note: this error originates in the derive macro `Arbitrary` (in 
Nightly builds, run with -Z macro-backtrace for more info)

error[E0576]: cannot find method or associated constant `try_size_hint` in 
trait `arbitrary::Arbitrary`
     --> C:\Users\pc\.cargo\registry\src\index.crates.io-1949cf8c6b5b557f\stell
ar-xdr-21.2.0\src\curr\generated.rs:22672:42
      |
22672 | #[cfg_attr(feature = "arbitrary", derive(Arbitrary))]
      |                                          ^^^^^^^^^
      |
     ::: C:\Users\pc\.cargo\registry\src\index.crates.io-1949cf8c6b5b557f\arbit
rary-1.3.2\src\lib.rs:277:5
      |
  277 |     fn size_hint(depth: usize) -> (usize, Option<usize>) {
      |     ---------------------------------------------------- similarly 
named associated function `size_hint` defined here
      |
      = note: this error originates in the derive macro `Arbitrary` (in 
Nightly builds, run with -Z macro-backtrace for more info)

error[E0425]: cannot find type `MaxRecursionReached` in crate `arbitrary`
     --> C:\Users\pc\.cargo\registry\src\index.crates.io-1949cf8c6b5b557f\stell
ar-xdr-21.2.0\src\curr\generated.rs:22715:42
      |
22715 | #[cfg_attr(feature = "arbitrary", derive(Arbitrary))]
      |                                          ^^^^^^^^^ not found in 
`arbitrary`
      |
      = note: this error originates in the derive macro `Arbitrary` (in 
Nightly builds, run with -Z macro-backtrace for more info)

error[E0425]: cannot find function `try_recursion_guard` in module 
`arbitrary::size_hint`
     --> C:\Users\pc\.cargo\registry\src\index.crates.io-1949cf8c6b5b557f\stell
ar-xdr-21.2.0\src\curr\generated.rs:22715:42
      |
22715 |   #[cfg_attr(feature = "arbitrary", derive(Arbitrary))]
      |                                            ^^^^^^^^^
      |
     ::: C:\Users\pc\.cargo\registry\src\index.crates.io-1949cf8c6b5b557f\arbit
rary-1.3.2\src\size_hint.rs:12:1
      |
   12 | / pub fn recursion_guard(
   13 | |     depth: usize,
   14 | |     f: impl FnOnce(usize) -> (usize, Option<usize>),
   15 | | ) -> (usize, Option<usize>) {
      | |___________________________- similarly named function 
`recursion_guard` defined here
      |
      = note: this error originates in the derive macro `Arbitrary` (in 
Nightly builds, run with -Z macro-backtrace for more info)

error[E0576]: cannot find method or associated constant `try_size_hint` in 
trait `arbitrary::Arbitrary`
     --> C:\Users\pc\.cargo\registry\src\index.crates.io-1949cf8c6b5b557f\stell
ar-xdr-21.2.0\src\curr\generated.rs:22715:42
      |
22715 | #[cfg_attr(feature = "arbitrary", derive(Arbitrary))]
      |                                          ^^^^^^^^^
      |
     ::: C:\Users\pc\.cargo\registry\src\index.crates.io-1949cf8c6b5b557f\arbit
rary-1.3.2\src\lib.rs:277:5
      |
  277 |     fn size_hint(depth: usize) -> (usize, Option<usize>) {
      |     ---------------------------------------------------- similarly 
named associated function `size_hint` defined here
      |
      = note: this error originates in the derive macro `Arbitrary` (in 
Nightly builds, run with -Z macro-backtrace for more info)

error[E0425]: cannot find type `MaxRecursionReached` in crate `arbitrary`
     --> C:\Users\pc\.cargo\registry\src\index.crates.io-1949cf8c6b5b557f\stell
ar-xdr-21.2.0\src\curr\generated.rs:22762:42
      |
22762 | #[cfg_attr(feature = "arbitrary", derive(Arbitrary))]
      |                                          ^^^^^^^^^ not found in 
`arbitrary`
      |
      = note: this error originates in the derive macro `Arbitrary` (in 
Nightly builds, run with -Z macro-backtrace for more info)

error[E0425]: cannot find function `try_recursion_guard` in module 
`arbitrary::size_hint`
     --> C:\Users\pc\.cargo\registry\src\index.crates.io-1949cf8c6b5b557f\stell
ar-xdr-21.2.0\src\curr\generated.rs:22762:42
      |
22762 |   #[cfg_attr(feature = "arbitrary", derive(Arbitrary))]
      |                                            ^^^^^^^^^
      |
     ::: C:\Users\pc\.cargo\registry\src\index.crates.io-1949cf8c6b5b557f\arbit
rary-1.3.2\src\size_hint.rs:12:1
      |
   12 | / pub fn recursion_guard(
   13 | |     depth: usize,
   14 | |     f: impl FnOnce(usize) -> (usize, Option<usize>),
   15 | | ) -> (usize, Option<usize>) {
      | |___________________________- similarly named function 
`recursion_guard` defined here
      |
      = note: this error originates in the derive macro `Arbitrary` (in 
Nightly builds, run with -Z macro-backtrace for more info)

error[E0576]: cannot find method or associated constant `try_size_hint` in 
trait `arbitrary::Arbitrary`
     --> C:\Users\pc\.cargo\registry\src\index.crates.io-1949cf8c6b5b557f\stell
ar-xdr-21.2.0\src\curr\generated.rs:22762:42
      |
22762 | #[cfg_attr(feature = "arbitrary", derive(Arbitrary))]
      |                                          ^^^^^^^^^
      |
     ::: C:\Users\pc\.cargo\registry\src\index.crates.io-1949cf8c6b5b557f\arbit
rary-1.3.2\src\lib.rs:277:5
      |
  277 |     fn size_hint(depth: usize) -> (usize, Option<usize>) {
      |     ---------------------------------------------------- similarly 
named associated function `size_hint` defined here
      |
      = note: this error originates in the derive macro `Arbitrary` (in 
Nightly builds, run with -Z macro-backtrace for more info)

error[E0425]: cannot find type `MaxRecursionReached` in crate `arbitrary`
     --> C:\Users\pc\.cargo\registry\src\index.crates.io-1949cf8c6b5b557f\stell
ar-xdr-21.2.0\src\curr\generated.rs:22818:42
      |
22818 | #[cfg_attr(feature = "arbitrary", derive(Arbitrary))]
      |                                          ^^^^^^^^^ not found in 
`arbitrary`
      |
      = note: this error originates in the derive macro `Arbitrary` (in 
Nightly builds, run with -Z macro-backtrace for more info)

error[E0425]: cannot find function `try_recursion_guard` in module 
`arbitrary::size_hint`
     --> C:\Users\pc\.cargo\registry\src\index.crates.io-1949cf8c6b5b557f\stell
ar-xdr-21.2.0\src\curr\generated.rs:22818:42
      |
22818 |   #[cfg_attr(feature = "arbitrary", derive(Arbitrary))]
      |                                            ^^^^^^^^^
      |
     ::: C:\Users\pc\.cargo\registry\src\index.crates.io-1949cf8c6b5b557f\arbit
rary-1.3.2\src\size_hint.rs:12:1
      |
   12 | / pub fn recursion_guard(
   13 | |     depth: usize,
   14 | |     f: impl FnOnce(usize) -> (usize, Option<usize>),
   15 | | ) -> (usize, Option<usize>) {
      | |___________________________- similarly named function 
`recursion_guard` defined here
      |
      = note: this error originates in the derive macro `Arbitrary` (in 
Nightly builds, run with -Z macro-backtrace for more info)

error[E0576]: cannot find method or associated constant `try_size_hint` in 
trait `arbitrary::Arbitrary`
     --> C:\Users\pc\.cargo\registry\src\index.crates.io-1949cf8c6b5b557f\stell
ar-xdr-21.2.0\src\curr\generated.rs:22818:42
      |
22818 | #[cfg_attr(feature = "arbitrary", derive(Arbitrary))]
      |                                          ^^^^^^^^^
      |
     ::: C:\Users\pc\.cargo\registry\src\index.crates.io-1949cf8c6b5b557f\arbit
rary-1.3.2\src\lib.rs:277:5
      |
  277 |     fn size_hint(depth: usize) -> (usize, Option<usize>) {
      |     ---------------------------------------------------- similarly 
named associated function `size_hint` defined here
      |
      = note: this error originates in the derive macro `Arbitrary` (in 
Nightly builds, run with -Z macro-backtrace for more info)

error[E0425]: cannot find type `MaxRecursionReached` in crate `arbitrary`
     --> C:\Users\pc\.cargo\registry\src\index.crates.io-1949cf8c6b5b557f\stell
ar-xdr-21.2.0\src\curr\generated.rs:22892:42
      |
22892 | #[cfg_attr(feature = "arbitrary", derive(Arbitrary))]
      |                                          ^^^^^^^^^ not found in 
`arbitrary`
      |
      = note: this error originates in the derive macro `Arbitrary` (in 
Nightly builds, run with -Z macro-backtrace for more info)

error[E0425]: cannot find function `try_recursion_guard` in module 
`arbitrary::size_hint`
     --> C:\Users\pc\.cargo\registry\src\index.crates.io-1949cf8c6b5b557f\stell
ar-xdr-21.2.0\src\curr\generated.rs:22892:42
      |
22892 |   #[cfg_attr(feature = "arbitrary", derive(Arbitrary))]
      |                                            ^^^^^^^^^
      |
     ::: C:\Users\pc\.cargo\registry\src\index.crates.io-1949cf8c6b5b557f\arbit
rary-1.3.2\src\size_hint.rs:12:1
      |
   12 | / pub fn recursion_guard(
   13 | |     depth: usize,
   14 | |     f: impl FnOnce(usize) -> (usize, Option<usize>),
   15 | | ) -> (usize, Option<usize>) {
      | |___________________________- similarly named function 
`recursion_guard` defined here
      |
      = note: this error originates in the derive macro `Arbitrary` (in 
Nightly builds, run with -Z macro-backtrace for more info)

error[E0576]: cannot find method or associated constant `try_size_hint` in 
trait `arbitrary::Arbitrary`
     --> C:\Users\pc\.cargo\registry\src\index.crates.io-1949cf8c6b5b557f\stell
ar-xdr-21.2.0\src\curr\generated.rs:22892:42
      |
22892 | #[cfg_attr(feature = "arbitrary", derive(Arbitrary))]
      |                                          ^^^^^^^^^
      |
     ::: C:\Users\pc\.cargo\registry\src\index.crates.io-1949cf8c6b5b557f\arbit
rary-1.3.2\src\lib.rs:277:5
      |
  277 |     fn size_hint(depth: usize) -> (usize, Option<usize>) {
      |     ---------------------------------------------------- similarly 
named associated function `size_hint` defined here
      |
      = note: this error originates in the derive macro `Arbitrary` (in 
Nightly builds, run with -Z macro-backtrace for more info)

error[E0425]: cannot find type `MaxRecursionReached` in crate `arbitrary`
     --> C:\Users\pc\.cargo\registry\src\index.crates.io-1949cf8c6b5b557f\stell
ar-xdr-21.2.0\src\curr\generated.rs:23044:42
      |
23044 | #[cfg_attr(feature = "arbitrary", derive(Arbitrary))]
      |                                          ^^^^^^^^^ not found in 
`arbitrary`
      |
      = note: this error originates in the derive macro `Arbitrary` (in 
Nightly builds, run with -Z macro-backtrace for more info)

error[E0425]: cannot find function `try_recursion_guard` in module 
`arbitrary::size_hint`
     --> C:\Users\pc\.cargo\registry\src\index.crates.io-1949cf8c6b5b557f\stell
ar-xdr-21.2.0\src\curr\generated.rs:23044:42
      |
23044 |   #[cfg_attr(feature = "arbitrary", derive(Arbitrary))]
      |                                            ^^^^^^^^^
      |
     ::: C:\Users\pc\.cargo\registry\src\index.crates.io-1949cf8c6b5b557f\arbit
rary-1.3.2\src\size_hint.rs:12:1
      |
   12 | / pub fn recursion_guard(
   13 | |     depth: usize,
   14 | |     f: impl FnOnce(usize) -> (usize, Option<usize>),
   15 | | ) -> (usize, Option<usize>) {
      | |___________________________- similarly named function 
`recursion_guard` defined here
      |
      = note: this error originates in the derive macro `Arbitrary` (in 
Nightly builds, run with -Z macro-backtrace for more info)

error[E0576]: cannot find method or associated constant `try_size_hint` in 
trait `arbitrary::Arbitrary`
     --> C:\Users\pc\.cargo\registry\src\index.crates.io-1949cf8c6b5b557f\stell
ar-xdr-21.2.0\src\curr\generated.rs:23044:42
      |
23044 | #[cfg_attr(feature = "arbitrary", derive(Arbitrary))]
      |                                          ^^^^^^^^^
      |
     ::: C:\Users\pc\.cargo\registry\src\index.crates.io-1949cf8c6b5b557f\arbit
rary-1.3.2\src\lib.rs:277:5
      |
  277 |     fn size_hint(depth: usize) -> (usize, Option<usize>) {
      |     ---------------------------------------------------- similarly 
named associated function `size_hint` defined here
      |
      = note: this error originates in the derive macro `Arbitrary` (in 
Nightly builds, run with -Z macro-backtrace for more info)

error[E0425]: cannot find type `MaxRecursionReached` in crate `arbitrary`
     --> C:\Users\pc\.cargo\registry\src\index.crates.io-1949cf8c6b5b557f\stell
ar-xdr-21.2.0\src\curr\generated.rs:23157:42
      |
23157 | #[cfg_attr(feature = "arbitrary", derive(Arbitrary))]
      |                                          ^^^^^^^^^ not found in 
`arbitrary`
      |
      = note: this error originates in the derive macro `Arbitrary` (in 
Nightly builds, run with -Z macro-backtrace for more info)

error[E0425]: cannot find function `try_recursion_guard` in module 
`arbitrary::size_hint`
     --> C:\Users\pc\.cargo\registry\src\index.crates.io-1949cf8c6b5b557f\stell
ar-xdr-21.2.0\src\curr\generated.rs:23157:42
      |
23157 |   #[cfg_attr(feature = "arbitrary", derive(Arbitrary))]
      |                                            ^^^^^^^^^
      |
     ::: C:\Users\pc\.cargo\registry\src\index.crates.io-1949cf8c6b5b557f\arbit
rary-1.3.2\src\size_hint.rs:12:1
      |
   12 | / pub fn recursion_guard(
   13 | |     depth: usize,
   14 | |     f: impl FnOnce(usize) -> (usize, Option<usize>),
   15 | | ) -> (usize, Option<usize>) {
      | |___________________________- similarly named function 
`recursion_guard` defined here
      |
      = note: this error originates in the derive macro `Arbitrary` (in 
Nightly builds, run with -Z macro-backtrace for more info)

error[E0576]: cannot find method or associated constant `try_size_hint` in 
trait `arbitrary::Arbitrary`
     --> C:\Users\pc\.cargo\registry\src\index.crates.io-1949cf8c6b5b557f\stell
ar-xdr-21.2.0\src\curr\generated.rs:23157:42
      |
23157 | #[cfg_attr(feature = "arbitrary", derive(Arbitrary))]
      |                                          ^^^^^^^^^
      |
     ::: C:\Users\pc\.cargo\registry\src\index.crates.io-1949cf8c6b5b557f\arbit
rary-1.3.2\src\lib.rs:277:5
      |
  277 |     fn size_hint(depth: usize) -> (usize, Option<usize>) {
      |     ---------------------------------------------------- similarly 
named associated function `size_hint` defined here
      |
      = note: this error originates in the derive macro `Arbitrary` (in 
Nightly builds, run with -Z macro-backtrace for more info)

error[E0425]: cannot find type `MaxRecursionReached` in crate `arbitrary`
     --> C:\Users\pc\.cargo\registry\src\index.crates.io-1949cf8c6b5b557f\stell
ar-xdr-21.2.0\src\curr\generated.rs:23461:42
      |
23461 | #[cfg_attr(feature = "arbitrary", derive(Arbitrary))]
      |                                          ^^^^^^^^^ not found in 
`arbitrary`
      |
      = note: this error originates in the derive macro `Arbitrary` (in 
Nightly builds, run with -Z macro-backtrace for more info)

error[E0425]: cannot find function `try_recursion_guard` in module 
`arbitrary::size_hint`
     --> C:\Users\pc\.cargo\registry\src\index.crates.io-1949cf8c6b5b557f\stell
ar-xdr-21.2.0\src\curr\generated.rs:23461:42
      |
23461 |   #[cfg_attr(feature = "arbitrary", derive(Arbitrary))]
      |                                            ^^^^^^^^^
      |
     ::: C:\Users\pc\.cargo\registry\src\index.crates.io-1949cf8c6b5b557f\arbit
rary-1.3.2\src\size_hint.rs:12:1
      |
   12 | / pub fn recursion_guard(
   13 | |     depth: usize,
   14 | |     f: impl FnOnce(usize) -> (usize, Option<usize>),
   15 | | ) -> (usize, Option<usize>) {
      | |___________________________- similarly named function 
`recursion_guard` defined here
      |
      = note: this error originates in the derive macro `Arbitrary` (in 
Nightly builds, run with -Z macro-backtrace for more info)

error[E0576]: cannot find method or associated constant `try_size_hint` in 
trait `arbitrary::Arbitrary`
     --> C:\Users\pc\.cargo\registry\src\index.crates.io-1949cf8c6b5b557f\stell
ar-xdr-21.2.0\src\curr\generated.rs:23461:42
      |
23461 | #[cfg_attr(feature = "arbitrary", derive(Arbitrary))]
      |                                          ^^^^^^^^^
      |
     ::: C:\Users\pc\.cargo\registry\src\index.crates.io-1949cf8c6b5b557f\arbit
rary-1.3.2\src\lib.rs:277:5
      |
  277 |     fn size_hint(depth: usize) -> (usize, Option<usize>) {
      |     ---------------------------------------------------- similarly 
named associated function `size_hint` defined here
      |
      = note: this error originates in the derive macro `Arbitrary` (in 
Nightly builds, run with -Z macro-backtrace for more info)

error[E0425]: cannot find type `MaxRecursionReached` in crate `arbitrary`
     --> C:\Users\pc\.cargo\registry\src\index.crates.io-1949cf8c6b5b557f\stell
ar-xdr-21.2.0\src\curr\generated.rs:23731:42
      |
23731 | #[cfg_attr(feature = "arbitrary", derive(Arbitrary))]
      |                                          ^^^^^^^^^ not found in 
`arbitrary`
      |
      = note: this error originates in the derive macro `Arbitrary` (in 
Nightly builds, run with -Z macro-backtrace for more info)

error[E0425]: cannot find function `try_recursion_guard` in module 
`arbitrary::size_hint`
     --> C:\Users\pc\.cargo\registry\src\index.crates.io-1949cf8c6b5b557f\stell
ar-xdr-21.2.0\src\curr\generated.rs:23731:42
      |
23731 |   #[cfg_attr(feature = "arbitrary", derive(Arbitrary))]
      |                                            ^^^^^^^^^
      |
     ::: C:\Users\pc\.cargo\registry\src\index.crates.io-1949cf8c6b5b557f\arbit
rary-1.3.2\src\size_hint.rs:12:1
      |
   12 | / pub fn recursion_guard(
   13 | |     depth: usize,
   14 | |     f: impl FnOnce(usize) -> (usize, Option<usize>),
   15 | | ) -> (usize, Option<usize>) {
      | |___________________________- similarly named function 
`recursion_guard` defined here
      |
      = note: this error originates in the derive macro `Arbitrary` (in 
Nightly builds, run with -Z macro-backtrace for more info)

error[E0576]: cannot find method or associated constant `try_size_hint` in 
trait `arbitrary::Arbitrary`
     --> C:\Users\pc\.cargo\registry\src\index.crates.io-1949cf8c6b5b557f\stell
ar-xdr-21.2.0\src\curr\generated.rs:23731:42
      |
23731 | #[cfg_attr(feature = "arbitrary", derive(Arbitrary))]
      |                                          ^^^^^^^^^
      |
     ::: C:\Users\pc\.cargo\registry\src\index.crates.io-1949cf8c6b5b557f\arbit
rary-1.3.2\src\lib.rs:277:5
      |
  277 |     fn size_hint(depth: usize) -> (usize, Option<usize>) {
      |     ---------------------------------------------------- similarly 
named associated function `size_hint` defined here
      |
      = note: this error originates in the derive macro `Arbitrary` (in 
Nightly builds, run with -Z macro-backtrace for more info)

error[E0425]: cannot find type `MaxRecursionReached` in crate `arbitrary`
     --> C:\Users\pc\.cargo\registry\src\index.crates.io-1949cf8c6b5b557f\stell
ar-xdr-21.2.0\src\curr\generated.rs:23780:42
      |
23780 | #[cfg_attr(feature = "arbitrary", derive(Arbitrary))]
      |                                          ^^^^^^^^^ not found in 
`arbitrary`
      |
      = note: this error originates in the derive macro `Arbitrary` (in 
Nightly builds, run with -Z macro-backtrace for more info)

error[E0425]: cannot find function `try_recursion_guard` in module 
`arbitrary::size_hint`
     --> C:\Users\pc\.cargo\registry\src\index.crates.io-1949cf8c6b5b557f\stell
ar-xdr-21.2.0\src\curr\generated.rs:23780:42
      |
23780 |   #[cfg_attr(feature = "arbitrary", derive(Arbitrary))]
      |                                            ^^^^^^^^^
      |
     ::: C:\Users\pc\.cargo\registry\src\index.crates.io-1949cf8c6b5b557f\arbit
rary-1.3.2\src\size_hint.rs:12:1
      |
   12 | / pub fn recursion_guard(
   13 | |     depth: usize,
   14 | |     f: impl FnOnce(usize) -> (usize, Option<usize>),
   15 | | ) -> (usize, Option<usize>) {
      | |___________________________- similarly named function 
`recursion_guard` defined here
      |
      = note: this error originates in the derive macro `Arbitrary` (in 
Nightly builds, run with -Z macro-backtrace for more info)

error[E0576]: cannot find method or associated constant `try_size_hint` in 
trait `arbitrary::Arbitrary`
     --> C:\Users\pc\.cargo\registry\src\index.crates.io-1949cf8c6b5b557f\stell
ar-xdr-21.2.0\src\curr\generated.rs:23780:42
      |
23780 | #[cfg_attr(feature = "arbitrary", derive(Arbitrary))]
      |                                          ^^^^^^^^^
      |
     ::: C:\Users\pc\.cargo\registry\src\index.crates.io-1949cf8c6b5b557f\arbit
rary-1.3.2\src\lib.rs:277:5
      |
  277 |     fn size_hint(depth: usize) -> (usize, Option<usize>) {
      |     ---------------------------------------------------- similarly 
named associated function `size_hint` defined here
      |
      = note: this error originates in the derive macro `Arbitrary` (in 
Nightly builds, run with -Z macro-backtrace for more info)

error[E0425]: cannot find type `MaxRecursionReached` in crate `arbitrary`
     --> C:\Users\pc\.cargo\registry\src\index.crates.io-1949cf8c6b5b557f\stell
ar-xdr-21.2.0\src\curr\generated.rs:23827:42
      |
23827 | #[cfg_attr(feature = "arbitrary", derive(Arbitrary))]
      |                                          ^^^^^^^^^ not found in 
`arbitrary`
      |
      = note: this error originates in the derive macro `Arbitrary` (in 
Nightly builds, run with -Z macro-backtrace for more info)

   Compiling proptest v1.11.0
error[E0425]: cannot find function `try_recursion_guard` in module 
`arbitrary::size_hint`
     --> C:\Users\pc\.cargo\registry\src\index.crates.io-1949cf8c6b5b557f\stell
ar-xdr-21.2.0\src\curr\generated.rs:23827:42
      |
23827 |   #[cfg_attr(feature = "arbitrary", derive(Arbitrary))]
      |                                            ^^^^^^^^^
      |
     ::: C:\Users\pc\.cargo\registry\src\index.crates.io-1949cf8c6b5b557f\arbit
rary-1.3.2\src\size_hint.rs:12:1
      |
   12 | / pub fn recursion_guard(
   13 | |     depth: usize,
   14 | |     f: impl FnOnce(usize) -> (usize, Option<usize>),
   15 | | ) -> (usize, Option<usize>) {
      | |___________________________- similarly named function 
`recursion_guard` defined here
      |
      = note: this error originates in the derive macro `Arbitrary` (in 
Nightly builds, run with -Z macro-backtrace for more info)

error[E0576]: cannot find method or associated constant `try_size_hint` in 
trait `arbitrary::Arbitrary`
     --> C:\Users\pc\.cargo\registry\src\index.crates.io-1949cf8c6b5b557f\stell
ar-xdr-21.2.0\src\curr\generated.rs:23827:42
      |
23827 | #[cfg_attr(feature = "arbitrary", derive(Arbitrary))]
      |                                          ^^^^^^^^^
      |
     ::: C:\Users\pc\.cargo\registry\src\index.crates.io-1949cf8c6b5b557f\arbit
rary-1.3.2\src\lib.rs:277:5
      |
  277 |     fn size_hint(depth: usize) -> (usize, Option<usize>) {
      |     ---------------------------------------------------- similarly 
named associated function `size_hint` defined here
      |
      = note: this error originates in the derive macro `Arbitrary` (in 
Nightly builds, run with -Z macro-backtrace for more info)

error[E0425]: cannot find type `MaxRecursionReached` in crate `arbitrary`
     --> C:\Users\pc\.cargo\registry\src\index.crates.io-1949cf8c6b5b557f\stell
ar-xdr-21.2.0\src\curr\generated.rs:23876:42
      |
23876 | #[cfg_attr(feature = "arbitrary", derive(Arbitrary))]
      |                                          ^^^^^^^^^ not found in 
`arbitrary`
      |
      = note: this error originates in the derive macro `Arbitrary` (in 
Nightly builds, run with -Z macro-backtrace for more info)

error[E0425]: cannot find function `try_recursion_guard` in module 
`arbitrary::size_hint`
     --> C:\Users\pc\.cargo\registry\src\index.crates.io-1949cf8c6b5b557f\stell
ar-xdr-21.2.0\src\curr\generated.rs:23876:42
      |
23876 |   #[cfg_attr(feature = "arbitrary", derive(Arbitrary))]
      |                                            ^^^^^^^^^
      |
     ::: C:\Users\pc\.cargo\registry\src\index.crates.io-1949cf8c6b5b557f\arbit
rary-1.3.2\src\size_hint.rs:12:1
      |
   12 | / pub fn recursion_guard(
   13 | |     depth: usize,
   14 | |     f: impl FnOnce(usize) -> (usize, Option<usize>),
   15 | | ) -> (usize, Option<usize>) {
      | |___________________________- similarly named function 
`recursion_guard` defined here
      |
      = note: this error originates in the derive macro `Arbitrary` (in 
Nightly builds, run with -Z macro-backtrace for more info)

error[E0576]: cannot find method or associated constant `try_size_hint` in 
trait `arbitrary::Arbitrary`
     --> C:\Users\pc\.cargo\registry\src\index.crates.io-1949cf8c6b5b557f\stell
ar-xdr-21.2.0\src\curr\generated.rs:23876:42
      |
23876 | #[cfg_attr(feature = "arbitrary", derive(Arbitrary))]
      |                                          ^^^^^^^^^
      |
     ::: C:\Users\pc\.cargo\registry\src\index.crates.io-1949cf8c6b5b557f\arbit
rary-1.3.2\src\lib.rs:277:5
      |
  277 |     fn size_hint(depth: usize) -> (usize, Option<usize>) {
      |     ---------------------------------------------------- similarly 
named associated function `size_hint` defined here
      |
      = note: this error originates in the derive macro `Arbitrary` (in 
Nightly builds, run with -Z macro-backtrace for more info)

error[E0425]: cannot find type `MaxRecursionReached` in crate `arbitrary`
     --> C:\Users\pc\.cargo\registry\src\index.crates.io-1949cf8c6b5b557f\stell
ar-xdr-21.2.0\src\curr\generated.rs:23925:42
      |
23925 | #[cfg_attr(feature = "arbitrary", derive(Arbitrary))]
      |                                          ^^^^^^^^^ not found in 
`arbitrary`
      |
      = note: this error originates in the derive macro `Arbitrary` (in 
Nightly builds, run with -Z macro-backtrace for more info)

error[E0425]: cannot find function `try_recursion_guard` in module 
`arbitrary::size_hint`
     --> C:\Users\pc\.cargo\registry\src\index.crates.io-1949cf8c6b5b557f\stell
ar-xdr-21.2.0\src\curr\generated.rs:23925:42
      |
23925 |   #[cfg_attr(feature = "arbitrary", derive(Arbitrary))]
      |                                            ^^^^^^^^^
      |
     ::: C:\Users\pc\.cargo\registry\src\index.crates.io-1949cf8c6b5b557f\arbit
rary-1.3.2\src\size_hint.rs:12:1
      |
   12 | / pub fn recursion_guard(
   13 | |     depth: usize,
   14 | |     f: impl FnOnce(usize) -> (usize, Option<usize>),
   15 | | ) -> (usize, Option<usize>) {
      | |___________________________- similarly named function 
`recursion_guard` defined here
      |
      = note: this error originates in the derive macro `Arbitrary` (in 
Nightly builds, run with -Z macro-backtrace for more info)

error[E0576]: cannot find method or associated constant `try_size_hint` in 
trait `arbitrary::Arbitrary`
     --> C:\Users\pc\.cargo\registry\src\index.crates.io-1949cf8c6b5b557f\stell
ar-xdr-21.2.0\src\curr\generated.rs:23925:42
      |
23925 | #[cfg_attr(feature = "arbitrary", derive(Arbitrary))]
      |                                          ^^^^^^^^^
      |
     ::: C:\Users\pc\.cargo\registry\src\index.crates.io-1949cf8c6b5b557f\arbit
rary-1.3.2\src\lib.rs:277:5
      |
  277 |     fn size_hint(depth: usize) -> (usize, Option<usize>) {
      |     ---------------------------------------------------- similarly 
named associated function `size_hint` defined here
      |
      = note: this error originates in the derive macro `Arbitrary` (in 
Nightly builds, run with -Z macro-backtrace for more info)

error[E0425]: cannot find type `MaxRecursionReached` in crate `arbitrary`
     --> C:\Users\pc\.cargo\registry\src\index.crates.io-1949cf8c6b5b557f\stell
ar-xdr-21.2.0\src\curr\generated.rs:23982:42
      |
23982 | #[cfg_attr(feature = "arbitrary", derive(Arbitrary))]
      |                                          ^^^^^^^^^ not found in 
`arbitrary`
      |
      = note: this error originates in the derive macro `Arbitrary` (in 
Nightly builds, run with -Z macro-backtrace for more info)

error[E0425]: cannot find function `try_recursion_guard` in module 
`arbitrary::size_hint`
     --> C:\Users\pc\.cargo\registry\src\index.crates.io-1949cf8c6b5b557f\stell
ar-xdr-21.2.0\src\curr\generated.rs:23982:42
      |
23982 |   #[cfg_attr(feature = "arbitrary", derive(Arbitrary))]
      |                                            ^^^^^^^^^
      |
     ::: C:\Users\pc\.cargo\registry\src\index.crates.io-1949cf8c6b5b557f\arbit
rary-1.3.2\src\size_hint.rs:12:1
      |
   12 | / pub fn recursion_guard(
   13 | |     depth: usize,
   14 | |     f: impl FnOnce(usize) -> (usize, Option<usize>),
   15 | | ) -> (usize, Option<usize>) {
      | |___________________________- similarly named function 
`recursion_guard` defined here
      |
      = note: this error originates in the derive macro `Arbitrary` (in 
Nightly builds, run with -Z macro-backtrace for more info)

error[E0576]: cannot find method or associated constant `try_size_hint` in 
trait `arbitrary::Arbitrary`
     --> C:\Users\pc\.cargo\registry\src\index.crates.io-1949cf8c6b5b557f\stell
ar-xdr-21.2.0\src\curr\generated.rs:23982:42
      |
23982 | #[cfg_attr(feature = "arbitrary", derive(Arbitrary))]
      |                                          ^^^^^^^^^
      |
     ::: C:\Users\pc\.cargo\registry\src\index.crates.io-1949cf8c6b5b557f\arbit
rary-1.3.2\src\lib.rs:277:5
      |
  277 |     fn size_hint(depth: usize) -> (usize, Option<usize>) {
      |     ---------------------------------------------------- similarly 
named associated function `size_hint` defined here
      |
      = note: this error originates in the derive macro `Arbitrary` (in 
Nightly builds, run with -Z macro-backtrace for more info)

error[E0425]: cannot find type `MaxRecursionReached` in crate `arbitrary`
     --> C:\Users\pc\.cargo\registry\src\index.crates.io-1949cf8c6b5b557f\stell
ar-xdr-21.2.0\src\curr\generated.rs:24034:42
      |
24034 | #[cfg_attr(feature = "arbitrary", derive(Arbitrary))]
      |                                          ^^^^^^^^^ not found in 
`arbitrary`
      |
      = note: this error originates in the derive macro `Arbitrary` (in 
Nightly builds, run with -Z macro-backtrace for more info)

error[E0425]: cannot find function `try_recursion_guard` in module 
`arbitrary::size_hint`
     --> C:\Users\pc\.cargo\registry\src\index.crates.io-1949cf8c6b5b557f\stell
ar-xdr-21.2.0\src\curr\generated.rs:24034:42
      |
24034 |   #[cfg_attr(feature = "arbitrary", derive(Arbitrary))]
      |                                            ^^^^^^^^^
      |
     ::: C:\Users\pc\.cargo\registry\src\index.crates.io-1949cf8c6b5b557f\arbit
rary-1.3.2\src\size_hint.rs:12:1
      |
   12 | / pub fn recursion_guard(
   13 | |     depth: usize,
   14 | |     f: impl FnOnce(usize) -> (usize, Option<usize>),
   15 | | ) -> (usize, Option<usize>) {
      | |___________________________- similarly named function 
`recursion_guard` defined here
      |
      = note: this error originates in the derive macro `Arbitrary` (in 
Nightly builds, run with -Z macro-backtrace for more info)

error[E0576]: cannot find method or associated constant `try_size_hint` in 
trait `arbitrary::Arbitrary`
     --> C:\Users\pc\.cargo\registry\src\index.crates.io-1949cf8c6b5b557f\stell
ar-xdr-21.2.0\src\curr\generated.rs:24034:42
      |
24034 | #[cfg_attr(feature = "arbitrary", derive(Arbitrary))]
      |                                          ^^^^^^^^^
      |
     ::: C:\Users\pc\.cargo\registry\src\index.crates.io-1949cf8c6b5b557f\arbit
rary-1.3.2\src\lib.rs:277:5
      |
  277 |     fn size_hint(depth: usize) -> (usize, Option<usize>) {
      |     ---------------------------------------------------- similarly 
named associated function `size_hint` defined here
      |
      = note: this error originates in the derive macro `Arbitrary` (in 
Nightly builds, run with -Z macro-backtrace for more info)

error[E0425]: cannot find type `MaxRecursionReached` in crate `arbitrary`
     --> C:\Users\pc\.cargo\registry\src\index.crates.io-1949cf8c6b5b557f\stell
ar-xdr-21.2.0\src\curr\generated.rs:24080:42
      |
24080 | #[cfg_attr(feature = "arbitrary", derive(Arbitrary))]
      |                                          ^^^^^^^^^ not found in 
`arbitrary`
      |
      = note: this error originates in the derive macro `Arbitrary` (in 
Nightly builds, run with -Z macro-backtrace for more info)

error[E0425]: cannot find function `try_recursion_guard` in module 
`arbitrary::size_hint`
     --> C:\Users\pc\.cargo\registry\src\index.crates.io-1949cf8c6b5b557f\stell
ar-xdr-21.2.0\src\curr\generated.rs:24080:42
      |
24080 |   #[cfg_attr(feature = "arbitrary", derive(Arbitrary))]
      |                                            ^^^^^^^^^
      |
     ::: C:\Users\pc\.cargo\registry\src\index.crates.io-1949cf8c6b5b557f\arbit
rary-1.3.2\src\size_hint.rs:12:1
      |
   12 | / pub fn recursion_guard(
   13 | |     depth: usize,
   14 | |     f: impl FnOnce(usize) -> (usize, Option<usize>),
   15 | | ) -> (usize, Option<usize>) {
      | |___________________________- similarly named function 
`recursion_guard` defined here
      |
      = note: this error originates in the derive macro `Arbitrary` (in 
Nightly builds, run with -Z macro-backtrace for more info)

error[E0576]: cannot find method or associated constant `try_size_hint` in 
trait `arbitrary::Arbitrary`
     --> C:\Users\pc\.cargo\registry\src\index.crates.io-1949cf8c6b5b557f\stell
ar-xdr-21.2.0\src\curr\generated.rs:24080:42
      |
24080 | #[cfg_attr(feature = "arbitrary", derive(Arbitrary))]
      |                                          ^^^^^^^^^
      |
     ::: C:\Users\pc\.cargo\registry\src\index.crates.io-1949cf8c6b5b557f\arbit
rary-1.3.2\src\lib.rs:277:5
      |
  277 |     fn size_hint(depth: usize) -> (usize, Option<usize>) {
      |     ---------------------------------------------------- similarly 
named associated function `size_hint` defined here
      |
      = note: this error originates in the derive macro `Arbitrary` (in 
Nightly builds, run with -Z macro-backtrace for more info)

error[E0425]: cannot find type `MaxRecursionReached` in crate `arbitrary`
     --> C:\Users\pc\.cargo\registry\src\index.crates.io-1949cf8c6b5b557f\stell
ar-xdr-21.2.0\src\curr\generated.rs:24122:42
      |
24122 | #[cfg_attr(feature = "arbitrary", derive(Arbitrary))]
      |                                          ^^^^^^^^^ not found in 
`arbitrary`
      |
      = note: this error originates in the derive macro `Arbitrary` (in 
Nightly builds, run with -Z macro-backtrace for more info)

error[E0425]: cannot find function `try_recursion_guard` in module 
`arbitrary::size_hint`
     --> C:\Users\pc\.cargo\registry\src\index.crates.io-1949cf8c6b5b557f\stell
ar-xdr-21.2.0\src\curr\generated.rs:24122:42
      |
24122 |   #[cfg_attr(feature = "arbitrary", derive(Arbitrary))]
      |                                            ^^^^^^^^^
      |
     ::: C:\Users\pc\.cargo\registry\src\index.crates.io-1949cf8c6b5b557f\arbit
rary-1.3.2\src\size_hint.rs:12:1
      |
   12 | / pub fn recursion_guard(
   13 | |     depth: usize,
   14 | |     f: impl FnOnce(usize) -> (usize, Option<usize>),
   15 | | ) -> (usize, Option<usize>) {
      | |___________________________- similarly named function 
`recursion_guard` defined here
      |
      = note: this error originates in the derive macro `Arbitrary` (in 
Nightly builds, run with -Z macro-backtrace for more info)

error[E0576]: cannot find method or associated constant `try_size_hint` in 
trait `arbitrary::Arbitrary`
     --> C:\Users\pc\.cargo\registry\src\index.crates.io-1949cf8c6b5b557f\stell
ar-xdr-21.2.0\src\curr\generated.rs:24122:42
      |
24122 | #[cfg_attr(feature = "arbitrary", derive(Arbitrary))]
      |                                          ^^^^^^^^^
      |
     ::: C:\Users\pc\.cargo\registry\src\index.crates.io-1949cf8c6b5b557f\arbit
rary-1.3.2\src\lib.rs:277:5
      |
  277 |     fn size_hint(depth: usize) -> (usize, Option<usize>) {
      |     ---------------------------------------------------- similarly 
named associated function `size_hint` defined here
      |
      = note: this error originates in the derive macro `Arbitrary` (in 
Nightly builds, run with -Z macro-backtrace for more info)

error[E0425]: cannot find type `MaxRecursionReached` in crate `arbitrary`
     --> C:\Users\pc\.cargo\registry\src\index.crates.io-1949cf8c6b5b557f\stell
ar-xdr-21.2.0\src\curr\generated.rs:24235:42
      |
24235 | #[cfg_attr(feature = "arbitrary", derive(Arbitrary))]
      |                                          ^^^^^^^^^ not found in 
`arbitrary`
      |
      = note: this error originates in the derive macro `Arbitrary` (in 
Nightly builds, run with -Z macro-backtrace for more info)

error[E0425]: cannot find function `try_recursion_guard` in module 
`arbitrary::size_hint`
     --> C:\Users\pc\.cargo\registry\src\index.crates.io-1949cf8c6b5b557f\stell
ar-xdr-21.2.0\src\curr\generated.rs:24235:42
      |
24235 |   #[cfg_attr(feature = "arbitrary", derive(Arbitrary))]
      |                                            ^^^^^^^^^
      |
     ::: C:\Users\pc\.cargo\registry\src\index.crates.io-1949cf8c6b5b557f\arbit
rary-1.3.2\src\size_hint.rs:12:1
      |
   12 | / pub fn recursion_guard(
   13 | |     depth: usize,
   14 | |     f: impl FnOnce(usize) -> (usize, Option<usize>),
   15 | | ) -> (usize, Option<usize>) {
      | |___________________________- similarly named function 
`recursion_guard` defined here
      |
      = note: this error originates in the derive macro `Arbitrary` (in 
Nightly builds, run with -Z macro-backtrace for more info)

error[E0576]: cannot find method or associated constant `try_size_hint` in 
trait `arbitrary::Arbitrary`
     --> C:\Users\pc\.cargo\registry\src\index.crates.io-1949cf8c6b5b557f\stell
ar-xdr-21.2.0\src\curr\generated.rs:24235:42
      |
24235 | #[cfg_attr(feature = "arbitrary", derive(Arbitrary))]
      |                                          ^^^^^^^^^
      |
     ::: C:\Users\pc\.cargo\registry\src\index.crates.io-1949cf8c6b5b557f\arbit
rary-1.3.2\src\lib.rs:277:5
      |
  277 |     fn size_hint(depth: usize) -> (usize, Option<usize>) {
      |     ---------------------------------------------------- similarly 
named associated function `size_hint` defined here
      |
      = note: this error originates in the derive macro `Arbitrary` (in 
Nightly builds, run with -Z macro-backtrace for more info)

error[E0425]: cannot find type `MaxRecursionReached` in crate `arbitrary`
     --> C:\Users\pc\.cargo\registry\src\index.crates.io-1949cf8c6b5b557f\stell
ar-xdr-21.2.0\src\curr\generated.rs:24290:42
      |
24290 | #[cfg_attr(feature = "arbitrary", derive(Arbitrary))]
      |                                          ^^^^^^^^^ not found in 
`arbitrary`
      |
      = note: this error originates in the derive macro `Arbitrary` (in 
Nightly builds, run with -Z macro-backtrace for more info)

error[E0425]: cannot find function `try_recursion_guard` in module 
`arbitrary::size_hint`
     --> C:\Users\pc\.cargo\registry\src\index.crates.io-1949cf8c6b5b557f\stell
ar-xdr-21.2.0\src\curr\generated.rs:24290:42
      |
24290 |   #[cfg_attr(feature = "arbitrary", derive(Arbitrary))]
      |                                            ^^^^^^^^^
      |
     ::: C:\Users\pc\.cargo\registry\src\index.crates.io-1949cf8c6b5b557f\arbit
rary-1.3.2\src\size_hint.rs:12:1
      |
   12 | / pub fn recursion_guard(
   13 | |     depth: usize,
   14 | |     f: impl FnOnce(usize) -> (usize, Option<usize>),
   15 | | ) -> (usize, Option<usize>) {
      | |___________________________- similarly named function 
`recursion_guard` defined here
      |
      = note: this error originates in the derive macro `Arbitrary` (in 
Nightly builds, run with -Z macro-backtrace for more info)

error[E0576]: cannot find method or associated constant `try_size_hint` in 
trait `arbitrary::Arbitrary`
     --> C:\Users\pc\.cargo\registry\src\index.crates.io-1949cf8c6b5b557f\stell
ar-xdr-21.2.0\src\curr\generated.rs:24290:42
      |
24290 | #[cfg_attr(feature = "arbitrary", derive(Arbitrary))]
      |                                          ^^^^^^^^^
      |
     ::: C:\Users\pc\.cargo\registry\src\index.crates.io-1949cf8c6b5b557f\arbit
rary-1.3.2\src\lib.rs:277:5
      |
  277 |     fn size_hint(depth: usize) -> (usize, Option<usize>) {
      |     ---------------------------------------------------- similarly 
named associated function `size_hint` defined here
      |
      = note: this error originates in the derive macro `Arbitrary` (in 
Nightly builds, run with -Z macro-backtrace for more info)

error[E0425]: cannot find type `MaxRecursionReached` in crate `arbitrary`
     --> C:\Users\pc\.cargo\registry\src\index.crates.io-1949cf8c6b5b557f\stell
ar-xdr-21.2.0\src\curr\generated.rs:24336:42
      |
24336 | #[cfg_attr(feature = "arbitrary", derive(Arbitrary))]
      |                                          ^^^^^^^^^ not found in 
`arbitrary`
      |
      = note: this error originates in the derive macro `Arbitrary` (in 
Nightly builds, run with -Z macro-backtrace for more info)

error[E0425]: cannot find function `try_recursion_guard` in module 
`arbitrary::size_hint`
     --> C:\Users\pc\.cargo\registry\src\index.crates.io-1949cf8c6b5b557f\stell
ar-xdr-21.2.0\src\curr\generated.rs:24336:42
      |
24336 |   #[cfg_attr(feature = "arbitrary", derive(Arbitrary))]
      |                                            ^^^^^^^^^
      |
     ::: C:\Users\pc\.cargo\registry\src\index.crates.io-1949cf8c6b5b557f\arbit
rary-1.3.2\src\size_hint.rs:12:1
      |
   12 | / pub fn recursion_guard(
   13 | |     depth: usize,
   14 | |     f: impl FnOnce(usize) -> (usize, Option<usize>),
   15 | | ) -> (usize, Option<usize>) {
      | |___________________________- similarly named function 
`recursion_guard` defined here
      |
      = note: this error originates in the derive macro `Arbitrary` (in 
Nightly builds, run with -Z macro-backtrace for more info)

error[E0576]: cannot find method or associated constant `try_size_hint` in 
trait `arbitrary::Arbitrary`
     --> C:\Users\pc\.cargo\registry\src\index.crates.io-1949cf8c6b5b557f\stell
ar-xdr-21.2.0\src\curr\generated.rs:24336:42
      |
24336 | #[cfg_attr(feature = "arbitrary", derive(Arbitrary))]
      |                                          ^^^^^^^^^
      |
     ::: C:\Users\pc\.cargo\registry\src\index.crates.io-1949cf8c6b5b557f\arbit
rary-1.3.2\src\lib.rs:277:5
      |
  277 |     fn size_hint(depth: usize) -> (usize, Option<usize>) {
      |     ---------------------------------------------------- similarly 
named associated function `size_hint` defined here
      |
      = note: this error originates in the derive macro `Arbitrary` (in 
Nightly builds, run with -Z macro-backtrace for more info)

error[E0425]: cannot find type `MaxRecursionReached` in crate `arbitrary`
     --> C:\Users\pc\.cargo\registry\src\index.crates.io-1949cf8c6b5b557f\stell
ar-xdr-21.2.0\src\curr\generated.rs:24382:42
      |
24382 | #[cfg_attr(feature = "arbitrary", derive(Arbitrary))]
      |                                          ^^^^^^^^^ not found in 
`arbitrary`
      |
      = note: this error originates in the derive macro `Arbitrary` (in 
Nightly builds, run with -Z macro-backtrace for more info)

error[E0425]: cannot find function `try_recursion_guard` in module 
`arbitrary::size_hint`
     --> C:\Users\pc\.cargo\registry\src\index.crates.io-1949cf8c6b5b557f\stell
ar-xdr-21.2.0\src\curr\generated.rs:24382:42
      |
24382 |   #[cfg_attr(feature = "arbitrary", derive(Arbitrary))]
      |                                            ^^^^^^^^^
      |
     ::: C:\Users\pc\.cargo\registry\src\index.crates.io-1949cf8c6b5b557f\arbit
rary-1.3.2\src\size_hint.rs:12:1
      |
   12 | / pub fn recursion_guard(
   13 | |     depth: usize,
   14 | |     f: impl FnOnce(usize) -> (usize, Option<usize>),
   15 | | ) -> (usize, Option<usize>) {
      | |___________________________- similarly named function 
`recursion_guard` defined here
      |
      = note: this error originates in the derive macro `Arbitrary` (in 
Nightly builds, run with -Z macro-backtrace for more info)

error[E0576]: cannot find method or associated constant `try_size_hint` in 
trait `arbitrary::Arbitrary`
     --> C:\Users\pc\.cargo\registry\src\index.crates.io-1949cf8c6b5b557f\stell
ar-xdr-21.2.0\src\curr\generated.rs:24382:42
      |
24382 | #[cfg_attr(feature = "arbitrary", derive(Arbitrary))]
      |                                          ^^^^^^^^^
      |
     ::: C:\Users\pc\.cargo\registry\src\index.crates.io-1949cf8c6b5b557f\arbit
rary-1.3.2\src\lib.rs:277:5
      |
  277 |     fn size_hint(depth: usize) -> (usize, Option<usize>) {
      |     ---------------------------------------------------- similarly 
named associated function `size_hint` defined here
      |
      = note: this error originates in the derive macro `Arbitrary` (in 
Nightly builds, run with -Z macro-backtrace for more info)

error[E0425]: cannot find type `MaxRecursionReached` in crate `arbitrary`
     --> C:\Users\pc\.cargo\registry\src\index.crates.io-1949cf8c6b5b557f\stell
ar-xdr-21.2.0\src\curr\generated.rs:24443:42
      |
24443 | #[cfg_attr(feature = "arbitrary", derive(Arbitrary))]
      |                                          ^^^^^^^^^ not found in 
`arbitrary`
      |
      = note: this error originates in the derive macro `Arbitrary` (in 
Nightly builds, run with -Z macro-backtrace for more info)

error[E0425]: cannot find function `try_recursion_guard` in module 
`arbitrary::size_hint`
     --> C:\Users\pc\.cargo\registry\src\index.crates.io-1949cf8c6b5b557f\stell
ar-xdr-21.2.0\src\curr\generated.rs:24443:42
      |
24443 |   #[cfg_attr(feature = "arbitrary", derive(Arbitrary))]
      |                                            ^^^^^^^^^
      |
     ::: C:\Users\pc\.cargo\registry\src\index.crates.io-1949cf8c6b5b557f\arbit
rary-1.3.2\src\size_hint.rs:12:1
      |
   12 | / pub fn recursion_guard(
   13 | |     depth: usize,
   14 | |     f: impl FnOnce(usize) -> (usize, Option<usize>),
   15 | | ) -> (usize, Option<usize>) {
      | |___________________________- similarly named function 
`recursion_guard` defined here
      |
      = note: this error originates in the derive macro `Arbitrary` (in 
Nightly builds, run with -Z macro-backtrace for more info)

error[E0576]: cannot find method or associated constant `try_size_hint` in 
trait `arbitrary::Arbitrary`
     --> C:\Users\pc\.cargo\registry\src\index.crates.io-1949cf8c6b5b557f\stell
ar-xdr-21.2.0\src\curr\generated.rs:24443:42
      |
24443 | #[cfg_attr(feature = "arbitrary", derive(Arbitrary))]
      |                                          ^^^^^^^^^
      |
     ::: C:\Users\pc\.cargo\registry\src\index.crates.io-1949cf8c6b5b557f\arbit
rary-1.3.2\src\lib.rs:277:5
      |
  277 |     fn size_hint(depth: usize) -> (usize, Option<usize>) {
      |     ---------------------------------------------------- similarly 
named associated function `size_hint` defined here
      |
      = note: this error originates in the derive macro `Arbitrary` (in 
Nightly builds, run with -Z macro-backtrace for more info)

error[E0425]: cannot find type `MaxRecursionReached` in crate `arbitrary`
     --> C:\Users\pc\.cargo\registry\src\index.crates.io-1949cf8c6b5b557f\stell
ar-xdr-21.2.0\src\curr\generated.rs:24524:42
      |
24524 | #[cfg_attr(feature = "arbitrary", derive(Arbitrary))]
      |                                          ^^^^^^^^^ not found in 
`arbitrary`
      |
      = note: this error originates in the derive macro `Arbitrary` (in 
Nightly builds, run with -Z macro-backtrace for more info)

error[E0425]: cannot find function `try_recursion_guard` in module 
`arbitrary::size_hint`
     --> C:\Users\pc\.cargo\registry\src\index.crates.io-1949cf8c6b5b557f\stell
ar-xdr-21.2.0\src\curr\generated.rs:24524:42
      |
24524 |   #[cfg_attr(feature = "arbitrary", derive(Arbitrary))]
      |                                            ^^^^^^^^^
      |
     ::: C:\Users\pc\.cargo\registry\src\index.crates.io-1949cf8c6b5b557f\arbit
rary-1.3.2\src\size_hint.rs:12:1
      |
   12 | / pub fn recursion_guard(
   13 | |     depth: usize,
   14 | |     f: impl FnOnce(usize) -> (usize, Option<usize>),
   15 | | ) -> (usize, Option<usize>) {
      | |___________________________- similarly named function 
`recursion_guard` defined here
      |
      = note: this error originates in the derive macro `Arbitrary` (in 
Nightly builds, run with -Z macro-backtrace for more info)

error[E0576]: cannot find method or associated constant `try_size_hint` in 
trait `arbitrary::Arbitrary`
     --> C:\Users\pc\.cargo\registry\src\index.crates.io-1949cf8c6b5b557f\stell
ar-xdr-21.2.0\src\curr\generated.rs:24524:42
      |
24524 | #[cfg_attr(feature = "arbitrary", derive(Arbitrary))]
      |                                          ^^^^^^^^^
      |
     ::: C:\Users\pc\.cargo\registry\src\index.crates.io-1949cf8c6b5b557f\arbit
rary-1.3.2\src\lib.rs:277:5
      |
  277 |     fn size_hint(depth: usize) -> (usize, Option<usize>) {
      |     ---------------------------------------------------- similarly 
named associated function `size_hint` defined here
      |
      = note: this error originates in the derive macro `Arbitrary` (in 
Nightly builds, run with -Z macro-backtrace for more info)

error[E0425]: cannot find type `MaxRecursionReached` in crate `arbitrary`
     --> C:\Users\pc\.cargo\registry\src\index.crates.io-1949cf8c6b5b557f\stell
ar-xdr-21.2.0\src\curr\generated.rs:24648:42
      |
24648 | #[cfg_attr(feature = "arbitrary", derive(Arbitrary))]
      |                                          ^^^^^^^^^ not found in 
`arbitrary`
      |
      = note: this error originates in the derive macro `Arbitrary` (in 
Nightly builds, run with -Z macro-backtrace for more info)

error[E0425]: cannot find function `try_recursion_guard` in module 
`arbitrary::size_hint`
     --> C:\Users\pc\.cargo\registry\src\index.crates.io-1949cf8c6b5b557f\stell
ar-xdr-21.2.0\src\curr\generated.rs:24648:42
      |
24648 |   #[cfg_attr(feature = "arbitrary", derive(Arbitrary))]
      |                                            ^^^^^^^^^
      |
     ::: C:\Users\pc\.cargo\registry\src\index.crates.io-1949cf8c6b5b557f\arbit
rary-1.3.2\src\size_hint.rs:12:1
      |
   12 | / pub fn recursion_guard(
   13 | |     depth: usize,
   14 | |     f: impl FnOnce(usize) -> (usize, Option<usize>),
   15 | | ) -> (usize, Option<usize>) {
      | |___________________________- similarly named function 
`recursion_guard` defined here
      |
      = note: this error originates in the derive macro `Arbitrary` (in 
Nightly builds, run with -Z macro-backtrace for more info)

error[E0576]: cannot find method or associated constant `try_size_hint` in 
trait `arbitrary::Arbitrary`
     --> C:\Users\pc\.cargo\registry\src\index.crates.io-1949cf8c6b5b557f\stell
ar-xdr-21.2.0\src\curr\generated.rs:24648:42
      |
24648 | #[cfg_attr(feature = "arbitrary", derive(Arbitrary))]
      |                                          ^^^^^^^^^
      |
     ::: C:\Users\pc\.cargo\registry\src\index.crates.io-1949cf8c6b5b557f\arbit
rary-1.3.2\src\lib.rs:277:5
      |
  277 |     fn size_hint(depth: usize) -> (usize, Option<usize>) {
      |     ---------------------------------------------------- similarly 
named associated function `size_hint` defined here
      |
      = note: this error originates in the derive macro `Arbitrary` (in 
Nightly builds, run with -Z macro-backtrace for more info)

error[E0425]: cannot find type `MaxRecursionReached` in crate `arbitrary`
     --> C:\Users\pc\.cargo\registry\src\index.crates.io-1949cf8c6b5b557f\stell
ar-xdr-21.2.0\src\curr\generated.rs:24718:42
      |
24718 | #[cfg_attr(feature = "arbitrary", derive(Arbitrary))]
      |                                          ^^^^^^^^^ not found in 
`arbitrary`
      |
      = note: this error originates in the derive macro `Arbitrary` (in 
Nightly builds, run with -Z macro-backtrace for more info)

error[E0425]: cannot find function `try_recursion_guard` in module 
`arbitrary::size_hint`
     --> C:\Users\pc\.cargo\registry\src\index.crates.io-1949cf8c6b5b557f\stell
ar-xdr-21.2.0\src\curr\generated.rs:24718:42
      |
24718 |   #[cfg_attr(feature = "arbitrary", derive(Arbitrary))]
      |                                            ^^^^^^^^^
      |
     ::: C:\Users\pc\.cargo\registry\src\index.crates.io-1949cf8c6b5b557f\arbit
rary-1.3.2\src\size_hint.rs:12:1
      |
   12 | / pub fn recursion_guard(
   13 | |     depth: usize,
   14 | |     f: impl FnOnce(usize) -> (usize, Option<usize>),
   15 | | ) -> (usize, Option<usize>) {
      | |___________________________- similarly named function 
`recursion_guard` defined here
      |
      = note: this error originates in the derive macro `Arbitrary` (in 
Nightly builds, run with -Z macro-backtrace for more info)

error[E0576]: cannot find method or associated constant `try_size_hint` in 
trait `arbitrary::Arbitrary`
     --> C:\Users\pc\.cargo\registry\src\index.crates.io-1949cf8c6b5b557f\stell
ar-xdr-21.2.0\src\curr\generated.rs:24718:42
      |
24718 | #[cfg_attr(feature = "arbitrary", derive(Arbitrary))]
      |                                          ^^^^^^^^^
      |
     ::: C:\Users\pc\.cargo\registry\src\index.crates.io-1949cf8c6b5b557f\arbit
rary-1.3.2\src\lib.rs:277:5
      |
  277 |     fn size_hint(depth: usize) -> (usize, Option<usize>) {
      |     ---------------------------------------------------- similarly 
named associated function `size_hint` defined here
      |
      = note: this error originates in the derive macro `Arbitrary` (in 
Nightly builds, run with -Z macro-backtrace for more info)

error[E0425]: cannot find type `MaxRecursionReached` in crate `arbitrary`
     --> C:\Users\pc\.cargo\registry\src\index.crates.io-1949cf8c6b5b557f\stell
ar-xdr-21.2.0\src\curr\generated.rs:24760:42
      |
24760 | #[cfg_attr(feature = "arbitrary", derive(Arbitrary))]
      |                                          ^^^^^^^^^ not found in 
`arbitrary`
      |
      = note: this error originates in the derive macro `Arbitrary` (in 
Nightly builds, run with -Z macro-backtrace for more info)

error[E0425]: cannot find function `try_recursion_guard` in module 
`arbitrary::size_hint`
     --> C:\Users\pc\.cargo\registry\src\index.crates.io-1949cf8c6b5b557f\stell
ar-xdr-21.2.0\src\curr\generated.rs:24760:42
      |
24760 |   #[cfg_attr(feature = "arbitrary", derive(Arbitrary))]
      |                                            ^^^^^^^^^
      |
     ::: C:\Users\pc\.cargo\registry\src\index.crates.io-1949cf8c6b5b557f\arbit
rary-1.3.2\src\size_hint.rs:12:1
      |
   12 | / pub fn recursion_guard(
   13 | |     depth: usize,
   14 | |     f: impl FnOnce(usize) -> (usize, Option<usize>),
   15 | | ) -> (usize, Option<usize>) {
      | |___________________________- similarly named function 
`recursion_guard` defined here
      |
      = note: this error originates in the derive macro `Arbitrary` (in 
Nightly builds, run with -Z macro-backtrace for more info)

error[E0576]: cannot find method or associated constant `try_size_hint` in 
trait `arbitrary::Arbitrary`
     --> C:\Users\pc\.cargo\registry\src\index.crates.io-1949cf8c6b5b557f\stell
ar-xdr-21.2.0\src\curr\generated.rs:24760:42
      |
24760 | #[cfg_attr(feature = "arbitrary", derive(Arbitrary))]
      |                                          ^^^^^^^^^
      |
     ::: C:\Users\pc\.cargo\registry\src\index.crates.io-1949cf8c6b5b557f\arbit
rary-1.3.2\src\lib.rs:277:5
      |
  277 |     fn size_hint(depth: usize) -> (usize, Option<usize>) {
      |     ---------------------------------------------------- similarly 
named associated function `size_hint` defined here
      |
      = note: this error originates in the derive macro `Arbitrary` (in 
Nightly builds, run with -Z macro-backtrace for more info)

error[E0425]: cannot find type `MaxRecursionReached` in crate `arbitrary`
     --> C:\Users\pc\.cargo\registry\src\index.crates.io-1949cf8c6b5b557f\stell
ar-xdr-21.2.0\src\curr\generated.rs:24873:42
      |
24873 | #[cfg_attr(feature = "arbitrary", derive(Arbitrary))]
      |                                          ^^^^^^^^^ not found in 
`arbitrary`
      |
      = note: this error originates in the derive macro `Arbitrary` (in 
Nightly builds, run with -Z macro-backtrace for more info)

error[E0425]: cannot find function `try_recursion_guard` in module 
`arbitrary::size_hint`
     --> C:\Users\pc\.cargo\registry\src\index.crates.io-1949cf8c6b5b557f\stell
ar-xdr-21.2.0\src\curr\generated.rs:24873:42
      |
24873 |   #[cfg_attr(feature = "arbitrary", derive(Arbitrary))]
      |                                            ^^^^^^^^^
      |
     ::: C:\Users\pc\.cargo\registry\src\index.crates.io-1949cf8c6b5b557f\arbit
rary-1.3.2\src\size_hint.rs:12:1
      |
   12 | / pub fn recursion_guard(
   13 | |     depth: usize,
   14 | |     f: impl FnOnce(usize) -> (usize, Option<usize>),
   15 | | ) -> (usize, Option<usize>) {
      | |___________________________- similarly named function 
`recursion_guard` defined here
      |
      = note: this error originates in the derive macro `Arbitrary` (in 
Nightly builds, run with -Z macro-backtrace for more info)

error[E0576]: cannot find method or associated constant `try_size_hint` in 
trait `arbitrary::Arbitrary`
     --> C:\Users\pc\.cargo\registry\src\index.crates.io-1949cf8c6b5b557f\stell
ar-xdr-21.2.0\src\curr\generated.rs:24873:42
      |
24873 | #[cfg_attr(feature = "arbitrary", derive(Arbitrary))]
      |                                          ^^^^^^^^^
      |
     ::: C:\Users\pc\.cargo\registry\src\index.crates.io-1949cf8c6b5b557f\arbit
rary-1.3.2\src\lib.rs:277:5
      |
  277 |     fn size_hint(depth: usize) -> (usize, Option<usize>) {
      |     ---------------------------------------------------- similarly 
named associated function `size_hint` defined here
      |
      = note: this error originates in the derive macro `Arbitrary` (in 
Nightly builds, run with -Z macro-backtrace for more info)

error[E0425]: cannot find type `MaxRecursionReached` in crate `arbitrary`
     --> C:\Users\pc\.cargo\registry\src\index.crates.io-1949cf8c6b5b557f\stell
ar-xdr-21.2.0\src\curr\generated.rs:24931:42
      |
24931 | #[cfg_attr(feature = "arbitrary", derive(Arbitrary))]
      |                                          ^^^^^^^^^ not found in 
`arbitrary`
      |
      = note: this error originates in the derive macro `Arbitrary` (in 
Nightly builds, run with -Z macro-backtrace for more info)

error[E0425]: cannot find function `try_recursion_guard` in module 
`arbitrary::size_hint`
     --> C:\Users\pc\.cargo\registry\src\index.crates.io-1949cf8c6b5b557f\stell
ar-xdr-21.2.0\src\curr\generated.rs:24931:42
      |
24931 |   #[cfg_attr(feature = "arbitrary", derive(Arbitrary))]
      |                                            ^^^^^^^^^
      |
     ::: C:\Users\pc\.cargo\registry\src\index.crates.io-1949cf8c6b5b557f\arbit
rary-1.3.2\src\size_hint.rs:12:1
      |
   12 | / pub fn recursion_guard(
   13 | |     depth: usize,
   14 | |     f: impl FnOnce(usize) -> (usize, Option<usize>),
   15 | | ) -> (usize, Option<usize>) {
      | |___________________________- similarly named function 
`recursion_guard` defined here
      |
      = note: this error originates in the derive macro `Arbitrary` (in 
Nightly builds, run with -Z macro-backtrace for more info)

error[E0576]: cannot find method or associated constant `try_size_hint` in 
trait `arbitrary::Arbitrary`
     --> C:\Users\pc\.cargo\registry\src\index.crates.io-1949cf8c6b5b557f\stell
ar-xdr-21.2.0\src\curr\generated.rs:24931:42
      |
24931 | #[cfg_attr(feature = "arbitrary", derive(Arbitrary))]
      |                                          ^^^^^^^^^
      |
     ::: C:\Users\pc\.cargo\registry\src\index.crates.io-1949cf8c6b5b557f\arbit
rary-1.3.2\src\lib.rs:277:5
      |
  277 |     fn size_hint(depth: usize) -> (usize, Option<usize>) {
      |     ---------------------------------------------------- similarly 
named associated function `size_hint` defined here
      |
      = note: this error originates in the derive macro `Arbitrary` (in 
Nightly builds, run with -Z macro-backtrace for more info)

error[E0425]: cannot find type `MaxRecursionReached` in crate `arbitrary`
     --> C:\Users\pc\.cargo\registry\src\index.crates.io-1949cf8c6b5b557f\stell
ar-xdr-21.2.0\src\curr\generated.rs:24990:42
      |
24990 | #[cfg_attr(feature = "arbitrary", derive(Arbitrary))]
      |                                          ^^^^^^^^^ not found in 
`arbitrary`
      |
      = note: this error originates in the derive macro `Arbitrary` (in 
Nightly builds, run with -Z macro-backtrace for more info)

error[E0425]: cannot find function `try_recursion_guard` in module 
`arbitrary::size_hint`
     --> C:\Users\pc\.cargo\registry\src\index.crates.io-1949cf8c6b5b557f\stell
ar-xdr-21.2.0\src\curr\generated.rs:24990:42
      |
24990 |   #[cfg_attr(feature = "arbitrary", derive(Arbitrary))]
      |                                            ^^^^^^^^^
      |
     ::: C:\Users\pc\.cargo\registry\src\index.crates.io-1949cf8c6b5b557f\arbit
rary-1.3.2\src\size_hint.rs:12:1
      |
   12 | / pub fn recursion_guard(
   13 | |     depth: usize,
   14 | |     f: impl FnOnce(usize) -> (usize, Option<usize>),
   15 | | ) -> (usize, Option<usize>) {
      | |___________________________- similarly named function 
`recursion_guard` defined here
      |
      = note: this error originates in the derive macro `Arbitrary` (in 
Nightly builds, run with -Z macro-backtrace for more info)

error[E0576]: cannot find method or associated constant `try_size_hint` in 
trait `arbitrary::Arbitrary`
     --> C:\Users\pc\.cargo\registry\src\index.crates.io-1949cf8c6b5b557f\stell
ar-xdr-21.2.0\src\curr\generated.rs:24990:42
      |
24990 | #[cfg_attr(feature = "arbitrary", derive(Arbitrary))]
      |                                          ^^^^^^^^^
      |
     ::: C:\Users\pc\.cargo\registry\src\index.crates.io-1949cf8c6b5b557f\arbit
rary-1.3.2\src\lib.rs:277:5
      |
  277 |     fn size_hint(depth: usize) -> (usize, Option<usize>) {
      |     ---------------------------------------------------- similarly 
named associated function `size_hint` defined here
      |
      = note: this error originates in the derive macro `Arbitrary` (in 
Nightly builds, run with -Z macro-backtrace for more info)

error[E0425]: cannot find type `MaxRecursionReached` in crate `arbitrary`
     --> C:\Users\pc\.cargo\registry\src\index.crates.io-1949cf8c6b5b557f\stell
ar-xdr-21.2.0\src\curr\generated.rs:25044:42
      |
25044 | #[cfg_attr(feature = "arbitrary", derive(Arbitrary))]
      |                                          ^^^^^^^^^ not found in 
`arbitrary`
      |
      = note: this error originates in the derive macro `Arbitrary` (in 
Nightly builds, run with -Z macro-backtrace for more info)

error[E0425]: cannot find function `try_recursion_guard` in module 
`arbitrary::size_hint`
     --> C:\Users\pc\.cargo\registry\src\index.crates.io-1949cf8c6b5b557f\stell
ar-xdr-21.2.0\src\curr\generated.rs:25044:42
      |
25044 |   #[cfg_attr(feature = "arbitrary", derive(Arbitrary))]
      |                                            ^^^^^^^^^
      |
     ::: C:\Users\pc\.cargo\registry\src\index.crates.io-1949cf8c6b5b557f\arbit
rary-1.3.2\src\size_hint.rs:12:1
      |
   12 | / pub fn recursion_guard(
   13 | |     depth: usize,
   14 | |     f: impl FnOnce(usize) -> (usize, Option<usize>),
   15 | | ) -> (usize, Option<usize>) {
      | |___________________________- similarly named function 
`recursion_guard` defined here
      |
      = note: this error originates in the derive macro `Arbitrary` (in 
Nightly builds, run with -Z macro-backtrace for more info)

error[E0576]: cannot find method or associated constant `try_size_hint` in 
trait `arbitrary::Arbitrary`
     --> C:\Users\pc\.cargo\registry\src\index.crates.io-1949cf8c6b5b557f\stell
ar-xdr-21.2.0\src\curr\generated.rs:25044:42
      |
25044 | #[cfg_attr(feature = "arbitrary", derive(Arbitrary))]
      |                                          ^^^^^^^^^
      |
     ::: C:\Users\pc\.cargo\registry\src\index.crates.io-1949cf8c6b5b557f\arbit
rary-1.3.2\src\lib.rs:277:5
      |
  277 |     fn size_hint(depth: usize) -> (usize, Option<usize>) {
      |     ---------------------------------------------------- similarly 
named associated function `size_hint` defined here
      |
      = note: this error originates in the derive macro `Arbitrary` (in 
Nightly builds, run with -Z macro-backtrace for more info)

error[E0425]: cannot find type `MaxRecursionReached` in crate `arbitrary`
     --> C:\Users\pc\.cargo\registry\src\index.crates.io-1949cf8c6b5b557f\stell
ar-xdr-21.2.0\src\curr\generated.rs:25163:42
      |
25163 | #[cfg_attr(feature = "arbitrary", derive(Arbitrary))]
      |                                          ^^^^^^^^^ not found in 
`arbitrary`
      |
      = note: this error originates in the derive macro `Arbitrary` (in 
Nightly builds, run with -Z macro-backtrace for more info)

error[E0425]: cannot find function `try_recursion_guard` in module 
`arbitrary::size_hint`
     --> C:\Users\pc\.cargo\registry\src\index.crates.io-1949cf8c6b5b557f\stell
ar-xdr-21.2.0\src\curr\generated.rs:25163:42
      |
25163 |   #[cfg_attr(feature = "arbitrary", derive(Arbitrary))]
      |                                            ^^^^^^^^^
      |
     ::: C:\Users\pc\.cargo\registry\src\index.crates.io-1949cf8c6b5b557f\arbit
rary-1.3.2\src\size_hint.rs:12:1
      |
   12 | / pub fn recursion_guard(
   13 | |     depth: usize,
   14 | |     f: impl FnOnce(usize) -> (usize, Option<usize>),
   15 | | ) -> (usize, Option<usize>) {
      | |___________________________- similarly named function 
`recursion_guard` defined here
      |
      = note: this error originates in the derive macro `Arbitrary` (in 
Nightly builds, run with -Z macro-backtrace for more info)

error[E0576]: cannot find method or associated constant `try_size_hint` in 
trait `arbitrary::Arbitrary`
     --> C:\Users\pc\.cargo\registry\src\index.crates.io-1949cf8c6b5b557f\stell
ar-xdr-21.2.0\src\curr\generated.rs:25163:42
      |
25163 | #[cfg_attr(feature = "arbitrary", derive(Arbitrary))]
      |                                          ^^^^^^^^^
      |
     ::: C:\Users\pc\.cargo\registry\src\index.crates.io-1949cf8c6b5b557f\arbit
rary-1.3.2\src\lib.rs:277:5
      |
  277 |     fn size_hint(depth: usize) -> (usize, Option<usize>) {
      |     ---------------------------------------------------- similarly 
named associated function `size_hint` defined here
      |
      = note: this error originates in the derive macro `Arbitrary` (in 
Nightly builds, run with -Z macro-backtrace for more info)

error[E0425]: cannot find type `MaxRecursionReached` in crate `arbitrary`
     --> C:\Users\pc\.cargo\registry\src\index.crates.io-1949cf8c6b5b557f\stell
ar-xdr-21.2.0\src\curr\generated.rs:25272:42
      |
25272 | #[cfg_attr(feature = "arbitrary", derive(Arbitrary))]
      |                                          ^^^^^^^^^ not found in 
`arbitrary`
      |
      = note: this error originates in the derive macro `Arbitrary` (in 
Nightly builds, run with -Z macro-backtrace for more info)

error[E0425]: cannot find function `try_recursion_guard` in module 
`arbitrary::size_hint`
     --> C:\Users\pc\.cargo\registry\src\index.crates.io-1949cf8c6b5b557f\stell
ar-xdr-21.2.0\src\curr\generated.rs:25272:42
      |
25272 |   #[cfg_attr(feature = "arbitrary", derive(Arbitrary))]
      |                                            ^^^^^^^^^
      |
     ::: C:\Users\pc\.cargo\registry\src\index.crates.io-1949cf8c6b5b557f\arbit
rary-1.3.2\src\size_hint.rs:12:1
      |
   12 | / pub fn recursion_guard(
   13 | |     depth: usize,
   14 | |     f: impl FnOnce(usize) -> (usize, Option<usize>),
   15 | | ) -> (usize, Option<usize>) {
      | |___________________________- similarly named function 
`recursion_guard` defined here
      |
      = note: this error originates in the derive macro `Arbitrary` (in 
Nightly builds, run with -Z macro-backtrace for more info)

error[E0576]: cannot find method or associated constant `try_size_hint` in 
trait `arbitrary::Arbitrary`
     --> C:\Users\pc\.cargo\registry\src\index.crates.io-1949cf8c6b5b557f\stell
ar-xdr-21.2.0\src\curr\generated.rs:25272:42
      |
25272 | #[cfg_attr(feature = "arbitrary", derive(Arbitrary))]
      |                                          ^^^^^^^^^
      |
     ::: C:\Users\pc\.cargo\registry\src\index.crates.io-1949cf8c6b5b557f\arbit
rary-1.3.2\src\lib.rs:277:5
      |
  277 |     fn size_hint(depth: usize) -> (usize, Option<usize>) {
      |     ---------------------------------------------------- similarly 
named associated function `size_hint` defined here
      |
      = note: this error originates in the derive macro `Arbitrary` (in 
Nightly builds, run with -Z macro-backtrace for more info)

error[E0425]: cannot find type `MaxRecursionReached` in crate `arbitrary`
     --> C:\Users\pc\.cargo\registry\src\index.crates.io-1949cf8c6b5b557f\stell
ar-xdr-21.2.0\src\curr\generated.rs:25319:42
      |
25319 | #[cfg_attr(feature = "arbitrary", derive(Arbitrary))]
      |                                          ^^^^^^^^^ not found in 
`arbitrary`
      |
      = note: this error originates in the derive macro `Arbitrary` (in 
Nightly builds, run with -Z macro-backtrace for more info)

error[E0425]: cannot find function `try_recursion_guard` in module 
`arbitrary::size_hint`
     --> C:\Users\pc\.cargo\registry\src\index.crates.io-1949cf8c6b5b557f\stell
ar-xdr-21.2.0\src\curr\generated.rs:25319:42
      |
25319 |   #[cfg_attr(feature = "arbitrary", derive(Arbitrary))]
      |                                            ^^^^^^^^^
      |
     ::: C:\Users\pc\.cargo\registry\src\index.crates.io-1949cf8c6b5b557f\arbit
rary-1.3.2\src\size_hint.rs:12:1
      |
   12 | / pub fn recursion_guard(
   13 | |     depth: usize,
   14 | |     f: impl FnOnce(usize) -> (usize, Option<usize>),
   15 | | ) -> (usize, Option<usize>) {
      | |___________________________- similarly named function 
`recursion_guard` defined here
      |
      = note: this error originates in the derive macro `Arbitrary` (in 
Nightly builds, run with -Z macro-backtrace for more info)

error[E0576]: cannot find method or associated constant `try_size_hint` in 
trait `arbitrary::Arbitrary`
     --> C:\Users\pc\.cargo\registry\src\index.crates.io-1949cf8c6b5b557f\stell
ar-xdr-21.2.0\src\curr\generated.rs:25319:42
      |
25319 | #[cfg_attr(feature = "arbitrary", derive(Arbitrary))]
      |                                          ^^^^^^^^^
      |
     ::: C:\Users\pc\.cargo\registry\src\index.crates.io-1949cf8c6b5b557f\arbit
rary-1.3.2\src\lib.rs:277:5
      |
  277 |     fn size_hint(depth: usize) -> (usize, Option<usize>) {
      |     ---------------------------------------------------- similarly 
named associated function `size_hint` defined here
      |
      = note: this error originates in the derive macro `Arbitrary` (in 
Nightly builds, run with -Z macro-backtrace for more info)

error[E0425]: cannot find type `MaxRecursionReached` in crate `arbitrary`
     --> C:\Users\pc\.cargo\registry\src\index.crates.io-1949cf8c6b5b557f\stell
ar-xdr-21.2.0\src\curr\generated.rs:25428:42
      |
25428 | #[cfg_attr(feature = "arbitrary", derive(Arbitrary))]
      |                                          ^^^^^^^^^ not found in 
`arbitrary`
      |
      = note: this error originates in the derive macro `Arbitrary` (in 
Nightly builds, run with -Z macro-backtrace for more info)

error[E0425]: cannot find function `try_recursion_guard` in module 
`arbitrary::size_hint`
     --> C:\Users\pc\.cargo\registry\src\index.crates.io-1949cf8c6b5b557f\stell
ar-xdr-21.2.0\src\curr\generated.rs:25428:42
      |
25428 |   #[cfg_attr(feature = "arbitrary", derive(Arbitrary))]
      |                                            ^^^^^^^^^
      |
     ::: C:\Users\pc\.cargo\registry\src\index.crates.io-1949cf8c6b5b557f\arbit
rary-1.3.2\src\size_hint.rs:12:1
      |
   12 | / pub fn recursion_guard(
   13 | |     depth: usize,
   14 | |     f: impl FnOnce(usize) -> (usize, Option<usize>),
   15 | | ) -> (usize, Option<usize>) {
      | |___________________________- similarly named function 
`recursion_guard` defined here
      |
      = note: this error originates in the derive macro `Arbitrary` (in 
Nightly builds, run with -Z macro-backtrace for more info)

error[E0576]: cannot find method or associated constant `try_size_hint` in 
trait `arbitrary::Arbitrary`
     --> C:\Users\pc\.cargo\registry\src\index.crates.io-1949cf8c6b5b557f\stell
ar-xdr-21.2.0\src\curr\generated.rs:25428:42
      |
25428 | #[cfg_attr(feature = "arbitrary", derive(Arbitrary))]
      |                                          ^^^^^^^^^
      |
     ::: C:\Users\pc\.cargo\registry\src\index.crates.io-1949cf8c6b5b557f\arbit
rary-1.3.2\src\lib.rs:277:5
      |
  277 |     fn size_hint(depth: usize) -> (usize, Option<usize>) {
      |     ---------------------------------------------------- similarly 
named associated function `size_hint` defined here
      |
      = note: this error originates in the derive macro `Arbitrary` (in 
Nightly builds, run with -Z macro-backtrace for more info)

error[E0425]: cannot find type `MaxRecursionReached` in crate `arbitrary`
     --> C:\Users\pc\.cargo\registry\src\index.crates.io-1949cf8c6b5b557f\stell
ar-xdr-21.2.0\src\curr\generated.rs:25531:42
      |
25531 | #[cfg_attr(feature = "arbitrary", derive(Arbitrary))]
      |                                          ^^^^^^^^^ not found in 
`arbitrary`
      |
      = note: this error originates in the derive macro `Arbitrary` (in 
Nightly builds, run with -Z macro-backtrace for more info)

error[E0425]: cannot find function `try_recursion_guard` in module 
`arbitrary::size_hint`
     --> C:\Users\pc\.cargo\registry\src\index.crates.io-1949cf8c6b5b557f\stell
ar-xdr-21.2.0\src\curr\generated.rs:25531:42
      |
25531 |   #[cfg_attr(feature = "arbitrary", derive(Arbitrary))]
      |                                            ^^^^^^^^^
      |
     ::: C:\Users\pc\.cargo\registry\src\index.crates.io-1949cf8c6b5b557f\arbit
rary-1.3.2\src\size_hint.rs:12:1
      |
   12 | / pub fn recursion_guard(
   13 | |     depth: usize,
   14 | |     f: impl FnOnce(usize) -> (usize, Option<usize>),
   15 | | ) -> (usize, Option<usize>) {
      | |___________________________- similarly named function 
`recursion_guard` defined here
      |
      = note: this error originates in the derive macro `Arbitrary` (in 
Nightly builds, run with -Z macro-backtrace for more info)

error[E0576]: cannot find method or associated constant `try_size_hint` in 
trait `arbitrary::Arbitrary`
     --> C:\Users\pc\.cargo\registry\src\index.crates.io-1949cf8c6b5b557f\stell
ar-xdr-21.2.0\src\curr\generated.rs:25531:42
      |
25531 | #[cfg_attr(feature = "arbitrary", derive(Arbitrary))]
      |                                          ^^^^^^^^^
      |
     ::: C:\Users\pc\.cargo\registry\src\index.crates.io-1949cf8c6b5b557f\arbit
rary-1.3.2\src\lib.rs:277:5
      |
  277 |     fn size_hint(depth: usize) -> (usize, Option<usize>) {
      |     ---------------------------------------------------- similarly 
named associated function `size_hint` defined here
      |
      = note: this error originates in the derive macro `Arbitrary` (in 
Nightly builds, run with -Z macro-backtrace for more info)

error[E0425]: cannot find type `MaxRecursionReached` in crate `arbitrary`
     --> C:\Users\pc\.cargo\registry\src\index.crates.io-1949cf8c6b5b557f\stell
ar-xdr-21.2.0\src\curr\generated.rs:25819:42
      |
25819 | #[cfg_attr(feature = "arbitrary", derive(Arbitrary))]
      |                                          ^^^^^^^^^ not found in 
`arbitrary`
      |
      = note: this error originates in the derive macro `Arbitrary` (in 
Nightly builds, run with -Z macro-backtrace for more info)

error[E0425]: cannot find function `try_recursion_guard` in module 
`arbitrary::size_hint`
     --> C:\Users\pc\.cargo\registry\src\index.crates.io-1949cf8c6b5b557f\stell
ar-xdr-21.2.0\src\curr\generated.rs:25819:42
      |
25819 |   #[cfg_attr(feature = "arbitrary", derive(Arbitrary))]
      |                                            ^^^^^^^^^
      |
     ::: C:\Users\pc\.cargo\registry\src\index.crates.io-1949cf8c6b5b557f\arbit
rary-1.3.2\src\size_hint.rs:12:1
      |
   12 | / pub fn recursion_guard(
   13 | |     depth: usize,
   14 | |     f: impl FnOnce(usize) -> (usize, Option<usize>),
   15 | | ) -> (usize, Option<usize>) {
      | |___________________________- similarly named function 
`recursion_guard` defined here
      |
      = note: this error originates in the derive macro `Arbitrary` (in 
Nightly builds, run with -Z macro-backtrace for more info)

error[E0576]: cannot find method or associated constant `try_size_hint` in 
trait `arbitrary::Arbitrary`
     --> C:\Users\pc\.cargo\registry\src\index.crates.io-1949cf8c6b5b557f\stell
ar-xdr-21.2.0\src\curr\generated.rs:25819:42
      |
25819 | #[cfg_attr(feature = "arbitrary", derive(Arbitrary))]
      |                                          ^^^^^^^^^
      |
     ::: C:\Users\pc\.cargo\registry\src\index.crates.io-1949cf8c6b5b557f\arbit
rary-1.3.2\src\lib.rs:277:5
      |
  277 |     fn size_hint(depth: usize) -> (usize, Option<usize>) {
      |     ---------------------------------------------------- similarly 
named associated function `size_hint` defined here
      |
      = note: this error originates in the derive macro `Arbitrary` (in 
Nightly builds, run with -Z macro-backtrace for more info)

error[E0425]: cannot find type `MaxRecursionReached` in crate `arbitrary`
     --> C:\Users\pc\.cargo\registry\src\index.crates.io-1949cf8c6b5b557f\stell
ar-xdr-21.2.0\src\curr\generated.rs:25874:42
      |
25874 | #[cfg_attr(feature = "arbitrary", derive(Arbitrary))]
      |                                          ^^^^^^^^^ not found in 
`arbitrary`
      |
      = note: this error originates in the derive macro `Arbitrary` (in 
Nightly builds, run with -Z macro-backtrace for more info)

error[E0425]: cannot find function `try_recursion_guard` in module 
`arbitrary::size_hint`
     --> C:\Users\pc\.cargo\registry\src\index.crates.io-1949cf8c6b5b557f\stell
ar-xdr-21.2.0\src\curr\generated.rs:25874:42
      |
25874 |   #[cfg_attr(feature = "arbitrary", derive(Arbitrary))]
      |                                            ^^^^^^^^^
      |
     ::: C:\Users\pc\.cargo\registry\src\index.crates.io-1949cf8c6b5b557f\arbit
rary-1.3.2\src\size_hint.rs:12:1
      |
   12 | / pub fn recursion_guard(
   13 | |     depth: usize,
   14 | |     f: impl FnOnce(usize) -> (usize, Option<usize>),
   15 | | ) -> (usize, Option<usize>) {
      | |___________________________- similarly named function 
`recursion_guard` defined here
      |
      = note: this error originates in the derive macro `Arbitrary` (in 
Nightly builds, run with -Z macro-backtrace for more info)

error[E0576]: cannot find method or associated constant `try_size_hint` in 
trait `arbitrary::Arbitrary`
     --> C:\Users\pc\.cargo\registry\src\index.crates.io-1949cf8c6b5b557f\stell
ar-xdr-21.2.0\src\curr\generated.rs:25874:42
      |
25874 | #[cfg_attr(feature = "arbitrary", derive(Arbitrary))]
      |                                          ^^^^^^^^^
      |
     ::: C:\Users\pc\.cargo\registry\src\index.crates.io-1949cf8c6b5b557f\arbit
rary-1.3.2\src\lib.rs:277:5
      |
  277 |     fn size_hint(depth: usize) -> (usize, Option<usize>) {
      |     ---------------------------------------------------- similarly 
named associated function `size_hint` defined here
      |
      = note: this error originates in the derive macro `Arbitrary` (in 
Nightly builds, run with -Z macro-backtrace for more info)

error[E0425]: cannot find type `MaxRecursionReached` in crate `arbitrary`
     --> C:\Users\pc\.cargo\registry\src\index.crates.io-1949cf8c6b5b557f\stell
ar-xdr-21.2.0\src\curr\generated.rs:25983:42
      |
25983 | #[cfg_attr(feature = "arbitrary", derive(Arbitrary))]
      |                                          ^^^^^^^^^ not found in 
`arbitrary`
      |
      = note: this error originates in the derive macro `Arbitrary` (in 
Nightly builds, run with -Z macro-backtrace for more info)

error[E0425]: cannot find function `try_recursion_guard` in module 
`arbitrary::size_hint`
     --> C:\Users\pc\.cargo\registry\src\index.crates.io-1949cf8c6b5b557f\stell
ar-xdr-21.2.0\src\curr\generated.rs:25983:42
      |
25983 |   #[cfg_attr(feature = "arbitrary", derive(Arbitrary))]
      |                                            ^^^^^^^^^
      |
     ::: C:\Users\pc\.cargo\registry\src\index.crates.io-1949cf8c6b5b557f\arbit
rary-1.3.2\src\size_hint.rs:12:1
      |
   12 | / pub fn recursion_guard(
   13 | |     depth: usize,
   14 | |     f: impl FnOnce(usize) -> (usize, Option<usize>),
   15 | | ) -> (usize, Option<usize>) {
      | |___________________________- similarly named function 
`recursion_guard` defined here
      |
      = note: this error originates in the derive macro `Arbitrary` (in 
Nightly builds, run with -Z macro-backtrace for more info)

error[E0576]: cannot find method or associated constant `try_size_hint` in 
trait `arbitrary::Arbitrary`
     --> C:\Users\pc\.cargo\registry\src\index.crates.io-1949cf8c6b5b557f\stell
ar-xdr-21.2.0\src\curr\generated.rs:25983:42
      |
25983 | #[cfg_attr(feature = "arbitrary", derive(Arbitrary))]
      |                                          ^^^^^^^^^
      |
     ::: C:\Users\pc\.cargo\registry\src\index.crates.io-1949cf8c6b5b557f\arbit
rary-1.3.2\src\lib.rs:277:5
      |
  277 |     fn size_hint(depth: usize) -> (usize, Option<usize>) {
      |     ---------------------------------------------------- similarly 
named associated function `size_hint` defined here
      |
      = note: this error originates in the derive macro `Arbitrary` (in 
Nightly builds, run with -Z macro-backtrace for more info)

error[E0425]: cannot find type `MaxRecursionReached` in crate `arbitrary`
     --> C:\Users\pc\.cargo\registry\src\index.crates.io-1949cf8c6b5b557f\stell
ar-xdr-21.2.0\src\curr\generated.rs:26089:42
      |
26089 | #[cfg_attr(feature = "arbitrary", derive(Arbitrary))]
      |                                          ^^^^^^^^^ not found in 
`arbitrary`
      |
      = note: this error originates in the derive macro `Arbitrary` (in 
Nightly builds, run with -Z macro-backtrace for more info)

error[E0425]: cannot find function `try_recursion_guard` in module 
`arbitrary::size_hint`
     --> C:\Users\pc\.cargo\registry\src\index.crates.io-1949cf8c6b5b557f\stell
ar-xdr-21.2.0\src\curr\generated.rs:26089:42
      |
26089 |   #[cfg_attr(feature = "arbitrary", derive(Arbitrary))]
      |                                            ^^^^^^^^^
      |
     ::: C:\Users\pc\.cargo\registry\src\index.crates.io-1949cf8c6b5b557f\arbit
rary-1.3.2\src\size_hint.rs:12:1
      |
   12 | / pub fn recursion_guard(
   13 | |     depth: usize,
   14 | |     f: impl FnOnce(usize) -> (usize, Option<usize>),
   15 | | ) -> (usize, Option<usize>) {
      | |___________________________- similarly named function 
`recursion_guard` defined here
      |
      = note: this error originates in the derive macro `Arbitrary` (in 
Nightly builds, run with -Z macro-backtrace for more info)

error[E0576]: cannot find method or associated constant `try_size_hint` in 
trait `arbitrary::Arbitrary`
     --> C:\Users\pc\.cargo\registry\src\index.crates.io-1949cf8c6b5b557f\stell
ar-xdr-21.2.0\src\curr\generated.rs:26089:42
      |
26089 | #[cfg_attr(feature = "arbitrary", derive(Arbitrary))]
      |                                          ^^^^^^^^^
      |
     ::: C:\Users\pc\.cargo\registry\src\index.crates.io-1949cf8c6b5b557f\arbit
rary-1.3.2\src\lib.rs:277:5
      |
  277 |     fn size_hint(depth: usize) -> (usize, Option<usize>) {
      |     ---------------------------------------------------- similarly 
named associated function `size_hint` defined here
      |
      = note: this error originates in the derive macro `Arbitrary` (in 
Nightly builds, run with -Z macro-backtrace for more info)

error[E0425]: cannot find type `MaxRecursionReached` in crate `arbitrary`
     --> C:\Users\pc\.cargo\registry\src\index.crates.io-1949cf8c6b5b557f\stell
ar-xdr-21.2.0\src\curr\generated.rs:26140:42
      |
26140 | #[cfg_attr(feature = "arbitrary", derive(Arbitrary))]
      |                                          ^^^^^^^^^ not found in 
`arbitrary`
      |
      = note: this error originates in the derive macro `Arbitrary` (in 
Nightly builds, run with -Z macro-backtrace for more info)

error[E0425]: cannot find function `try_recursion_guard` in module 
`arbitrary::size_hint`
     --> C:\Users\pc\.cargo\registry\src\index.crates.io-1949cf8c6b5b557f\stell
ar-xdr-21.2.0\src\curr\generated.rs:26140:42
      |
26140 |   #[cfg_attr(feature = "arbitrary", derive(Arbitrary))]
      |                                            ^^^^^^^^^
      |
     ::: C:\Users\pc\.cargo\registry\src\index.crates.io-1949cf8c6b5b557f\arbit
rary-1.3.2\src\size_hint.rs:12:1
      |
   12 | / pub fn recursion_guard(
   13 | |     depth: usize,
   14 | |     f: impl FnOnce(usize) -> (usize, Option<usize>),
   15 | | ) -> (usize, Option<usize>) {
      | |___________________________- similarly named function 
`recursion_guard` defined here
      |
      = note: this error originates in the derive macro `Arbitrary` (in 
Nightly builds, run with -Z macro-backtrace for more info)

error[E0576]: cannot find method or associated constant `try_size_hint` in 
trait `arbitrary::Arbitrary`
     --> C:\Users\pc\.cargo\registry\src\index.crates.io-1949cf8c6b5b557f\stell
ar-xdr-21.2.0\src\curr\generated.rs:26140:42
      |
26140 | #[cfg_attr(feature = "arbitrary", derive(Arbitrary))]
      |                                          ^^^^^^^^^
      |
     ::: C:\Users\pc\.cargo\registry\src\index.crates.io-1949cf8c6b5b557f\arbit
rary-1.3.2\src\lib.rs:277:5
      |
  277 |     fn size_hint(depth: usize) -> (usize, Option<usize>) {
      |     ---------------------------------------------------- similarly 
named associated function `size_hint` defined here
      |
      = note: this error originates in the derive macro `Arbitrary` (in 
Nightly builds, run with -Z macro-backtrace for more info)

error[E0425]: cannot find type `MaxRecursionReached` in crate `arbitrary`
     --> C:\Users\pc\.cargo\registry\src\index.crates.io-1949cf8c6b5b557f\stell
ar-xdr-21.2.0\src\curr\generated.rs:26245:42
      |
26245 | #[cfg_attr(feature = "arbitrary", derive(Arbitrary))]
      |                                          ^^^^^^^^^ not found in 
`arbitrary`
      |
      = note: this error originates in the derive macro `Arbitrary` (in 
Nightly builds, run with -Z macro-backtrace for more info)

error[E0425]: cannot find function `try_recursion_guard` in module 
`arbitrary::size_hint`
     --> C:\Users\pc\.cargo\registry\src\index.crates.io-1949cf8c6b5b557f\stell
ar-xdr-21.2.0\src\curr\generated.rs:26245:42
      |
26245 |   #[cfg_attr(feature = "arbitrary", derive(Arbitrary))]
      |                                            ^^^^^^^^^
      |
     ::: C:\Users\pc\.cargo\registry\src\index.crates.io-1949cf8c6b5b557f\arbit
rary-1.3.2\src\size_hint.rs:12:1
      |
   12 | / pub fn recursion_guard(
   13 | |     depth: usize,
   14 | |     f: impl FnOnce(usize) -> (usize, Option<usize>),
   15 | | ) -> (usize, Option<usize>) {
      | |___________________________- similarly named function 
`recursion_guard` defined here
      |
      = note: this error originates in the derive macro `Arbitrary` (in 
Nightly builds, run with -Z macro-backtrace for more info)

error[E0576]: cannot find method or associated constant `try_size_hint` in 
trait `arbitrary::Arbitrary`
     --> C:\Users\pc\.cargo\registry\src\index.crates.io-1949cf8c6b5b557f\stell
ar-xdr-21.2.0\src\curr\generated.rs:26245:42
      |
26245 | #[cfg_attr(feature = "arbitrary", derive(Arbitrary))]
      |                                          ^^^^^^^^^
      |
     ::: C:\Users\pc\.cargo\registry\src\index.crates.io-1949cf8c6b5b557f\arbit
rary-1.3.2\src\lib.rs:277:5
      |
  277 |     fn size_hint(depth: usize) -> (usize, Option<usize>) {
      |     ---------------------------------------------------- similarly 
named associated function `size_hint` defined here
      |
      = note: this error originates in the derive macro `Arbitrary` (in 
Nightly builds, run with -Z macro-backtrace for more info)

error[E0425]: cannot find type `MaxRecursionReached` in crate `arbitrary`
     --> C:\Users\pc\.cargo\registry\src\index.crates.io-1949cf8c6b5b557f\stell
ar-xdr-21.2.0\src\curr\generated.rs:26553:42
      |
26553 | #[cfg_attr(feature = "arbitrary", derive(Arbitrary))]
      |                                          ^^^^^^^^^ not found in 
`arbitrary`
      |
      = note: this error originates in the derive macro `Arbitrary` (in 
Nightly builds, run with -Z macro-backtrace for more info)

error[E0425]: cannot find function `try_recursion_guard` in module 
`arbitrary::size_hint`
     --> C:\Users\pc\.cargo\registry\src\index.crates.io-1949cf8c6b5b557f\stell
ar-xdr-21.2.0\src\curr\generated.rs:26553:42
      |
26553 |   #[cfg_attr(feature = "arbitrary", derive(Arbitrary))]
      |                                            ^^^^^^^^^
      |
     ::: C:\Users\pc\.cargo\registry\src\index.crates.io-1949cf8c6b5b557f\arbit
rary-1.3.2\src\size_hint.rs:12:1
      |
   12 | / pub fn recursion_guard(
   13 | |     depth: usize,
   14 | |     f: impl FnOnce(usize) -> (usize, Option<usize>),
   15 | | ) -> (usize, Option<usize>) {
      | |___________________________- similarly named function 
`recursion_guard` defined here
      |
      = note: this error originates in the derive macro `Arbitrary` (in 
Nightly builds, run with -Z macro-backtrace for more info)

error[E0576]: cannot find method or associated constant `try_size_hint` in 
trait `arbitrary::Arbitrary`
     --> C:\Users\pc\.cargo\registry\src\index.crates.io-1949cf8c6b5b557f\stell
ar-xdr-21.2.0\src\curr\generated.rs:26553:42
      |
26553 | #[cfg_attr(feature = "arbitrary", derive(Arbitrary))]
      |                                          ^^^^^^^^^
      |
     ::: C:\Users\pc\.cargo\registry\src\index.crates.io-1949cf8c6b5b557f\arbit
rary-1.3.2\src\lib.rs:277:5
      |
  277 |     fn size_hint(depth: usize) -> (usize, Option<usize>) {
      |     ---------------------------------------------------- similarly 
named associated function `size_hint` defined here
      |
      = note: this error originates in the derive macro `Arbitrary` (in 
Nightly builds, run with -Z macro-backtrace for more info)

error[E0425]: cannot find type `MaxRecursionReached` in crate `arbitrary`
     --> C:\Users\pc\.cargo\registry\src\index.crates.io-1949cf8c6b5b557f\stell
ar-xdr-21.2.0\src\curr\generated.rs:26600:42
      |
26600 | #[cfg_attr(feature = "arbitrary", derive(Arbitrary))]
      |                                          ^^^^^^^^^ not found in 
`arbitrary`
      |
      = note: this error originates in the derive macro `Arbitrary` (in 
Nightly builds, run with -Z macro-backtrace for more info)

error[E0425]: cannot find function `try_recursion_guard` in module 
`arbitrary::size_hint`
     --> C:\Users\pc\.cargo\registry\src\index.crates.io-1949cf8c6b5b557f\stell
ar-xdr-21.2.0\src\curr\generated.rs:26600:42
      |
26600 |   #[cfg_attr(feature = "arbitrary", derive(Arbitrary))]
      |                                            ^^^^^^^^^
      |
     ::: C:\Users\pc\.cargo\registry\src\index.crates.io-1949cf8c6b5b557f\arbit
rary-1.3.2\src\size_hint.rs:12:1
      |
   12 | / pub fn recursion_guard(
   13 | |     depth: usize,
   14 | |     f: impl FnOnce(usize) -> (usize, Option<usize>),
   15 | | ) -> (usize, Option<usize>) {
      | |___________________________- similarly named function 
`recursion_guard` defined here
      |
      = note: this error originates in the derive macro `Arbitrary` (in 
Nightly builds, run with -Z macro-backtrace for more info)

error[E0576]: cannot find method or associated constant `try_size_hint` in 
trait `arbitrary::Arbitrary`
     --> C:\Users\pc\.cargo\registry\src\index.crates.io-1949cf8c6b5b557f\stell
ar-xdr-21.2.0\src\curr\generated.rs:26600:42
      |
26600 | #[cfg_attr(feature = "arbitrary", derive(Arbitrary))]
      |                                          ^^^^^^^^^
      |
     ::: C:\Users\pc\.cargo\registry\src\index.crates.io-1949cf8c6b5b557f\arbit
rary-1.3.2\src\lib.rs:277:5
      |
  277 |     fn size_hint(depth: usize) -> (usize, Option<usize>) {
      |     ---------------------------------------------------- similarly 
named associated function `size_hint` defined here
      |
      = note: this error originates in the derive macro `Arbitrary` (in 
Nightly builds, run with -Z macro-backtrace for more info)

error[E0425]: cannot find type `MaxRecursionReached` in crate `arbitrary`
     --> C:\Users\pc\.cargo\registry\src\index.crates.io-1949cf8c6b5b557f\stell
ar-xdr-21.2.0\src\curr\generated.rs:26657:42
      |
26657 | #[cfg_attr(feature = "arbitrary", derive(Arbitrary))]
      |                                          ^^^^^^^^^ not found in 
`arbitrary`
      |
      = note: this error originates in the derive macro `Arbitrary` (in 
Nightly builds, run with -Z macro-backtrace for more info)

error[E0425]: cannot find function `try_recursion_guard` in module 
`arbitrary::size_hint`
     --> C:\Users\pc\.cargo\registry\src\index.crates.io-1949cf8c6b5b557f\stell
ar-xdr-21.2.0\src\curr\generated.rs:26657:42
      |
26657 |   #[cfg_attr(feature = "arbitrary", derive(Arbitrary))]
      |                                            ^^^^^^^^^
      |
     ::: C:\Users\pc\.cargo\registry\src\index.crates.io-1949cf8c6b5b557f\arbit
rary-1.3.2\src\size_hint.rs:12:1
      |
   12 | / pub fn recursion_guard(
   13 | |     depth: usize,
   14 | |     f: impl FnOnce(usize) -> (usize, Option<usize>),
   15 | | ) -> (usize, Option<usize>) {
      | |___________________________- similarly named function 
`recursion_guard` defined here
      |
      = note: this error originates in the derive macro `Arbitrary` (in 
Nightly builds, run with -Z macro-backtrace for more info)

error[E0576]: cannot find method or associated constant `try_size_hint` in 
trait `arbitrary::Arbitrary`
     --> C:\Users\pc\.cargo\registry\src\index.crates.io-1949cf8c6b5b557f\stell
ar-xdr-21.2.0\src\curr\generated.rs:26657:42
      |
26657 | #[cfg_attr(feature = "arbitrary", derive(Arbitrary))]
      |                                          ^^^^^^^^^
      |
     ::: C:\Users\pc\.cargo\registry\src\index.crates.io-1949cf8c6b5b557f\arbit
rary-1.3.2\src\lib.rs:277:5
      |
  277 |     fn size_hint(depth: usize) -> (usize, Option<usize>) {
      |     ---------------------------------------------------- similarly 
named associated function `size_hint` defined here
      |
      = note: this error originates in the derive macro `Arbitrary` (in 
Nightly builds, run with -Z macro-backtrace for more info)

error[E0425]: cannot find type `MaxRecursionReached` in crate `arbitrary`
     --> C:\Users\pc\.cargo\registry\src\index.crates.io-1949cf8c6b5b557f\stell
ar-xdr-21.2.0\src\curr\generated.rs:26723:42
      |
26723 | #[cfg_attr(feature = "arbitrary", derive(Arbitrary))]
      |                                          ^^^^^^^^^ not found in 
`arbitrary`
      |
      = note: this error originates in the derive macro `Arbitrary` (in 
Nightly builds, run with -Z macro-backtrace for more info)

error[E0425]: cannot find function `try_recursion_guard` in module 
`arbitrary::size_hint`
     --> C:\Users\pc\.cargo\registry\src\index.crates.io-1949cf8c6b5b557f\stell
ar-xdr-21.2.0\src\curr\generated.rs:26723:42
      |
26723 |   #[cfg_attr(feature = "arbitrary", derive(Arbitrary))]
      |                                            ^^^^^^^^^
      |
     ::: C:\Users\pc\.cargo\registry\src\index.crates.io-1949cf8c6b5b557f\arbit
rary-1.3.2\src\size_hint.rs:12:1
      |
   12 | / pub fn recursion_guard(
   13 | |     depth: usize,
   14 | |     f: impl FnOnce(usize) -> (usize, Option<usize>),
   15 | | ) -> (usize, Option<usize>) {
      | |___________________________- similarly named function 
`recursion_guard` defined here
      |
      = note: this error originates in the derive macro `Arbitrary` (in 
Nightly builds, run with -Z macro-backtrace for more info)

error[E0576]: cannot find method or associated constant `try_size_hint` in 
trait `arbitrary::Arbitrary`
     --> C:\Users\pc\.cargo\registry\src\index.crates.io-1949cf8c6b5b557f\stell
ar-xdr-21.2.0\src\curr\generated.rs:26723:42
      |
26723 | #[cfg_attr(feature = "arbitrary", derive(Arbitrary))]
      |                                          ^^^^^^^^^
      |
     ::: C:\Users\pc\.cargo\registry\src\index.crates.io-1949cf8c6b5b557f\arbit
rary-1.3.2\src\lib.rs:277:5
      |
  277 |     fn size_hint(depth: usize) -> (usize, Option<usize>) {
      |     ---------------------------------------------------- similarly 
named associated function `size_hint` defined here
      |
      = note: this error originates in the derive macro `Arbitrary` (in 
Nightly builds, run with -Z macro-backtrace for more info)

error[E0425]: cannot find type `MaxRecursionReached` in crate `arbitrary`
     --> C:\Users\pc\.cargo\registry\src\index.crates.io-1949cf8c6b5b557f\stell
ar-xdr-21.2.0\src\curr\generated.rs:26786:42
      |
26786 | #[cfg_attr(feature = "arbitrary", derive(Arbitrary))]
      |                                          ^^^^^^^^^ not found in 
`arbitrary`
      |
      = note: this error originates in the derive macro `Arbitrary` (in 
Nightly builds, run with -Z macro-backtrace for more info)

error[E0425]: cannot find function `try_recursion_guard` in module 
`arbitrary::size_hint`
     --> C:\Users\pc\.cargo\registry\src\index.crates.io-1949cf8c6b5b557f\stell
ar-xdr-21.2.0\src\curr\generated.rs:26786:42
      |
26786 |   #[cfg_attr(feature = "arbitrary", derive(Arbitrary))]
      |                                            ^^^^^^^^^
      |
     ::: C:\Users\pc\.cargo\registry\src\index.crates.io-1949cf8c6b5b557f\arbit
rary-1.3.2\src\size_hint.rs:12:1
      |
   12 | / pub fn recursion_guard(
   13 | |     depth: usize,
   14 | |     f: impl FnOnce(usize) -> (usize, Option<usize>),
   15 | | ) -> (usize, Option<usize>) {
      | |___________________________- similarly named function 
`recursion_guard` defined here
      |
      = note: this error originates in the derive macro `Arbitrary` (in 
Nightly builds, run with -Z macro-backtrace for more info)

error[E0576]: cannot find method or associated constant `try_size_hint` in 
trait `arbitrary::Arbitrary`
     --> C:\Users\pc\.cargo\registry\src\index.crates.io-1949cf8c6b5b557f\stell
ar-xdr-21.2.0\src\curr\generated.rs:26786:42
      |
26786 | #[cfg_attr(feature = "arbitrary", derive(Arbitrary))]
      |                                          ^^^^^^^^^
      |
     ::: C:\Users\pc\.cargo\registry\src\index.crates.io-1949cf8c6b5b557f\arbit
rary-1.3.2\src\lib.rs:277:5
      |
  277 |     fn size_hint(depth: usize) -> (usize, Option<usize>) {
      |     ---------------------------------------------------- similarly 
named associated function `size_hint` defined here
      |
      = note: this error originates in the derive macro `Arbitrary` (in 
Nightly builds, run with -Z macro-backtrace for more info)

error[E0425]: cannot find type `MaxRecursionReached` in crate `arbitrary`
     --> C:\Users\pc\.cargo\registry\src\index.crates.io-1949cf8c6b5b557f\stell
ar-xdr-21.2.0\src\curr\generated.rs:26847:42
      |
26847 | #[cfg_attr(feature = "arbitrary", derive(Arbitrary))]
      |                                          ^^^^^^^^^ not found in 
`arbitrary`
      |
      = note: this error originates in the derive macro `Arbitrary` (in 
Nightly builds, run with -Z macro-backtrace for more info)

error[E0425]: cannot find function `try_recursion_guard` in module 
`arbitrary::size_hint`
     --> C:\Users\pc\.cargo\registry\src\index.crates.io-1949cf8c6b5b557f\stell
ar-xdr-21.2.0\src\curr\generated.rs:26847:42
      |
26847 |   #[cfg_attr(feature = "arbitrary", derive(Arbitrary))]
      |                                            ^^^^^^^^^
      |
     ::: C:\Users\pc\.cargo\registry\src\index.crates.io-1949cf8c6b5b557f\arbit
rary-1.3.2\src\size_hint.rs:12:1
      |
   12 | / pub fn recursion_guard(
   13 | |     depth: usize,
   14 | |     f: impl FnOnce(usize) -> (usize, Option<usize>),
   15 | | ) -> (usize, Option<usize>) {
      | |___________________________- similarly named function 
`recursion_guard` defined here
      |
      = note: this error originates in the derive macro `Arbitrary` (in 
Nightly builds, run with -Z macro-backtrace for more info)

error[E0576]: cannot find method or associated constant `try_size_hint` in 
trait `arbitrary::Arbitrary`
     --> C:\Users\pc\.cargo\registry\src\index.crates.io-1949cf8c6b5b557f\stell
ar-xdr-21.2.0\src\curr\generated.rs:26847:42
      |
26847 | #[cfg_attr(feature = "arbitrary", derive(Arbitrary))]
      |                                          ^^^^^^^^^
      |
     ::: C:\Users\pc\.cargo\registry\src\index.crates.io-1949cf8c6b5b557f\arbit
rary-1.3.2\src\lib.rs:277:5
      |
  277 |     fn size_hint(depth: usize) -> (usize, Option<usize>) {
      |     ---------------------------------------------------- similarly 
named associated function `size_hint` defined here
      |
      = note: this error originates in the derive macro `Arbitrary` (in 
Nightly builds, run with -Z macro-backtrace for more info)

error[E0425]: cannot find type `MaxRecursionReached` in crate `arbitrary`
     --> C:\Users\pc\.cargo\registry\src\index.crates.io-1949cf8c6b5b557f\stell
ar-xdr-21.2.0\src\curr\generated.rs:26904:42
      |
26904 | #[cfg_attr(feature = "arbitrary", derive(Arbitrary))]
      |                                          ^^^^^^^^^ not found in 
`arbitrary`
      |
      = note: this error originates in the derive macro `Arbitrary` (in 
Nightly builds, run with -Z macro-backtrace for more info)

error[E0425]: cannot find function `try_recursion_guard` in module 
`arbitrary::size_hint`
     --> C:\Users\pc\.cargo\registry\src\index.crates.io-1949cf8c6b5b557f\stell
ar-xdr-21.2.0\src\curr\generated.rs:26904:42
      |
26904 |   #[cfg_attr(feature = "arbitrary", derive(Arbitrary))]
      |                                            ^^^^^^^^^
      |
     ::: C:\Users\pc\.cargo\registry\src\index.crates.io-1949cf8c6b5b557f\arbit
rary-1.3.2\src\size_hint.rs:12:1
      |
   12 | / pub fn recursion_guard(
   13 | |     depth: usize,
   14 | |     f: impl FnOnce(usize) -> (usize, Option<usize>),
   15 | | ) -> (usize, Option<usize>) {
      | |___________________________- similarly named function 
`recursion_guard` defined here
      |
      = note: this error originates in the derive macro `Arbitrary` (in 
Nightly builds, run with -Z macro-backtrace for more info)

error[E0576]: cannot find method or associated constant `try_size_hint` in 
trait `arbitrary::Arbitrary`
     --> C:\Users\pc\.cargo\registry\src\index.crates.io-1949cf8c6b5b557f\stell
ar-xdr-21.2.0\src\curr\generated.rs:26904:42
      |
26904 | #[cfg_attr(feature = "arbitrary", derive(Arbitrary))]
      |                                          ^^^^^^^^^
      |
     ::: C:\Users\pc\.cargo\registry\src\index.crates.io-1949cf8c6b5b557f\arbit
rary-1.3.2\src\lib.rs:277:5
      |
  277 |     fn size_hint(depth: usize) -> (usize, Option<usize>) {
      |     ---------------------------------------------------- similarly 
named associated function `size_hint` defined here
      |
      = note: this error originates in the derive macro `Arbitrary` (in 
Nightly builds, run with -Z macro-backtrace for more info)

error[E0425]: cannot find type `MaxRecursionReached` in crate `arbitrary`
     --> C:\Users\pc\.cargo\registry\src\index.crates.io-1949cf8c6b5b557f\stell
ar-xdr-21.2.0\src\curr\generated.rs:26970:42
      |
26970 | #[cfg_attr(feature = "arbitrary", derive(Arbitrary))]
      |                                          ^^^^^^^^^ not found in 
`arbitrary`
      |
      = note: this error originates in the derive macro `Arbitrary` (in 
Nightly builds, run with -Z macro-backtrace for more info)

error[E0425]: cannot find function `try_recursion_guard` in module 
`arbitrary::size_hint`
     --> C:\Users\pc\.cargo\registry\src\index.crates.io-1949cf8c6b5b557f\stell
ar-xdr-21.2.0\src\curr\generated.rs:26970:42
      |
26970 |   #[cfg_attr(feature = "arbitrary", derive(Arbitrary))]
      |                                            ^^^^^^^^^
      |
     ::: C:\Users\pc\.cargo\registry\src\index.crates.io-1949cf8c6b5b557f\arbit
rary-1.3.2\src\size_hint.rs:12:1
      |
   12 | / pub fn recursion_guard(
   13 | |     depth: usize,
   14 | |     f: impl FnOnce(usize) -> (usize, Option<usize>),
   15 | | ) -> (usize, Option<usize>) {
      | |___________________________- similarly named function 
`recursion_guard` defined here
      |
      = note: this error originates in the derive macro `Arbitrary` (in 
Nightly builds, run with -Z macro-backtrace for more info)

error[E0576]: cannot find method or associated constant `try_size_hint` in 
trait `arbitrary::Arbitrary`
     --> C:\Users\pc\.cargo\registry\src\index.crates.io-1949cf8c6b5b557f\stell
ar-xdr-21.2.0\src\curr\generated.rs:26970:42
      |
26970 | #[cfg_attr(feature = "arbitrary", derive(Arbitrary))]
      |                                          ^^^^^^^^^
      |
     ::: C:\Users\pc\.cargo\registry\src\index.crates.io-1949cf8c6b5b557f\arbit
rary-1.3.2\src\lib.rs:277:5
      |
  277 |     fn size_hint(depth: usize) -> (usize, Option<usize>) {
      |     ---------------------------------------------------- similarly 
named associated function `size_hint` defined here
      |
      = note: this error originates in the derive macro `Arbitrary` (in 
Nightly builds, run with -Z macro-backtrace for more info)

error[E0425]: cannot find type `MaxRecursionReached` in crate `arbitrary`
     --> C:\Users\pc\.cargo\registry\src\index.crates.io-1949cf8c6b5b557f\stell
ar-xdr-21.2.0\src\curr\generated.rs:27049:42
      |
27049 | #[cfg_attr(feature = "arbitrary", derive(Arbitrary))]
      |                                          ^^^^^^^^^ not found in 
`arbitrary`
      |
      = note: this error originates in the derive macro `Arbitrary` (in 
Nightly builds, run with -Z macro-backtrace for more info)

error[E0425]: cannot find function `try_recursion_guard` in module 
`arbitrary::size_hint`
     --> C:\Users\pc\.cargo\registry\src\index.crates.io-1949cf8c6b5b557f\stell
ar-xdr-21.2.0\src\curr\generated.rs:27049:42
      |
27049 |   #[cfg_attr(feature = "arbitrary", derive(Arbitrary))]
      |                                            ^^^^^^^^^
      |
     ::: C:\Users\pc\.cargo\registry\src\index.crates.io-1949cf8c6b5b557f\arbit
rary-1.3.2\src\size_hint.rs:12:1
      |
   12 | / pub fn recursion_guard(
   13 | |     depth: usize,
   14 | |     f: impl FnOnce(usize) -> (usize, Option<usize>),
   15 | | ) -> (usize, Option<usize>) {
      | |___________________________- similarly named function 
`recursion_guard` defined here
      |
      = note: this error originates in the derive macro `Arbitrary` (in 
Nightly builds, run with -Z macro-backtrace for more info)

error[E0576]: cannot find method or associated constant `try_size_hint` in 
trait `arbitrary::Arbitrary`
     --> C:\Users\pc\.cargo\registry\src\index.crates.io-1949cf8c6b5b557f\stell
ar-xdr-21.2.0\src\curr\generated.rs:27049:42
      |
27049 | #[cfg_attr(feature = "arbitrary", derive(Arbitrary))]
      |                                          ^^^^^^^^^
      |
     ::: C:\Users\pc\.cargo\registry\src\index.crates.io-1949cf8c6b5b557f\arbit
rary-1.3.2\src\lib.rs:277:5
      |
  277 |     fn size_hint(depth: usize) -> (usize, Option<usize>) {
      |     ---------------------------------------------------- similarly 
named associated function `size_hint` defined here
      |
      = note: this error originates in the derive macro `Arbitrary` (in 
Nightly builds, run with -Z macro-backtrace for more info)

error[E0425]: cannot find type `MaxRecursionReached` in crate `arbitrary`
     --> C:\Users\pc\.cargo\registry\src\index.crates.io-1949cf8c6b5b557f\stell
ar-xdr-21.2.0\src\curr\generated.rs:27172:42
      |
27172 | #[cfg_attr(feature = "arbitrary", derive(Arbitrary))]
      |                                          ^^^^^^^^^ not found in 
`arbitrary`
      |
      = note: this error originates in the derive macro `Arbitrary` (in 
Nightly builds, run with -Z macro-backtrace for more info)

error[E0425]: cannot find function `try_recursion_guard` in module 
`arbitrary::size_hint`
     --> C:\Users\pc\.cargo\registry\src\index.crates.io-1949cf8c6b5b557f\stell
ar-xdr-21.2.0\src\curr\generated.rs:27172:42
      |
27172 |   #[cfg_attr(feature = "arbitrary", derive(Arbitrary))]
      |                                            ^^^^^^^^^
      |
     ::: C:\Users\pc\.cargo\registry\src\index.crates.io-1949cf8c6b5b557f\arbit
rary-1.3.2\src\size_hint.rs:12:1
      |
   12 | / pub fn recursion_guard(
   13 | |     depth: usize,
   14 | |     f: impl FnOnce(usize) -> (usize, Option<usize>),
   15 | | ) -> (usize, Option<usize>) {
      | |___________________________- similarly named function 
`recursion_guard` defined here
      |
      = note: this error originates in the derive macro `Arbitrary` (in 
Nightly builds, run with -Z macro-backtrace for more info)

error[E0576]: cannot find method or associated constant `try_size_hint` in 
trait `arbitrary::Arbitrary`
     --> C:\Users\pc\.cargo\registry\src\index.crates.io-1949cf8c6b5b557f\stell
ar-xdr-21.2.0\src\curr\generated.rs:27172:42
      |
27172 | #[cfg_attr(feature = "arbitrary", derive(Arbitrary))]
      |                                          ^^^^^^^^^
      |
     ::: C:\Users\pc\.cargo\registry\src\index.crates.io-1949cf8c6b5b557f\arbit
rary-1.3.2\src\lib.rs:277:5
      |
  277 |     fn size_hint(depth: usize) -> (usize, Option<usize>) {
      |     ---------------------------------------------------- similarly 
named associated function `size_hint` defined here
      |
      = note: this error originates in the derive macro `Arbitrary` (in 
Nightly builds, run with -Z macro-backtrace for more info)

error[E0425]: cannot find type `MaxRecursionReached` in crate `arbitrary`
     --> C:\Users\pc\.cargo\registry\src\index.crates.io-1949cf8c6b5b557f\stell
ar-xdr-21.2.0\src\curr\generated.rs:27221:42
      |
27221 | #[cfg_attr(feature = "arbitrary", derive(Arbitrary))]
      |                                          ^^^^^^^^^ not found in 
`arbitrary`
      |
      = note: this error originates in the derive macro `Arbitrary` (in 
Nightly builds, run with -Z macro-backtrace for more info)

error[E0425]: cannot find function `try_recursion_guard` in module 
`arbitrary::size_hint`
     --> C:\Users\pc\.cargo\registry\src\index.crates.io-1949cf8c6b5b557f\stell
ar-xdr-21.2.0\src\curr\generated.rs:27221:42
      |
27221 |   #[cfg_attr(feature = "arbitrary", derive(Arbitrary))]
      |                                            ^^^^^^^^^
      |
     ::: C:\Users\pc\.cargo\registry\src\index.crates.io-1949cf8c6b5b557f\arbit
rary-1.3.2\src\size_hint.rs:12:1
      |
   12 | / pub fn recursion_guard(
   13 | |     depth: usize,
   14 | |     f: impl FnOnce(usize) -> (usize, Option<usize>),
   15 | | ) -> (usize, Option<usize>) {
      | |___________________________- similarly named function 
`recursion_guard` defined here
      |
      = note: this error originates in the derive macro `Arbitrary` (in 
Nightly builds, run with -Z macro-backtrace for more info)

error[E0576]: cannot find method or associated constant `try_size_hint` in 
trait `arbitrary::Arbitrary`
     --> C:\Users\pc\.cargo\registry\src\index.crates.io-1949cf8c6b5b557f\stell
ar-xdr-21.2.0\src\curr\generated.rs:27221:42
      |
27221 | #[cfg_attr(feature = "arbitrary", derive(Arbitrary))]
      |                                          ^^^^^^^^^
      |
     ::: C:\Users\pc\.cargo\registry\src\index.crates.io-1949cf8c6b5b557f\arbit
rary-1.3.2\src\lib.rs:277:5
      |
  277 |     fn size_hint(depth: usize) -> (usize, Option<usize>) {
      |     ---------------------------------------------------- similarly 
named associated function `size_hint` defined here
      |
      = note: this error originates in the derive macro `Arbitrary` (in 
Nightly builds, run with -Z macro-backtrace for more info)

error[E0425]: cannot find type `MaxRecursionReached` in crate `arbitrary`
     --> C:\Users\pc\.cargo\registry\src\index.crates.io-1949cf8c6b5b557f\stell
ar-xdr-21.2.0\src\curr\generated.rs:27270:42
      |
27270 | #[cfg_attr(feature = "arbitrary", derive(Arbitrary))]
      |                                          ^^^^^^^^^ not found in 
`arbitrary`
      |
      = note: this error originates in the derive macro `Arbitrary` (in 
Nightly builds, run with -Z macro-backtrace for more info)

error[E0425]: cannot find function `try_recursion_guard` in module 
`arbitrary::size_hint`
     --> C:\Users\pc\.cargo\registry\src\index.crates.io-1949cf8c6b5b557f\stell
ar-xdr-21.2.0\src\curr\generated.rs:27270:42
      |
27270 |   #[cfg_attr(feature = "arbitrary", derive(Arbitrary))]
      |                                            ^^^^^^^^^
      |
     ::: C:\Users\pc\.cargo\registry\src\index.crates.io-1949cf8c6b5b557f\arbit
rary-1.3.2\src\size_hint.rs:12:1
      |
   12 | / pub fn recursion_guard(
   13 | |     depth: usize,
   14 | |     f: impl FnOnce(usize) -> (usize, Option<usize>),
   15 | | ) -> (usize, Option<usize>) {
      | |___________________________- similarly named function 
`recursion_guard` defined here
      |
      = note: this error originates in the derive macro `Arbitrary` (in 
Nightly builds, run with -Z macro-backtrace for more info)

error[E0576]: cannot find method or associated constant `try_size_hint` in 
trait `arbitrary::Arbitrary`
     --> C:\Users\pc\.cargo\registry\src\index.crates.io-1949cf8c6b5b557f\stell
ar-xdr-21.2.0\src\curr\generated.rs:27270:42
      |
27270 | #[cfg_attr(feature = "arbitrary", derive(Arbitrary))]
      |                                          ^^^^^^^^^
      |
     ::: C:\Users\pc\.cargo\registry\src\index.crates.io-1949cf8c6b5b557f\arbit
rary-1.3.2\src\lib.rs:277:5
      |
  277 |     fn size_hint(depth: usize) -> (usize, Option<usize>) {
      |     ---------------------------------------------------- similarly 
named associated function `size_hint` defined here
      |
      = note: this error originates in the derive macro `Arbitrary` (in 
Nightly builds, run with -Z macro-backtrace for more info)

error[E0425]: cannot find type `MaxRecursionReached` in crate `arbitrary`
     --> C:\Users\pc\.cargo\registry\src\index.crates.io-1949cf8c6b5b557f\stell
ar-xdr-21.2.0\src\curr\generated.rs:27315:42
      |
27315 | #[cfg_attr(feature = "arbitrary", derive(Arbitrary))]
      |                                          ^^^^^^^^^ not found in 
`arbitrary`
      |
      = note: this error originates in the derive macro `Arbitrary` (in 
Nightly builds, run with -Z macro-backtrace for more info)

error[E0425]: cannot find function `try_recursion_guard` in module 
`arbitrary::size_hint`
     --> C:\Users\pc\.cargo\registry\src\index.crates.io-1949cf8c6b5b557f\stell
ar-xdr-21.2.0\src\curr\generated.rs:27315:42
      |
27315 |   #[cfg_attr(feature = "arbitrary", derive(Arbitrary))]
      |                                            ^^^^^^^^^
      |
     ::: C:\Users\pc\.cargo\registry\src\index.crates.io-1949cf8c6b5b557f\arbit
rary-1.3.2\src\size_hint.rs:12:1
      |
   12 | / pub fn recursion_guard(
   13 | |     depth: usize,
   14 | |     f: impl FnOnce(usize) -> (usize, Option<usize>),
   15 | | ) -> (usize, Option<usize>) {
      | |___________________________- similarly named function 
`recursion_guard` defined here
      |
      = note: this error originates in the derive macro `Arbitrary` (in 
Nightly builds, run with -Z macro-backtrace for more info)

error[E0576]: cannot find method or associated constant `try_size_hint` in 
trait `arbitrary::Arbitrary`
     --> C:\Users\pc\.cargo\registry\src\index.crates.io-1949cf8c6b5b557f\stell
ar-xdr-21.2.0\src\curr\generated.rs:27315:42
      |
27315 | #[cfg_attr(feature = "arbitrary", derive(Arbitrary))]
      |                                          ^^^^^^^^^
      |
     ::: C:\Users\pc\.cargo\registry\src\index.crates.io-1949cf8c6b5b557f\arbit
rary-1.3.2\src\lib.rs:277:5
      |
  277 |     fn size_hint(depth: usize) -> (usize, Option<usize>) {
      |     ---------------------------------------------------- similarly 
named associated function `size_hint` defined here
      |
      = note: this error originates in the derive macro `Arbitrary` (in 
Nightly builds, run with -Z macro-backtrace for more info)

error[E0425]: cannot find type `MaxRecursionReached` in crate `arbitrary`
     --> C:\Users\pc\.cargo\registry\src\index.crates.io-1949cf8c6b5b557f\stell
ar-xdr-21.2.0\src\curr\generated.rs:27359:42
      |
27359 | #[cfg_attr(feature = "arbitrary", derive(Arbitrary))]
      |                                          ^^^^^^^^^ not found in 
`arbitrary`
      |
      = note: this error originates in the derive macro `Arbitrary` (in 
Nightly builds, run with -Z macro-backtrace for more info)

error[E0425]: cannot find function `try_recursion_guard` in module 
`arbitrary::size_hint`
     --> C:\Users\pc\.cargo\registry\src\index.crates.io-1949cf8c6b5b557f\stell
ar-xdr-21.2.0\src\curr\generated.rs:27359:42
      |
27359 |   #[cfg_attr(feature = "arbitrary", derive(Arbitrary))]
      |                                            ^^^^^^^^^
      |
     ::: C:\Users\pc\.cargo\registry\src\index.crates.io-1949cf8c6b5b557f\arbit
rary-1.3.2\src\size_hint.rs:12:1
      |
   12 | / pub fn recursion_guard(
   13 | |     depth: usize,
   14 | |     f: impl FnOnce(usize) -> (usize, Option<usize>),
   15 | | ) -> (usize, Option<usize>) {
      | |___________________________- similarly named function 
`recursion_guard` defined here
      |
      = note: this error originates in the derive macro `Arbitrary` (in 
Nightly builds, run with -Z macro-backtrace for more info)

error[E0576]: cannot find method or associated constant `try_size_hint` in 
trait `arbitrary::Arbitrary`
     --> C:\Users\pc\.cargo\registry\src\index.crates.io-1949cf8c6b5b557f\stell
ar-xdr-21.2.0\src\curr\generated.rs:27359:42
      |
27359 | #[cfg_attr(feature = "arbitrary", derive(Arbitrary))]
      |                                          ^^^^^^^^^
      |
     ::: C:\Users\pc\.cargo\registry\src\index.crates.io-1949cf8c6b5b557f\arbit
rary-1.3.2\src\lib.rs:277:5
      |
  277 |     fn size_hint(depth: usize) -> (usize, Option<usize>) {
      |     ---------------------------------------------------- similarly 
named associated function `size_hint` defined here
      |
      = note: this error originates in the derive macro `Arbitrary` (in 
Nightly builds, run with -Z macro-backtrace for more info)

error[E0425]: cannot find type `MaxRecursionReached` in crate `arbitrary`
     --> C:\Users\pc\.cargo\registry\src\index.crates.io-1949cf8c6b5b557f\stell
ar-xdr-21.2.0\src\curr\generated.rs:27407:42
      |
27407 | #[cfg_attr(feature = "arbitrary", derive(Arbitrary))]
      |                                          ^^^^^^^^^ not found in 
`arbitrary`
      |
      = note: this error originates in the derive macro `Arbitrary` (in 
Nightly builds, run with -Z macro-backtrace for more info)

error[E0425]: cannot find function `try_recursion_guard` in module 
`arbitrary::size_hint`
     --> C:\Users\pc\.cargo\registry\src\index.crates.io-1949cf8c6b5b557f\stell
ar-xdr-21.2.0\src\curr\generated.rs:27407:42
      |
27407 |   #[cfg_attr(feature = "arbitrary", derive(Arbitrary))]
      |                                            ^^^^^^^^^
      |
     ::: C:\Users\pc\.cargo\registry\src\index.crates.io-1949cf8c6b5b557f\arbit
rary-1.3.2\src\size_hint.rs:12:1
      |
   12 | / pub fn recursion_guard(
   13 | |     depth: usize,
   14 | |     f: impl FnOnce(usize) -> (usize, Option<usize>),
   15 | | ) -> (usize, Option<usize>) {
      | |___________________________- similarly named function 
`recursion_guard` defined here
      |
      = note: this error originates in the derive macro `Arbitrary` (in 
Nightly builds, run with -Z macro-backtrace for more info)

error[E0576]: cannot find method or associated constant `try_size_hint` in 
trait `arbitrary::Arbitrary`
     --> C:\Users\pc\.cargo\registry\src\index.crates.io-1949cf8c6b5b557f\stell
ar-xdr-21.2.0\src\curr\generated.rs:27407:42
      |
27407 | #[cfg_attr(feature = "arbitrary", derive(Arbitrary))]
      |                                          ^^^^^^^^^
      |
     ::: C:\Users\pc\.cargo\registry\src\index.crates.io-1949cf8c6b5b557f\arbit
rary-1.3.2\src\lib.rs:277:5
      |
  277 |     fn size_hint(depth: usize) -> (usize, Option<usize>) {
      |     ---------------------------------------------------- similarly 
named associated function `size_hint` defined here
      |
      = note: this error originates in the derive macro `Arbitrary` (in 
Nightly builds, run with -Z macro-backtrace for more info)

error[E0425]: cannot find type `MaxRecursionReached` in crate `arbitrary`
     --> C:\Users\pc\.cargo\registry\src\index.crates.io-1949cf8c6b5b557f\stell
ar-xdr-21.2.0\src\curr\generated.rs:27449:42
      |
27449 | #[cfg_attr(feature = "arbitrary", derive(Arbitrary))]
      |                                          ^^^^^^^^^ not found in 
`arbitrary`
      |
      = note: this error originates in the derive macro `Arbitrary` (in 
Nightly builds, run with -Z macro-backtrace for more info)

error[E0425]: cannot find function `try_recursion_guard` in module 
`arbitrary::size_hint`
     --> C:\Users\pc\.cargo\registry\src\index.crates.io-1949cf8c6b5b557f\stell
ar-xdr-21.2.0\src\curr\generated.rs:27449:42
      |
27449 |   #[cfg_attr(feature = "arbitrary", derive(Arbitrary))]
      |                                            ^^^^^^^^^
      |
     ::: C:\Users\pc\.cargo\registry\src\index.crates.io-1949cf8c6b5b557f\arbit
rary-1.3.2\src\size_hint.rs:12:1
      |
   12 | / pub fn recursion_guard(
   13 | |     depth: usize,
   14 | |     f: impl FnOnce(usize) -> (usize, Option<usize>),
   15 | | ) -> (usize, Option<usize>) {
      | |___________________________- similarly named function 
`recursion_guard` defined here
      |
      = note: this error originates in the derive macro `Arbitrary` (in 
Nightly builds, run with -Z macro-backtrace for more info)

error[E0576]: cannot find method or associated constant `try_size_hint` in 
trait `arbitrary::Arbitrary`
     --> C:\Users\pc\.cargo\registry\src\index.crates.io-1949cf8c6b5b557f\stell
ar-xdr-21.2.0\src\curr\generated.rs:27449:42
      |
27449 | #[cfg_attr(feature = "arbitrary", derive(Arbitrary))]
      |                                          ^^^^^^^^^
      |
     ::: C:\Users\pc\.cargo\registry\src\index.crates.io-1949cf8c6b5b557f\arbit
rary-1.3.2\src\lib.rs:277:5
      |
  277 |     fn size_hint(depth: usize) -> (usize, Option<usize>) {
      |     ---------------------------------------------------- similarly 
named associated function `size_hint` defined here
      |
      = note: this error originates in the derive macro `Arbitrary` (in 
Nightly builds, run with -Z macro-backtrace for more info)

error[E0425]: cannot find type `MaxRecursionReached` in crate `arbitrary`
     --> C:\Users\pc\.cargo\registry\src\index.crates.io-1949cf8c6b5b557f\stell
ar-xdr-21.2.0\src\curr\generated.rs:27601:42
      |
27601 | #[cfg_attr(feature = "arbitrary", derive(Arbitrary))]
      |                                          ^^^^^^^^^ not found in 
`arbitrary`
      |
      = note: this error originates in the derive macro `Arbitrary` (in 
Nightly builds, run with -Z macro-backtrace for more info)

error[E0425]: cannot find function `try_recursion_guard` in module 
`arbitrary::size_hint`
     --> C:\Users\pc\.cargo\registry\src\index.crates.io-1949cf8c6b5b557f\stell
ar-xdr-21.2.0\src\curr\generated.rs:27601:42
      |
27601 |   #[cfg_attr(feature = "arbitrary", derive(Arbitrary))]
      |                                            ^^^^^^^^^
      |
     ::: C:\Users\pc\.cargo\registry\src\index.crates.io-1949cf8c6b5b557f\arbit
rary-1.3.2\src\size_hint.rs:12:1
      |
   12 | / pub fn recursion_guard(
   13 | |     depth: usize,
   14 | |     f: impl FnOnce(usize) -> (usize, Option<usize>),
   15 | | ) -> (usize, Option<usize>) {
      | |___________________________- similarly named function 
`recursion_guard` defined here
      |
      = note: this error originates in the derive macro `Arbitrary` (in 
Nightly builds, run with -Z macro-backtrace for more info)

error[E0576]: cannot find method or associated constant `try_size_hint` in 
trait `arbitrary::Arbitrary`
     --> C:\Users\pc\.cargo\registry\src\index.crates.io-1949cf8c6b5b557f\stell
ar-xdr-21.2.0\src\curr\generated.rs:27601:42
      |
27601 | #[cfg_attr(feature = "arbitrary", derive(Arbitrary))]
      |                                          ^^^^^^^^^
      |
     ::: C:\Users\pc\.cargo\registry\src\index.crates.io-1949cf8c6b5b557f\arbit
rary-1.3.2\src\lib.rs:277:5
      |
  277 |     fn size_hint(depth: usize) -> (usize, Option<usize>) {
      |     ---------------------------------------------------- similarly 
named associated function `size_hint` defined here
      |
      = note: this error originates in the derive macro `Arbitrary` (in 
Nightly builds, run with -Z macro-backtrace for more info)

error[E0425]: cannot find type `MaxRecursionReached` in crate `arbitrary`
     --> C:\Users\pc\.cargo\registry\src\index.crates.io-1949cf8c6b5b557f\stell
ar-xdr-21.2.0\src\curr\generated.rs:27654:42
      |
27654 | #[cfg_attr(feature = "arbitrary", derive(Arbitrary))]
      |                                          ^^^^^^^^^ not found in 
`arbitrary`
      |
      = note: this error originates in the derive macro `Arbitrary` (in 
Nightly builds, run with -Z macro-backtrace for more info)

error[E0425]: cannot find function `try_recursion_guard` in module 
`arbitrary::size_hint`
     --> C:\Users\pc\.cargo\registry\src\index.crates.io-1949cf8c6b5b557f\stell
ar-xdr-21.2.0\src\curr\generated.rs:27654:42
      |
27654 |   #[cfg_attr(feature = "arbitrary", derive(Arbitrary))]
      |                                            ^^^^^^^^^
      |
     ::: C:\Users\pc\.cargo\registry\src\index.crates.io-1949cf8c6b5b557f\arbit
rary-1.3.2\src\size_hint.rs:12:1
      |
   12 | / pub fn recursion_guard(
   13 | |     depth: usize,
   14 | |     f: impl FnOnce(usize) -> (usize, Option<usize>),
   15 | | ) -> (usize, Option<usize>) {
      | |___________________________- similarly named function 
`recursion_guard` defined here
      |
      = note: this error originates in the derive macro `Arbitrary` (in 
Nightly builds, run with -Z macro-backtrace for more info)

error[E0576]: cannot find method or associated constant `try_size_hint` in 
trait `arbitrary::Arbitrary`
     --> C:\Users\pc\.cargo\registry\src\index.crates.io-1949cf8c6b5b557f\stell
ar-xdr-21.2.0\src\curr\generated.rs:27654:42
      |
27654 | #[cfg_attr(feature = "arbitrary", derive(Arbitrary))]
      |                                          ^^^^^^^^^
      |
     ::: C:\Users\pc\.cargo\registry\src\index.crates.io-1949cf8c6b5b557f\arbit
rary-1.3.2\src\lib.rs:277:5
      |
  277 |     fn size_hint(depth: usize) -> (usize, Option<usize>) {
      |     ---------------------------------------------------- similarly 
named associated function `size_hint` defined here
      |
      = note: this error originates in the derive macro `Arbitrary` (in 
Nightly builds, run with -Z macro-backtrace for more info)

error[E0425]: cannot find type `MaxRecursionReached` in crate `arbitrary`
     --> C:\Users\pc\.cargo\registry\src\index.crates.io-1949cf8c6b5b557f\stell
ar-xdr-21.2.0\src\curr\generated.rs:27765:42
      |
27765 | #[cfg_attr(feature = "arbitrary", derive(Arbitrary))]
      |                                          ^^^^^^^^^ not found in 
`arbitrary`
      |
      = note: this error originates in the derive macro `Arbitrary` (in 
Nightly builds, run with -Z macro-backtrace for more info)

error[E0425]: cannot find function `try_recursion_guard` in module 
`arbitrary::size_hint`
     --> C:\Users\pc\.cargo\registry\src\index.crates.io-1949cf8c6b5b557f\stell
ar-xdr-21.2.0\src\curr\generated.rs:27765:42
      |
27765 |   #[cfg_attr(feature = "arbitrary", derive(Arbitrary))]
      |                                            ^^^^^^^^^
      |
     ::: C:\Users\pc\.cargo\registry\src\index.crates.io-1949cf8c6b5b557f\arbit
rary-1.3.2\src\size_hint.rs:12:1
      |
   12 | / pub fn recursion_guard(
   13 | |     depth: usize,
   14 | |     f: impl FnOnce(usize) -> (usize, Option<usize>),
   15 | | ) -> (usize, Option<usize>) {
      | |___________________________- similarly named function 
`recursion_guard` defined here
      |
      = note: this error originates in the derive macro `Arbitrary` (in 
Nightly builds, run with -Z macro-backtrace for more info)

error[E0576]: cannot find method or associated constant `try_size_hint` in 
trait `arbitrary::Arbitrary`
     --> C:\Users\pc\.cargo\registry\src\index.crates.io-1949cf8c6b5b557f\stell
ar-xdr-21.2.0\src\curr\generated.rs:27765:42
      |
27765 | #[cfg_attr(feature = "arbitrary", derive(Arbitrary))]
      |                                          ^^^^^^^^^
      |
     ::: C:\Users\pc\.cargo\registry\src\index.crates.io-1949cf8c6b5b557f\arbit
rary-1.3.2\src\lib.rs:277:5
      |
  277 |     fn size_hint(depth: usize) -> (usize, Option<usize>) {
      |     ---------------------------------------------------- similarly 
named associated function `size_hint` defined here
      |
      = note: this error originates in the derive macro `Arbitrary` (in 
Nightly builds, run with -Z macro-backtrace for more info)

error[E0425]: cannot find type `MaxRecursionReached` in crate `arbitrary`
     --> C:\Users\pc\.cargo\registry\src\index.crates.io-1949cf8c6b5b557f\stell
ar-xdr-21.2.0\src\curr\generated.rs:27813:42
      |
27813 | #[cfg_attr(feature = "arbitrary", derive(Arbitrary))]
      |                                          ^^^^^^^^^ not found in 
`arbitrary`
      |
      = note: this error originates in the derive macro `Arbitrary` (in 
Nightly builds, run with -Z macro-backtrace for more info)

error[E0425]: cannot find function `try_recursion_guard` in module 
`arbitrary::size_hint`
     --> C:\Users\pc\.cargo\registry\src\index.crates.io-1949cf8c6b5b557f\stell
ar-xdr-21.2.0\src\curr\generated.rs:27813:42
      |
27813 |   #[cfg_attr(feature = "arbitrary", derive(Arbitrary))]
      |                                            ^^^^^^^^^
      |
     ::: C:\Users\pc\.cargo\registry\src\index.crates.io-1949cf8c6b5b557f\arbit
rary-1.3.2\src\size_hint.rs:12:1
      |
   12 | / pub fn recursion_guard(
   13 | |     depth: usize,
   14 | |     f: impl FnOnce(usize) -> (usize, Option<usize>),
   15 | | ) -> (usize, Option<usize>) {
      | |___________________________- similarly named function 
`recursion_guard` defined here
      |
      = note: this error originates in the derive macro `Arbitrary` (in 
Nightly builds, run with -Z macro-backtrace for more info)

error[E0576]: cannot find method or associated constant `try_size_hint` in 
trait `arbitrary::Arbitrary`
     --> C:\Users\pc\.cargo\registry\src\index.crates.io-1949cf8c6b5b557f\stell
ar-xdr-21.2.0\src\curr\generated.rs:27813:42
      |
27813 | #[cfg_attr(feature = "arbitrary", derive(Arbitrary))]
      |                                          ^^^^^^^^^
      |
     ::: C:\Users\pc\.cargo\registry\src\index.crates.io-1949cf8c6b5b557f\arbit
rary-1.3.2\src\lib.rs:277:5
      |
  277 |     fn size_hint(depth: usize) -> (usize, Option<usize>) {
      |     ---------------------------------------------------- similarly 
named associated function `size_hint` defined here
      |
      = note: this error originates in the derive macro `Arbitrary` (in 
Nightly builds, run with -Z macro-backtrace for more info)

error[E0425]: cannot find type `MaxRecursionReached` in crate `arbitrary`
     --> C:\Users\pc\.cargo\registry\src\index.crates.io-1949cf8c6b5b557f\stell
ar-xdr-21.2.0\src\curr\generated.rs:27859:42
      |
27859 | #[cfg_attr(feature = "arbitrary", derive(Arbitrary))]
      |                                          ^^^^^^^^^ not found in 
`arbitrary`
      |
      = note: this error originates in the derive macro `Arbitrary` (in 
Nightly builds, run with -Z macro-backtrace for more info)

error[E0425]: cannot find function `try_recursion_guard` in module 
`arbitrary::size_hint`
     --> C:\Users\pc\.cargo\registry\src\index.crates.io-1949cf8c6b5b557f\stell
ar-xdr-21.2.0\src\curr\generated.rs:27859:42
      |
27859 |   #[cfg_attr(feature = "arbitrary", derive(Arbitrary))]
      |                                            ^^^^^^^^^
      |
     ::: C:\Users\pc\.cargo\registry\src\index.crates.io-1949cf8c6b5b557f\arbit
rary-1.3.2\src\size_hint.rs:12:1
      |
   12 | / pub fn recursion_guard(
   13 | |     depth: usize,
   14 | |     f: impl FnOnce(usize) -> (usize, Option<usize>),
   15 | | ) -> (usize, Option<usize>) {
      | |___________________________- similarly named function 
`recursion_guard` defined here
      |
      = note: this error originates in the derive macro `Arbitrary` (in 
Nightly builds, run with -Z macro-backtrace for more info)

error[E0576]: cannot find method or associated constant `try_size_hint` in 
trait `arbitrary::Arbitrary`
     --> C:\Users\pc\.cargo\registry\src\index.crates.io-1949cf8c6b5b557f\stell
ar-xdr-21.2.0\src\curr\generated.rs:27859:42
      |
27859 | #[cfg_attr(feature = "arbitrary", derive(Arbitrary))]
      |                                          ^^^^^^^^^
      |
     ::: C:\Users\pc\.cargo\registry\src\index.crates.io-1949cf8c6b5b557f\arbit
rary-1.3.2\src\lib.rs:277:5
      |
  277 |     fn size_hint(depth: usize) -> (usize, Option<usize>) {
      |     ---------------------------------------------------- similarly 
named associated function `size_hint` defined here
      |
      = note: this error originates in the derive macro `Arbitrary` (in 
Nightly builds, run with -Z macro-backtrace for more info)

error[E0425]: cannot find type `MaxRecursionReached` in crate `arbitrary`
     --> C:\Users\pc\.cargo\registry\src\index.crates.io-1949cf8c6b5b557f\stell
ar-xdr-21.2.0\src\curr\generated.rs:27922:42
      |
27922 | #[cfg_attr(feature = "arbitrary", derive(Arbitrary))]
      |                                          ^^^^^^^^^ not found in 
`arbitrary`
      |
      = note: this error originates in the derive macro `Arbitrary` (in 
Nightly builds, run with -Z macro-backtrace for more info)

error[E0425]: cannot find function `try_recursion_guard` in module 
`arbitrary::size_hint`
     --> C:\Users\pc\.cargo\registry\src\index.crates.io-1949cf8c6b5b557f\stell
ar-xdr-21.2.0\src\curr\generated.rs:27922:42
      |
27922 |   #[cfg_attr(feature = "arbitrary", derive(Arbitrary))]
      |                                            ^^^^^^^^^
      |
     ::: C:\Users\pc\.cargo\registry\src\index.crates.io-1949cf8c6b5b557f\arbit
rary-1.3.2\src\size_hint.rs:12:1
      |
   12 | / pub fn recursion_guard(
   13 | |     depth: usize,
   14 | |     f: impl FnOnce(usize) -> (usize, Option<usize>),
   15 | | ) -> (usize, Option<usize>) {
      | |___________________________- similarly named function 
`recursion_guard` defined here
      |
      = note: this error originates in the derive macro `Arbitrary` (in 
Nightly builds, run with -Z macro-backtrace for more info)

error[E0576]: cannot find method or associated constant `try_size_hint` in 
trait `arbitrary::Arbitrary`
     --> C:\Users\pc\.cargo\registry\src\index.crates.io-1949cf8c6b5b557f\stell
ar-xdr-21.2.0\src\curr\generated.rs:27922:42
      |
27922 | #[cfg_attr(feature = "arbitrary", derive(Arbitrary))]
      |                                          ^^^^^^^^^
      |
     ::: C:\Users\pc\.cargo\registry\src\index.crates.io-1949cf8c6b5b557f\arbit
rary-1.3.2\src\lib.rs:277:5
      |
  277 |     fn size_hint(depth: usize) -> (usize, Option<usize>) {
      |     ---------------------------------------------------- similarly 
named associated function `size_hint` defined here
      |
      = note: this error originates in the derive macro `Arbitrary` (in 
Nightly builds, run with -Z macro-backtrace for more info)

error[E0425]: cannot find type `MaxRecursionReached` in crate `arbitrary`
     --> C:\Users\pc\.cargo\registry\src\index.crates.io-1949cf8c6b5b557f\stell
ar-xdr-21.2.0\src\curr\generated.rs:27979:42
      |
27979 | #[cfg_attr(feature = "arbitrary", derive(Arbitrary))]
      |                                          ^^^^^^^^^ not found in 
`arbitrary`
      |
      = note: this error originates in the derive macro `Arbitrary` (in 
Nightly builds, run with -Z macro-backtrace for more info)

error[E0425]: cannot find function `try_recursion_guard` in module 
`arbitrary::size_hint`
     --> C:\Users\pc\.cargo\registry\src\index.crates.io-1949cf8c6b5b557f\stell
ar-xdr-21.2.0\src\curr\generated.rs:27979:42
      |
27979 |   #[cfg_attr(feature = "arbitrary", derive(Arbitrary))]
      |                                            ^^^^^^^^^
      |
     ::: C:\Users\pc\.cargo\registry\src\index.crates.io-1949cf8c6b5b557f\arbit
rary-1.3.2\src\size_hint.rs:12:1
      |
   12 | / pub fn recursion_guard(
   13 | |     depth: usize,
   14 | |     f: impl FnOnce(usize) -> (usize, Option<usize>),
   15 | | ) -> (usize, Option<usize>) {
      | |___________________________- similarly named function 
`recursion_guard` defined here
      |
      = note: this error originates in the derive macro `Arbitrary` (in 
Nightly builds, run with -Z macro-backtrace for more info)

error[E0576]: cannot find method or associated constant `try_size_hint` in 
trait `arbitrary::Arbitrary`
     --> C:\Users\pc\.cargo\registry\src\index.crates.io-1949cf8c6b5b557f\stell
ar-xdr-21.2.0\src\curr\generated.rs:27979:42
      |
27979 | #[cfg_attr(feature = "arbitrary", derive(Arbitrary))]
      |                                          ^^^^^^^^^
      |
     ::: C:\Users\pc\.cargo\registry\src\index.crates.io-1949cf8c6b5b557f\arbit
rary-1.3.2\src\lib.rs:277:5
      |
  277 |     fn size_hint(depth: usize) -> (usize, Option<usize>) {
      |     ---------------------------------------------------- similarly 
named associated function `size_hint` defined here
      |
      = note: this error originates in the derive macro `Arbitrary` (in 
Nightly builds, run with -Z macro-backtrace for more info)

error[E0425]: cannot find type `MaxRecursionReached` in crate `arbitrary`
     --> C:\Users\pc\.cargo\registry\src\index.crates.io-1949cf8c6b5b557f\stell
ar-xdr-21.2.0\src\curr\generated.rs:28255:42
      |
28255 | #[cfg_attr(feature = "arbitrary", derive(Arbitrary))]
      |                                          ^^^^^^^^^ not found in 
`arbitrary`
      |
      = note: this error originates in the derive macro `Arbitrary` (in 
Nightly builds, run with -Z macro-backtrace for more info)

error[E0425]: cannot find function `try_recursion_guard` in module 
`arbitrary::size_hint`
     --> C:\Users\pc\.cargo\registry\src\index.crates.io-1949cf8c6b5b557f\stell
ar-xdr-21.2.0\src\curr\generated.rs:28255:42
      |
28255 |   #[cfg_attr(feature = "arbitrary", derive(Arbitrary))]
      |                                            ^^^^^^^^^
      |
     ::: C:\Users\pc\.cargo\registry\src\index.crates.io-1949cf8c6b5b557f\arbit
rary-1.3.2\src\size_hint.rs:12:1
      |
   12 | / pub fn recursion_guard(
   13 | |     depth: usize,
   14 | |     f: impl FnOnce(usize) -> (usize, Option<usize>),
   15 | | ) -> (usize, Option<usize>) {
      | |___________________________- similarly named function 
`recursion_guard` defined here
      |
      = note: this error originates in the derive macro `Arbitrary` (in 
Nightly builds, run with -Z macro-backtrace for more info)

error[E0576]: cannot find method or associated constant `try_size_hint` in 
trait `arbitrary::Arbitrary`
     --> C:\Users\pc\.cargo\registry\src\index.crates.io-1949cf8c6b5b557f\stell
ar-xdr-21.2.0\src\curr\generated.rs:28255:42
      |
28255 | #[cfg_attr(feature = "arbitrary", derive(Arbitrary))]
      |                                          ^^^^^^^^^
      |
     ::: C:\Users\pc\.cargo\registry\src\index.crates.io-1949cf8c6b5b557f\arbit
rary-1.3.2\src\lib.rs:277:5
      |
  277 |     fn size_hint(depth: usize) -> (usize, Option<usize>) {
      |     ---------------------------------------------------- similarly 
named associated function `size_hint` defined here
      |
      = note: this error originates in the derive macro `Arbitrary` (in 
Nightly builds, run with -Z macro-backtrace for more info)

error[E0425]: cannot find type `MaxRecursionReached` in crate `arbitrary`
     --> C:\Users\pc\.cargo\registry\src\index.crates.io-1949cf8c6b5b557f\stell
ar-xdr-21.2.0\src\curr\generated.rs:28308:42
      |
28308 | #[cfg_attr(feature = "arbitrary", derive(Arbitrary))]
      |                                          ^^^^^^^^^ not found in 
`arbitrary`
      |
      = note: this error originates in the derive macro `Arbitrary` (in 
Nightly builds, run with -Z macro-backtrace for more info)

error[E0425]: cannot find function `try_recursion_guard` in module 
`arbitrary::size_hint`
     --> C:\Users\pc\.cargo\registry\src\index.crates.io-1949cf8c6b5b557f\stell
ar-xdr-21.2.0\src\curr\generated.rs:28308:42
      |
28308 |   #[cfg_attr(feature = "arbitrary", derive(Arbitrary))]
      |                                            ^^^^^^^^^
      |
     ::: C:\Users\pc\.cargo\registry\src\index.crates.io-1949cf8c6b5b557f\arbit
rary-1.3.2\src\size_hint.rs:12:1
      |
   12 | / pub fn recursion_guard(
   13 | |     depth: usize,
   14 | |     f: impl FnOnce(usize) -> (usize, Option<usize>),
   15 | | ) -> (usize, Option<usize>) {
      | |___________________________- similarly named function 
`recursion_guard` defined here
      |
      = note: this error originates in the derive macro `Arbitrary` (in 
Nightly builds, run with -Z macro-backtrace for more info)

error[E0576]: cannot find method or associated constant `try_size_hint` in 
trait `arbitrary::Arbitrary`
     --> C:\Users\pc\.cargo\registry\src\index.crates.io-1949cf8c6b5b557f\stell
ar-xdr-21.2.0\src\curr\generated.rs:28308:42
      |
28308 | #[cfg_attr(feature = "arbitrary", derive(Arbitrary))]
      |                                          ^^^^^^^^^
      |
     ::: C:\Users\pc\.cargo\registry\src\index.crates.io-1949cf8c6b5b557f\arbit
rary-1.3.2\src\lib.rs:277:5
      |
  277 |     fn size_hint(depth: usize) -> (usize, Option<usize>) {
      |     ---------------------------------------------------- similarly 
named associated function `size_hint` defined here
      |
      = note: this error originates in the derive macro `Arbitrary` (in 
Nightly builds, run with -Z macro-backtrace for more info)

error[E0425]: cannot find type `MaxRecursionReached` in crate `arbitrary`
     --> C:\Users\pc\.cargo\registry\src\index.crates.io-1949cf8c6b5b557f\stell
ar-xdr-21.2.0\src\curr\generated.rs:28418:42
      |
28418 | #[cfg_attr(feature = "arbitrary", derive(Arbitrary))]
      |                                          ^^^^^^^^^ not found in 
`arbitrary`
      |
      = note: this error originates in the derive macro `Arbitrary` (in 
Nightly builds, run with -Z macro-backtrace for more info)

error[E0425]: cannot find function `try_recursion_guard` in module 
`arbitrary::size_hint`
     --> C:\Users\pc\.cargo\registry\src\index.crates.io-1949cf8c6b5b557f\stell
ar-xdr-21.2.0\src\curr\generated.rs:28418:42
      |
28418 |   #[cfg_attr(feature = "arbitrary", derive(Arbitrary))]
      |                                            ^^^^^^^^^
      |
     ::: C:\Users\pc\.cargo\registry\src\index.crates.io-1949cf8c6b5b557f\arbit
rary-1.3.2\src\size_hint.rs:12:1
      |
   12 | / pub fn recursion_guard(
   13 | |     depth: usize,
   14 | |     f: impl FnOnce(usize) -> (usize, Option<usize>),
   15 | | ) -> (usize, Option<usize>) {
      | |___________________________- similarly named function 
`recursion_guard` defined here
      |
      = note: this error originates in the derive macro `Arbitrary` (in 
Nightly builds, run with -Z macro-backtrace for more info)

error[E0576]: cannot find method or associated constant `try_size_hint` in 
trait `arbitrary::Arbitrary`
     --> C:\Users\pc\.cargo\registry\src\index.crates.io-1949cf8c6b5b557f\stell
ar-xdr-21.2.0\src\curr\generated.rs:28418:42
      |
28418 | #[cfg_attr(feature = "arbitrary", derive(Arbitrary))]
      |                                          ^^^^^^^^^
      |
     ::: C:\Users\pc\.cargo\registry\src\index.crates.io-1949cf8c6b5b557f\arbit
rary-1.3.2\src\lib.rs:277:5
      |
  277 |     fn size_hint(depth: usize) -> (usize, Option<usize>) {
      |     ---------------------------------------------------- similarly 
named associated function `size_hint` defined here
      |
      = note: this error originates in the derive macro `Arbitrary` (in 
Nightly builds, run with -Z macro-backtrace for more info)

error[E0425]: cannot find type `MaxRecursionReached` in crate `arbitrary`
     --> C:\Users\pc\.cargo\registry\src\index.crates.io-1949cf8c6b5b557f\stell
ar-xdr-21.2.0\src\curr\generated.rs:28464:42
      |
28464 | #[cfg_attr(feature = "arbitrary", derive(Arbitrary))]
      |                                          ^^^^^^^^^ not found in 
`arbitrary`
      |
      = note: this error originates in the derive macro `Arbitrary` (in 
Nightly builds, run with -Z macro-backtrace for more info)

error[E0425]: cannot find function `try_recursion_guard` in module 
`arbitrary::size_hint`
     --> C:\Users\pc\.cargo\registry\src\index.crates.io-1949cf8c6b5b557f\stell
ar-xdr-21.2.0\src\curr\generated.rs:28464:42
      |
28464 |   #[cfg_attr(feature = "arbitrary", derive(Arbitrary))]
      |                                            ^^^^^^^^^
      |
     ::: C:\Users\pc\.cargo\registry\src\index.crates.io-1949cf8c6b5b557f\arbit
rary-1.3.2\src\size_hint.rs:12:1
      |
   12 | / pub fn recursion_guard(
   13 | |     depth: usize,
   14 | |     f: impl FnOnce(usize) -> (usize, Option<usize>),
   15 | | ) -> (usize, Option<usize>) {
      | |___________________________- similarly named function 
`recursion_guard` defined here
      |
      = note: this error originates in the derive macro `Arbitrary` (in 
Nightly builds, run with -Z macro-backtrace for more info)

error[E0576]: cannot find method or associated constant `try_size_hint` in 
trait `arbitrary::Arbitrary`
     --> C:\Users\pc\.cargo\registry\src\index.crates.io-1949cf8c6b5b557f\stell
ar-xdr-21.2.0\src\curr\generated.rs:28464:42
      |
28464 | #[cfg_attr(feature = "arbitrary", derive(Arbitrary))]
      |                                          ^^^^^^^^^
      |
     ::: C:\Users\pc\.cargo\registry\src\index.crates.io-1949cf8c6b5b557f\arbit
rary-1.3.2\src\lib.rs:277:5
      |
  277 |     fn size_hint(depth: usize) -> (usize, Option<usize>) {
      |     ---------------------------------------------------- similarly 
named associated function `size_hint` defined here
      |
      = note: this error originates in the derive macro `Arbitrary` (in 
Nightly builds, run with -Z macro-backtrace for more info)

error[E0425]: cannot find type `MaxRecursionReached` in crate `arbitrary`
     --> C:\Users\pc\.cargo\registry\src\index.crates.io-1949cf8c6b5b557f\stell
ar-xdr-21.2.0\src\curr\generated.rs:28518:42
      |
28518 | #[cfg_attr(feature = "arbitrary", derive(Arbitrary))]
      |                                          ^^^^^^^^^ not found in 
`arbitrary`
      |
      = note: this error originates in the derive macro `Arbitrary` (in 
Nightly builds, run with -Z macro-backtrace for more info)

error[E0425]: cannot find function `try_recursion_guard` in module 
`arbitrary::size_hint`
     --> C:\Users\pc\.cargo\registry\src\index.crates.io-1949cf8c6b5b557f\stell
ar-xdr-21.2.0\src\curr\generated.rs:28518:42
      |
28518 |   #[cfg_attr(feature = "arbitrary", derive(Arbitrary))]
      |                                            ^^^^^^^^^
      |
     ::: C:\Users\pc\.cargo\registry\src\index.crates.io-1949cf8c6b5b557f\arbit
rary-1.3.2\src\size_hint.rs:12:1
      |
   12 | / pub fn recursion_guard(
   13 | |     depth: usize,
   14 | |     f: impl FnOnce(usize) -> (usize, Option<usize>),
   15 | | ) -> (usize, Option<usize>) {
      | |___________________________- similarly named function 
`recursion_guard` defined here
      |
      = note: this error originates in the derive macro `Arbitrary` (in 
Nightly builds, run with -Z macro-backtrace for more info)

error[E0576]: cannot find method or associated constant `try_size_hint` in 
trait `arbitrary::Arbitrary`
     --> C:\Users\pc\.cargo\registry\src\index.crates.io-1949cf8c6b5b557f\stell
ar-xdr-21.2.0\src\curr\generated.rs:28518:42
      |
28518 | #[cfg_attr(feature = "arbitrary", derive(Arbitrary))]
      |                                          ^^^^^^^^^
      |
     ::: C:\Users\pc\.cargo\registry\src\index.crates.io-1949cf8c6b5b557f\arbit
rary-1.3.2\src\lib.rs:277:5
      |
  277 |     fn size_hint(depth: usize) -> (usize, Option<usize>) {
      |     ---------------------------------------------------- similarly 
named associated function `size_hint` defined here
      |
      = note: this error originates in the derive macro `Arbitrary` (in 
Nightly builds, run with -Z macro-backtrace for more info)

error[E0425]: cannot find type `MaxRecursionReached` in crate `arbitrary`
     --> C:\Users\pc\.cargo\registry\src\index.crates.io-1949cf8c6b5b557f\stell
ar-xdr-21.2.0\src\curr\generated.rs:28751:42
      |
28751 | #[cfg_attr(feature = "arbitrary", derive(Arbitrary))]
      |                                          ^^^^^^^^^ not found in 
`arbitrary`
      |
      = note: this error originates in the derive macro `Arbitrary` (in 
Nightly builds, run with -Z macro-backtrace for more info)

error[E0425]: cannot find function `try_recursion_guard` in module 
`arbitrary::size_hint`
     --> C:\Users\pc\.cargo\registry\src\index.crates.io-1949cf8c6b5b557f\stell
ar-xdr-21.2.0\src\curr\generated.rs:28751:42
      |
28751 |   #[cfg_attr(feature = "arbitrary", derive(Arbitrary))]
      |                                            ^^^^^^^^^
      |
     ::: C:\Users\pc\.cargo\registry\src\index.crates.io-1949cf8c6b5b557f\arbit
rary-1.3.2\src\size_hint.rs:12:1
      |
   12 | / pub fn recursion_guard(
   13 | |     depth: usize,
   14 | |     f: impl FnOnce(usize) -> (usize, Option<usize>),
   15 | | ) -> (usize, Option<usize>) {
      | |___________________________- similarly named function 
`recursion_guard` defined here
      |
      = note: this error originates in the derive macro `Arbitrary` (in 
Nightly builds, run with -Z macro-backtrace for more info)

error[E0576]: cannot find method or associated constant `try_size_hint` in 
trait `arbitrary::Arbitrary`
     --> C:\Users\pc\.cargo\registry\src\index.crates.io-1949cf8c6b5b557f\stell
ar-xdr-21.2.0\src\curr\generated.rs:28751:42
      |
28751 | #[cfg_attr(feature = "arbitrary", derive(Arbitrary))]
      |                                          ^^^^^^^^^
      |
     ::: C:\Users\pc\.cargo\registry\src\index.crates.io-1949cf8c6b5b557f\arbit
rary-1.3.2\src\lib.rs:277:5
      |
  277 |     fn size_hint(depth: usize) -> (usize, Option<usize>) {
      |     ---------------------------------------------------- similarly 
named associated function `size_hint` defined here
      |
      = note: this error originates in the derive macro `Arbitrary` (in 
Nightly builds, run with -Z macro-backtrace for more info)

error[E0425]: cannot find type `MaxRecursionReached` in crate `arbitrary`
     --> C:\Users\pc\.cargo\registry\src\index.crates.io-1949cf8c6b5b557f\stell
ar-xdr-21.2.0\src\curr\generated.rs:28864:42
      |
28864 | #[cfg_attr(feature = "arbitrary", derive(Arbitrary))]
      |                                          ^^^^^^^^^ not found in 
`arbitrary`
      |
      = note: this error originates in the derive macro `Arbitrary` (in 
Nightly builds, run with -Z macro-backtrace for more info)

error[E0425]: cannot find function `try_recursion_guard` in module 
`arbitrary::size_hint`
     --> C:\Users\pc\.cargo\registry\src\index.crates.io-1949cf8c6b5b557f\stell
ar-xdr-21.2.0\src\curr\generated.rs:28864:42
      |
28864 |   #[cfg_attr(feature = "arbitrary", derive(Arbitrary))]
      |                                            ^^^^^^^^^
      |
     ::: C:\Users\pc\.cargo\registry\src\index.crates.io-1949cf8c6b5b557f\arbit
rary-1.3.2\src\size_hint.rs:12:1
      |
   12 | / pub fn recursion_guard(
   13 | |     depth: usize,
   14 | |     f: impl FnOnce(usize) -> (usize, Option<usize>),
   15 | | ) -> (usize, Option<usize>) {
      | |___________________________- similarly named function 
`recursion_guard` defined here
      |
      = note: this error originates in the derive macro `Arbitrary` (in 
Nightly builds, run with -Z macro-backtrace for more info)

error[E0576]: cannot find method or associated constant `try_size_hint` in 
trait `arbitrary::Arbitrary`
     --> C:\Users\pc\.cargo\registry\src\index.crates.io-1949cf8c6b5b557f\stell
ar-xdr-21.2.0\src\curr\generated.rs:28864:42
      |
28864 | #[cfg_attr(feature = "arbitrary", derive(Arbitrary))]
      |                                          ^^^^^^^^^
      |
     ::: C:\Users\pc\.cargo\registry\src\index.crates.io-1949cf8c6b5b557f\arbit
rary-1.3.2\src\lib.rs:277:5
      |
  277 |     fn size_hint(depth: usize) -> (usize, Option<usize>) {
      |     ---------------------------------------------------- similarly 
named associated function `size_hint` defined here
      |
      = note: this error originates in the derive macro `Arbitrary` (in 
Nightly builds, run with -Z macro-backtrace for more info)

error[E0425]: cannot find type `MaxRecursionReached` in crate `arbitrary`
     --> C:\Users\pc\.cargo\registry\src\index.crates.io-1949cf8c6b5b557f\stell
ar-xdr-21.2.0\src\curr\generated.rs:28912:42
      |
28912 | #[cfg_attr(feature = "arbitrary", derive(Arbitrary))]
      |                                          ^^^^^^^^^ not found in 
`arbitrary`
      |
      = note: this error originates in the derive macro `Arbitrary` (in 
Nightly builds, run with -Z macro-backtrace for more info)

error[E0425]: cannot find function `try_recursion_guard` in module 
`arbitrary::size_hint`
     --> C:\Users\pc\.cargo\registry\src\index.crates.io-1949cf8c6b5b557f\stell
ar-xdr-21.2.0\src\curr\generated.rs:28912:42
      |
28912 |   #[cfg_attr(feature = "arbitrary", derive(Arbitrary))]
      |                                            ^^^^^^^^^
      |
     ::: C:\Users\pc\.cargo\registry\src\index.crates.io-1949cf8c6b5b557f\arbit
rary-1.3.2\src\size_hint.rs:12:1
      |
   12 | / pub fn recursion_guard(
   13 | |     depth: usize,
   14 | |     f: impl FnOnce(usize) -> (usize, Option<usize>),
   15 | | ) -> (usize, Option<usize>) {
      | |___________________________- similarly named function 
`recursion_guard` defined here
      |
      = note: this error originates in the derive macro `Arbitrary` (in 
Nightly builds, run with -Z macro-backtrace for more info)

error[E0576]: cannot find method or associated constant `try_size_hint` in 
trait `arbitrary::Arbitrary`
     --> C:\Users\pc\.cargo\registry\src\index.crates.io-1949cf8c6b5b557f\stell
ar-xdr-21.2.0\src\curr\generated.rs:28912:42
      |
28912 | #[cfg_attr(feature = "arbitrary", derive(Arbitrary))]
      |                                          ^^^^^^^^^
      |
     ::: C:\Users\pc\.cargo\registry\src\index.crates.io-1949cf8c6b5b557f\arbit
rary-1.3.2\src\lib.rs:277:5
      |
  277 |     fn size_hint(depth: usize) -> (usize, Option<usize>) {
      |     ---------------------------------------------------- similarly 
named associated function `size_hint` defined here
      |
      = note: this error originates in the derive macro `Arbitrary` (in 
Nightly builds, run with -Z macro-backtrace for more info)

error[E0425]: cannot find type `MaxRecursionReached` in crate `arbitrary`
     --> C:\Users\pc\.cargo\registry\src\index.crates.io-1949cf8c6b5b557f\stell
ar-xdr-21.2.0\src\curr\generated.rs:29076:42
      |
29076 | #[cfg_attr(feature = "arbitrary", derive(Arbitrary))]
      |                                          ^^^^^^^^^ not found in 
`arbitrary`
      |
      = note: this error originates in the derive macro `Arbitrary` (in 
Nightly builds, run with -Z macro-backtrace for more info)

error[E0425]: cannot find function `try_recursion_guard` in module 
`arbitrary::size_hint`
     --> C:\Users\pc\.cargo\registry\src\index.crates.io-1949cf8c6b5b557f\stell
ar-xdr-21.2.0\src\curr\generated.rs:29076:42
      |
29076 |   #[cfg_attr(feature = "arbitrary", derive(Arbitrary))]
      |                                            ^^^^^^^^^
      |
     ::: C:\Users\pc\.cargo\registry\src\index.crates.io-1949cf8c6b5b557f\arbit
rary-1.3.2\src\size_hint.rs:12:1
      |
   12 | / pub fn recursion_guard(
   13 | |     depth: usize,
   14 | |     f: impl FnOnce(usize) -> (usize, Option<usize>),
   15 | | ) -> (usize, Option<usize>) {
      | |___________________________- similarly named function 
`recursion_guard` defined here
      |
      = note: this error originates in the derive macro `Arbitrary` (in 
Nightly builds, run with -Z macro-backtrace for more info)

error[E0576]: cannot find method or associated constant `try_size_hint` in 
trait `arbitrary::Arbitrary`
     --> C:\Users\pc\.cargo\registry\src\index.crates.io-1949cf8c6b5b557f\stell
ar-xdr-21.2.0\src\curr\generated.rs:29076:42
      |
29076 | #[cfg_attr(feature = "arbitrary", derive(Arbitrary))]
      |                                          ^^^^^^^^^
      |
     ::: C:\Users\pc\.cargo\registry\src\index.crates.io-1949cf8c6b5b557f\arbit
rary-1.3.2\src\lib.rs:277:5
      |
  277 |     fn size_hint(depth: usize) -> (usize, Option<usize>) {
      |     ---------------------------------------------------- similarly 
named associated function `size_hint` defined here
      |
      = note: this error originates in the derive macro `Arbitrary` (in 
Nightly builds, run with -Z macro-backtrace for more info)

error[E0425]: cannot find type `MaxRecursionReached` in crate `arbitrary`
     --> C:\Users\pc\.cargo\registry\src\index.crates.io-1949cf8c6b5b557f\stell
ar-xdr-21.2.0\src\curr\generated.rs:29186:42
      |
29186 | #[cfg_attr(feature = "arbitrary", derive(Arbitrary))]
      |                                          ^^^^^^^^^ not found in 
`arbitrary`
      |
      = note: this error originates in the derive macro `Arbitrary` (in 
Nightly builds, run with -Z macro-backtrace for more info)

error[E0425]: cannot find function `try_recursion_guard` in module 
`arbitrary::size_hint`
     --> C:\Users\pc\.cargo\registry\src\index.crates.io-1949cf8c6b5b557f\stell
ar-xdr-21.2.0\src\curr\generated.rs:29186:42
      |
29186 |   #[cfg_attr(feature = "arbitrary", derive(Arbitrary))]
      |                                            ^^^^^^^^^
      |
     ::: C:\Users\pc\.cargo\registry\src\index.crates.io-1949cf8c6b5b557f\arbit
rary-1.3.2\src\size_hint.rs:12:1
      |
   12 | / pub fn recursion_guard(
   13 | |     depth: usize,
   14 | |     f: impl FnOnce(usize) -> (usize, Option<usize>),
   15 | | ) -> (usize, Option<usize>) {
      | |___________________________- similarly named function 
`recursion_guard` defined here
      |
      = note: this error originates in the derive macro `Arbitrary` (in 
Nightly builds, run with -Z macro-backtrace for more info)

error[E0576]: cannot find method or associated constant `try_size_hint` in 
trait `arbitrary::Arbitrary`
     --> C:\Users\pc\.cargo\registry\src\index.crates.io-1949cf8c6b5b557f\stell
ar-xdr-21.2.0\src\curr\generated.rs:29186:42
      |
29186 | #[cfg_attr(feature = "arbitrary", derive(Arbitrary))]
      |                                          ^^^^^^^^^
      |
     ::: C:\Users\pc\.cargo\registry\src\index.crates.io-1949cf8c6b5b557f\arbit
rary-1.3.2\src\lib.rs:277:5
      |
  277 |     fn size_hint(depth: usize) -> (usize, Option<usize>) {
      |     ---------------------------------------------------- similarly 
named associated function `size_hint` defined here
      |
      = note: this error originates in the derive macro `Arbitrary` (in 
Nightly builds, run with -Z macro-backtrace for more info)

error[E0425]: cannot find type `MaxRecursionReached` in crate `arbitrary`
     --> C:\Users\pc\.cargo\registry\src\index.crates.io-1949cf8c6b5b557f\stell
ar-xdr-21.2.0\src\curr\generated.rs:29234:42
      |
29234 | #[cfg_attr(feature = "arbitrary", derive(Arbitrary))]
      |                                          ^^^^^^^^^ not found in 
`arbitrary`
      |
      = note: this error originates in the derive macro `Arbitrary` (in 
Nightly builds, run with -Z macro-backtrace for more info)

error[E0425]: cannot find function `try_recursion_guard` in module 
`arbitrary::size_hint`
     --> C:\Users\pc\.cargo\registry\src\index.crates.io-1949cf8c6b5b557f\stell
ar-xdr-21.2.0\src\curr\generated.rs:29234:42
      |
29234 |   #[cfg_attr(feature = "arbitrary", derive(Arbitrary))]
      |                                            ^^^^^^^^^
      |
     ::: C:\Users\pc\.cargo\registry\src\index.crates.io-1949cf8c6b5b557f\arbit
rary-1.3.2\src\size_hint.rs:12:1
      |
   12 | / pub fn recursion_guard(
   13 | |     depth: usize,
   14 | |     f: impl FnOnce(usize) -> (usize, Option<usize>),
   15 | | ) -> (usize, Option<usize>) {
      | |___________________________- similarly named function 
`recursion_guard` defined here
      |
      = note: this error originates in the derive macro `Arbitrary` (in 
Nightly builds, run with -Z macro-backtrace for more info)

error[E0576]: cannot find method or associated constant `try_size_hint` in 
trait `arbitrary::Arbitrary`
     --> C:\Users\pc\.cargo\registry\src\index.crates.io-1949cf8c6b5b557f\stell
ar-xdr-21.2.0\src\curr\generated.rs:29234:42
      |
29234 | #[cfg_attr(feature = "arbitrary", derive(Arbitrary))]
      |                                          ^^^^^^^^^
      |
     ::: C:\Users\pc\.cargo\registry\src\index.crates.io-1949cf8c6b5b557f\arbit
rary-1.3.2\src\lib.rs:277:5
      |
  277 |     fn size_hint(depth: usize) -> (usize, Option<usize>) {
      |     ---------------------------------------------------- similarly 
named associated function `size_hint` defined here
      |
      = note: this error originates in the derive macro `Arbitrary` (in 
Nightly builds, run with -Z macro-backtrace for more info)

error[E0425]: cannot find type `MaxRecursionReached` in crate `arbitrary`
     --> C:\Users\pc\.cargo\registry\src\index.crates.io-1949cf8c6b5b557f\stell
ar-xdr-21.2.0\src\curr\generated.rs:29280:42
      |
29280 | #[cfg_attr(feature = "arbitrary", derive(Arbitrary))]
      |                                          ^^^^^^^^^ not found in 
`arbitrary`
      |
      = note: this error originates in the derive macro `Arbitrary` (in 
Nightly builds, run with -Z macro-backtrace for more info)

error[E0425]: cannot find function `try_recursion_guard` in module 
`arbitrary::size_hint`
     --> C:\Users\pc\.cargo\registry\src\index.crates.io-1949cf8c6b5b557f\stell
ar-xdr-21.2.0\src\curr\generated.rs:29280:42
      |
29280 |   #[cfg_attr(feature = "arbitrary", derive(Arbitrary))]
      |                                            ^^^^^^^^^
      |
     ::: C:\Users\pc\.cargo\registry\src\index.crates.io-1949cf8c6b5b557f\arbit
rary-1.3.2\src\size_hint.rs:12:1
      |
   12 | / pub fn recursion_guard(
   13 | |     depth: usize,
   14 | |     f: impl FnOnce(usize) -> (usize, Option<usize>),
   15 | | ) -> (usize, Option<usize>) {
      | |___________________________- similarly named function 
`recursion_guard` defined here
      |
      = note: this error originates in the derive macro `Arbitrary` (in 
Nightly builds, run with -Z macro-backtrace for more info)

error[E0576]: cannot find method or associated constant `try_size_hint` in 
trait `arbitrary::Arbitrary`
     --> C:\Users\pc\.cargo\registry\src\index.crates.io-1949cf8c6b5b557f\stell
ar-xdr-21.2.0\src\curr\generated.rs:29280:42
      |
29280 | #[cfg_attr(feature = "arbitrary", derive(Arbitrary))]
      |                                          ^^^^^^^^^
      |
     ::: C:\Users\pc\.cargo\registry\src\index.crates.io-1949cf8c6b5b557f\arbit
rary-1.3.2\src\lib.rs:277:5
      |
  277 |     fn size_hint(depth: usize) -> (usize, Option<usize>) {
      |     ---------------------------------------------------- similarly 
named associated function `size_hint` defined here
      |
      = note: this error originates in the derive macro `Arbitrary` (in 
Nightly builds, run with -Z macro-backtrace for more info)

error[E0425]: cannot find type `MaxRecursionReached` in crate `arbitrary`
     --> C:\Users\pc\.cargo\registry\src\index.crates.io-1949cf8c6b5b557f\stell
ar-xdr-21.2.0\src\curr\generated.rs:29325:42
      |
29325 | #[cfg_attr(feature = "arbitrary", derive(Arbitrary))]
      |                                          ^^^^^^^^^ not found in 
`arbitrary`
      |
      = note: this error originates in the derive macro `Arbitrary` (in 
Nightly builds, run with -Z macro-backtrace for more info)

error[E0425]: cannot find function `try_recursion_guard` in module 
`arbitrary::size_hint`
     --> C:\Users\pc\.cargo\registry\src\index.crates.io-1949cf8c6b5b557f\stell
ar-xdr-21.2.0\src\curr\generated.rs:29325:42
      |
29325 |   #[cfg_attr(feature = "arbitrary", derive(Arbitrary))]
      |                                            ^^^^^^^^^
      |
     ::: C:\Users\pc\.cargo\registry\src\index.crates.io-1949cf8c6b5b557f\arbit
rary-1.3.2\src\size_hint.rs:12:1
      |
   12 | / pub fn recursion_guard(
   13 | |     depth: usize,
   14 | |     f: impl FnOnce(usize) -> (usize, Option<usize>),
   15 | | ) -> (usize, Option<usize>) {
      | |___________________________- similarly named function 
`recursion_guard` defined here
      |
      = note: this error originates in the derive macro `Arbitrary` (in 
Nightly builds, run with -Z macro-backtrace for more info)

error[E0576]: cannot find method or associated constant `try_size_hint` in 
trait `arbitrary::Arbitrary`
     --> C:\Users\pc\.cargo\registry\src\index.crates.io-1949cf8c6b5b557f\stell
ar-xdr-21.2.0\src\curr\generated.rs:29325:42
      |
29325 | #[cfg_attr(feature = "arbitrary", derive(Arbitrary))]
      |                                          ^^^^^^^^^
      |
     ::: C:\Users\pc\.cargo\registry\src\index.crates.io-1949cf8c6b5b557f\arbit
rary-1.3.2\src\lib.rs:277:5
      |
  277 |     fn size_hint(depth: usize) -> (usize, Option<usize>) {
      |     ---------------------------------------------------- similarly 
named associated function `size_hint` defined here
      |
      = note: this error originates in the derive macro `Arbitrary` (in 
Nightly builds, run with -Z macro-backtrace for more info)

error[E0425]: cannot find type `MaxRecursionReached` in crate `arbitrary`
     --> C:\Users\pc\.cargo\registry\src\index.crates.io-1949cf8c6b5b557f\stell
ar-xdr-21.2.0\src\curr\generated.rs:29421:42
      |
29421 | #[cfg_attr(feature = "arbitrary", derive(Arbitrary))]
      |                                          ^^^^^^^^^ not found in 
`arbitrary`
      |
      = note: this error originates in the derive macro `Arbitrary` (in 
Nightly builds, run with -Z macro-backtrace for more info)

error[E0425]: cannot find function `try_recursion_guard` in module 
`arbitrary::size_hint`
     --> C:\Users\pc\.cargo\registry\src\index.crates.io-1949cf8c6b5b557f\stell
ar-xdr-21.2.0\src\curr\generated.rs:29421:42
      |
29421 |   #[cfg_attr(feature = "arbitrary", derive(Arbitrary))]
      |                                            ^^^^^^^^^
      |
     ::: C:\Users\pc\.cargo\registry\src\index.crates.io-1949cf8c6b5b557f\arbit
rary-1.3.2\src\size_hint.rs:12:1
      |
   12 | / pub fn recursion_guard(
   13 | |     depth: usize,
   14 | |     f: impl FnOnce(usize) -> (usize, Option<usize>),
   15 | | ) -> (usize, Option<usize>) {
      | |___________________________- similarly named function 
`recursion_guard` defined here
      |
      = note: this error originates in the derive macro `Arbitrary` (in 
Nightly builds, run with -Z macro-backtrace for more info)

error[E0576]: cannot find method or associated constant `try_size_hint` in 
trait `arbitrary::Arbitrary`
     --> C:\Users\pc\.cargo\registry\src\index.crates.io-1949cf8c6b5b557f\stell
ar-xdr-21.2.0\src\curr\generated.rs:29421:42
      |
29421 | #[cfg_attr(feature = "arbitrary", derive(Arbitrary))]
      |                                          ^^^^^^^^^
      |
     ::: C:\Users\pc\.cargo\registry\src\index.crates.io-1949cf8c6b5b557f\arbit
rary-1.3.2\src\lib.rs:277:5
      |
  277 |     fn size_hint(depth: usize) -> (usize, Option<usize>) {
      |     ---------------------------------------------------- similarly 
named associated function `size_hint` defined here
      |
      = note: this error originates in the derive macro `Arbitrary` (in 
Nightly builds, run with -Z macro-backtrace for more info)

error[E0425]: cannot find type `MaxRecursionReached` in crate `arbitrary`
     --> C:\Users\pc\.cargo\registry\src\index.crates.io-1949cf8c6b5b557f\stell
ar-xdr-21.2.0\src\curr\generated.rs:29802:42
      |
29802 | #[cfg_attr(feature = "arbitrary", derive(Arbitrary))]
      |                                          ^^^^^^^^^ not found in 
`arbitrary`
      |
      = note: this error originates in the derive macro `Arbitrary` (in 
Nightly builds, run with -Z macro-backtrace for more info)

error[E0425]: cannot find function `try_recursion_guard` in module 
`arbitrary::size_hint`
     --> C:\Users\pc\.cargo\registry\src\index.crates.io-1949cf8c6b5b557f\stell
ar-xdr-21.2.0\src\curr\generated.rs:29802:42
      |
29802 |   #[cfg_attr(feature = "arbitrary", derive(Arbitrary))]
      |                                            ^^^^^^^^^
      |
     ::: C:\Users\pc\.cargo\registry\src\index.crates.io-1949cf8c6b5b557f\arbit
rary-1.3.2\src\size_hint.rs:12:1
      |
   12 | / pub fn recursion_guard(
   13 | |     depth: usize,
   14 | |     f: impl FnOnce(usize) -> (usize, Option<usize>),
   15 | | ) -> (usize, Option<usize>) {
      | |___________________________- similarly named function 
`recursion_guard` defined here
      |
      = note: this error originates in the derive macro `Arbitrary` (in 
Nightly builds, run with -Z macro-backtrace for more info)

error[E0576]: cannot find method or associated constant `try_size_hint` in 
trait `arbitrary::Arbitrary`
     --> C:\Users\pc\.cargo\registry\src\index.crates.io-1949cf8c6b5b557f\stell
ar-xdr-21.2.0\src\curr\generated.rs:29802:42
      |
29802 | #[cfg_attr(feature = "arbitrary", derive(Arbitrary))]
      |                                          ^^^^^^^^^
      |
     ::: C:\Users\pc\.cargo\registry\src\index.crates.io-1949cf8c6b5b557f\arbit
rary-1.3.2\src\lib.rs:277:5
      |
  277 |     fn size_hint(depth: usize) -> (usize, Option<usize>) {
      |     ---------------------------------------------------- similarly 
named associated function `size_hint` defined here
      |
      = note: this error originates in the derive macro `Arbitrary` (in 
Nightly builds, run with -Z macro-backtrace for more info)

error[E0425]: cannot find type `MaxRecursionReached` in crate `arbitrary`
     --> C:\Users\pc\.cargo\registry\src\index.crates.io-1949cf8c6b5b557f\stell
ar-xdr-21.2.0\src\curr\generated.rs:29849:42
      |
29849 | #[cfg_attr(feature = "arbitrary", derive(Arbitrary))]
      |                                          ^^^^^^^^^ not found in 
`arbitrary`
      |
      = note: this error originates in the derive macro `Arbitrary` (in 
Nightly builds, run with -Z macro-backtrace for more info)

error[E0425]: cannot find function `try_recursion_guard` in module 
`arbitrary::size_hint`
     --> C:\Users\pc\.cargo\registry\src\index.crates.io-1949cf8c6b5b557f\stell
ar-xdr-21.2.0\src\curr\generated.rs:29849:42
      |
29849 |   #[cfg_attr(feature = "arbitrary", derive(Arbitrary))]
      |                                            ^^^^^^^^^
      |
     ::: C:\Users\pc\.cargo\registry\src\index.crates.io-1949cf8c6b5b557f\arbit
rary-1.3.2\src\size_hint.rs:12:1
      |
   12 | / pub fn recursion_guard(
   13 | |     depth: usize,
   14 | |     f: impl FnOnce(usize) -> (usize, Option<usize>),
   15 | | ) -> (usize, Option<usize>) {
      | |___________________________- similarly named function 
`recursion_guard` defined here
      |
      = note: this error originates in the derive macro `Arbitrary` (in 
Nightly builds, run with -Z macro-backtrace for more info)

error[E0576]: cannot find method or associated constant `try_size_hint` in 
trait `arbitrary::Arbitrary`
     --> C:\Users\pc\.cargo\registry\src\index.crates.io-1949cf8c6b5b557f\stell
ar-xdr-21.2.0\src\curr\generated.rs:29849:42
      |
29849 | #[cfg_attr(feature = "arbitrary", derive(Arbitrary))]
      |                                          ^^^^^^^^^
      |
     ::: C:\Users\pc\.cargo\registry\src\index.crates.io-1949cf8c6b5b557f\arbit
rary-1.3.2\src\lib.rs:277:5
      |
  277 |     fn size_hint(depth: usize) -> (usize, Option<usize>) {
      |     ---------------------------------------------------- similarly 
named associated function `size_hint` defined here
      |
      = note: this error originates in the derive macro `Arbitrary` (in 
Nightly builds, run with -Z macro-backtrace for more info)

error[E0425]: cannot find type `MaxRecursionReached` in crate `arbitrary`
     --> C:\Users\pc\.cargo\registry\src\index.crates.io-1949cf8c6b5b557f\stell
ar-xdr-21.2.0\src\curr\generated.rs:29901:42
      |
29901 | #[cfg_attr(feature = "arbitrary", derive(Arbitrary))]
      |                                          ^^^^^^^^^ not found in 
`arbitrary`
      |
      = note: this error originates in the derive macro `Arbitrary` (in 
Nightly builds, run with -Z macro-backtrace for more info)

error[E0425]: cannot find function `try_recursion_guard` in module 
`arbitrary::size_hint`
     --> C:\Users\pc\.cargo\registry\src\index.crates.io-1949cf8c6b5b557f\stell
ar-xdr-21.2.0\src\curr\generated.rs:29901:42
      |
29901 |   #[cfg_attr(feature = "arbitrary", derive(Arbitrary))]
      |                                            ^^^^^^^^^
      |
     ::: C:\Users\pc\.cargo\registry\src\index.crates.io-1949cf8c6b5b557f\arbit
rary-1.3.2\src\size_hint.rs:12:1
      |
   12 | / pub fn recursion_guard(
   13 | |     depth: usize,
   14 | |     f: impl FnOnce(usize) -> (usize, Option<usize>),
   15 | | ) -> (usize, Option<usize>) {
      | |___________________________- similarly named function 
`recursion_guard` defined here
      |
      = note: this error originates in the derive macro `Arbitrary` (in 
Nightly builds, run with -Z macro-backtrace for more info)

error[E0576]: cannot find method or associated constant `try_size_hint` in 
trait `arbitrary::Arbitrary`
     --> C:\Users\pc\.cargo\registry\src\index.crates.io-1949cf8c6b5b557f\stell
ar-xdr-21.2.0\src\curr\generated.rs:29901:42
      |
29901 | #[cfg_attr(feature = "arbitrary", derive(Arbitrary))]
      |                                          ^^^^^^^^^
      |
     ::: C:\Users\pc\.cargo\registry\src\index.crates.io-1949cf8c6b5b557f\arbit
rary-1.3.2\src\lib.rs:277:5
      |
  277 |     fn size_hint(depth: usize) -> (usize, Option<usize>) {
      |     ---------------------------------------------------- similarly 
named associated function `size_hint` defined here
      |
      = note: this error originates in the derive macro `Arbitrary` (in 
Nightly builds, run with -Z macro-backtrace for more info)

error[E0425]: cannot find type `MaxRecursionReached` in crate `arbitrary`
     --> C:\Users\pc\.cargo\registry\src\index.crates.io-1949cf8c6b5b557f\stell
ar-xdr-21.2.0\src\curr\generated.rs:29956:42
      |
29956 | #[cfg_attr(feature = "arbitrary", derive(Arbitrary))]
      |                                          ^^^^^^^^^ not found in 
`arbitrary`
      |
      = note: this error originates in the derive macro `Arbitrary` (in 
Nightly builds, run with -Z macro-backtrace for more info)

error[E0425]: cannot find function `try_recursion_guard` in module 
`arbitrary::size_hint`
     --> C:\Users\pc\.cargo\registry\src\index.crates.io-1949cf8c6b5b557f\stell
ar-xdr-21.2.0\src\curr\generated.rs:29956:42
      |
29956 |   #[cfg_attr(feature = "arbitrary", derive(Arbitrary))]
      |                                            ^^^^^^^^^
      |
     ::: C:\Users\pc\.cargo\registry\src\index.crates.io-1949cf8c6b5b557f\arbit
rary-1.3.2\src\size_hint.rs:12:1
      |
   12 | / pub fn recursion_guard(
   13 | |     depth: usize,
   14 | |     f: impl FnOnce(usize) -> (usize, Option<usize>),
   15 | | ) -> (usize, Option<usize>) {
      | |___________________________- similarly named function 
`recursion_guard` defined here
      |
      = note: this error originates in the derive macro `Arbitrary` (in 
Nightly builds, run with -Z macro-backtrace for more info)

error[E0576]: cannot find method or associated constant `try_size_hint` in 
trait `arbitrary::Arbitrary`
     --> C:\Users\pc\.cargo\registry\src\index.crates.io-1949cf8c6b5b557f\stell
ar-xdr-21.2.0\src\curr\generated.rs:29956:42
      |
29956 | #[cfg_attr(feature = "arbitrary", derive(Arbitrary))]
      |                                          ^^^^^^^^^
      |
     ::: C:\Users\pc\.cargo\registry\src\index.crates.io-1949cf8c6b5b557f\arbit
rary-1.3.2\src\lib.rs:277:5
      |
  277 |     fn size_hint(depth: usize) -> (usize, Option<usize>) {
      |     ---------------------------------------------------- similarly 
named associated function `size_hint` defined here
      |
      = note: this error originates in the derive macro `Arbitrary` (in 
Nightly builds, run with -Z macro-backtrace for more info)

error[E0425]: cannot find type `MaxRecursionReached` in crate `arbitrary`
     --> C:\Users\pc\.cargo\registry\src\index.crates.io-1949cf8c6b5b557f\stell
ar-xdr-21.2.0\src\curr\generated.rs:30004:42
      |
30004 | #[cfg_attr(feature = "arbitrary", derive(Arbitrary))]
      |                                          ^^^^^^^^^ not found in 
`arbitrary`
      |
      = note: this error originates in the derive macro `Arbitrary` (in 
Nightly builds, run with -Z macro-backtrace for more info)

error[E0425]: cannot find function `try_recursion_guard` in module 
`arbitrary::size_hint`
     --> C:\Users\pc\.cargo\registry\src\index.crates.io-1949cf8c6b5b557f\stell
ar-xdr-21.2.0\src\curr\generated.rs:30004:42
      |
30004 |   #[cfg_attr(feature = "arbitrary", derive(Arbitrary))]
      |                                            ^^^^^^^^^
      |
     ::: C:\Users\pc\.cargo\registry\src\index.crates.io-1949cf8c6b5b557f\arbit
rary-1.3.2\src\size_hint.rs:12:1
      |
   12 | / pub fn recursion_guard(
   13 | |     depth: usize,
   14 | |     f: impl FnOnce(usize) -> (usize, Option<usize>),
   15 | | ) -> (usize, Option<usize>) {
      | |___________________________- similarly named function 
`recursion_guard` defined here
      |
      = note: this error originates in the derive macro `Arbitrary` (in 
Nightly builds, run with -Z macro-backtrace for more info)

error[E0576]: cannot find method or associated constant `try_size_hint` in 
trait `arbitrary::Arbitrary`
     --> C:\Users\pc\.cargo\registry\src\index.crates.io-1949cf8c6b5b557f\stell
ar-xdr-21.2.0\src\curr\generated.rs:30004:42
      |
30004 | #[cfg_attr(feature = "arbitrary", derive(Arbitrary))]
      |                                          ^^^^^^^^^
      |
     ::: C:\Users\pc\.cargo\registry\src\index.crates.io-1949cf8c6b5b557f\arbit
rary-1.3.2\src\lib.rs:277:5
      |
  277 |     fn size_hint(depth: usize) -> (usize, Option<usize>) {
      |     ---------------------------------------------------- similarly 
named associated function `size_hint` defined here
      |
      = note: this error originates in the derive macro `Arbitrary` (in 
Nightly builds, run with -Z macro-backtrace for more info)

error[E0425]: cannot find type `MaxRecursionReached` in crate `arbitrary`
     --> C:\Users\pc\.cargo\registry\src\index.crates.io-1949cf8c6b5b557f\stell
ar-xdr-21.2.0\src\curr\generated.rs:30085:42
      |
30085 | #[cfg_attr(feature = "arbitrary", derive(Arbitrary))]
      |                                          ^^^^^^^^^ not found in 
`arbitrary`
      |
      = note: this error originates in the derive macro `Arbitrary` (in 
Nightly builds, run with -Z macro-backtrace for more info)

error[E0425]: cannot find function `try_recursion_guard` in module 
`arbitrary::size_hint`
     --> C:\Users\pc\.cargo\registry\src\index.crates.io-1949cf8c6b5b557f\stell
ar-xdr-21.2.0\src\curr\generated.rs:30085:42
      |
30085 |   #[cfg_attr(feature = "arbitrary", derive(Arbitrary))]
      |                                            ^^^^^^^^^
      |
     ::: C:\Users\pc\.cargo\registry\src\index.crates.io-1949cf8c6b5b557f\arbit
rary-1.3.2\src\size_hint.rs:12:1
      |
   12 | / pub fn recursion_guard(
   13 | |     depth: usize,
   14 | |     f: impl FnOnce(usize) -> (usize, Option<usize>),
   15 | | ) -> (usize, Option<usize>) {
      | |___________________________- similarly named function 
`recursion_guard` defined here
      |
      = note: this error originates in the derive macro `Arbitrary` (in 
Nightly builds, run with -Z macro-backtrace for more info)

error[E0576]: cannot find method or associated constant `try_size_hint` in 
trait `arbitrary::Arbitrary`
     --> C:\Users\pc\.cargo\registry\src\index.crates.io-1949cf8c6b5b557f\stell
ar-xdr-21.2.0\src\curr\generated.rs:30085:42
      |
30085 | #[cfg_attr(feature = "arbitrary", derive(Arbitrary))]
      |                                          ^^^^^^^^^
      |
     ::: C:\Users\pc\.cargo\registry\src\index.crates.io-1949cf8c6b5b557f\arbit
rary-1.3.2\src\lib.rs:277:5
      |
  277 |     fn size_hint(depth: usize) -> (usize, Option<usize>) {
      |     ---------------------------------------------------- similarly 
named associated function `size_hint` defined here
      |
      = note: this error originates in the derive macro `Arbitrary` (in 
Nightly builds, run with -Z macro-backtrace for more info)

error[E0425]: cannot find type `MaxRecursionReached` in crate `arbitrary`
     --> C:\Users\pc\.cargo\registry\src\index.crates.io-1949cf8c6b5b557f\stell
ar-xdr-21.2.0\src\curr\generated.rs:30349:42
      |
30349 | #[cfg_attr(feature = "arbitrary", derive(Arbitrary))]
      |                                          ^^^^^^^^^ not found in 
`arbitrary`
      |
      = note: this error originates in the derive macro `Arbitrary` (in 
Nightly builds, run with -Z macro-backtrace for more info)

error[E0425]: cannot find function `try_recursion_guard` in module 
`arbitrary::size_hint`
     --> C:\Users\pc\.cargo\registry\src\index.crates.io-1949cf8c6b5b557f\stell
ar-xdr-21.2.0\src\curr\generated.rs:30349:42
      |
30349 |   #[cfg_attr(feature = "arbitrary", derive(Arbitrary))]
      |                                            ^^^^^^^^^
      |
     ::: C:\Users\pc\.cargo\registry\src\index.crates.io-1949cf8c6b5b557f\arbit
rary-1.3.2\src\size_hint.rs:12:1
      |
   12 | / pub fn recursion_guard(
   13 | |     depth: usize,
   14 | |     f: impl FnOnce(usize) -> (usize, Option<usize>),
   15 | | ) -> (usize, Option<usize>) {
      | |___________________________- similarly named function 
`recursion_guard` defined here
      |
      = note: this error originates in the derive macro `Arbitrary` (in 
Nightly builds, run with -Z macro-backtrace for more info)

error[E0576]: cannot find method or associated constant `try_size_hint` in 
trait `arbitrary::Arbitrary`
     --> C:\Users\pc\.cargo\registry\src\index.crates.io-1949cf8c6b5b557f\stell
ar-xdr-21.2.0\src\curr\generated.rs:30349:42
      |
30349 | #[cfg_attr(feature = "arbitrary", derive(Arbitrary))]
      |                                          ^^^^^^^^^
      |
     ::: C:\Users\pc\.cargo\registry\src\index.crates.io-1949cf8c6b5b557f\arbit
rary-1.3.2\src\lib.rs:277:5
      |
  277 |     fn size_hint(depth: usize) -> (usize, Option<usize>) {
      |     ---------------------------------------------------- similarly 
named associated function `size_hint` defined here
      |
      = note: this error originates in the derive macro `Arbitrary` (in 
Nightly builds, run with -Z macro-backtrace for more info)

error[E0425]: cannot find type `MaxRecursionReached` in crate `arbitrary`
     --> C:\Users\pc\.cargo\registry\src\index.crates.io-1949cf8c6b5b557f\stell
ar-xdr-21.2.0\src\curr\generated.rs:30475:42
      |
30475 | #[cfg_attr(feature = "arbitrary", derive(Arbitrary))]
      |                                          ^^^^^^^^^ not found in 
`arbitrary`
      |
      = note: this error originates in the derive macro `Arbitrary` (in 
Nightly builds, run with -Z macro-backtrace for more info)

error[E0425]: cannot find function `try_recursion_guard` in module 
`arbitrary::size_hint`
     --> C:\Users\pc\.cargo\registry\src\index.crates.io-1949cf8c6b5b557f\stell
ar-xdr-21.2.0\src\curr\generated.rs:30475:42
      |
30475 |   #[cfg_attr(feature = "arbitrary", derive(Arbitrary))]
      |                                            ^^^^^^^^^
      |
     ::: C:\Users\pc\.cargo\registry\src\index.crates.io-1949cf8c6b5b557f\arbit
rary-1.3.2\src\size_hint.rs:12:1
      |
   12 | / pub fn recursion_guard(
   13 | |     depth: usize,
   14 | |     f: impl FnOnce(usize) -> (usize, Option<usize>),
   15 | | ) -> (usize, Option<usize>) {
      | |___________________________- similarly named function 
`recursion_guard` defined here
      |
      = note: this error originates in the derive macro `Arbitrary` (in 
Nightly builds, run with -Z macro-backtrace for more info)

error[E0576]: cannot find method or associated constant `try_size_hint` in 
trait `arbitrary::Arbitrary`
     --> C:\Users\pc\.cargo\registry\src\index.crates.io-1949cf8c6b5b557f\stell
ar-xdr-21.2.0\src\curr\generated.rs:30475:42
      |
30475 | #[cfg_attr(feature = "arbitrary", derive(Arbitrary))]
      |                                          ^^^^^^^^^
      |
     ::: C:\Users\pc\.cargo\registry\src\index.crates.io-1949cf8c6b5b557f\arbit
rary-1.3.2\src\lib.rs:277:5
      |
  277 |     fn size_hint(depth: usize) -> (usize, Option<usize>) {
      |     ---------------------------------------------------- similarly 
named associated function `size_hint` defined here
      |
      = note: this error originates in the derive macro `Arbitrary` (in 
Nightly builds, run with -Z macro-backtrace for more info)

error[E0425]: cannot find type `MaxRecursionReached` in crate `arbitrary`
     --> C:\Users\pc\.cargo\registry\src\index.crates.io-1949cf8c6b5b557f\stell
ar-xdr-21.2.0\src\curr\generated.rs:30521:42
      |
30521 | #[cfg_attr(feature = "arbitrary", derive(Arbitrary))]
      |                                          ^^^^^^^^^ not found in 
`arbitrary`
      |
      = note: this error originates in the derive macro `Arbitrary` (in 
Nightly builds, run with -Z macro-backtrace for more info)

error[E0425]: cannot find function `try_recursion_guard` in module 
`arbitrary::size_hint`
     --> C:\Users\pc\.cargo\registry\src\index.crates.io-1949cf8c6b5b557f\stell
ar-xdr-21.2.0\src\curr\generated.rs:30521:42
      |
30521 |   #[cfg_attr(feature = "arbitrary", derive(Arbitrary))]
      |                                            ^^^^^^^^^
      |
     ::: C:\Users\pc\.cargo\registry\src\index.crates.io-1949cf8c6b5b557f\arbit
rary-1.3.2\src\size_hint.rs:12:1
      |
   12 | / pub fn recursion_guard(
   13 | |     depth: usize,
   14 | |     f: impl FnOnce(usize) -> (usize, Option<usize>),
   15 | | ) -> (usize, Option<usize>) {
      | |___________________________- similarly named function 
`recursion_guard` defined here
      |
      = note: this error originates in the derive macro `Arbitrary` (in 
Nightly builds, run with -Z macro-backtrace for more info)

error[E0576]: cannot find method or associated constant `try_size_hint` in 
trait `arbitrary::Arbitrary`
     --> C:\Users\pc\.cargo\registry\src\index.crates.io-1949cf8c6b5b557f\stell
ar-xdr-21.2.0\src\curr\generated.rs:30521:42
      |
30521 | #[cfg_attr(feature = "arbitrary", derive(Arbitrary))]
      |                                          ^^^^^^^^^
      |
     ::: C:\Users\pc\.cargo\registry\src\index.crates.io-1949cf8c6b5b557f\arbit
rary-1.3.2\src\lib.rs:277:5
      |
  277 |     fn size_hint(depth: usize) -> (usize, Option<usize>) {
      |     ---------------------------------------------------- similarly 
named associated function `size_hint` defined here
      |
      = note: this error originates in the derive macro `Arbitrary` (in 
Nightly builds, run with -Z macro-backtrace for more info)

error[E0425]: cannot find type `MaxRecursionReached` in crate `arbitrary`
     --> C:\Users\pc\.cargo\registry\src\index.crates.io-1949cf8c6b5b557f\stell
ar-xdr-21.2.0\src\curr\generated.rs:30594:42
      |
30594 | #[cfg_attr(feature = "arbitrary", derive(Arbitrary))]
      |                                          ^^^^^^^^^ not found in 
`arbitrary`
      |
      = note: this error originates in the derive macro `Arbitrary` (in 
Nightly builds, run with -Z macro-backtrace for more info)

error[E0425]: cannot find function `try_recursion_guard` in module 
`arbitrary::size_hint`
     --> C:\Users\pc\.cargo\registry\src\index.crates.io-1949cf8c6b5b557f\stell
ar-xdr-21.2.0\src\curr\generated.rs:30594:42
      |
30594 |   #[cfg_attr(feature = "arbitrary", derive(Arbitrary))]
      |                                            ^^^^^^^^^
      |
     ::: C:\Users\pc\.cargo\registry\src\index.crates.io-1949cf8c6b5b557f\arbit
rary-1.3.2\src\size_hint.rs:12:1
      |
   12 | / pub fn recursion_guard(
   13 | |     depth: usize,
   14 | |     f: impl FnOnce(usize) -> (usize, Option<usize>),
   15 | | ) -> (usize, Option<usize>) {
      | |___________________________- similarly named function 
`recursion_guard` defined here
      |
      = note: this error originates in the derive macro `Arbitrary` (in 
Nightly builds, run with -Z macro-backtrace for more info)

error[E0576]: cannot find method or associated constant `try_size_hint` in 
trait `arbitrary::Arbitrary`
     --> C:\Users\pc\.cargo\registry\src\index.crates.io-1949cf8c6b5b557f\stell
ar-xdr-21.2.0\src\curr\generated.rs:30594:42
      |
30594 | #[cfg_attr(feature = "arbitrary", derive(Arbitrary))]
      |                                          ^^^^^^^^^
      |
     ::: C:\Users\pc\.cargo\registry\src\index.crates.io-1949cf8c6b5b557f\arbit
rary-1.3.2\src\lib.rs:277:5
      |
  277 |     fn size_hint(depth: usize) -> (usize, Option<usize>) {
      |     ---------------------------------------------------- similarly 
named associated function `size_hint` defined here
      |
      = note: this error originates in the derive macro `Arbitrary` (in 
Nightly builds, run with -Z macro-backtrace for more info)

error[E0425]: cannot find type `MaxRecursionReached` in crate `arbitrary`
     --> C:\Users\pc\.cargo\registry\src\index.crates.io-1949cf8c6b5b557f\stell
ar-xdr-21.2.0\src\curr\generated.rs:30771:42
      |
30771 | #[cfg_attr(feature = "arbitrary", derive(Arbitrary))]
      |                                          ^^^^^^^^^ not found in 
`arbitrary`
      |
      = note: this error originates in the derive macro `Arbitrary` (in 
Nightly builds, run with -Z macro-backtrace for more info)

error[E0425]: cannot find function `try_recursion_guard` in module 
`arbitrary::size_hint`
     --> C:\Users\pc\.cargo\registry\src\index.crates.io-1949cf8c6b5b557f\stell
ar-xdr-21.2.0\src\curr\generated.rs:30771:42
      |
30771 |   #[cfg_attr(feature = "arbitrary", derive(Arbitrary))]
      |                                            ^^^^^^^^^
      |
     ::: C:\Users\pc\.cargo\registry\src\index.crates.io-1949cf8c6b5b557f\arbit
rary-1.3.2\src\size_hint.rs:12:1
      |
   12 | / pub fn recursion_guard(
   13 | |     depth: usize,
   14 | |     f: impl FnOnce(usize) -> (usize, Option<usize>),
   15 | | ) -> (usize, Option<usize>) {
      | |___________________________- similarly named function 
`recursion_guard` defined here
      |
      = note: this error originates in the derive macro `Arbitrary` (in 
Nightly builds, run with -Z macro-backtrace for more info)

error[E0576]: cannot find method or associated constant `try_size_hint` in 
trait `arbitrary::Arbitrary`
     --> C:\Users\pc\.cargo\registry\src\index.crates.io-1949cf8c6b5b557f\stell
ar-xdr-21.2.0\src\curr\generated.rs:30771:42
      |
30771 | #[cfg_attr(feature = "arbitrary", derive(Arbitrary))]
      |                                          ^^^^^^^^^
      |
     ::: C:\Users\pc\.cargo\registry\src\index.crates.io-1949cf8c6b5b557f\arbit
rary-1.3.2\src\lib.rs:277:5
      |
  277 |     fn size_hint(depth: usize) -> (usize, Option<usize>) {
      |     ---------------------------------------------------- similarly 
named associated function `size_hint` defined here
      |
      = note: this error originates in the derive macro `Arbitrary` (in 
Nightly builds, run with -Z macro-backtrace for more info)

error[E0425]: cannot find type `MaxRecursionReached` in crate `arbitrary`
     --> C:\Users\pc\.cargo\registry\src\index.crates.io-1949cf8c6b5b557f\stell
ar-xdr-21.2.0\src\curr\generated.rs:30885:42
      |
30885 | #[cfg_attr(feature = "arbitrary", derive(Arbitrary))]
      |                                          ^^^^^^^^^ not found in 
`arbitrary`
      |
      = note: this error originates in the derive macro `Arbitrary` (in 
Nightly builds, run with -Z macro-backtrace for more info)

error[E0425]: cannot find function `try_recursion_guard` in module 
`arbitrary::size_hint`
     --> C:\Users\pc\.cargo\registry\src\index.crates.io-1949cf8c6b5b557f\stell
ar-xdr-21.2.0\src\curr\generated.rs:30885:42
      |
30885 |   #[cfg_attr(feature = "arbitrary", derive(Arbitrary))]
      |                                            ^^^^^^^^^
      |
     ::: C:\Users\pc\.cargo\registry\src\index.crates.io-1949cf8c6b5b557f\arbit
rary-1.3.2\src\size_hint.rs:12:1
      |
   12 | / pub fn recursion_guard(
   13 | |     depth: usize,
   14 | |     f: impl FnOnce(usize) -> (usize, Option<usize>),
   15 | | ) -> (usize, Option<usize>) {
      | |___________________________- similarly named function 
`recursion_guard` defined here
      |
      = note: this error originates in the derive macro `Arbitrary` (in 
Nightly builds, run with -Z macro-backtrace for more info)

error[E0576]: cannot find method or associated constant `try_size_hint` in 
trait `arbitrary::Arbitrary`
     --> C:\Users\pc\.cargo\registry\src\index.crates.io-1949cf8c6b5b557f\stell
ar-xdr-21.2.0\src\curr\generated.rs:30885:42
      |
30885 | #[cfg_attr(feature = "arbitrary", derive(Arbitrary))]
      |                                          ^^^^^^^^^
      |
     ::: C:\Users\pc\.cargo\registry\src\index.crates.io-1949cf8c6b5b557f\arbit
rary-1.3.2\src\lib.rs:277:5
      |
  277 |     fn size_hint(depth: usize) -> (usize, Option<usize>) {
      |     ---------------------------------------------------- similarly 
named associated function `size_hint` defined here
      |
      = note: this error originates in the derive macro `Arbitrary` (in 
Nightly builds, run with -Z macro-backtrace for more info)

error[E0425]: cannot find type `MaxRecursionReached` in crate `arbitrary`
     --> C:\Users\pc\.cargo\registry\src\index.crates.io-1949cf8c6b5b557f\stell
ar-xdr-21.2.0\src\curr\generated.rs:30938:42
      |
30938 | #[cfg_attr(feature = "arbitrary", derive(Arbitrary))]
      |                                          ^^^^^^^^^ not found in 
`arbitrary`
      |
      = note: this error originates in the derive macro `Arbitrary` (in 
Nightly builds, run with -Z macro-backtrace for more info)

error[E0425]: cannot find function `try_recursion_guard` in module 
`arbitrary::size_hint`
     --> C:\Users\pc\.cargo\registry\src\index.crates.io-1949cf8c6b5b557f\stell
ar-xdr-21.2.0\src\curr\generated.rs:30938:42
      |
30938 |   #[cfg_attr(feature = "arbitrary", derive(Arbitrary))]
      |                                            ^^^^^^^^^
      |
     ::: C:\Users\pc\.cargo\registry\src\index.crates.io-1949cf8c6b5b557f\arbit
rary-1.3.2\src\size_hint.rs:12:1
      |
   12 | / pub fn recursion_guard(
   13 | |     depth: usize,
   14 | |     f: impl FnOnce(usize) -> (usize, Option<usize>),
   15 | | ) -> (usize, Option<usize>) {
      | |___________________________- similarly named function 
`recursion_guard` defined here
      |
      = note: this error originates in the derive macro `Arbitrary` (in 
Nightly builds, run with -Z macro-backtrace for more info)

error[E0576]: cannot find method or associated constant `try_size_hint` in 
trait `arbitrary::Arbitrary`
     --> C:\Users\pc\.cargo\registry\src\index.crates.io-1949cf8c6b5b557f\stell
ar-xdr-21.2.0\src\curr\generated.rs:30938:42
      |
30938 | #[cfg_attr(feature = "arbitrary", derive(Arbitrary))]
      |                                          ^^^^^^^^^
      |
     ::: C:\Users\pc\.cargo\registry\src\index.crates.io-1949cf8c6b5b557f\arbit
rary-1.3.2\src\lib.rs:277:5
      |
  277 |     fn size_hint(depth: usize) -> (usize, Option<usize>) {
      |     ---------------------------------------------------- similarly 
named associated function `size_hint` defined here
      |
      = note: this error originates in the derive macro `Arbitrary` (in 
Nightly builds, run with -Z macro-backtrace for more info)

error[E0425]: cannot find type `MaxRecursionReached` in crate `arbitrary`
     --> C:\Users\pc\.cargo\registry\src\index.crates.io-1949cf8c6b5b557f\stell
ar-xdr-21.2.0\src\curr\generated.rs:31000:42
      |
31000 | #[cfg_attr(feature = "arbitrary", derive(Arbitrary))]
      |                                          ^^^^^^^^^ not found in 
`arbitrary`
      |
      = note: this error originates in the derive macro `Arbitrary` (in 
Nightly builds, run with -Z macro-backtrace for more info)

error[E0425]: cannot find function `try_recursion_guard` in module 
`arbitrary::size_hint`
     --> C:\Users\pc\.cargo\registry\src\index.crates.io-1949cf8c6b5b557f\stell
ar-xdr-21.2.0\src\curr\generated.rs:31000:42
      |
31000 |   #[cfg_attr(feature = "arbitrary", derive(Arbitrary))]
      |                                            ^^^^^^^^^
      |
     ::: C:\Users\pc\.cargo\registry\src\index.crates.io-1949cf8c6b5b557f\arbit
rary-1.3.2\src\size_hint.rs:12:1
      |
   12 | / pub fn recursion_guard(
   13 | |     depth: usize,
   14 | |     f: impl FnOnce(usize) -> (usize, Option<usize>),
   15 | | ) -> (usize, Option<usize>) {
      | |___________________________- similarly named function 
`recursion_guard` defined here
      |
      = note: this error originates in the derive macro `Arbitrary` (in 
Nightly builds, run with -Z macro-backtrace for more info)

error[E0576]: cannot find method or associated constant `try_size_hint` in 
trait `arbitrary::Arbitrary`
     --> C:\Users\pc\.cargo\registry\src\index.crates.io-1949cf8c6b5b557f\stell
ar-xdr-21.2.0\src\curr\generated.rs:31000:42
      |
31000 | #[cfg_attr(feature = "arbitrary", derive(Arbitrary))]
      |                                          ^^^^^^^^^
      |
     ::: C:\Users\pc\.cargo\registry\src\index.crates.io-1949cf8c6b5b557f\arbit
rary-1.3.2\src\lib.rs:277:5
      |
  277 |     fn size_hint(depth: usize) -> (usize, Option<usize>) {
      |     ---------------------------------------------------- similarly 
named associated function `size_hint` defined here
      |
      = note: this error originates in the derive macro `Arbitrary` (in 
Nightly builds, run with -Z macro-backtrace for more info)

error[E0425]: cannot find type `MaxRecursionReached` in crate `arbitrary`
     --> C:\Users\pc\.cargo\registry\src\index.crates.io-1949cf8c6b5b557f\stell
ar-xdr-21.2.0\src\curr\generated.rs:31160:42
      |
31160 | #[cfg_attr(feature = "arbitrary", derive(Arbitrary))]
      |                                          ^^^^^^^^^ not found in 
`arbitrary`
      |
      = note: this error originates in the derive macro `Arbitrary` (in 
Nightly builds, run with -Z macro-backtrace for more info)

error[E0425]: cannot find function `try_recursion_guard` in module 
`arbitrary::size_hint`
     --> C:\Users\pc\.cargo\registry\src\index.crates.io-1949cf8c6b5b557f\stell
ar-xdr-21.2.0\src\curr\generated.rs:31160:42
      |
31160 |   #[cfg_attr(feature = "arbitrary", derive(Arbitrary))]
      |                                            ^^^^^^^^^
      |
     ::: C:\Users\pc\.cargo\registry\src\index.crates.io-1949cf8c6b5b557f\arbit
rary-1.3.2\src\size_hint.rs:12:1
      |
   12 | / pub fn recursion_guard(
   13 | |     depth: usize,
   14 | |     f: impl FnOnce(usize) -> (usize, Option<usize>),
   15 | | ) -> (usize, Option<usize>) {
      | |___________________________- similarly named function 
`recursion_guard` defined here
      |
      = note: this error originates in the derive macro `Arbitrary` (in 
Nightly builds, run with -Z macro-backtrace for more info)

error[E0576]: cannot find method or associated constant `try_size_hint` in 
trait `arbitrary::Arbitrary`
     --> C:\Users\pc\.cargo\registry\src\index.crates.io-1949cf8c6b5b557f\stell
ar-xdr-21.2.0\src\curr\generated.rs:31160:42
      |
31160 | #[cfg_attr(feature = "arbitrary", derive(Arbitrary))]
      |                                          ^^^^^^^^^
      |
     ::: C:\Users\pc\.cargo\registry\src\index.crates.io-1949cf8c6b5b557f\arbit
rary-1.3.2\src\lib.rs:277:5
      |
  277 |     fn size_hint(depth: usize) -> (usize, Option<usize>) {
      |     ---------------------------------------------------- similarly 
named associated function `size_hint` defined here
      |
      = note: this error originates in the derive macro `Arbitrary` (in 
Nightly builds, run with -Z macro-backtrace for more info)

error[E0425]: cannot find type `MaxRecursionReached` in crate `arbitrary`
     --> C:\Users\pc\.cargo\registry\src\index.crates.io-1949cf8c6b5b557f\stell
ar-xdr-21.2.0\src\curr\generated.rs:31223:42
      |
31223 | #[cfg_attr(feature = "arbitrary", derive(Arbitrary))]
      |                                          ^^^^^^^^^ not found in 
`arbitrary`
      |
      = note: this error originates in the derive macro `Arbitrary` (in 
Nightly builds, run with -Z macro-backtrace for more info)

error[E0425]: cannot find function `try_recursion_guard` in module 
`arbitrary::size_hint`
     --> C:\Users\pc\.cargo\registry\src\index.crates.io-1949cf8c6b5b557f\stell
ar-xdr-21.2.0\src\curr\generated.rs:31223:42
      |
31223 |   #[cfg_attr(feature = "arbitrary", derive(Arbitrary))]
      |                                            ^^^^^^^^^
      |
     ::: C:\Users\pc\.cargo\registry\src\index.crates.io-1949cf8c6b5b557f\arbit
rary-1.3.2\src\size_hint.rs:12:1
      |
   12 | / pub fn recursion_guard(
   13 | |     depth: usize,
   14 | |     f: impl FnOnce(usize) -> (usize, Option<usize>),
   15 | | ) -> (usize, Option<usize>) {
      | |___________________________- similarly named function 
`recursion_guard` defined here
      |
      = note: this error originates in the derive macro `Arbitrary` (in 
Nightly builds, run with -Z macro-backtrace for more info)

error[E0576]: cannot find method or associated constant `try_size_hint` in 
trait `arbitrary::Arbitrary`
     --> C:\Users\pc\.cargo\registry\src\index.crates.io-1949cf8c6b5b557f\stell
ar-xdr-21.2.0\src\curr\generated.rs:31223:42
      |
31223 | #[cfg_attr(feature = "arbitrary", derive(Arbitrary))]
      |                                          ^^^^^^^^^
      |
     ::: C:\Users\pc\.cargo\registry\src\index.crates.io-1949cf8c6b5b557f\arbit
rary-1.3.2\src\lib.rs:277:5
      |
  277 |     fn size_hint(depth: usize) -> (usize, Option<usize>) {
      |     ---------------------------------------------------- similarly 
named associated function `size_hint` defined here
      |
      = note: this error originates in the derive macro `Arbitrary` (in 
Nightly builds, run with -Z macro-backtrace for more info)

error[E0425]: cannot find type `MaxRecursionReached` in crate `arbitrary`
     --> C:\Users\pc\.cargo\registry\src\index.crates.io-1949cf8c6b5b557f\stell
ar-xdr-21.2.0\src\curr\generated.rs:31272:42
      |
31272 | #[cfg_attr(feature = "arbitrary", derive(Arbitrary))]
      |                                          ^^^^^^^^^ not found in 
`arbitrary`
      |
      = note: this error originates in the derive macro `Arbitrary` (in 
Nightly builds, run with -Z macro-backtrace for more info)

error[E0425]: cannot find function `try_recursion_guard` in module 
`arbitrary::size_hint`
     --> C:\Users\pc\.cargo\registry\src\index.crates.io-1949cf8c6b5b557f\stell
ar-xdr-21.2.0\src\curr\generated.rs:31272:42
      |
31272 |   #[cfg_attr(feature = "arbitrary", derive(Arbitrary))]
      |                                            ^^^^^^^^^
      |
     ::: C:\Users\pc\.cargo\registry\src\index.crates.io-1949cf8c6b5b557f\arbit
rary-1.3.2\src\size_hint.rs:12:1
      |
   12 | / pub fn recursion_guard(
   13 | |     depth: usize,
   14 | |     f: impl FnOnce(usize) -> (usize, Option<usize>),
   15 | | ) -> (usize, Option<usize>) {
      | |___________________________- similarly named function 
`recursion_guard` defined here
      |
      = note: this error originates in the derive macro `Arbitrary` (in 
Nightly builds, run with -Z macro-backtrace for more info)

error[E0576]: cannot find method or associated constant `try_size_hint` in 
trait `arbitrary::Arbitrary`
     --> C:\Users\pc\.cargo\registry\src\index.crates.io-1949cf8c6b5b557f\stell
ar-xdr-21.2.0\src\curr\generated.rs:31272:42
      |
31272 | #[cfg_attr(feature = "arbitrary", derive(Arbitrary))]
      |                                          ^^^^^^^^^
      |
     ::: C:\Users\pc\.cargo\registry\src\index.crates.io-1949cf8c6b5b557f\arbit
rary-1.3.2\src\lib.rs:277:5
      |
  277 |     fn size_hint(depth: usize) -> (usize, Option<usize>) {
      |     ---------------------------------------------------- similarly 
named associated function `size_hint` defined here
      |
      = note: this error originates in the derive macro `Arbitrary` (in 
Nightly builds, run with -Z macro-backtrace for more info)

error[E0425]: cannot find type `MaxRecursionReached` in crate `arbitrary`
     --> C:\Users\pc\.cargo\registry\src\index.crates.io-1949cf8c6b5b557f\stell
ar-xdr-21.2.0\src\curr\generated.rs:31400:42
      |
31400 | #[cfg_attr(feature = "arbitrary", derive(Arbitrary))]
      |                                          ^^^^^^^^^ not found in 
`arbitrary`
      |
      = note: this error originates in the derive macro `Arbitrary` (in 
Nightly builds, run with -Z macro-backtrace for more info)

error[E0425]: cannot find function `try_recursion_guard` in module 
`arbitrary::size_hint`
     --> C:\Users\pc\.cargo\registry\src\index.crates.io-1949cf8c6b5b557f\stell
ar-xdr-21.2.0\src\curr\generated.rs:31400:42
      |
31400 |   #[cfg_attr(feature = "arbitrary", derive(Arbitrary))]
      |                                            ^^^^^^^^^
      |
     ::: C:\Users\pc\.cargo\registry\src\index.crates.io-1949cf8c6b5b557f\arbit
rary-1.3.2\src\size_hint.rs:12:1
      |
   12 | / pub fn recursion_guard(
   13 | |     depth: usize,
   14 | |     f: impl FnOnce(usize) -> (usize, Option<usize>),
   15 | | ) -> (usize, Option<usize>) {
      | |___________________________- similarly named function 
`recursion_guard` defined here
      |
      = note: this error originates in the derive macro `Arbitrary` (in 
Nightly builds, run with -Z macro-backtrace for more info)

error[E0576]: cannot find method or associated constant `try_size_hint` in 
trait `arbitrary::Arbitrary`
     --> C:\Users\pc\.cargo\registry\src\index.crates.io-1949cf8c6b5b557f\stell
ar-xdr-21.2.0\src\curr\generated.rs:31400:42
      |
31400 | #[cfg_attr(feature = "arbitrary", derive(Arbitrary))]
      |                                          ^^^^^^^^^
      |
     ::: C:\Users\pc\.cargo\registry\src\index.crates.io-1949cf8c6b5b557f\arbit
rary-1.3.2\src\lib.rs:277:5
      |
  277 |     fn size_hint(depth: usize) -> (usize, Option<usize>) {
      |     ---------------------------------------------------- similarly 
named associated function `size_hint` defined here
      |
      = note: this error originates in the derive macro `Arbitrary` (in 
Nightly builds, run with -Z macro-backtrace for more info)

error[E0425]: cannot find type `MaxRecursionReached` in crate `arbitrary`
     --> C:\Users\pc\.cargo\registry\src\index.crates.io-1949cf8c6b5b557f\stell
ar-xdr-21.2.0\src\curr\generated.rs:31463:42
      |
31463 | #[cfg_attr(feature = "arbitrary", derive(Arbitrary))]
      |                                          ^^^^^^^^^ not found in 
`arbitrary`
      |
      = note: this error originates in the derive macro `Arbitrary` (in 
Nightly builds, run with -Z macro-backtrace for more info)

error[E0425]: cannot find function `try_recursion_guard` in module 
`arbitrary::size_hint`
     --> C:\Users\pc\.cargo\registry\src\index.crates.io-1949cf8c6b5b557f\stell
ar-xdr-21.2.0\src\curr\generated.rs:31463:42
      |
31463 |   #[cfg_attr(feature = "arbitrary", derive(Arbitrary))]
      |                                            ^^^^^^^^^
      |
     ::: C:\Users\pc\.cargo\registry\src\index.crates.io-1949cf8c6b5b557f\arbit
rary-1.3.2\src\size_hint.rs:12:1
      |
   12 | / pub fn recursion_guard(
   13 | |     depth: usize,
   14 | |     f: impl FnOnce(usize) -> (usize, Option<usize>),
   15 | | ) -> (usize, Option<usize>) {
      | |___________________________- similarly named function 
`recursion_guard` defined here
      |
      = note: this error originates in the derive macro `Arbitrary` (in 
Nightly builds, run with -Z macro-backtrace for more info)

error[E0576]: cannot find method or associated constant `try_size_hint` in 
trait `arbitrary::Arbitrary`
     --> C:\Users\pc\.cargo\registry\src\index.crates.io-1949cf8c6b5b557f\stell
ar-xdr-21.2.0\src\curr\generated.rs:31463:42
      |
31463 | #[cfg_attr(feature = "arbitrary", derive(Arbitrary))]
      |                                          ^^^^^^^^^
      |
     ::: C:\Users\pc\.cargo\registry\src\index.crates.io-1949cf8c6b5b557f\arbit
rary-1.3.2\src\lib.rs:277:5
      |
  277 |     fn size_hint(depth: usize) -> (usize, Option<usize>) {
      |     ---------------------------------------------------- similarly 
named associated function `size_hint` defined here
      |
      = note: this error originates in the derive macro `Arbitrary` (in 
Nightly builds, run with -Z macro-backtrace for more info)

error[E0425]: cannot find type `MaxRecursionReached` in crate `arbitrary`
     --> C:\Users\pc\.cargo\registry\src\index.crates.io-1949cf8c6b5b557f\stell
ar-xdr-21.2.0\src\curr\generated.rs:31510:42
      |
31510 | #[cfg_attr(feature = "arbitrary", derive(Arbitrary))]
      |                                          ^^^^^^^^^ not found in 
`arbitrary`
      |
      = note: this error originates in the derive macro `Arbitrary` (in 
Nightly builds, run with -Z macro-backtrace for more info)

error[E0425]: cannot find function `try_recursion_guard` in module 
`arbitrary::size_hint`
     --> C:\Users\pc\.cargo\registry\src\index.crates.io-1949cf8c6b5b557f\stell
ar-xdr-21.2.0\src\curr\generated.rs:31510:42
      |
31510 |   #[cfg_attr(feature = "arbitrary", derive(Arbitrary))]
      |                                            ^^^^^^^^^
      |
     ::: C:\Users\pc\.cargo\registry\src\index.crates.io-1949cf8c6b5b557f\arbit
rary-1.3.2\src\size_hint.rs:12:1
      |
   12 | / pub fn recursion_guard(
   13 | |     depth: usize,
   14 | |     f: impl FnOnce(usize) -> (usize, Option<usize>),
   15 | | ) -> (usize, Option<usize>) {
      | |___________________________- similarly named function 
`recursion_guard` defined here
      |
      = note: this error originates in the derive macro `Arbitrary` (in 
Nightly builds, run with -Z macro-backtrace for more info)

error[E0576]: cannot find method or associated constant `try_size_hint` in 
trait `arbitrary::Arbitrary`
     --> C:\Users\pc\.cargo\registry\src\index.crates.io-1949cf8c6b5b557f\stell
ar-xdr-21.2.0\src\curr\generated.rs:31510:42
      |
31510 | #[cfg_attr(feature = "arbitrary", derive(Arbitrary))]
      |                                          ^^^^^^^^^
      |
     ::: C:\Users\pc\.cargo\registry\src\index.crates.io-1949cf8c6b5b557f\arbit
rary-1.3.2\src\lib.rs:277:5
      |
  277 |     fn size_hint(depth: usize) -> (usize, Option<usize>) {
      |     ---------------------------------------------------- similarly 
named associated function `size_hint` defined here
      |
      = note: this error originates in the derive macro `Arbitrary` (in 
Nightly builds, run with -Z macro-backtrace for more info)

error[E0425]: cannot find type `MaxRecursionReached` in crate `arbitrary`
     --> C:\Users\pc\.cargo\registry\src\index.crates.io-1949cf8c6b5b557f\stell
ar-xdr-21.2.0\src\curr\generated.rs:31723:42
      |
31723 | #[cfg_attr(feature = "arbitrary", derive(Arbitrary))]
      |                                          ^^^^^^^^^ not found in 
`arbitrary`
      |
      = note: this error originates in the derive macro `Arbitrary` (in 
Nightly builds, run with -Z macro-backtrace for more info)

error[E0425]: cannot find function `try_recursion_guard` in module 
`arbitrary::size_hint`
     --> C:\Users\pc\.cargo\registry\src\index.crates.io-1949cf8c6b5b557f\stell
ar-xdr-21.2.0\src\curr\generated.rs:31723:42
      |
31723 |   #[cfg_attr(feature = "arbitrary", derive(Arbitrary))]
      |                                            ^^^^^^^^^
      |
     ::: C:\Users\pc\.cargo\registry\src\index.crates.io-1949cf8c6b5b557f\arbit
rary-1.3.2\src\size_hint.rs:12:1
      |
   12 | / pub fn recursion_guard(
   13 | |     depth: usize,
   14 | |     f: impl FnOnce(usize) -> (usize, Option<usize>),
   15 | | ) -> (usize, Option<usize>) {
      | |___________________________- similarly named function 
`recursion_guard` defined here
      |
      = note: this error originates in the derive macro `Arbitrary` (in 
Nightly builds, run with -Z macro-backtrace for more info)

error[E0576]: cannot find method or associated constant `try_size_hint` in 
trait `arbitrary::Arbitrary`
     --> C:\Users\pc\.cargo\registry\src\index.crates.io-1949cf8c6b5b557f\stell
ar-xdr-21.2.0\src\curr\generated.rs:31723:42
      |
31723 | #[cfg_attr(feature = "arbitrary", derive(Arbitrary))]
      |                                          ^^^^^^^^^
      |
     ::: C:\Users\pc\.cargo\registry\src\index.crates.io-1949cf8c6b5b557f\arbit
rary-1.3.2\src\lib.rs:277:5
      |
  277 |     fn size_hint(depth: usize) -> (usize, Option<usize>) {
      |     ---------------------------------------------------- similarly 
named associated function `size_hint` defined here
      |
      = note: this error originates in the derive macro `Arbitrary` (in 
Nightly builds, run with -Z macro-backtrace for more info)

error[E0425]: cannot find type `MaxRecursionReached` in crate `arbitrary`
     --> C:\Users\pc\.cargo\registry\src\index.crates.io-1949cf8c6b5b557f\stell
ar-xdr-21.2.0\src\curr\generated.rs:31777:42
      |
31777 | #[cfg_attr(feature = "arbitrary", derive(Arbitrary))]
      |                                          ^^^^^^^^^ not found in 
`arbitrary`
      |
      = note: this error originates in the derive macro `Arbitrary` (in 
Nightly builds, run with -Z macro-backtrace for more info)

error[E0425]: cannot find function `try_recursion_guard` in module 
`arbitrary::size_hint`
     --> C:\Users\pc\.cargo\registry\src\index.crates.io-1949cf8c6b5b557f\stell
ar-xdr-21.2.0\src\curr\generated.rs:31777:42
      |
31777 |   #[cfg_attr(feature = "arbitrary", derive(Arbitrary))]
      |                                            ^^^^^^^^^
      |
     ::: C:\Users\pc\.cargo\registry\src\index.crates.io-1949cf8c6b5b557f\arbit
rary-1.3.2\src\size_hint.rs:12:1
      |
   12 | / pub fn recursion_guard(
   13 | |     depth: usize,
   14 | |     f: impl FnOnce(usize) -> (usize, Option<usize>),
   15 | | ) -> (usize, Option<usize>) {
      | |___________________________- similarly named function 
`recursion_guard` defined here
      |
      = note: this error originates in the derive macro `Arbitrary` (in 
Nightly builds, run with -Z macro-backtrace for more info)

error[E0576]: cannot find method or associated constant `try_size_hint` in 
trait `arbitrary::Arbitrary`
     --> C:\Users\pc\.cargo\registry\src\index.crates.io-1949cf8c6b5b557f\stell
ar-xdr-21.2.0\src\curr\generated.rs:31777:42
      |
31777 | #[cfg_attr(feature = "arbitrary", derive(Arbitrary))]
      |                                          ^^^^^^^^^
      |
     ::: C:\Users\pc\.cargo\registry\src\index.crates.io-1949cf8c6b5b557f\arbit
rary-1.3.2\src\lib.rs:277:5
      |
  277 |     fn size_hint(depth: usize) -> (usize, Option<usize>) {
      |     ---------------------------------------------------- similarly 
named associated function `size_hint` defined here
      |
      = note: this error originates in the derive macro `Arbitrary` (in 
Nightly builds, run with -Z macro-backtrace for more info)

error[E0425]: cannot find type `MaxRecursionReached` in crate `arbitrary`
     --> C:\Users\pc\.cargo\registry\src\index.crates.io-1949cf8c6b5b557f\stell
ar-xdr-21.2.0\src\curr\generated.rs:31828:42
      |
31828 | #[cfg_attr(feature = "arbitrary", derive(Arbitrary))]
      |                                          ^^^^^^^^^ not found in 
`arbitrary`
      |
      = note: this error originates in the derive macro `Arbitrary` (in 
Nightly builds, run with -Z macro-backtrace for more info)

error[E0425]: cannot find function `try_recursion_guard` in module 
`arbitrary::size_hint`
     --> C:\Users\pc\.cargo\registry\src\index.crates.io-1949cf8c6b5b557f\stell
ar-xdr-21.2.0\src\curr\generated.rs:31828:42
      |
31828 |   #[cfg_attr(feature = "arbitrary", derive(Arbitrary))]
      |                                            ^^^^^^^^^
      |
     ::: C:\Users\pc\.cargo\registry\src\index.crates.io-1949cf8c6b5b557f\arbit
rary-1.3.2\src\size_hint.rs:12:1
      |
   12 | / pub fn recursion_guard(
   13 | |     depth: usize,
   14 | |     f: impl FnOnce(usize) -> (usize, Option<usize>),
   15 | | ) -> (usize, Option<usize>) {
      | |___________________________- similarly named function 
`recursion_guard` defined here
      |
      = note: this error originates in the derive macro `Arbitrary` (in 
Nightly builds, run with -Z macro-backtrace for more info)

error[E0576]: cannot find method or associated constant `try_size_hint` in 
trait `arbitrary::Arbitrary`
     --> C:\Users\pc\.cargo\registry\src\index.crates.io-1949cf8c6b5b557f\stell
ar-xdr-21.2.0\src\curr\generated.rs:31828:42
      |
31828 | #[cfg_attr(feature = "arbitrary", derive(Arbitrary))]
      |                                          ^^^^^^^^^
      |
     ::: C:\Users\pc\.cargo\registry\src\index.crates.io-1949cf8c6b5b557f\arbit
rary-1.3.2\src\lib.rs:277:5
      |
  277 |     fn size_hint(depth: usize) -> (usize, Option<usize>) {
      |     ---------------------------------------------------- similarly 
named associated function `size_hint` defined here
      |
      = note: this error originates in the derive macro `Arbitrary` (in 
Nightly builds, run with -Z macro-backtrace for more info)

error[E0425]: cannot find type `MaxRecursionReached` in crate `arbitrary`
     --> C:\Users\pc\.cargo\registry\src\index.crates.io-1949cf8c6b5b557f\stell
ar-xdr-21.2.0\src\curr\generated.rs:31948:42
      |
31948 | #[cfg_attr(feature = "arbitrary", derive(Arbitrary))]
      |                                          ^^^^^^^^^ not found in 
`arbitrary`
      |
      = note: this error originates in the derive macro `Arbitrary` (in 
Nightly builds, run with -Z macro-backtrace for more info)

error[E0425]: cannot find function `try_recursion_guard` in module 
`arbitrary::size_hint`
     --> C:\Users\pc\.cargo\registry\src\index.crates.io-1949cf8c6b5b557f\stell
ar-xdr-21.2.0\src\curr\generated.rs:31948:42
      |
31948 |   #[cfg_attr(feature = "arbitrary", derive(Arbitrary))]
      |                                            ^^^^^^^^^
      |
     ::: C:\Users\pc\.cargo\registry\src\index.crates.io-1949cf8c6b5b557f\arbit
rary-1.3.2\src\size_hint.rs:12:1
      |
   12 | / pub fn recursion_guard(
   13 | |     depth: usize,
   14 | |     f: impl FnOnce(usize) -> (usize, Option<usize>),
   15 | | ) -> (usize, Option<usize>) {
      | |___________________________- similarly named function 
`recursion_guard` defined here
      |
      = note: this error originates in the derive macro `Arbitrary` (in 
Nightly builds, run with -Z macro-backtrace for more info)

error[E0576]: cannot find method or associated constant `try_size_hint` in 
trait `arbitrary::Arbitrary`
     --> C:\Users\pc\.cargo\registry\src\index.crates.io-1949cf8c6b5b557f\stell
ar-xdr-21.2.0\src\curr\generated.rs:31948:42
      |
31948 | #[cfg_attr(feature = "arbitrary", derive(Arbitrary))]
      |                                          ^^^^^^^^^
      |
     ::: C:\Users\pc\.cargo\registry\src\index.crates.io-1949cf8c6b5b557f\arbit
rary-1.3.2\src\lib.rs:277:5
      |
  277 |     fn size_hint(depth: usize) -> (usize, Option<usize>) {
      |     ---------------------------------------------------- similarly 
named associated function `size_hint` defined here
      |
      = note: this error originates in the derive macro `Arbitrary` (in 
Nightly builds, run with -Z macro-backtrace for more info)

error[E0425]: cannot find type `MaxRecursionReached` in crate `arbitrary`
     --> C:\Users\pc\.cargo\registry\src\index.crates.io-1949cf8c6b5b557f\stell
ar-xdr-21.2.0\src\curr\generated.rs:32061:42
      |
32061 | #[cfg_attr(feature = "arbitrary", derive(Arbitrary))]
      |                                          ^^^^^^^^^ not found in 
`arbitrary`
      |
      = note: this error originates in the derive macro `Arbitrary` (in 
Nightly builds, run with -Z macro-backtrace for more info)

error[E0425]: cannot find function `try_recursion_guard` in module 
`arbitrary::size_hint`
     --> C:\Users\pc\.cargo\registry\src\index.crates.io-1949cf8c6b5b557f\stell
ar-xdr-21.2.0\src\curr\generated.rs:32061:42
      |
32061 |   #[cfg_attr(feature = "arbitrary", derive(Arbitrary))]
      |                                            ^^^^^^^^^
      |
     ::: C:\Users\pc\.cargo\registry\src\index.crates.io-1949cf8c6b5b557f\arbit
rary-1.3.2\src\size_hint.rs:12:1
      |
   12 | / pub fn recursion_guard(
   13 | |     depth: usize,
   14 | |     f: impl FnOnce(usize) -> (usize, Option<usize>),
   15 | | ) -> (usize, Option<usize>) {
      | |___________________________- similarly named function 
`recursion_guard` defined here
      |
      = note: this error originates in the derive macro `Arbitrary` (in 
Nightly builds, run with -Z macro-backtrace for more info)

error[E0576]: cannot find method or associated constant `try_size_hint` in 
trait `arbitrary::Arbitrary`
     --> C:\Users\pc\.cargo\registry\src\index.crates.io-1949cf8c6b5b557f\stell
ar-xdr-21.2.0\src\curr\generated.rs:32061:42
      |
32061 | #[cfg_attr(feature = "arbitrary", derive(Arbitrary))]
      |                                          ^^^^^^^^^
      |
     ::: C:\Users\pc\.cargo\registry\src\index.crates.io-1949cf8c6b5b557f\arbit
rary-1.3.2\src\lib.rs:277:5
      |
  277 |     fn size_hint(depth: usize) -> (usize, Option<usize>) {
      |     ---------------------------------------------------- similarly 
named associated function `size_hint` defined here
      |
      = note: this error originates in the derive macro `Arbitrary` (in 
Nightly builds, run with -Z macro-backtrace for more info)

error[E0425]: cannot find type `MaxRecursionReached` in crate `arbitrary`
     --> C:\Users\pc\.cargo\registry\src\index.crates.io-1949cf8c6b5b557f\stell
ar-xdr-21.2.0\src\curr\generated.rs:32230:42
      |
32230 | #[cfg_attr(feature = "arbitrary", derive(Arbitrary))]
      |                                          ^^^^^^^^^ not found in 
`arbitrary`
      |
      = note: this error originates in the derive macro `Arbitrary` (in 
Nightly builds, run with -Z macro-backtrace for more info)

error[E0425]: cannot find function `try_recursion_guard` in module 
`arbitrary::size_hint`
     --> C:\Users\pc\.cargo\registry\src\index.crates.io-1949cf8c6b5b557f\stell
ar-xdr-21.2.0\src\curr\generated.rs:32230:42
      |
32230 |   #[cfg_attr(feature = "arbitrary", derive(Arbitrary))]
      |                                            ^^^^^^^^^
      |
     ::: C:\Users\pc\.cargo\registry\src\index.crates.io-1949cf8c6b5b557f\arbit
rary-1.3.2\src\size_hint.rs:12:1
      |
   12 | / pub fn recursion_guard(
   13 | |     depth: usize,
   14 | |     f: impl FnOnce(usize) -> (usize, Option<usize>),
   15 | | ) -> (usize, Option<usize>) {
      | |___________________________- similarly named function 
`recursion_guard` defined here
      |
      = note: this error originates in the derive macro `Arbitrary` (in 
Nightly builds, run with -Z macro-backtrace for more info)

error[E0576]: cannot find method or associated constant `try_size_hint` in 
trait `arbitrary::Arbitrary`
     --> C:\Users\pc\.cargo\registry\src\index.crates.io-1949cf8c6b5b557f\stell
ar-xdr-21.2.0\src\curr\generated.rs:32230:42
      |
32230 | #[cfg_attr(feature = "arbitrary", derive(Arbitrary))]
      |                                          ^^^^^^^^^
      |
     ::: C:\Users\pc\.cargo\registry\src\index.crates.io-1949cf8c6b5b557f\arbit
rary-1.3.2\src\lib.rs:277:5
      |
  277 |     fn size_hint(depth: usize) -> (usize, Option<usize>) {
      |     ---------------------------------------------------- similarly 
named associated function `size_hint` defined here
      |
      = note: this error originates in the derive macro `Arbitrary` (in 
Nightly builds, run with -Z macro-backtrace for more info)

error[E0425]: cannot find type `MaxRecursionReached` in crate `arbitrary`
     --> C:\Users\pc\.cargo\registry\src\index.crates.io-1949cf8c6b5b557f\stell
ar-xdr-21.2.0\src\curr\generated.rs:32297:42
      |
32297 | #[cfg_attr(feature = "arbitrary", derive(Arbitrary))]
      |                                          ^^^^^^^^^ not found in 
`arbitrary`
      |
      = note: this error originates in the derive macro `Arbitrary` (in 
Nightly builds, run with -Z macro-backtrace for more info)

error[E0425]: cannot find function `try_recursion_guard` in module 
`arbitrary::size_hint`
     --> C:\Users\pc\.cargo\registry\src\index.crates.io-1949cf8c6b5b557f\stell
ar-xdr-21.2.0\src\curr\generated.rs:32297:42
      |
32297 |   #[cfg_attr(feature = "arbitrary", derive(Arbitrary))]
      |                                            ^^^^^^^^^
      |
     ::: C:\Users\pc\.cargo\registry\src\index.crates.io-1949cf8c6b5b557f\arbit
rary-1.3.2\src\size_hint.rs:12:1
      |
   12 | / pub fn recursion_guard(
   13 | |     depth: usize,
   14 | |     f: impl FnOnce(usize) -> (usize, Option<usize>),
   15 | | ) -> (usize, Option<usize>) {
      | |___________________________- similarly named function 
`recursion_guard` defined here
      |
      = note: this error originates in the derive macro `Arbitrary` (in 
Nightly builds, run with -Z macro-backtrace for more info)

error[E0576]: cannot find method or associated constant `try_size_hint` in 
trait `arbitrary::Arbitrary`
     --> C:\Users\pc\.cargo\registry\src\index.crates.io-1949cf8c6b5b557f\stell
ar-xdr-21.2.0\src\curr\generated.rs:32297:42
      |
32297 | #[cfg_attr(feature = "arbitrary", derive(Arbitrary))]
      |                                          ^^^^^^^^^
      |
     ::: C:\Users\pc\.cargo\registry\src\index.crates.io-1949cf8c6b5b557f\arbit
rary-1.3.2\src\lib.rs:277:5
      |
  277 |     fn size_hint(depth: usize) -> (usize, Option<usize>) {
      |     ---------------------------------------------------- similarly 
named associated function `size_hint` defined here
      |
      = note: this error originates in the derive macro `Arbitrary` (in 
Nightly builds, run with -Z macro-backtrace for more info)

error[E0425]: cannot find type `MaxRecursionReached` in crate `arbitrary`
     --> C:\Users\pc\.cargo\registry\src\index.crates.io-1949cf8c6b5b557f\stell
ar-xdr-21.2.0\src\curr\generated.rs:32362:42
      |
32362 | #[cfg_attr(feature = "arbitrary", derive(Arbitrary))]
      |                                          ^^^^^^^^^ not found in 
`arbitrary`
      |
      = note: this error originates in the derive macro `Arbitrary` (in 
Nightly builds, run with -Z macro-backtrace for more info)

error[E0425]: cannot find function `try_recursion_guard` in module 
`arbitrary::size_hint`
     --> C:\Users\pc\.cargo\registry\src\index.crates.io-1949cf8c6b5b557f\stell
ar-xdr-21.2.0\src\curr\generated.rs:32362:42
      |
32362 |   #[cfg_attr(feature = "arbitrary", derive(Arbitrary))]
      |                                            ^^^^^^^^^
      |
     ::: C:\Users\pc\.cargo\registry\src\index.crates.io-1949cf8c6b5b557f\arbit
rary-1.3.2\src\size_hint.rs:12:1
      |
   12 | / pub fn recursion_guard(
   13 | |     depth: usize,
   14 | |     f: impl FnOnce(usize) -> (usize, Option<usize>),
   15 | | ) -> (usize, Option<usize>) {
      | |___________________________- similarly named function 
`recursion_guard` defined here
      |
      = note: this error originates in the derive macro `Arbitrary` (in 
Nightly builds, run with -Z macro-backtrace for more info)

error[E0576]: cannot find method or associated constant `try_size_hint` in 
trait `arbitrary::Arbitrary`
     --> C:\Users\pc\.cargo\registry\src\index.crates.io-1949cf8c6b5b557f\stell
ar-xdr-21.2.0\src\curr\generated.rs:32362:42
      |
32362 | #[cfg_attr(feature = "arbitrary", derive(Arbitrary))]
      |                                          ^^^^^^^^^
      |
     ::: C:\Users\pc\.cargo\registry\src\index.crates.io-1949cf8c6b5b557f\arbit
rary-1.3.2\src\lib.rs:277:5
      |
  277 |     fn size_hint(depth: usize) -> (usize, Option<usize>) {
      |     ---------------------------------------------------- similarly 
named associated function `size_hint` defined here
      |
      = note: this error originates in the derive macro `Arbitrary` (in 
Nightly builds, run with -Z macro-backtrace for more info)

error[E0425]: cannot find type `MaxRecursionReached` in crate `arbitrary`
     --> C:\Users\pc\.cargo\registry\src\index.crates.io-1949cf8c6b5b557f\stell
ar-xdr-21.2.0\src\curr\generated.rs:32422:42
      |
32422 | #[cfg_attr(feature = "arbitrary", derive(Arbitrary))]
      |                                          ^^^^^^^^^ not found in 
`arbitrary`
      |
      = note: this error originates in the derive macro `Arbitrary` (in 
Nightly builds, run with -Z macro-backtrace for more info)

error[E0425]: cannot find function `try_recursion_guard` in module 
`arbitrary::size_hint`
     --> C:\Users\pc\.cargo\registry\src\index.crates.io-1949cf8c6b5b557f\stell
ar-xdr-21.2.0\src\curr\generated.rs:32422:42
      |
32422 |   #[cfg_attr(feature = "arbitrary", derive(Arbitrary))]
      |                                            ^^^^^^^^^
      |
     ::: C:\Users\pc\.cargo\registry\src\index.crates.io-1949cf8c6b5b557f\arbit
rary-1.3.2\src\size_hint.rs:12:1
      |
   12 | / pub fn recursion_guard(
   13 | |     depth: usize,
   14 | |     f: impl FnOnce(usize) -> (usize, Option<usize>),
   15 | | ) -> (usize, Option<usize>) {
      | |___________________________- similarly named function 
`recursion_guard` defined here
      |
      = note: this error originates in the derive macro `Arbitrary` (in 
Nightly builds, run with -Z macro-backtrace for more info)

error[E0576]: cannot find method or associated constant `try_size_hint` in 
trait `arbitrary::Arbitrary`
     --> C:\Users\pc\.cargo\registry\src\index.crates.io-1949cf8c6b5b557f\stell
ar-xdr-21.2.0\src\curr\generated.rs:32422:42
      |
32422 | #[cfg_attr(feature = "arbitrary", derive(Arbitrary))]
      |                                          ^^^^^^^^^
      |
     ::: C:\Users\pc\.cargo\registry\src\index.crates.io-1949cf8c6b5b557f\arbit
rary-1.3.2\src\lib.rs:277:5
      |
  277 |     fn size_hint(depth: usize) -> (usize, Option<usize>) {
      |     ---------------------------------------------------- similarly 
named associated function `size_hint` defined here
      |
      = note: this error originates in the derive macro `Arbitrary` (in 
Nightly builds, run with -Z macro-backtrace for more info)

error[E0425]: cannot find type `MaxRecursionReached` in crate `arbitrary`
     --> C:\Users\pc\.cargo\registry\src\index.crates.io-1949cf8c6b5b557f\stell
ar-xdr-21.2.0\src\curr\generated.rs:33342:42
      |
33342 | #[cfg_attr(feature = "arbitrary", derive(Arbitrary))]
      |                                          ^^^^^^^^^ not found in 
`arbitrary`
      |
      = note: this error originates in the derive macro `Arbitrary` (in 
Nightly builds, run with -Z macro-backtrace for more info)

error[E0425]: cannot find function `try_recursion_guard` in module 
`arbitrary::size_hint`
     --> C:\Users\pc\.cargo\registry\src\index.crates.io-1949cf8c6b5b557f\stell
ar-xdr-21.2.0\src\curr\generated.rs:33342:42
      |
33342 |   #[cfg_attr(feature = "arbitrary", derive(Arbitrary))]
      |                                            ^^^^^^^^^
      |
     ::: C:\Users\pc\.cargo\registry\src\index.crates.io-1949cf8c6b5b557f\arbit
rary-1.3.2\src\size_hint.rs:12:1
      |
   12 | / pub fn recursion_guard(
   13 | |     depth: usize,
   14 | |     f: impl FnOnce(usize) -> (usize, Option<usize>),
   15 | | ) -> (usize, Option<usize>) {
      | |___________________________- similarly named function 
`recursion_guard` defined here
      |
      = note: this error originates in the derive macro `Arbitrary` (in 
Nightly builds, run with -Z macro-backtrace for more info)

error[E0576]: cannot find method or associated constant `try_size_hint` in 
trait `arbitrary::Arbitrary`
     --> C:\Users\pc\.cargo\registry\src\index.crates.io-1949cf8c6b5b557f\stell
ar-xdr-21.2.0\src\curr\generated.rs:33342:42
      |
33342 | #[cfg_attr(feature = "arbitrary", derive(Arbitrary))]
      |                                          ^^^^^^^^^
      |
     ::: C:\Users\pc\.cargo\registry\src\index.crates.io-1949cf8c6b5b557f\arbit
rary-1.3.2\src\lib.rs:277:5
      |
  277 |     fn size_hint(depth: usize) -> (usize, Option<usize>) {
      |     ---------------------------------------------------- similarly 
named associated function `size_hint` defined here
      |
      = note: this error originates in the derive macro `Arbitrary` (in 
Nightly builds, run with -Z macro-backtrace for more info)

error[E0425]: cannot find type `MaxRecursionReached` in crate `arbitrary`
     --> C:\Users\pc\.cargo\registry\src\index.crates.io-1949cf8c6b5b557f\stell
ar-xdr-21.2.0\src\curr\generated.rs:33391:42
      |
33391 | #[cfg_attr(feature = "arbitrary", derive(Arbitrary))]
      |                                          ^^^^^^^^^ not found in 
`arbitrary`
      |
      = note: this error originates in the derive macro `Arbitrary` (in 
Nightly builds, run with -Z macro-backtrace for more info)

error[E0425]: cannot find function `try_recursion_guard` in module 
`arbitrary::size_hint`
     --> C:\Users\pc\.cargo\registry\src\index.crates.io-1949cf8c6b5b557f\stell
ar-xdr-21.2.0\src\curr\generated.rs:33391:42
      |
33391 |   #[cfg_attr(feature = "arbitrary", derive(Arbitrary))]
      |                                            ^^^^^^^^^
      |
     ::: C:\Users\pc\.cargo\registry\src\index.crates.io-1949cf8c6b5b557f\arbit
rary-1.3.2\src\size_hint.rs:12:1
      |
   12 | / pub fn recursion_guard(
   13 | |     depth: usize,
   14 | |     f: impl FnOnce(usize) -> (usize, Option<usize>),
   15 | | ) -> (usize, Option<usize>) {
      | |___________________________- similarly named function 
`recursion_guard` defined here
      |
      = note: this error originates in the derive macro `Arbitrary` (in 
Nightly builds, run with -Z macro-backtrace for more info)

error[E0576]: cannot find method or associated constant `try_size_hint` in 
trait `arbitrary::Arbitrary`
     --> C:\Users\pc\.cargo\registry\src\index.crates.io-1949cf8c6b5b557f\stell
ar-xdr-21.2.0\src\curr\generated.rs:33391:42
      |
33391 | #[cfg_attr(feature = "arbitrary", derive(Arbitrary))]
      |                                          ^^^^^^^^^
      |
     ::: C:\Users\pc\.cargo\registry\src\index.crates.io-1949cf8c6b5b557f\arbit
rary-1.3.2\src\lib.rs:277:5
      |
  277 |     fn size_hint(depth: usize) -> (usize, Option<usize>) {
      |     ---------------------------------------------------- similarly 
named associated function `size_hint` defined here
      |
      = note: this error originates in the derive macro `Arbitrary` (in 
Nightly builds, run with -Z macro-backtrace for more info)

error[E0425]: cannot find type `MaxRecursionReached` in crate `arbitrary`
     --> C:\Users\pc\.cargo\registry\src\index.crates.io-1949cf8c6b5b557f\stell
ar-xdr-21.2.0\src\curr\generated.rs:33458:42
      |
33458 | #[cfg_attr(feature = "arbitrary", derive(Arbitrary))]
      |                                          ^^^^^^^^^ not found in 
`arbitrary`
      |
      = note: this error originates in the derive macro `Arbitrary` (in 
Nightly builds, run with -Z macro-backtrace for more info)

error[E0425]: cannot find function `try_recursion_guard` in module 
`arbitrary::size_hint`
     --> C:\Users\pc\.cargo\registry\src\index.crates.io-1949cf8c6b5b557f\stell
ar-xdr-21.2.0\src\curr\generated.rs:33458:42
      |
33458 |   #[cfg_attr(feature = "arbitrary", derive(Arbitrary))]
      |                                            ^^^^^^^^^
      |
     ::: C:\Users\pc\.cargo\registry\src\index.crates.io-1949cf8c6b5b557f\arbit
rary-1.3.2\src\size_hint.rs:12:1
      |
   12 | / pub fn recursion_guard(
   13 | |     depth: usize,
   14 | |     f: impl FnOnce(usize) -> (usize, Option<usize>),
   15 | | ) -> (usize, Option<usize>) {
      | |___________________________- similarly named function 
`recursion_guard` defined here
      |
      = note: this error originates in the derive macro `Arbitrary` (in 
Nightly builds, run with -Z macro-backtrace for more info)

error[E0576]: cannot find method or associated constant `try_size_hint` in 
trait `arbitrary::Arbitrary`
     --> C:\Users\pc\.cargo\registry\src\index.crates.io-1949cf8c6b5b557f\stell
ar-xdr-21.2.0\src\curr\generated.rs:33458:42
      |
33458 | #[cfg_attr(feature = "arbitrary", derive(Arbitrary))]
      |                                          ^^^^^^^^^
      |
     ::: C:\Users\pc\.cargo\registry\src\index.crates.io-1949cf8c6b5b557f\arbit
rary-1.3.2\src\lib.rs:277:5
      |
  277 |     fn size_hint(depth: usize) -> (usize, Option<usize>) {
      |     ---------------------------------------------------- similarly 
named associated function `size_hint` defined here
      |
      = note: this error originates in the derive macro `Arbitrary` (in 
Nightly builds, run with -Z macro-backtrace for more info)

error[E0425]: cannot find type `MaxRecursionReached` in crate `arbitrary`
     --> C:\Users\pc\.cargo\registry\src\index.crates.io-1949cf8c6b5b557f\stell
ar-xdr-21.2.0\src\curr\generated.rs:33838:42
      |
33838 | #[cfg_attr(feature = "arbitrary", derive(Arbitrary))]
      |                                          ^^^^^^^^^ not found in 
`arbitrary`
      |
      = note: this error originates in the derive macro `Arbitrary` (in 
Nightly builds, run with -Z macro-backtrace for more info)

error[E0425]: cannot find function `try_recursion_guard` in module 
`arbitrary::size_hint`
     --> C:\Users\pc\.cargo\registry\src\index.crates.io-1949cf8c6b5b557f\stell
ar-xdr-21.2.0\src\curr\generated.rs:33838:42
      |
33838 |   #[cfg_attr(feature = "arbitrary", derive(Arbitrary))]
      |                                            ^^^^^^^^^
      |
     ::: C:\Users\pc\.cargo\registry\src\index.crates.io-1949cf8c6b5b557f\arbit
rary-1.3.2\src\size_hint.rs:12:1
      |
   12 | / pub fn recursion_guard(
   13 | |     depth: usize,
   14 | |     f: impl FnOnce(usize) -> (usize, Option<usize>),
   15 | | ) -> (usize, Option<usize>) {
      | |___________________________- similarly named function 
`recursion_guard` defined here
      |
      = note: this error originates in the derive macro `Arbitrary` (in 
Nightly builds, run with -Z macro-backtrace for more info)

error[E0576]: cannot find method or associated constant `try_size_hint` in 
trait `arbitrary::Arbitrary`
     --> C:\Users\pc\.cargo\registry\src\index.crates.io-1949cf8c6b5b557f\stell
ar-xdr-21.2.0\src\curr\generated.rs:33838:42
      |
33838 | #[cfg_attr(feature = "arbitrary", derive(Arbitrary))]
      |                                          ^^^^^^^^^
      |
     ::: C:\Users\pc\.cargo\registry\src\index.crates.io-1949cf8c6b5b557f\arbit
rary-1.3.2\src\lib.rs:277:5
      |
  277 |     fn size_hint(depth: usize) -> (usize, Option<usize>) {
      |     ---------------------------------------------------- similarly 
named associated function `size_hint` defined here
      |
      = note: this error originates in the derive macro `Arbitrary` (in 
Nightly builds, run with -Z macro-backtrace for more info)

error[E0425]: cannot find type `MaxRecursionReached` in crate `arbitrary`
     --> C:\Users\pc\.cargo\registry\src\index.crates.io-1949cf8c6b5b557f\stell
ar-xdr-21.2.0\src\curr\generated.rs:33904:42
      |
33904 | #[cfg_attr(feature = "arbitrary", derive(Arbitrary))]
      |                                          ^^^^^^^^^ not found in 
`arbitrary`
      |
      = note: this error originates in the derive macro `Arbitrary` (in 
Nightly builds, run with -Z macro-backtrace for more info)

error[E0425]: cannot find function `try_recursion_guard` in module 
`arbitrary::size_hint`
     --> C:\Users\pc\.cargo\registry\src\index.crates.io-1949cf8c6b5b557f\stell
ar-xdr-21.2.0\src\curr\generated.rs:33904:42
      |
33904 |   #[cfg_attr(feature = "arbitrary", derive(Arbitrary))]
      |                                            ^^^^^^^^^
      |
     ::: C:\Users\pc\.cargo\registry\src\index.crates.io-1949cf8c6b5b557f\arbit
rary-1.3.2\src\size_hint.rs:12:1
      |
   12 | / pub fn recursion_guard(
   13 | |     depth: usize,
   14 | |     f: impl FnOnce(usize) -> (usize, Option<usize>),
   15 | | ) -> (usize, Option<usize>) {
      | |___________________________- similarly named function 
`recursion_guard` defined here
      |
      = note: this error originates in the derive macro `Arbitrary` (in 
Nightly builds, run with -Z macro-backtrace for more info)

error[E0576]: cannot find method or associated constant `try_size_hint` in 
trait `arbitrary::Arbitrary`
     --> C:\Users\pc\.cargo\registry\src\index.crates.io-1949cf8c6b5b557f\stell
ar-xdr-21.2.0\src\curr\generated.rs:33904:42
      |
33904 | #[cfg_attr(feature = "arbitrary", derive(Arbitrary))]
      |                                          ^^^^^^^^^
      |
     ::: C:\Users\pc\.cargo\registry\src\index.crates.io-1949cf8c6b5b557f\arbit
rary-1.3.2\src\lib.rs:277:5
      |
  277 |     fn size_hint(depth: usize) -> (usize, Option<usize>) {
      |     ---------------------------------------------------- similarly 
named associated function `size_hint` defined here
      |
      = note: this error originates in the derive macro `Arbitrary` (in 
Nightly builds, run with -Z macro-backtrace for more info)

error[E0425]: cannot find type `MaxRecursionReached` in crate `arbitrary`
     --> C:\Users\pc\.cargo\registry\src\index.crates.io-1949cf8c6b5b557f\stell
ar-xdr-21.2.0\src\curr\generated.rs:34401:42
      |
34401 | #[cfg_attr(feature = "arbitrary", derive(Arbitrary))]
      |                                          ^^^^^^^^^ not found in 
`arbitrary`
      |
      = note: this error originates in the derive macro `Arbitrary` (in 
Nightly builds, run with -Z macro-backtrace for more info)

error[E0425]: cannot find function `try_recursion_guard` in module 
`arbitrary::size_hint`
     --> C:\Users\pc\.cargo\registry\src\index.crates.io-1949cf8c6b5b557f\stell
ar-xdr-21.2.0\src\curr\generated.rs:34401:42
      |
34401 |   #[cfg_attr(feature = "arbitrary", derive(Arbitrary))]
      |                                            ^^^^^^^^^
      |
     ::: C:\Users\pc\.cargo\registry\src\index.crates.io-1949cf8c6b5b557f\arbit
rary-1.3.2\src\size_hint.rs:12:1
      |
   12 | / pub fn recursion_guard(
   13 | |     depth: usize,
   14 | |     f: impl FnOnce(usize) -> (usize, Option<usize>),
   15 | | ) -> (usize, Option<usize>) {
      | |___________________________- similarly named function 
`recursion_guard` defined here
      |
      = note: this error originates in the derive macro `Arbitrary` (in 
Nightly builds, run with -Z macro-backtrace for more info)

error[E0576]: cannot find method or associated constant `try_size_hint` in 
trait `arbitrary::Arbitrary`
     --> C:\Users\pc\.cargo\registry\src\index.crates.io-1949cf8c6b5b557f\stell
ar-xdr-21.2.0\src\curr\generated.rs:34401:42
      |
34401 | #[cfg_attr(feature = "arbitrary", derive(Arbitrary))]
      |                                          ^^^^^^^^^
      |
     ::: C:\Users\pc\.cargo\registry\src\index.crates.io-1949cf8c6b5b557f\arbit
rary-1.3.2\src\lib.rs:277:5
      |
  277 |     fn size_hint(depth: usize) -> (usize, Option<usize>) {
      |     ---------------------------------------------------- similarly 
named associated function `size_hint` defined here
      |
      = note: this error originates in the derive macro `Arbitrary` (in 
Nightly builds, run with -Z macro-backtrace for more info)

error[E0425]: cannot find type `MaxRecursionReached` in crate `arbitrary`
     --> C:\Users\pc\.cargo\registry\src\index.crates.io-1949cf8c6b5b557f\stell
ar-xdr-21.2.0\src\curr\generated.rs:34525:42
      |
34525 | #[cfg_attr(feature = "arbitrary", derive(Arbitrary))]
      |                                          ^^^^^^^^^ not found in 
`arbitrary`
      |
      = note: this error originates in the derive macro `Arbitrary` (in 
Nightly builds, run with -Z macro-backtrace for more info)

error[E0425]: cannot find function `try_recursion_guard` in module 
`arbitrary::size_hint`
     --> C:\Users\pc\.cargo\registry\src\index.crates.io-1949cf8c6b5b557f\stell
ar-xdr-21.2.0\src\curr\generated.rs:34525:42
      |
34525 |   #[cfg_attr(feature = "arbitrary", derive(Arbitrary))]
      |                                            ^^^^^^^^^
      |
     ::: C:\Users\pc\.cargo\registry\src\index.crates.io-1949cf8c6b5b557f\arbit
rary-1.3.2\src\size_hint.rs:12:1
      |
   12 | / pub fn recursion_guard(
   13 | |     depth: usize,
   14 | |     f: impl FnOnce(usize) -> (usize, Option<usize>),
   15 | | ) -> (usize, Option<usize>) {
      | |___________________________- similarly named function 
`recursion_guard` defined here
      |
      = note: this error originates in the derive macro `Arbitrary` (in 
Nightly builds, run with -Z macro-backtrace for more info)

error[E0576]: cannot find method or associated constant `try_size_hint` in 
trait `arbitrary::Arbitrary`
     --> C:\Users\pc\.cargo\registry\src\index.crates.io-1949cf8c6b5b557f\stell
ar-xdr-21.2.0\src\curr\generated.rs:34525:42
      |
34525 | #[cfg_attr(feature = "arbitrary", derive(Arbitrary))]
      |                                          ^^^^^^^^^
      |
     ::: C:\Users\pc\.cargo\registry\src\index.crates.io-1949cf8c6b5b557f\arbit
rary-1.3.2\src\lib.rs:277:5
      |
  277 |     fn size_hint(depth: usize) -> (usize, Option<usize>) {
      |     ---------------------------------------------------- similarly 
named associated function `size_hint` defined here
      |
      = note: this error originates in the derive macro `Arbitrary` (in 
Nightly builds, run with -Z macro-backtrace for more info)

error[E0425]: cannot find type `MaxRecursionReached` in crate `arbitrary`
     --> C:\Users\pc\.cargo\registry\src\index.crates.io-1949cf8c6b5b557f\stell
ar-xdr-21.2.0\src\curr\generated.rs:34585:42
      |
34585 | #[cfg_attr(feature = "arbitrary", derive(Arbitrary))]
      |                                          ^^^^^^^^^ not found in 
`arbitrary`
      |
      = note: this error originates in the derive macro `Arbitrary` (in 
Nightly builds, run with -Z macro-backtrace for more info)

error[E0425]: cannot find function `try_recursion_guard` in module 
`arbitrary::size_hint`
     --> C:\Users\pc\.cargo\registry\src\index.crates.io-1949cf8c6b5b557f\stell
ar-xdr-21.2.0\src\curr\generated.rs:34585:42
      |
34585 |   #[cfg_attr(feature = "arbitrary", derive(Arbitrary))]
      |                                            ^^^^^^^^^
      |
     ::: C:\Users\pc\.cargo\registry\src\index.crates.io-1949cf8c6b5b557f\arbit
rary-1.3.2\src\size_hint.rs:12:1
      |
   12 | / pub fn recursion_guard(
   13 | |     depth: usize,
   14 | |     f: impl FnOnce(usize) -> (usize, Option<usize>),
   15 | | ) -> (usize, Option<usize>) {
      | |___________________________- similarly named function 
`recursion_guard` defined here
      |
      = note: this error originates in the derive macro `Arbitrary` (in 
Nightly builds, run with -Z macro-backtrace for more info)

error[E0576]: cannot find method or associated constant `try_size_hint` in 
trait `arbitrary::Arbitrary`
     --> C:\Users\pc\.cargo\registry\src\index.crates.io-1949cf8c6b5b557f\stell
ar-xdr-21.2.0\src\curr\generated.rs:34585:42
      |
34585 | #[cfg_attr(feature = "arbitrary", derive(Arbitrary))]
      |                                          ^^^^^^^^^
      |
     ::: C:\Users\pc\.cargo\registry\src\index.crates.io-1949cf8c6b5b557f\arbit
rary-1.3.2\src\lib.rs:277:5
      |
  277 |     fn size_hint(depth: usize) -> (usize, Option<usize>) {
      |     ---------------------------------------------------- similarly 
named associated function `size_hint` defined here
      |
      = note: this error originates in the derive macro `Arbitrary` (in 
Nightly builds, run with -Z macro-backtrace for more info)

error[E0425]: cannot find type `MaxRecursionReached` in crate `arbitrary`
     --> C:\Users\pc\.cargo\registry\src\index.crates.io-1949cf8c6b5b557f\stell
ar-xdr-21.2.0\src\curr\generated.rs:34975:42
      |
34975 | #[cfg_attr(feature = "arbitrary", derive(Arbitrary))]
      |                                          ^^^^^^^^^ not found in 
`arbitrary`
      |
      = note: this error originates in the derive macro `Arbitrary` (in 
Nightly builds, run with -Z macro-backtrace for more info)

error[E0425]: cannot find function `try_recursion_guard` in module 
`arbitrary::size_hint`
     --> C:\Users\pc\.cargo\registry\src\index.crates.io-1949cf8c6b5b557f\stell
ar-xdr-21.2.0\src\curr\generated.rs:34975:42
      |
34975 |   #[cfg_attr(feature = "arbitrary", derive(Arbitrary))]
      |                                            ^^^^^^^^^
      |
     ::: C:\Users\pc\.cargo\registry\src\index.crates.io-1949cf8c6b5b557f\arbit
rary-1.3.2\src\size_hint.rs:12:1
      |
   12 | / pub fn recursion_guard(
   13 | |     depth: usize,
   14 | |     f: impl FnOnce(usize) -> (usize, Option<usize>),
   15 | | ) -> (usize, Option<usize>) {
      | |___________________________- similarly named function 
`recursion_guard` defined here
      |
      = note: this error originates in the derive macro `Arbitrary` (in 
Nightly builds, run with -Z macro-backtrace for more info)

error[E0576]: cannot find method or associated constant `try_size_hint` in 
trait `arbitrary::Arbitrary`
     --> C:\Users\pc\.cargo\registry\src\index.crates.io-1949cf8c6b5b557f\stell
ar-xdr-21.2.0\src\curr\generated.rs:34975:42
      |
34975 | #[cfg_attr(feature = "arbitrary", derive(Arbitrary))]
      |                                          ^^^^^^^^^
      |
     ::: C:\Users\pc\.cargo\registry\src\index.crates.io-1949cf8c6b5b557f\arbit
rary-1.3.2\src\lib.rs:277:5
      |
  277 |     fn size_hint(depth: usize) -> (usize, Option<usize>) {
      |     ---------------------------------------------------- similarly 
named associated function `size_hint` defined here
      |
      = note: this error originates in the derive macro `Arbitrary` (in 
Nightly builds, run with -Z macro-backtrace for more info)

error[E0425]: cannot find type `MaxRecursionReached` in crate `arbitrary`
     --> C:\Users\pc\.cargo\registry\src\index.crates.io-1949cf8c6b5b557f\stell
ar-xdr-21.2.0\src\curr\generated.rs:36312:42
      |
36312 | #[cfg_attr(feature = "arbitrary", derive(Arbitrary))]
      |                                          ^^^^^^^^^ not found in 
`arbitrary`
      |
      = note: this error originates in the derive macro `Arbitrary` (in 
Nightly builds, run with -Z macro-backtrace for more info)

error[E0425]: cannot find function `try_recursion_guard` in module 
`arbitrary::size_hint`
     --> C:\Users\pc\.cargo\registry\src\index.crates.io-1949cf8c6b5b557f\stell
ar-xdr-21.2.0\src\curr\generated.rs:36312:42
      |
36312 |   #[cfg_attr(feature = "arbitrary", derive(Arbitrary))]
      |                                            ^^^^^^^^^
      |
     ::: C:\Users\pc\.cargo\registry\src\index.crates.io-1949cf8c6b5b557f\arbit
rary-1.3.2\src\size_hint.rs:12:1
      |
   12 | / pub fn recursion_guard(
   13 | |     depth: usize,
   14 | |     f: impl FnOnce(usize) -> (usize, Option<usize>),
   15 | | ) -> (usize, Option<usize>) {
      | |___________________________- similarly named function 
`recursion_guard` defined here
      |
      = note: this error originates in the derive macro `Arbitrary` (in 
Nightly builds, run with -Z macro-backtrace for more info)

error[E0576]: cannot find method or associated constant `try_size_hint` in 
trait `arbitrary::Arbitrary`
     --> C:\Users\pc\.cargo\registry\src\index.crates.io-1949cf8c6b5b557f\stell
ar-xdr-21.2.0\src\curr\generated.rs:36312:42
      |
36312 | #[cfg_attr(feature = "arbitrary", derive(Arbitrary))]
      |                                          ^^^^^^^^^
      |
     ::: C:\Users\pc\.cargo\registry\src\index.crates.io-1949cf8c6b5b557f\arbit
rary-1.3.2\src\lib.rs:277:5
      |
  277 |     fn size_hint(depth: usize) -> (usize, Option<usize>) {
      |     ---------------------------------------------------- similarly 
named associated function `size_hint` defined here
      |
      = note: this error originates in the derive macro `Arbitrary` (in 
Nightly builds, run with -Z macro-backtrace for more info)

error[E0425]: cannot find type `MaxRecursionReached` in crate `arbitrary`
     --> C:\Users\pc\.cargo\registry\src\index.crates.io-1949cf8c6b5b557f\stell
ar-xdr-21.2.0\src\curr\generated.rs:36574:42
      |
36574 | #[cfg_attr(feature = "arbitrary", derive(Arbitrary))]
      |                                          ^^^^^^^^^ not found in 
`arbitrary`
      |
      = note: this error originates in the derive macro `Arbitrary` (in 
Nightly builds, run with -Z macro-backtrace for more info)

error[E0425]: cannot find function `try_recursion_guard` in module 
`arbitrary::size_hint`
     --> C:\Users\pc\.cargo\registry\src\index.crates.io-1949cf8c6b5b557f\stell
ar-xdr-21.2.0\src\curr\generated.rs:36574:42
      |
36574 |   #[cfg_attr(feature = "arbitrary", derive(Arbitrary))]
      |                                            ^^^^^^^^^
      |
     ::: C:\Users\pc\.cargo\registry\src\index.crates.io-1949cf8c6b5b557f\arbit
rary-1.3.2\src\size_hint.rs:12:1
      |
   12 | / pub fn recursion_guard(
   13 | |     depth: usize,
   14 | |     f: impl FnOnce(usize) -> (usize, Option<usize>),
   15 | | ) -> (usize, Option<usize>) {
      | |___________________________- similarly named function 
`recursion_guard` defined here
      |
      = note: this error originates in the derive macro `Arbitrary` (in 
Nightly builds, run with -Z macro-backtrace for more info)

error[E0576]: cannot find method or associated constant `try_size_hint` in 
trait `arbitrary::Arbitrary`
     --> C:\Users\pc\.cargo\registry\src\index.crates.io-1949cf8c6b5b557f\stell
ar-xdr-21.2.0\src\curr\generated.rs:36574:42
      |
36574 | #[cfg_attr(feature = "arbitrary", derive(Arbitrary))]
      |                                          ^^^^^^^^^
      |
     ::: C:\Users\pc\.cargo\registry\src\index.crates.io-1949cf8c6b5b557f\arbit
rary-1.3.2\src\lib.rs:277:5
      |
  277 |     fn size_hint(depth: usize) -> (usize, Option<usize>) {
      |     ---------------------------------------------------- similarly 
named associated function `size_hint` defined here
      |
      = note: this error originates in the derive macro `Arbitrary` (in 
Nightly builds, run with -Z macro-backtrace for more info)

error[E0425]: cannot find type `MaxRecursionReached` in crate `arbitrary`
     --> C:\Users\pc\.cargo\registry\src\index.crates.io-1949cf8c6b5b557f\stell
ar-xdr-21.2.0\src\curr\generated.rs:36623:42
      |
36623 | #[cfg_attr(feature = "arbitrary", derive(Arbitrary))]
      |                                          ^^^^^^^^^ not found in 
`arbitrary`
      |
      = note: this error originates in the derive macro `Arbitrary` (in 
Nightly builds, run with -Z macro-backtrace for more info)

error[E0425]: cannot find function `try_recursion_guard` in module 
`arbitrary::size_hint`
     --> C:\Users\pc\.cargo\registry\src\index.crates.io-1949cf8c6b5b557f\stell
ar-xdr-21.2.0\src\curr\generated.rs:36623:42
      |
36623 |   #[cfg_attr(feature = "arbitrary", derive(Arbitrary))]
      |                                            ^^^^^^^^^
      |
     ::: C:\Users\pc\.cargo\registry\src\index.crates.io-1949cf8c6b5b557f\arbit
rary-1.3.2\src\size_hint.rs:12:1
      |
   12 | / pub fn recursion_guard(
   13 | |     depth: usize,
   14 | |     f: impl FnOnce(usize) -> (usize, Option<usize>),
   15 | | ) -> (usize, Option<usize>) {
      | |___________________________- similarly named function 
`recursion_guard` defined here
      |
      = note: this error originates in the derive macro `Arbitrary` (in 
Nightly builds, run with -Z macro-backtrace for more info)

error[E0576]: cannot find method or associated constant `try_size_hint` in 
trait `arbitrary::Arbitrary`
     --> C:\Users\pc\.cargo\registry\src\index.crates.io-1949cf8c6b5b557f\stell
ar-xdr-21.2.0\src\curr\generated.rs:36623:42
      |
36623 | #[cfg_attr(feature = "arbitrary", derive(Arbitrary))]
      |                                          ^^^^^^^^^
      |
     ::: C:\Users\pc\.cargo\registry\src\index.crates.io-1949cf8c6b5b557f\arbit
rary-1.3.2\src\lib.rs:277:5
      |
  277 |     fn size_hint(depth: usize) -> (usize, Option<usize>) {
      |     ---------------------------------------------------- similarly 
named associated function `size_hint` defined here
      |
      = note: this error originates in the derive macro `Arbitrary` (in 
Nightly builds, run with -Z macro-backtrace for more info)

error[E0425]: cannot find type `MaxRecursionReached` in crate `arbitrary`
     --> C:\Users\pc\.cargo\registry\src\index.crates.io-1949cf8c6b5b557f\stell
ar-xdr-21.2.0\src\curr\generated.rs:37369:42
      |
37369 | #[cfg_attr(feature = "arbitrary", derive(Arbitrary))]
      |                                          ^^^^^^^^^ not found in 
`arbitrary`
      |
      = note: this error originates in the derive macro `Arbitrary` (in 
Nightly builds, run with -Z macro-backtrace for more info)

error[E0425]: cannot find function `try_recursion_guard` in module 
`arbitrary::size_hint`
     --> C:\Users\pc\.cargo\registry\src\index.crates.io-1949cf8c6b5b557f\stell
ar-xdr-21.2.0\src\curr\generated.rs:37369:42
      |
37369 |   #[cfg_attr(feature = "arbitrary", derive(Arbitrary))]
      |                                            ^^^^^^^^^
      |
     ::: C:\Users\pc\.cargo\registry\src\index.crates.io-1949cf8c6b5b557f\arbit
rary-1.3.2\src\size_hint.rs:12:1
      |
   12 | / pub fn recursion_guard(
   13 | |     depth: usize,
   14 | |     f: impl FnOnce(usize) -> (usize, Option<usize>),
   15 | | ) -> (usize, Option<usize>) {
      | |___________________________- similarly named function 
`recursion_guard` defined here
      |
      = note: this error originates in the derive macro `Arbitrary` (in 
Nightly builds, run with -Z macro-backtrace for more info)

error[E0576]: cannot find method or associated constant `try_size_hint` in 
trait `arbitrary::Arbitrary`
     --> C:\Users\pc\.cargo\registry\src\index.crates.io-1949cf8c6b5b557f\stell
ar-xdr-21.2.0\src\curr\generated.rs:37369:42
      |
37369 | #[cfg_attr(feature = "arbitrary", derive(Arbitrary))]
      |                                          ^^^^^^^^^
      |
     ::: C:\Users\pc\.cargo\registry\src\index.crates.io-1949cf8c6b5b557f\arbit
rary-1.3.2\src\lib.rs:277:5
      |
  277 |     fn size_hint(depth: usize) -> (usize, Option<usize>) {
      |     ---------------------------------------------------- similarly 
named associated function `size_hint` defined here
      |
      = note: this error originates in the derive macro `Arbitrary` (in 
Nightly builds, run with -Z macro-backtrace for more info)

error[E0425]: cannot find type `MaxRecursionReached` in crate `arbitrary`
     --> C:\Users\pc\.cargo\registry\src\index.crates.io-1949cf8c6b5b557f\stell
ar-xdr-21.2.0\src\curr\generated.rs:40118:42
      |
40118 | #[cfg_attr(feature = "arbitrary", derive(Arbitrary))]
      |                                          ^^^^^^^^^ not found in 
`arbitrary`
      |
      = note: this error originates in the derive macro `Arbitrary` (in 
Nightly builds, run with -Z macro-backtrace for more info)

error[E0425]: cannot find function `try_recursion_guard` in module 
`arbitrary::size_hint`
     --> C:\Users\pc\.cargo\registry\src\index.crates.io-1949cf8c6b5b557f\stell
ar-xdr-21.2.0\src\curr\generated.rs:40118:42
      |
40118 |   #[cfg_attr(feature = "arbitrary", derive(Arbitrary))]
      |                                            ^^^^^^^^^
      |
     ::: C:\Users\pc\.cargo\registry\src\index.crates.io-1949cf8c6b5b557f\arbit
rary-1.3.2\src\size_hint.rs:12:1
      |
   12 | / pub fn recursion_guard(
   13 | |     depth: usize,
   14 | |     f: impl FnOnce(usize) -> (usize, Option<usize>),
   15 | | ) -> (usize, Option<usize>) {
      | |___________________________- similarly named function 
`recursion_guard` defined here
      |
      = note: this error originates in the derive macro `Arbitrary` (in 
Nightly builds, run with -Z macro-backtrace for more info)

error[E0576]: cannot find method or associated constant `try_size_hint` in 
trait `arbitrary::Arbitrary`
     --> C:\Users\pc\.cargo\registry\src\index.crates.io-1949cf8c6b5b557f\stell
ar-xdr-21.2.0\src\curr\generated.rs:40118:42
      |
40118 | #[cfg_attr(feature = "arbitrary", derive(Arbitrary))]
      |                                          ^^^^^^^^^
      |
     ::: C:\Users\pc\.cargo\registry\src\index.crates.io-1949cf8c6b5b557f\arbit
rary-1.3.2\src\lib.rs:277:5
      |
  277 |     fn size_hint(depth: usize) -> (usize, Option<usize>) {
      |     ---------------------------------------------------- similarly 
named associated function `size_hint` defined here
      |
      = note: this error originates in the derive macro `Arbitrary` (in 
Nightly builds, run with -Z macro-backtrace for more info)

error[E0425]: cannot find type `MaxRecursionReached` in crate `arbitrary`
     --> C:\Users\pc\.cargo\registry\src\index.crates.io-1949cf8c6b5b557f\stell
ar-xdr-21.2.0\src\curr\generated.rs:40982:42
      |
40982 | #[cfg_attr(feature = "arbitrary", derive(Arbitrary))]
      |                                          ^^^^^^^^^ not found in 
`arbitrary`
      |
      = note: this error originates in the derive macro `Arbitrary` (in 
Nightly builds, run with -Z macro-backtrace for more info)

error[E0425]: cannot find function `try_recursion_guard` in module 
`arbitrary::size_hint`
     --> C:\Users\pc\.cargo\registry\src\index.crates.io-1949cf8c6b5b557f\stell
ar-xdr-21.2.0\src\curr\generated.rs:40982:42
      |
40982 |   #[cfg_attr(feature = "arbitrary", derive(Arbitrary))]
      |                                            ^^^^^^^^^
      |
     ::: C:\Users\pc\.cargo\registry\src\index.crates.io-1949cf8c6b5b557f\arbit
rary-1.3.2\src\size_hint.rs:12:1
      |
   12 | / pub fn recursion_guard(
   13 | |     depth: usize,
   14 | |     f: impl FnOnce(usize) -> (usize, Option<usize>),
   15 | | ) -> (usize, Option<usize>) {
      | |___________________________- similarly named function 
`recursion_guard` defined here
      |
      = note: this error originates in the derive macro `Arbitrary` (in 
Nightly builds, run with -Z macro-backtrace for more info)

error[E0576]: cannot find method or associated constant `try_size_hint` in 
trait `arbitrary::Arbitrary`
     --> C:\Users\pc\.cargo\registry\src\index.crates.io-1949cf8c6b5b557f\stell
ar-xdr-21.2.0\src\curr\generated.rs:40982:42
      |
40982 | #[cfg_attr(feature = "arbitrary", derive(Arbitrary))]
      |                                          ^^^^^^^^^
      |
     ::: C:\Users\pc\.cargo\registry\src\index.crates.io-1949cf8c6b5b557f\arbit
rary-1.3.2\src\lib.rs:277:5
      |
  277 |     fn size_hint(depth: usize) -> (usize, Option<usize>) {
      |     ---------------------------------------------------- similarly 
named associated function `size_hint` defined here
      |
      = note: this error originates in the derive macro `Arbitrary` (in 
Nightly builds, run with -Z macro-backtrace for more info)

error[E0425]: cannot find type `MaxRecursionReached` in crate `arbitrary`
     --> C:\Users\pc\.cargo\registry\src\index.crates.io-1949cf8c6b5b557f\stell
ar-xdr-21.2.0\src\curr\generated.rs:41371:42
      |
41371 | #[cfg_attr(feature = "arbitrary", derive(Arbitrary))]
      |                                          ^^^^^^^^^ not found in 
`arbitrary`
      |
      = note: this error originates in the derive macro `Arbitrary` (in 
Nightly builds, run with -Z macro-backtrace for more info)

error[E0425]: cannot find function `try_recursion_guard` in module 
`arbitrary::size_hint`
     --> C:\Users\pc\.cargo\registry\src\index.crates.io-1949cf8c6b5b557f\stell
ar-xdr-21.2.0\src\curr\generated.rs:41371:42
      |
41371 |   #[cfg_attr(feature = "arbitrary", derive(Arbitrary))]
      |                                            ^^^^^^^^^
      |
     ::: C:\Users\pc\.cargo\registry\src\index.crates.io-1949cf8c6b5b557f\arbit
rary-1.3.2\src\size_hint.rs:12:1
      |
   12 | / pub fn recursion_guard(
   13 | |     depth: usize,
   14 | |     f: impl FnOnce(usize) -> (usize, Option<usize>),
   15 | | ) -> (usize, Option<usize>) {
      | |___________________________- similarly named function 
`recursion_guard` defined here
      |
      = note: this error originates in the derive macro `Arbitrary` (in 
Nightly builds, run with -Z macro-backtrace for more info)

error[E0576]: cannot find method or associated constant `try_size_hint` in 
trait `arbitrary::Arbitrary`
     --> C:\Users\pc\.cargo\registry\src\index.crates.io-1949cf8c6b5b557f\stell
ar-xdr-21.2.0\src\curr\generated.rs:41371:42
      |
41371 | #[cfg_attr(feature = "arbitrary", derive(Arbitrary))]
      |                                          ^^^^^^^^^
      |
     ::: C:\Users\pc\.cargo\registry\src\index.crates.io-1949cf8c6b5b557f\arbit
rary-1.3.2\src\lib.rs:277:5
      |
  277 |     fn size_hint(depth: usize) -> (usize, Option<usize>) {
      |     ---------------------------------------------------- similarly 
named associated function `size_hint` defined here
      |
      = note: this error originates in the derive macro `Arbitrary` (in 
Nightly builds, run with -Z macro-backtrace for more info)

error[E0425]: cannot find type `MaxRecursionReached` in crate `arbitrary`
     --> C:\Users\pc\.cargo\registry\src\index.crates.io-1949cf8c6b5b557f\stell
ar-xdr-21.2.0\src\curr\generated.rs:41755:42
      |
41755 | #[cfg_attr(feature = "arbitrary", derive(Arbitrary))]
      |                                          ^^^^^^^^^ not found in 
`arbitrary`
      |
      = note: this error originates in the derive macro `Arbitrary` (in 
Nightly builds, run with -Z macro-backtrace for more info)

error[E0425]: cannot find function `try_recursion_guard` in module 
`arbitrary::size_hint`
     --> C:\Users\pc\.cargo\registry\src\index.crates.io-1949cf8c6b5b557f\stell
ar-xdr-21.2.0\src\curr\generated.rs:41755:42
      |
41755 |   #[cfg_attr(feature = "arbitrary", derive(Arbitrary))]
      |                                            ^^^^^^^^^
      |
     ::: C:\Users\pc\.cargo\registry\src\index.crates.io-1949cf8c6b5b557f\arbit
rary-1.3.2\src\size_hint.rs:12:1
      |
   12 | / pub fn recursion_guard(
   13 | |     depth: usize,
   14 | |     f: impl FnOnce(usize) -> (usize, Option<usize>),
   15 | | ) -> (usize, Option<usize>) {
      | |___________________________- similarly named function 
`recursion_guard` defined here
      |
      = note: this error originates in the derive macro `Arbitrary` (in 
Nightly builds, run with -Z macro-backtrace for more info)

error[E0576]: cannot find method or associated constant `try_size_hint` in 
trait `arbitrary::Arbitrary`
     --> C:\Users\pc\.cargo\registry\src\index.crates.io-1949cf8c6b5b557f\stell
ar-xdr-21.2.0\src\curr\generated.rs:41755:42
      |
41755 | #[cfg_attr(feature = "arbitrary", derive(Arbitrary))]
      |                                          ^^^^^^^^^
      |
     ::: C:\Users\pc\.cargo\registry\src\index.crates.io-1949cf8c6b5b557f\arbit
rary-1.3.2\src\lib.rs:277:5
      |
  277 |     fn size_hint(depth: usize) -> (usize, Option<usize>) {
      |     ---------------------------------------------------- similarly 
named associated function `size_hint` defined here
      |
      = note: this error originates in the derive macro `Arbitrary` (in 
Nightly builds, run with -Z macro-backtrace for more info)

error[E0425]: cannot find type `MaxRecursionReached` in crate `arbitrary`
     --> C:\Users\pc\.cargo\registry\src\index.crates.io-1949cf8c6b5b557f\stell
ar-xdr-21.2.0\src\curr\generated.rs:42110:42
      |
42110 | #[cfg_attr(feature = "arbitrary", derive(Arbitrary))]
      |                                          ^^^^^^^^^ not found in 
`arbitrary`
      |
      = note: this error originates in the derive macro `Arbitrary` (in 
Nightly builds, run with -Z macro-backtrace for more info)

error[E0425]: cannot find function `try_recursion_guard` in module 
`arbitrary::size_hint`
     --> C:\Users\pc\.cargo\registry\src\index.crates.io-1949cf8c6b5b557f\stell
ar-xdr-21.2.0\src\curr\generated.rs:42110:42
      |
42110 |   #[cfg_attr(feature = "arbitrary", derive(Arbitrary))]
      |                                            ^^^^^^^^^
      |
     ::: C:\Users\pc\.cargo\registry\src\index.crates.io-1949cf8c6b5b557f\arbit
rary-1.3.2\src\size_hint.rs:12:1
      |
   12 | / pub fn recursion_guard(
   13 | |     depth: usize,
   14 | |     f: impl FnOnce(usize) -> (usize, Option<usize>),
   15 | | ) -> (usize, Option<usize>) {
      | |___________________________- similarly named function 
`recursion_guard` defined here
      |
      = note: this error originates in the derive macro `Arbitrary` (in 
Nightly builds, run with -Z macro-backtrace for more info)

error[E0576]: cannot find method or associated constant `try_size_hint` in 
trait `arbitrary::Arbitrary`
     --> C:\Users\pc\.cargo\registry\src\index.crates.io-1949cf8c6b5b557f\stell
ar-xdr-21.2.0\src\curr\generated.rs:42110:42
      |
42110 | #[cfg_attr(feature = "arbitrary", derive(Arbitrary))]
      |                                          ^^^^^^^^^
      |
     ::: C:\Users\pc\.cargo\registry\src\index.crates.io-1949cf8c6b5b557f\arbit
rary-1.3.2\src\lib.rs:277:5
      |
  277 |     fn size_hint(depth: usize) -> (usize, Option<usize>) {
      |     ---------------------------------------------------- similarly 
named associated function `size_hint` defined here
      |
      = note: this error originates in the derive macro `Arbitrary` (in 
Nightly builds, run with -Z macro-backtrace for more info)

error[E0425]: cannot find type `MaxRecursionReached` in crate `arbitrary`
     --> C:\Users\pc\.cargo\registry\src\index.crates.io-1949cf8c6b5b557f\stell
ar-xdr-21.2.0\src\curr\generated.rs:42159:42
      |
42159 | #[cfg_attr(feature = "arbitrary", derive(Arbitrary))]
      |                                          ^^^^^^^^^ not found in 
`arbitrary`
      |
      = note: this error originates in the derive macro `Arbitrary` (in 
Nightly builds, run with -Z macro-backtrace for more info)

error[E0425]: cannot find function `try_recursion_guard` in module 
`arbitrary::size_hint`
     --> C:\Users\pc\.cargo\registry\src\index.crates.io-1949cf8c6b5b557f\stell
ar-xdr-21.2.0\src\curr\generated.rs:42159:42
      |
42159 |   #[cfg_attr(feature = "arbitrary", derive(Arbitrary))]
      |                                            ^^^^^^^^^
      |
     ::: C:\Users\pc\.cargo\registry\src\index.crates.io-1949cf8c6b5b557f\arbit
rary-1.3.2\src\size_hint.rs:12:1
      |
   12 | / pub fn recursion_guard(
   13 | |     depth: usize,
   14 | |     f: impl FnOnce(usize) -> (usize, Option<usize>),
   15 | | ) -> (usize, Option<usize>) {
      | |___________________________- similarly named function 
`recursion_guard` defined here
      |
      = note: this error originates in the derive macro `Arbitrary` (in 
Nightly builds, run with -Z macro-backtrace for more info)

error[E0576]: cannot find method or associated constant `try_size_hint` in 
trait `arbitrary::Arbitrary`
     --> C:\Users\pc\.cargo\registry\src\index.crates.io-1949cf8c6b5b557f\stell
ar-xdr-21.2.0\src\curr\generated.rs:42159:42
      |
42159 | #[cfg_attr(feature = "arbitrary", derive(Arbitrary))]
      |                                          ^^^^^^^^^
      |
     ::: C:\Users\pc\.cargo\registry\src\index.crates.io-1949cf8c6b5b557f\arbit
rary-1.3.2\src\lib.rs:277:5
      |
  277 |     fn size_hint(depth: usize) -> (usize, Option<usize>) {
      |     ---------------------------------------------------- similarly 
named associated function `size_hint` defined here
      |
      = note: this error originates in the derive macro `Arbitrary` (in 
Nightly builds, run with -Z macro-backtrace for more info)

error[E0425]: cannot find type `MaxRecursionReached` in crate `arbitrary`
     --> C:\Users\pc\.cargo\registry\src\index.crates.io-1949cf8c6b5b557f\stell
ar-xdr-21.2.0\src\curr\generated.rs:42227:42
      |
42227 | #[cfg_attr(feature = "arbitrary", derive(Arbitrary))]
      |                                          ^^^^^^^^^ not found in 
`arbitrary`
      |
      = note: this error originates in the derive macro `Arbitrary` (in 
Nightly builds, run with -Z macro-backtrace for more info)

error[E0425]: cannot find function `try_recursion_guard` in module 
`arbitrary::size_hint`
     --> C:\Users\pc\.cargo\registry\src\index.crates.io-1949cf8c6b5b557f\stell
ar-xdr-21.2.0\src\curr\generated.rs:42227:42
      |
42227 |   #[cfg_attr(feature = "arbitrary", derive(Arbitrary))]
      |                                            ^^^^^^^^^
      |
     ::: C:\Users\pc\.cargo\registry\src\index.crates.io-1949cf8c6b5b557f\arbit
rary-1.3.2\src\size_hint.rs:12:1
      |
   12 | / pub fn recursion_guard(
   13 | |     depth: usize,
   14 | |     f: impl FnOnce(usize) -> (usize, Option<usize>),
   15 | | ) -> (usize, Option<usize>) {
      | |___________________________- similarly named function 
`recursion_guard` defined here
      |
      = note: this error originates in the derive macro `Arbitrary` (in 
Nightly builds, run with -Z macro-backtrace for more info)

error[E0576]: cannot find method or associated constant `try_size_hint` in 
trait `arbitrary::Arbitrary`
     --> C:\Users\pc\.cargo\registry\src\index.crates.io-1949cf8c6b5b557f\stell
ar-xdr-21.2.0\src\curr\generated.rs:42227:42
      |
42227 | #[cfg_attr(feature = "arbitrary", derive(Arbitrary))]
      |                                          ^^^^^^^^^
      |
     ::: C:\Users\pc\.cargo\registry\src\index.crates.io-1949cf8c6b5b557f\arbit
rary-1.3.2\src\lib.rs:277:5
      |
  277 |     fn size_hint(depth: usize) -> (usize, Option<usize>) {
      |     ---------------------------------------------------- similarly 
named associated function `size_hint` defined here
      |
      = note: this error originates in the derive macro `Arbitrary` (in 
Nightly builds, run with -Z macro-backtrace for more info)

error[E0425]: cannot find type `MaxRecursionReached` in crate `arbitrary`
     --> C:\Users\pc\.cargo\registry\src\index.crates.io-1949cf8c6b5b557f\stell
ar-xdr-21.2.0\src\curr\generated.rs:42601:42
      |
42601 | #[cfg_attr(feature = "arbitrary", derive(Arbitrary))]
      |                                          ^^^^^^^^^ not found in 
`arbitrary`
      |
      = note: this error originates in the derive macro `Arbitrary` (in 
Nightly builds, run with -Z macro-backtrace for more info)

error[E0425]: cannot find function `try_recursion_guard` in module 
`arbitrary::size_hint`
     --> C:\Users\pc\.cargo\registry\src\index.crates.io-1949cf8c6b5b557f\stell
ar-xdr-21.2.0\src\curr\generated.rs:42601:42
      |
42601 |   #[cfg_attr(feature = "arbitrary", derive(Arbitrary))]
      |                                            ^^^^^^^^^
      |
     ::: C:\Users\pc\.cargo\registry\src\index.crates.io-1949cf8c6b5b557f\arbit
rary-1.3.2\src\size_hint.rs:12:1
      |
   12 | / pub fn recursion_guard(
   13 | |     depth: usize,
   14 | |     f: impl FnOnce(usize) -> (usize, Option<usize>),
   15 | | ) -> (usize, Option<usize>) {
      | |___________________________- similarly named function 
`recursion_guard` defined here
      |
      = note: this error originates in the derive macro `Arbitrary` (in 
Nightly builds, run with -Z macro-backtrace for more info)

error[E0576]: cannot find method or associated constant `try_size_hint` in 
trait `arbitrary::Arbitrary`
     --> C:\Users\pc\.cargo\registry\src\index.crates.io-1949cf8c6b5b557f\stell
ar-xdr-21.2.0\src\curr\generated.rs:42601:42
      |
42601 | #[cfg_attr(feature = "arbitrary", derive(Arbitrary))]
      |                                          ^^^^^^^^^
      |
     ::: C:\Users\pc\.cargo\registry\src\index.crates.io-1949cf8c6b5b557f\arbit
rary-1.3.2\src\lib.rs:277:5
      |
  277 |     fn size_hint(depth: usize) -> (usize, Option<usize>) {
      |     ---------------------------------------------------- similarly 
named associated function `size_hint` defined here
      |
      = note: this error originates in the derive macro `Arbitrary` (in 
Nightly builds, run with -Z macro-backtrace for more info)

error[E0425]: cannot find type `MaxRecursionReached` in crate `arbitrary`
     --> C:\Users\pc\.cargo\registry\src\index.crates.io-1949cf8c6b5b557f\stell
ar-xdr-21.2.0\src\curr\generated.rs:42646:42
      |
42646 | #[cfg_attr(feature = "arbitrary", derive(Arbitrary))]
      |                                          ^^^^^^^^^ not found in 
`arbitrary`
      |
      = note: this error originates in the derive macro `Arbitrary` (in 
Nightly builds, run with -Z macro-backtrace for more info)

error[E0425]: cannot find function `try_recursion_guard` in module 
`arbitrary::size_hint`
     --> C:\Users\pc\.cargo\registry\src\index.crates.io-1949cf8c6b5b557f\stell
ar-xdr-21.2.0\src\curr\generated.rs:42646:42
      |
42646 |   #[cfg_attr(feature = "arbitrary", derive(Arbitrary))]
      |                                            ^^^^^^^^^
      |
     ::: C:\Users\pc\.cargo\registry\src\index.crates.io-1949cf8c6b5b557f\arbit
rary-1.3.2\src\size_hint.rs:12:1
      |
   12 | / pub fn recursion_guard(
   13 | |     depth: usize,
   14 | |     f: impl FnOnce(usize) -> (usize, Option<usize>),
   15 | | ) -> (usize, Option<usize>) {
      | |___________________________- similarly named function 
`recursion_guard` defined here
      |
      = note: this error originates in the derive macro `Arbitrary` (in 
Nightly builds, run with -Z macro-backtrace for more info)

error[E0576]: cannot find method or associated constant `try_size_hint` in 
trait `arbitrary::Arbitrary`
     --> C:\Users\pc\.cargo\registry\src\index.crates.io-1949cf8c6b5b557f\stell
ar-xdr-21.2.0\src\curr\generated.rs:42646:42
      |
42646 | #[cfg_attr(feature = "arbitrary", derive(Arbitrary))]
      |                                          ^^^^^^^^^
      |
     ::: C:\Users\pc\.cargo\registry\src\index.crates.io-1949cf8c6b5b557f\arbit
rary-1.3.2\src\lib.rs:277:5
      |
  277 |     fn size_hint(depth: usize) -> (usize, Option<usize>) {
      |     ---------------------------------------------------- similarly 
named associated function `size_hint` defined here
      |
      = note: this error originates in the derive macro `Arbitrary` (in 
Nightly builds, run with -Z macro-backtrace for more info)

error[E0425]: cannot find type `MaxRecursionReached` in crate `arbitrary`
     --> C:\Users\pc\.cargo\registry\src\index.crates.io-1949cf8c6b5b557f\stell
ar-xdr-21.2.0\src\curr\generated.rs:42797:42
      |
42797 | #[cfg_attr(feature = "arbitrary", derive(Arbitrary))]
      |                                          ^^^^^^^^^ not found in 
`arbitrary`
      |
      = note: this error originates in the derive macro `Arbitrary` (in 
Nightly builds, run with -Z macro-backtrace for more info)

error[E0425]: cannot find function `try_recursion_guard` in module 
`arbitrary::size_hint`
     --> C:\Users\pc\.cargo\registry\src\index.crates.io-1949cf8c6b5b557f\stell
ar-xdr-21.2.0\src\curr\generated.rs:42797:42
      |
42797 |   #[cfg_attr(feature = "arbitrary", derive(Arbitrary))]
      |                                            ^^^^^^^^^
      |
     ::: C:\Users\pc\.cargo\registry\src\index.crates.io-1949cf8c6b5b557f\arbit
rary-1.3.2\src\size_hint.rs:12:1
      |
   12 | / pub fn recursion_guard(
   13 | |     depth: usize,
   14 | |     f: impl FnOnce(usize) -> (usize, Option<usize>),
   15 | | ) -> (usize, Option<usize>) {
      | |___________________________- similarly named function 
`recursion_guard` defined here
      |
      = note: this error originates in the derive macro `Arbitrary` (in 
Nightly builds, run with -Z macro-backtrace for more info)

error[E0576]: cannot find method or associated constant `try_size_hint` in 
trait `arbitrary::Arbitrary`
     --> C:\Users\pc\.cargo\registry\src\index.crates.io-1949cf8c6b5b557f\stell
ar-xdr-21.2.0\src\curr\generated.rs:42797:42
      |
42797 | #[cfg_attr(feature = "arbitrary", derive(Arbitrary))]
      |                                          ^^^^^^^^^
      |
     ::: C:\Users\pc\.cargo\registry\src\index.crates.io-1949cf8c6b5b557f\arbit
rary-1.3.2\src\lib.rs:277:5
      |
  277 |     fn size_hint(depth: usize) -> (usize, Option<usize>) {
      |     ---------------------------------------------------- similarly 
named associated function `size_hint` defined here
      |
      = note: this error originates in the derive macro `Arbitrary` (in 
Nightly builds, run with -Z macro-backtrace for more info)

error[E0425]: cannot find type `MaxRecursionReached` in crate `arbitrary`
     --> C:\Users\pc\.cargo\registry\src\index.crates.io-1949cf8c6b5b557f\stell
ar-xdr-21.2.0\src\curr\generated.rs:42980:42
      |
42980 | #[cfg_attr(feature = "arbitrary", derive(Arbitrary))]
      |                                          ^^^^^^^^^ not found in 
`arbitrary`
      |
      = note: this error originates in the derive macro `Arbitrary` (in 
Nightly builds, run with -Z macro-backtrace for more info)

error[E0425]: cannot find function `try_recursion_guard` in module 
`arbitrary::size_hint`
     --> C:\Users\pc\.cargo\registry\src\index.crates.io-1949cf8c6b5b557f\stell
ar-xdr-21.2.0\src\curr\generated.rs:42980:42
      |
42980 |   #[cfg_attr(feature = "arbitrary", derive(Arbitrary))]
      |                                            ^^^^^^^^^
      |
     ::: C:\Users\pc\.cargo\registry\src\index.crates.io-1949cf8c6b5b557f\arbit
rary-1.3.2\src\size_hint.rs:12:1
      |
   12 | / pub fn recursion_guard(
   13 | |     depth: usize,
   14 | |     f: impl FnOnce(usize) -> (usize, Option<usize>),
   15 | | ) -> (usize, Option<usize>) {
      | |___________________________- similarly named function 
`recursion_guard` defined here
      |
      = note: this error originates in the derive macro `Arbitrary` (in 
Nightly builds, run with -Z macro-backtrace for more info)

error[E0576]: cannot find method or associated constant `try_size_hint` in 
trait `arbitrary::Arbitrary`
     --> C:\Users\pc\.cargo\registry\src\index.crates.io-1949cf8c6b5b557f\stell
ar-xdr-21.2.0\src\curr\generated.rs:42980:42
      |
42980 | #[cfg_attr(feature = "arbitrary", derive(Arbitrary))]
      |                                          ^^^^^^^^^
      |
     ::: C:\Users\pc\.cargo\registry\src\index.crates.io-1949cf8c6b5b557f\arbit
rary-1.3.2\src\lib.rs:277:5
      |
  277 |     fn size_hint(depth: usize) -> (usize, Option<usize>) {
      |     ---------------------------------------------------- similarly 
named associated function `size_hint` defined here
      |
      = note: this error originates in the derive macro `Arbitrary` (in 
Nightly builds, run with -Z macro-backtrace for more info)

error[E0425]: cannot find type `MaxRecursionReached` in crate `arbitrary`
     --> C:\Users\pc\.cargo\registry\src\index.crates.io-1949cf8c6b5b557f\stell
ar-xdr-21.2.0\src\curr\generated.rs:43036:42
      |
43036 | #[cfg_attr(feature = "arbitrary", derive(Arbitrary))]
      |                                          ^^^^^^^^^ not found in 
`arbitrary`
      |
      = note: this error originates in the derive macro `Arbitrary` (in 
Nightly builds, run with -Z macro-backtrace for more info)

error[E0425]: cannot find function `try_recursion_guard` in module 
`arbitrary::size_hint`
     --> C:\Users\pc\.cargo\registry\src\index.crates.io-1949cf8c6b5b557f\stell
ar-xdr-21.2.0\src\curr\generated.rs:43036:42
      |
43036 |   #[cfg_attr(feature = "arbitrary", derive(Arbitrary))]
      |                                            ^^^^^^^^^
      |
     ::: C:\Users\pc\.cargo\registry\src\index.crates.io-1949cf8c6b5b557f\arbit
rary-1.3.2\src\size_hint.rs:12:1
      |
   12 | / pub fn recursion_guard(
   13 | |     depth: usize,
   14 | |     f: impl FnOnce(usize) -> (usize, Option<usize>),
   15 | | ) -> (usize, Option<usize>) {
      | |___________________________- similarly named function 
`recursion_guard` defined here
      |
      = note: this error originates in the derive macro `Arbitrary` (in 
Nightly builds, run with -Z macro-backtrace for more info)

error[E0576]: cannot find method or associated constant `try_size_hint` in 
trait `arbitrary::Arbitrary`
     --> C:\Users\pc\.cargo\registry\src\index.crates.io-1949cf8c6b5b557f\stell
ar-xdr-21.2.0\src\curr\generated.rs:43036:42
      |
43036 | #[cfg_attr(feature = "arbitrary", derive(Arbitrary))]
      |                                          ^^^^^^^^^
      |
     ::: C:\Users\pc\.cargo\registry\src\index.crates.io-1949cf8c6b5b557f\arbit
rary-1.3.2\src\lib.rs:277:5
      |
  277 |     fn size_hint(depth: usize) -> (usize, Option<usize>) {
      |     ---------------------------------------------------- similarly 
named associated function `size_hint` defined here
      |
      = note: this error originates in the derive macro `Arbitrary` (in 
Nightly builds, run with -Z macro-backtrace for more info)

error[E0425]: cannot find type `MaxRecursionReached` in crate `arbitrary`
     --> C:\Users\pc\.cargo\registry\src\index.crates.io-1949cf8c6b5b557f\stell
ar-xdr-21.2.0\src\curr\generated.rs:43552:42
      |
43552 | #[cfg_attr(feature = "arbitrary", derive(Arbitrary))]
      |                                          ^^^^^^^^^ not found in 
`arbitrary`
      |
      = note: this error originates in the derive macro `Arbitrary` (in 
Nightly builds, run with -Z macro-backtrace for more info)

error[E0425]: cannot find function `try_recursion_guard` in module 
`arbitrary::size_hint`
     --> C:\Users\pc\.cargo\registry\src\index.crates.io-1949cf8c6b5b557f\stell
ar-xdr-21.2.0\src\curr\generated.rs:43552:42
      |
43552 |   #[cfg_attr(feature = "arbitrary", derive(Arbitrary))]
      |                                            ^^^^^^^^^
      |
     ::: C:\Users\pc\.cargo\registry\src\index.crates.io-1949cf8c6b5b557f\arbit
rary-1.3.2\src\size_hint.rs:12:1
      |
   12 | / pub fn recursion_guard(
   13 | |     depth: usize,
   14 | |     f: impl FnOnce(usize) -> (usize, Option<usize>),
   15 | | ) -> (usize, Option<usize>) {
      | |___________________________- similarly named function 
`recursion_guard` defined here
      |
      = note: this error originates in the derive macro `Arbitrary` (in 
Nightly builds, run with -Z macro-backtrace for more info)

error[E0576]: cannot find method or associated constant `try_size_hint` in 
trait `arbitrary::Arbitrary`
     --> C:\Users\pc\.cargo\registry\src\index.crates.io-1949cf8c6b5b557f\stell
ar-xdr-21.2.0\src\curr\generated.rs:43552:42
      |
43552 | #[cfg_attr(feature = "arbitrary", derive(Arbitrary))]
      |                                          ^^^^^^^^^
      |
     ::: C:\Users\pc\.cargo\registry\src\index.crates.io-1949cf8c6b5b557f\arbit
rary-1.3.2\src\lib.rs:277:5
      |
  277 |     fn size_hint(depth: usize) -> (usize, Option<usize>) {
      |     ---------------------------------------------------- similarly 
named associated function `size_hint` defined here
      |
      = note: this error originates in the derive macro `Arbitrary` (in 
Nightly builds, run with -Z macro-backtrace for more info)

error[E0425]: cannot find type `MaxRecursionReached` in crate `arbitrary`
     --> C:\Users\pc\.cargo\registry\src\index.crates.io-1949cf8c6b5b557f\stell
ar-xdr-21.2.0\src\curr\generated.rs:43654:42
      |
43654 | #[cfg_attr(feature = "arbitrary", derive(Arbitrary))]
      |                                          ^^^^^^^^^ not found in 
`arbitrary`
      |
      = note: this error originates in the derive macro `Arbitrary` (in 
Nightly builds, run with -Z macro-backtrace for more info)

error[E0425]: cannot find function `try_recursion_guard` in module 
`arbitrary::size_hint`
     --> C:\Users\pc\.cargo\registry\src\index.crates.io-1949cf8c6b5b557f\stell
ar-xdr-21.2.0\src\curr\generated.rs:43654:42
      |
43654 |   #[cfg_attr(feature = "arbitrary", derive(Arbitrary))]
      |                                            ^^^^^^^^^
      |
     ::: C:\Users\pc\.cargo\registry\src\index.crates.io-1949cf8c6b5b557f\arbit
rary-1.3.2\src\size_hint.rs:12:1
      |
   12 | / pub fn recursion_guard(
   13 | |     depth: usize,
   14 | |     f: impl FnOnce(usize) -> (usize, Option<usize>),
   15 | | ) -> (usize, Option<usize>) {
      | |___________________________- similarly named function 
`recursion_guard` defined here
      |
      = note: this error originates in the derive macro `Arbitrary` (in 
Nightly builds, run with -Z macro-backtrace for more info)

error[E0576]: cannot find method or associated constant `try_size_hint` in 
trait `arbitrary::Arbitrary`
     --> C:\Users\pc\.cargo\registry\src\index.crates.io-1949cf8c6b5b557f\stell
ar-xdr-21.2.0\src\curr\generated.rs:43654:42
      |
43654 | #[cfg_attr(feature = "arbitrary", derive(Arbitrary))]
      |                                          ^^^^^^^^^
      |
     ::: C:\Users\pc\.cargo\registry\src\index.crates.io-1949cf8c6b5b557f\arbit
rary-1.3.2\src\lib.rs:277:5
      |
  277 |     fn size_hint(depth: usize) -> (usize, Option<usize>) {
      |     ---------------------------------------------------- similarly 
named associated function `size_hint` defined here
      |
      = note: this error originates in the derive macro `Arbitrary` (in 
Nightly builds, run with -Z macro-backtrace for more info)

error[E0425]: cannot find type `MaxRecursionReached` in crate `arbitrary`
     --> C:\Users\pc\.cargo\registry\src\index.crates.io-1949cf8c6b5b557f\stell
ar-xdr-21.2.0\src\curr\generated.rs:43713:42
      |
43713 | #[cfg_attr(feature = "arbitrary", derive(Arbitrary))]
      |                                          ^^^^^^^^^ not found in 
`arbitrary`
      |
      = note: this error originates in the derive macro `Arbitrary` (in 
Nightly builds, run with -Z macro-backtrace for more info)

error[E0425]: cannot find function `try_recursion_guard` in module 
`arbitrary::size_hint`
     --> C:\Users\pc\.cargo\registry\src\index.crates.io-1949cf8c6b5b557f\stell
ar-xdr-21.2.0\src\curr\generated.rs:43713:42
      |
43713 |   #[cfg_attr(feature = "arbitrary", derive(Arbitrary))]
      |                                            ^^^^^^^^^
      |
     ::: C:\Users\pc\.cargo\registry\src\index.crates.io-1949cf8c6b5b557f\arbit
rary-1.3.2\src\size_hint.rs:12:1
      |
   12 | / pub fn recursion_guard(
   13 | |     depth: usize,
   14 | |     f: impl FnOnce(usize) -> (usize, Option<usize>),
   15 | | ) -> (usize, Option<usize>) {
      | |___________________________- similarly named function 
`recursion_guard` defined here
      |
      = note: this error originates in the derive macro `Arbitrary` (in 
Nightly builds, run with -Z macro-backtrace for more info)

error[E0576]: cannot find method or associated constant `try_size_hint` in 
trait `arbitrary::Arbitrary`
     --> C:\Users\pc\.cargo\registry\src\index.crates.io-1949cf8c6b5b557f\stell
ar-xdr-21.2.0\src\curr\generated.rs:43713:42
      |
43713 | #[cfg_attr(feature = "arbitrary", derive(Arbitrary))]
      |                                          ^^^^^^^^^
      |
     ::: C:\Users\pc\.cargo\registry\src\index.crates.io-1949cf8c6b5b557f\arbit
rary-1.3.2\src\lib.rs:277:5
      |
  277 |     fn size_hint(depth: usize) -> (usize, Option<usize>) {
      |     ---------------------------------------------------- similarly 
named associated function `size_hint` defined here
      |
      = note: this error originates in the derive macro `Arbitrary` (in 
Nightly builds, run with -Z macro-backtrace for more info)

error[E0425]: cannot find type `MaxRecursionReached` in crate `arbitrary`
     --> C:\Users\pc\.cargo\registry\src\index.crates.io-1949cf8c6b5b557f\stell
ar-xdr-21.2.0\src\curr\generated.rs:43830:42
      |
43830 | #[cfg_attr(feature = "arbitrary", derive(Arbitrary))]
      |                                          ^^^^^^^^^ not found in 
`arbitrary`
      |
      = note: this error originates in the derive macro `Arbitrary` (in 
Nightly builds, run with -Z macro-backtrace for more info)

error[E0425]: cannot find function `try_recursion_guard` in module 
`arbitrary::size_hint`
     --> C:\Users\pc\.cargo\registry\src\index.crates.io-1949cf8c6b5b557f\stell
ar-xdr-21.2.0\src\curr\generated.rs:43830:42
      |
43830 |   #[cfg_attr(feature = "arbitrary", derive(Arbitrary))]
      |                                            ^^^^^^^^^
      |
     ::: C:\Users\pc\.cargo\registry\src\index.crates.io-1949cf8c6b5b557f\arbit
rary-1.3.2\src\size_hint.rs:12:1
      |
   12 | / pub fn recursion_guard(
   13 | |     depth: usize,
   14 | |     f: impl FnOnce(usize) -> (usize, Option<usize>),
   15 | | ) -> (usize, Option<usize>) {
      | |___________________________- similarly named function 
`recursion_guard` defined here
      |
      = note: this error originates in the derive macro `Arbitrary` (in 
Nightly builds, run with -Z macro-backtrace for more info)

error[E0576]: cannot find method or associated constant `try_size_hint` in 
trait `arbitrary::Arbitrary`
     --> C:\Users\pc\.cargo\registry\src\index.crates.io-1949cf8c6b5b557f\stell
ar-xdr-21.2.0\src\curr\generated.rs:43830:42
      |
43830 | #[cfg_attr(feature = "arbitrary", derive(Arbitrary))]
      |                                          ^^^^^^^^^
      |
     ::: C:\Users\pc\.cargo\registry\src\index.crates.io-1949cf8c6b5b557f\arbit
rary-1.3.2\src\lib.rs:277:5
      |
  277 |     fn size_hint(depth: usize) -> (usize, Option<usize>) {
      |     ---------------------------------------------------- similarly 
named associated function `size_hint` defined here
      |
      = note: this error originates in the derive macro `Arbitrary` (in 
Nightly builds, run with -Z macro-backtrace for more info)

error[E0425]: cannot find type `MaxRecursionReached` in crate `arbitrary`
     --> C:\Users\pc\.cargo\registry\src\index.crates.io-1949cf8c6b5b557f\stell
ar-xdr-21.2.0\src\curr\generated.rs:43936:42
      |
43936 | #[cfg_attr(feature = "arbitrary", derive(Arbitrary))]
      |                                          ^^^^^^^^^ not found in 
`arbitrary`
      |
      = note: this error originates in the derive macro `Arbitrary` (in 
Nightly builds, run with -Z macro-backtrace for more info)

error[E0425]: cannot find function `try_recursion_guard` in module 
`arbitrary::size_hint`
     --> C:\Users\pc\.cargo\registry\src\index.crates.io-1949cf8c6b5b557f\stell
ar-xdr-21.2.0\src\curr\generated.rs:43936:42
      |
43936 |   #[cfg_attr(feature = "arbitrary", derive(Arbitrary))]
      |                                            ^^^^^^^^^
      |
     ::: C:\Users\pc\.cargo\registry\src\index.crates.io-1949cf8c6b5b557f\arbit
rary-1.3.2\src\size_hint.rs:12:1
      |
   12 | / pub fn recursion_guard(
   13 | |     depth: usize,
   14 | |     f: impl FnOnce(usize) -> (usize, Option<usize>),
   15 | | ) -> (usize, Option<usize>) {
      | |___________________________- similarly named function 
`recursion_guard` defined here
      |
      = note: this error originates in the derive macro `Arbitrary` (in 
Nightly builds, run with -Z macro-backtrace for more info)

error[E0576]: cannot find method or associated constant `try_size_hint` in 
trait `arbitrary::Arbitrary`
     --> C:\Users\pc\.cargo\registry\src\index.crates.io-1949cf8c6b5b557f\stell
ar-xdr-21.2.0\src\curr\generated.rs:43936:42
      |
43936 | #[cfg_attr(feature = "arbitrary", derive(Arbitrary))]
      |                                          ^^^^^^^^^
      |
     ::: C:\Users\pc\.cargo\registry\src\index.crates.io-1949cf8c6b5b557f\arbit
rary-1.3.2\src\lib.rs:277:5
      |
  277 |     fn size_hint(depth: usize) -> (usize, Option<usize>) {
      |     ---------------------------------------------------- similarly 
named associated function `size_hint` defined here
      |
      = note: this error originates in the derive macro `Arbitrary` (in 
Nightly builds, run with -Z macro-backtrace for more info)

error[E0425]: cannot find type `MaxRecursionReached` in crate `arbitrary`
     --> C:\Users\pc\.cargo\registry\src\index.crates.io-1949cf8c6b5b557f\stell
ar-xdr-21.2.0\src\curr\generated.rs:44087:42
      |
44087 | #[cfg_attr(feature = "arbitrary", derive(Arbitrary))]
      |                                          ^^^^^^^^^ not found in 
`arbitrary`
      |
      = note: this error originates in the derive macro `Arbitrary` (in 
Nightly builds, run with -Z macro-backtrace for more info)

error[E0425]: cannot find function `try_recursion_guard` in module 
`arbitrary::size_hint`
     --> C:\Users\pc\.cargo\registry\src\index.crates.io-1949cf8c6b5b557f\stell
ar-xdr-21.2.0\src\curr\generated.rs:44087:42
      |
44087 |   #[cfg_attr(feature = "arbitrary", derive(Arbitrary))]
      |                                            ^^^^^^^^^
      |
     ::: C:\Users\pc\.cargo\registry\src\index.crates.io-1949cf8c6b5b557f\arbit
rary-1.3.2\src\size_hint.rs:12:1
      |
   12 | / pub fn recursion_guard(
   13 | |     depth: usize,
   14 | |     f: impl FnOnce(usize) -> (usize, Option<usize>),
   15 | | ) -> (usize, Option<usize>) {
      | |___________________________- similarly named function 
`recursion_guard` defined here
      |
      = note: this error originates in the derive macro `Arbitrary` (in 
Nightly builds, run with -Z macro-backtrace for more info)

error[E0576]: cannot find method or associated constant `try_size_hint` in 
trait `arbitrary::Arbitrary`
     --> C:\Users\pc\.cargo\registry\src\index.crates.io-1949cf8c6b5b557f\stell
ar-xdr-21.2.0\src\curr\generated.rs:44087:42
      |
44087 | #[cfg_attr(feature = "arbitrary", derive(Arbitrary))]
      |                                          ^^^^^^^^^
      |
     ::: C:\Users\pc\.cargo\registry\src\index.crates.io-1949cf8c6b5b557f\arbit
rary-1.3.2\src\lib.rs:277:5
      |
  277 |     fn size_hint(depth: usize) -> (usize, Option<usize>) {
      |     ---------------------------------------------------- similarly 
named associated function `size_hint` defined here
      |
      = note: this error originates in the derive macro `Arbitrary` (in 
Nightly builds, run with -Z macro-backtrace for more info)

error[E0425]: cannot find type `MaxRecursionReached` in crate `arbitrary`
     --> C:\Users\pc\.cargo\registry\src\index.crates.io-1949cf8c6b5b557f\stell
ar-xdr-21.2.0\src\curr\generated.rs:44141:42
      |
44141 | #[cfg_attr(feature = "arbitrary", derive(Arbitrary))]
      |                                          ^^^^^^^^^ not found in 
`arbitrary`
      |
      = note: this error originates in the derive macro `Arbitrary` (in 
Nightly builds, run with -Z macro-backtrace for more info)

error[E0425]: cannot find function `try_recursion_guard` in module 
`arbitrary::size_hint`
     --> C:\Users\pc\.cargo\registry\src\index.crates.io-1949cf8c6b5b557f\stell
ar-xdr-21.2.0\src\curr\generated.rs:44141:42
      |
44141 |   #[cfg_attr(feature = "arbitrary", derive(Arbitrary))]
      |                                            ^^^^^^^^^
      |
     ::: C:\Users\pc\.cargo\registry\src\index.crates.io-1949cf8c6b5b557f\arbit
rary-1.3.2\src\size_hint.rs:12:1
      |
   12 | / pub fn recursion_guard(
   13 | |     depth: usize,
   14 | |     f: impl FnOnce(usize) -> (usize, Option<usize>),
   15 | | ) -> (usize, Option<usize>) {
      | |___________________________- similarly named function 
`recursion_guard` defined here
      |
      = note: this error originates in the derive macro `Arbitrary` (in 
Nightly builds, run with -Z macro-backtrace for more info)

error[E0576]: cannot find method or associated constant `try_size_hint` in 
trait `arbitrary::Arbitrary`
     --> C:\Users\pc\.cargo\registry\src\index.crates.io-1949cf8c6b5b557f\stell
ar-xdr-21.2.0\src\curr\generated.rs:44141:42
      |
44141 | #[cfg_attr(feature = "arbitrary", derive(Arbitrary))]
      |                                          ^^^^^^^^^
      |
     ::: C:\Users\pc\.cargo\registry\src\index.crates.io-1949cf8c6b5b557f\arbit
rary-1.3.2\src\lib.rs:277:5
      |
  277 |     fn size_hint(depth: usize) -> (usize, Option<usize>) {
      |     ---------------------------------------------------- similarly 
named associated function `size_hint` defined here
      |
      = note: this error originates in the derive macro `Arbitrary` (in 
Nightly builds, run with -Z macro-backtrace for more info)

error[E0425]: cannot find type `MaxRecursionReached` in crate `arbitrary`
     --> C:\Users\pc\.cargo\registry\src\index.crates.io-1949cf8c6b5b557f\stell
ar-xdr-21.2.0\src\curr\generated.rs:44198:42
      |
44198 | #[cfg_attr(feature = "arbitrary", derive(Arbitrary))]
      |                                          ^^^^^^^^^ not found in 
`arbitrary`
      |
      = note: this error originates in the derive macro `Arbitrary` (in 
Nightly builds, run with -Z macro-backtrace for more info)

error[E0425]: cannot find function `try_recursion_guard` in module 
`arbitrary::size_hint`
     --> C:\Users\pc\.cargo\registry\src\index.crates.io-1949cf8c6b5b557f\stell
ar-xdr-21.2.0\src\curr\generated.rs:44198:42
      |
44198 |   #[cfg_attr(feature = "arbitrary", derive(Arbitrary))]
      |                                            ^^^^^^^^^
      |
     ::: C:\Users\pc\.cargo\registry\src\index.crates.io-1949cf8c6b5b557f\arbit
rary-1.3.2\src\size_hint.rs:12:1
      |
   12 | / pub fn recursion_guard(
   13 | |     depth: usize,
   14 | |     f: impl FnOnce(usize) -> (usize, Option<usize>),
   15 | | ) -> (usize, Option<usize>) {
      | |___________________________- similarly named function 
`recursion_guard` defined here
      |
      = note: this error originates in the derive macro `Arbitrary` (in 
Nightly builds, run with -Z macro-backtrace for more info)

error[E0576]: cannot find method or associated constant `try_size_hint` in 
trait `arbitrary::Arbitrary`
     --> C:\Users\pc\.cargo\registry\src\index.crates.io-1949cf8c6b5b557f\stell
ar-xdr-21.2.0\src\curr\generated.rs:44198:42
      |
44198 | #[cfg_attr(feature = "arbitrary", derive(Arbitrary))]
      |                                          ^^^^^^^^^
      |
     ::: C:\Users\pc\.cargo\registry\src\index.crates.io-1949cf8c6b5b557f\arbit
rary-1.3.2\src\lib.rs:277:5
      |
  277 |     fn size_hint(depth: usize) -> (usize, Option<usize>) {
      |     ---------------------------------------------------- similarly 
named associated function `size_hint` defined here
      |
      = note: this error originates in the derive macro `Arbitrary` (in 
Nightly builds, run with -Z macro-backtrace for more info)

error[E0425]: cannot find type `MaxRecursionReached` in crate `arbitrary`
     --> C:\Users\pc\.cargo\registry\src\index.crates.io-1949cf8c6b5b557f\stell
ar-xdr-21.2.0\src\curr\generated.rs:44240:42
      |
44240 | #[cfg_attr(feature = "arbitrary", derive(Arbitrary))]
      |                                          ^^^^^^^^^ not found in 
`arbitrary`
      |
      = note: this error originates in the derive macro `Arbitrary` (in 
Nightly builds, run with -Z macro-backtrace for more info)

error[E0425]: cannot find function `try_recursion_guard` in module 
`arbitrary::size_hint`
     --> C:\Users\pc\.cargo\registry\src\index.crates.io-1949cf8c6b5b557f\stell
ar-xdr-21.2.0\src\curr\generated.rs:44240:42
      |
44240 |   #[cfg_attr(feature = "arbitrary", derive(Arbitrary))]
      |                                            ^^^^^^^^^
      |
     ::: C:\Users\pc\.cargo\registry\src\index.crates.io-1949cf8c6b5b557f\arbit
rary-1.3.2\src\size_hint.rs:12:1
      |
   12 | / pub fn recursion_guard(
   13 | |     depth: usize,
   14 | |     f: impl FnOnce(usize) -> (usize, Option<usize>),
   15 | | ) -> (usize, Option<usize>) {
      | |___________________________- similarly named function 
`recursion_guard` defined here
      |
      = note: this error originates in the derive macro `Arbitrary` (in 
Nightly builds, run with -Z macro-backtrace for more info)

error[E0576]: cannot find method or associated constant `try_size_hint` in 
trait `arbitrary::Arbitrary`
     --> C:\Users\pc\.cargo\registry\src\index.crates.io-1949cf8c6b5b557f\stell
ar-xdr-21.2.0\src\curr\generated.rs:44240:42
      |
44240 | #[cfg_attr(feature = "arbitrary", derive(Arbitrary))]
      |                                          ^^^^^^^^^
      |
     ::: C:\Users\pc\.cargo\registry\src\index.crates.io-1949cf8c6b5b557f\arbit
rary-1.3.2\src\lib.rs:277:5
      |
  277 |     fn size_hint(depth: usize) -> (usize, Option<usize>) {
      |     ---------------------------------------------------- similarly 
named associated function `size_hint` defined here
      |
      = note: this error originates in the derive macro `Arbitrary` (in 
Nightly builds, run with -Z macro-backtrace for more info)

error[E0425]: cannot find type `MaxRecursionReached` in crate `arbitrary`
     --> C:\Users\pc\.cargo\registry\src\index.crates.io-1949cf8c6b5b557f\stell
ar-xdr-21.2.0\src\curr\generated.rs:44282:42
      |
44282 | #[cfg_attr(feature = "arbitrary", derive(Arbitrary))]
      |                                          ^^^^^^^^^ not found in 
`arbitrary`
      |
      = note: this error originates in the derive macro `Arbitrary` (in 
Nightly builds, run with -Z macro-backtrace for more info)

error[E0425]: cannot find function `try_recursion_guard` in module 
`arbitrary::size_hint`
     --> C:\Users\pc\.cargo\registry\src\index.crates.io-1949cf8c6b5b557f\stell
ar-xdr-21.2.0\src\curr\generated.rs:44282:42
      |
44282 |   #[cfg_attr(feature = "arbitrary", derive(Arbitrary))]
      |                                            ^^^^^^^^^
      |
     ::: C:\Users\pc\.cargo\registry\src\index.crates.io-1949cf8c6b5b557f\arbit
rary-1.3.2\src\size_hint.rs:12:1
      |
   12 | / pub fn recursion_guard(
   13 | |     depth: usize,
   14 | |     f: impl FnOnce(usize) -> (usize, Option<usize>),
   15 | | ) -> (usize, Option<usize>) {
      | |___________________________- similarly named function 
`recursion_guard` defined here
      |
      = note: this error originates in the derive macro `Arbitrary` (in 
Nightly builds, run with -Z macro-backtrace for more info)

error[E0576]: cannot find method or associated constant `try_size_hint` in 
trait `arbitrary::Arbitrary`
     --> C:\Users\pc\.cargo\registry\src\index.crates.io-1949cf8c6b5b557f\stell
ar-xdr-21.2.0\src\curr\generated.rs:44282:42
      |
44282 | #[cfg_attr(feature = "arbitrary", derive(Arbitrary))]
      |                                          ^^^^^^^^^
      |
     ::: C:\Users\pc\.cargo\registry\src\index.crates.io-1949cf8c6b5b557f\arbit
rary-1.3.2\src\lib.rs:277:5
      |
  277 |     fn size_hint(depth: usize) -> (usize, Option<usize>) {
      |     ---------------------------------------------------- similarly 
named associated function `size_hint` defined here
      |
      = note: this error originates in the derive macro `Arbitrary` (in 
Nightly builds, run with -Z macro-backtrace for more info)

error[E0425]: cannot find type `MaxRecursionReached` in crate `arbitrary`
     --> C:\Users\pc\.cargo\registry\src\index.crates.io-1949cf8c6b5b557f\stell
ar-xdr-21.2.0\src\curr\generated.rs:44324:42
      |
44324 | #[cfg_attr(feature = "arbitrary", derive(Arbitrary))]
      |                                          ^^^^^^^^^ not found in 
`arbitrary`
      |
      = note: this error originates in the derive macro `Arbitrary` (in 
Nightly builds, run with -Z macro-backtrace for more info)

error[E0425]: cannot find function `try_recursion_guard` in module 
`arbitrary::size_hint`
     --> C:\Users\pc\.cargo\registry\src\index.crates.io-1949cf8c6b5b557f\stell
ar-xdr-21.2.0\src\curr\generated.rs:44324:42
      |
44324 |   #[cfg_attr(feature = "arbitrary", derive(Arbitrary))]
      |                                            ^^^^^^^^^
      |
     ::: C:\Users\pc\.cargo\registry\src\index.crates.io-1949cf8c6b5b557f\arbit
rary-1.3.2\src\size_hint.rs:12:1
      |
   12 | / pub fn recursion_guard(
   13 | |     depth: usize,
   14 | |     f: impl FnOnce(usize) -> (usize, Option<usize>),
   15 | | ) -> (usize, Option<usize>) {
      | |___________________________- similarly named function 
`recursion_guard` defined here
      |
      = note: this error originates in the derive macro `Arbitrary` (in 
Nightly builds, run with -Z macro-backtrace for more info)

error[E0576]: cannot find method or associated constant `try_size_hint` in 
trait `arbitrary::Arbitrary`
     --> C:\Users\pc\.cargo\registry\src\index.crates.io-1949cf8c6b5b557f\stell
ar-xdr-21.2.0\src\curr\generated.rs:44324:42
      |
44324 | #[cfg_attr(feature = "arbitrary", derive(Arbitrary))]
      |                                          ^^^^^^^^^
      |
     ::: C:\Users\pc\.cargo\registry\src\index.crates.io-1949cf8c6b5b557f\arbit
rary-1.3.2\src\lib.rs:277:5
      |
  277 |     fn size_hint(depth: usize) -> (usize, Option<usize>) {
      |     ---------------------------------------------------- similarly 
named associated function `size_hint` defined here
      |
      = note: this error originates in the derive macro `Arbitrary` (in 
Nightly builds, run with -Z macro-backtrace for more info)

   Compiling soroban-spec v21.7.7
   Compiling soroban-spec-rust v21.7.7
   Compiling soroban-env-macros v21.2.1
error[E0599]: no function or associated item named `try_size_hint` found for 
struct `generated::VecM<T, MAX>` in the current scope
   --> C:\Users\pc\.cargo\registry\src\index.crates.io-1949cf8c6b5b557f\stellar
-xdr-21.2.0\src\curr\generated.rs:935:42
    |
935 | #[cfg_attr(feature = "arbitrary", derive(Arbitrary))]
    |                                          ^^^^^^^^^ function or 
associated item not found in `generated::VecM<T, MAX>`
936 | pub struct VecM<T, const MAX: u32 = { u32::MAX }>(Vec<T>);
    | ------------------------------------------------- function or associated 
item `try_size_hint` not found for this struct
    |
    = note: this error originates in the derive macro `Arbitrary` (in Nightly 
builds, run with -Z macro-backtrace for more info)

error[E0599]: no function or associated item named `try_size_hint` found for 
struct `BytesM<MAX>` in the current scope
    --> C:\Users\pc\.cargo\registry\src\index.crates.io-1949cf8c6b5b557f\stella
r-xdr-21.2.0\src\curr\generated.rs:1368:42
     |
1368 | #[cfg_attr(feature = "arbitrary", derive(Arbitrary))]
     |                                          ^^^^^^^^^ function or 
associated item not found in `BytesM<MAX>`
1369 | pub struct BytesM<const MAX: u32 = { u32::MAX }>(Vec<u8>);
     | ------------------------------------------------ function or associated 
item `try_size_hint` not found for this struct
     |
     = note: this error originates in the derive macro `Arbitrary` (in Nightly 
builds, run with -Z macro-backtrace for more info)

error[E0599]: no function or associated item named `try_size_hint` found for 
struct `StringM<MAX>` in the current scope
    --> C:\Users\pc\.cargo\registry\src\index.crates.io-1949cf8c6b5b557f\stella
r-xdr-21.2.0\src\curr\generated.rs:1783:42
     |
1783 | #[cfg_attr(feature = "arbitrary", derive(Arbitrary))]
     |                                          ^^^^^^^^^ function or 
associated item not found in `StringM<MAX>`
1784 | pub struct StringM<const MAX: u32 = { u32::MAX }>(Vec<u8>);
     | ------------------------------------------------- function or 
associated item `try_size_hint` not found for this struct
     |
     = note: this error originates in the derive macro `Arbitrary` (in Nightly 
builds, run with -Z macro-backtrace for more info)

error[E0599]: no function or associated item named `try_size_hint` found for 
struct `Value` in the current scope
    --> C:\Users\pc\.cargo\registry\src\index.crates.io-1949cf8c6b5b557f\stella
r-xdr-21.2.0\src\curr\generated.rs:2846:42
     |
2846 | #[cfg_attr(feature = "arbitrary", derive(Arbitrary))]
     |                                          ^^^^^^^^^ function or 
associated item not found in `Value`
...
2855 | pub struct Value(pub BytesM);
     | ---------------- function or associated item `try_size_hint` not found 
for this struct
     |
     = note: this error originates in the derive macro `Arbitrary` (in Nightly 
builds, run with -Z macro-backtrace for more info)

error[E0599]: no function or associated item named `try_size_hint` found for 
struct `ScpBallot` in the current scope
    --> C:\Users\pc\.cargo\registry\src\index.crates.io-1949cf8c6b5b557f\stella
r-xdr-21.2.0\src\curr\generated.rs:2956:42
     |
2956 | #[cfg_attr(feature = "arbitrary", derive(Arbitrary))]
     |                                          ^^^^^^^^^ function or 
associated item not found in `ScpBallot`
...
2963 | pub struct ScpBallot {
     | -------------------- function or associated item `try_size_hint` not 
found for this struct
     |
     = note: this error originates in the derive macro `Arbitrary` (in Nightly 
builds, run with -Z macro-backtrace for more info)

error[E0599]: no function or associated item named `try_size_hint` found for 
struct `ScpNomination` in the current scope
    --> C:\Users\pc\.cargo\registry\src\index.crates.io-1949cf8c6b5b557f\stella
r-xdr-21.2.0\src\curr\generated.rs:3122:42
     |
3122 | #[cfg_attr(feature = "arbitrary", derive(Arbitrary))]
     |                                          ^^^^^^^^^ function or 
associated item not found in `ScpNomination`
...
3129 | pub struct ScpNomination {
     | ------------------------ function or associated item `try_size_hint` 
not found for this struct
     |
     = note: this error originates in the derive macro `Arbitrary` (in Nightly 
builds, run with -Z macro-backtrace for more info)

error[E0599]: no function or associated item named `try_size_hint` found for 
struct `ScpStatementPrepare` in the current scope
    --> C:\Users\pc\.cargo\registry\src\index.crates.io-1949cf8c6b5b557f\stella
r-xdr-21.2.0\src\curr\generated.rs:3175:42
     |
3175 | #[cfg_attr(feature = "arbitrary", derive(Arbitrary))]
     |                                          ^^^^^^^^^ function or 
associated item not found in `ScpStatementPrepare`
...
3182 | pub struct ScpStatementPrepare {
     | ------------------------------ function or associated item 
`try_size_hint` not found for this struct
     |
     = note: this error originates in the derive macro `Arbitrary` (in Nightly 
builds, run with -Z macro-backtrace for more info)

error[E0599]: no function or associated item named `try_size_hint` found for 
struct `ScpStatementConfirm` in the current scope
    --> C:\Users\pc\.cargo\registry\src\index.crates.io-1949cf8c6b5b557f\stella
r-xdr-21.2.0\src\curr\generated.rs:3236:42
     |
3236 | #[cfg_attr(feature = "arbitrary", derive(Arbitrary))]
     |                                          ^^^^^^^^^ function or 
associated item not found in `ScpStatementConfirm`
...
3243 | pub struct ScpStatementConfirm {
     | ------------------------------ function or associated item 
`try_size_hint` not found for this struct
     |
     = note: this error originates in the derive macro `Arbitrary` (in Nightly 
builds, run with -Z macro-backtrace for more info)

error[E0599]: no function or associated item named `try_size_hint` found for 
struct `ScpStatementExternalize` in the current scope
    --> C:\Users\pc\.cargo\registry\src\index.crates.io-1949cf8c6b5b557f\stella
r-xdr-21.2.0\src\curr\generated.rs:3292:42
     |
3292 | #[cfg_attr(feature = "arbitrary", derive(Arbitrary))]
     |                                          ^^^^^^^^^ function or 
associated item not found in `ScpStatementExternalize`
...
3299 | pub struct ScpStatementExternalize {
     | ---------------------------------- function or associated item 
`try_size_hint` not found for this struct
     |
     = note: this error originates in the derive macro `Arbitrary` (in Nightly 
builds, run with -Z macro-backtrace for more info)

error[E0599]: no variant or associated item named `try_size_hint` found for 
enum `ScpStatementPledges` in the current scope
    --> C:\Users\pc\.cargo\registry\src\index.crates.io-1949cf8c6b5b557f\stella
r-xdr-21.2.0\src\curr\generated.rs:3368:42
     |
3368 | #[cfg_attr(feature = "arbitrary", derive(Arbitrary))]
     |                                          ^^^^^^^^^ variant or 
associated item not found in `ScpStatementPledges`
...
3376 | pub enum ScpStatementPledges {
     | ---------------------------- variant or associated item `try_size_hint` 
not found for this enum
     |
     = note: this error originates in the derive macro `Arbitrary` (in Nightly 
builds, run with -Z macro-backtrace for more info)

error[E0599]: no function or associated item named `try_size_hint` found for 
struct `ScpStatement` in the current scope
    --> C:\Users\pc\.cargo\registry\src\index.crates.io-1949cf8c6b5b557f\stella
r-xdr-21.2.0\src\curr\generated.rs:3523:42
     |
3523 | #[cfg_attr(feature = "arbitrary", derive(Arbitrary))]
     |                                          ^^^^^^^^^ function or 
associated item not found in `ScpStatement`
...
3530 | pub struct ScpStatement {
     | ----------------------- function or associated item `try_size_hint` not 
found for this struct
     |
     = note: this error originates in the derive macro `Arbitrary` (in Nightly 
builds, run with -Z macro-backtrace for more info)

error[E0599]: no function or associated item named `try_size_hint` found for 
struct `ScpEnvelope` in the current scope
    --> C:\Users\pc\.cargo\registry\src\index.crates.io-1949cf8c6b5b557f\stella
r-xdr-21.2.0\src\curr\generated.rs:3572:42
     |
3572 | #[cfg_attr(feature = "arbitrary", derive(Arbitrary))]
     |                                          ^^^^^^^^^ function or 
associated item not found in `ScpEnvelope`
...
3579 | pub struct ScpEnvelope {
     | ---------------------- function or associated item `try_size_hint` not 
found for this struct
     |
     = note: this error originates in the derive macro `Arbitrary` (in Nightly 
builds, run with -Z macro-backtrace for more info)

error[E0599]: no function or associated item named `try_size_hint` found for 
struct `ScpQuorumSet` in the current scope
    --> C:\Users\pc\.cargo\registry\src\index.crates.io-1949cf8c6b5b557f\stella
r-xdr-21.2.0\src\curr\generated.rs:3619:42
     |
3619 | #[cfg_attr(feature = "arbitrary", derive(Arbitrary))]
     |                                          ^^^^^^^^^ function or 
associated item not found in `ScpQuorumSet`
...
3626 | pub struct ScpQuorumSet {
     | ----------------------- function or associated item `try_size_hint` not 
found for this struct
     |
     = note: this error originates in the derive macro `Arbitrary` (in Nightly 
builds, run with -Z macro-backtrace for more info)

error[E0599]: no function or associated item named `try_size_hint` found for 
struct `ConfigSettingContractExecutionLanesV0` in the current scope
    --> C:\Users\pc\.cargo\registry\src\index.crates.io-1949cf8c6b5b557f\stella
r-xdr-21.2.0\src\curr\generated.rs:3668:42
     |
3668 | #[cfg_attr(feature = "arbitrary", derive(Arbitrary))]
     |                                          ^^^^^^^^^ function or 
associated item not found in `ConfigSettingContractExecutionLanesV0`
...
3675 | pub struct ConfigSettingContractExecutionLanesV0 {
     | ------------------------------------------------ function or associated 
item `try_size_hint` not found for this struct
     |
     = note: this error originates in the derive macro `Arbitrary` (in Nightly 
builds, run with -Z macro-backtrace for more info)

error[E0599]: no function or associated item named `try_size_hint` found for 
struct `ConfigSettingContractComputeV0` in the current scope
    --> C:\Users\pc\.cargo\registry\src\index.crates.io-1949cf8c6b5b557f\stella
r-xdr-21.2.0\src\curr\generated.rs:3719:42
     |
3719 | #[cfg_attr(feature = "arbitrary", derive(Arbitrary))]
     |                                          ^^^^^^^^^ function or 
associated item not found in `ConfigSettingContractComputeV0`
...
3726 | pub struct ConfigSettingContractComputeV0 {
     | ----------------------------------------- function or associated item 
`try_size_hint` not found for this struct
     |
     = note: this error originates in the derive macro `Arbitrary` (in Nightly 
builds, run with -Z macro-backtrace for more info)

error[E0599]: no function or associated item named `try_size_hint` found for 
struct `ConfigSettingContractLedgerCostV0` in the current scope
    --> C:\Users\pc\.cargo\registry\src\index.crates.io-1949cf8c6b5b557f\stella
r-xdr-21.2.0\src\curr\generated.rs:3801:42
     |
3801 | #[cfg_attr(feature = "arbitrary", derive(Arbitrary))]
     |                                          ^^^^^^^^^ function or 
associated item not found in `ConfigSettingContractLedgerCostV0`
...
3808 | pub struct ConfigSettingContractLedgerCostV0 {
     | -------------------------------------------- function or associated 
item `try_size_hint` not found for this struct
     |
     = note: this error originates in the derive macro `Arbitrary` (in Nightly 
builds, run with -Z macro-backtrace for more info)

error[E0599]: no function or associated item named `try_size_hint` found for 
struct `ConfigSettingContractHistoricalDataV0` in the current scope
    --> C:\Users\pc\.cargo\registry\src\index.crates.io-1949cf8c6b5b557f\stella
r-xdr-21.2.0\src\curr\generated.rs:3885:42
     |
3885 | #[cfg_attr(feature = "arbitrary", derive(Arbitrary))]
     |                                          ^^^^^^^^^ function or 
associated item not found in `ConfigSettingContractHistoricalDataV0`
...
3892 | pub struct ConfigSettingContractHistoricalDataV0 {
     | ------------------------------------------------ function or associated 
item `try_size_hint` not found for this struct
     |
     = note: this error originates in the derive macro `Arbitrary` (in Nightly 
builds, run with -Z macro-backtrace for more info)

error[E0599]: no function or associated item named `try_size_hint` found for 
struct `ConfigSettingContractEventsV0` in the current scope
    --> C:\Users\pc\.cargo\registry\src\index.crates.io-1949cf8c6b5b557f\stella
r-xdr-21.2.0\src\curr\generated.rs:3930:42
     |
3930 | #[cfg_attr(feature = "arbitrary", derive(Arbitrary))]
     |                                          ^^^^^^^^^ function or 
associated item not found in `ConfigSettingContractEventsV0`
...
3937 | pub struct ConfigSettingContractEventsV0 {
     | ---------------------------------------- function or associated item 
`try_size_hint` not found for this struct
     |
     = note: this error originates in the derive macro `Arbitrary` (in Nightly 
builds, run with -Z macro-backtrace for more info)

error[E0599]: no function or associated item named `try_size_hint` found for 
struct `ConfigSettingContractBandwidthV0` in the current scope
    --> C:\Users\pc\.cargo\registry\src\index.crates.io-1949cf8c6b5b557f\stella
r-xdr-21.2.0\src\curr\generated.rs:3981:42
     |
3981 | #[cfg_attr(feature = "arbitrary", derive(Arbitrary))]
     |                                          ^^^^^^^^^ function or 
associated item not found in `ConfigSettingContractBandwidthV0`
...
3988 | pub struct ConfigSettingContractBandwidthV0 {
     | ------------------------------------------- function or associated item 
`try_size_hint` not found for this struct
     |
     = note: this error originates in the derive macro `Arbitrary` (in Nightly 
builds, run with -Z macro-backtrace for more info)

error[E0599]: no function or associated item named `try_size_hint` found for 
struct `ContractCostParamEntry` in the current scope
    --> C:\Users\pc\.cargo\registry\src\index.crates.io-1949cf8c6b5b557f\stella
r-xdr-21.2.0\src\curr\generated.rs:4455:42
     |
4455 | #[cfg_attr(feature = "arbitrary", derive(Arbitrary))]
     |                                          ^^^^^^^^^ function or 
associated item not found in `ContractCostParamEntry`
...
4462 | pub struct ContractCostParamEntry {
     | --------------------------------- function or associated item 
`try_size_hint` not found for this struct
     |
     = note: this error originates in the derive macro `Arbitrary` (in Nightly 
builds, run with -Z macro-backtrace for more info)

error[E0599]: no function or associated item named `try_size_hint` found for 
struct `StateArchivalSettings` in the current scope
    --> C:\Users\pc\.cargo\registry\src\index.crates.io-1949cf8c6b5b557f\stella
r-xdr-21.2.0\src\curr\generated.rs:4523:42
     |
4523 | #[cfg_attr(feature = "arbitrary", derive(Arbitrary))]
     |                                          ^^^^^^^^^ function or 
associated item not found in `StateArchivalSettings`
...
4530 | pub struct StateArchivalSettings {
     | -------------------------------- function or associated item 
`try_size_hint` not found for this struct
     |
     = note: this error originates in the derive macro `Arbitrary` (in Nightly 
builds, run with -Z macro-backtrace for more info)

error[E0599]: no function or associated item named `try_size_hint` found for 
struct `EvictionIterator` in the current scope
    --> C:\Users\pc\.cargo\registry\src\index.crates.io-1949cf8c6b5b557f\stella
r-xdr-21.2.0\src\curr\generated.rs:4593:42
     |
4593 | #[cfg_attr(feature = "arbitrary", derive(Arbitrary))]
     |                                          ^^^^^^^^^ function or 
associated item not found in `EvictionIterator`
...
4600 | pub struct EvictionIterator {
     | --------------------------- function or associated item `try_size_hint` 
not found for this struct
     |
     = note: this error originates in the derive macro `Arbitrary` (in Nightly 
builds, run with -Z macro-backtrace for more info)

error[E0599]: no function or associated item named `try_size_hint` found for 
struct `ContractCostParams` in the current scope
    --> C:\Users\pc\.cargo\registry\src\index.crates.io-1949cf8c6b5b557f\stella
r-xdr-21.2.0\src\curr\generated.rs:4646:42
     |
4646 | #[cfg_attr(feature = "arbitrary", derive(Arbitrary))]
     |                                          ^^^^^^^^^ function or 
associated item not found in `ContractCostParams`
...
4655 | pub struct ContractCostParams(pub VecM<ContractCostParamEntry, 1024>);
     | ----------------------------- function or associated item 
`try_size_hint` not found for this struct
     |
     = note: this error originates in the derive macro `Arbitrary` (in Nightly 
builds, run with -Z macro-backtrace for more info)

error[E0599]: no variant or associated item named `try_size_hint` found for 
enum `ConfigSettingEntry` in the current scope
    --> C:\Users\pc\.cargo\registry\src\index.crates.io-1949cf8c6b5b557f\stella
r-xdr-21.2.0\src\curr\generated.rs:4967:42
     |
4967 | #[cfg_attr(feature = "arbitrary", derive(Arbitrary))]
     |                                          ^^^^^^^^^ variant or 
associated item not found in `ConfigSettingEntry`
...
4975 | pub enum ConfigSettingEntry {
     | --------------------------- variant or associated item `try_size_hint` 
not found for this enum
     |
     = note: this error originates in the derive macro `Arbitrary` (in Nightly 
builds, run with -Z macro-backtrace for more info)

error[E0599]: no variant or associated item named `try_size_hint` found for 
enum `ScEnvMetaEntry` in the current scope
    --> C:\Users\pc\.cargo\registry\src\index.crates.io-1949cf8c6b5b557f\stella
r-xdr-21.2.0\src\curr\generated.rs:5297:42
     |
5297 | #[cfg_attr(feature = "arbitrary", derive(Arbitrary))]
     |                                          ^^^^^^^^^ variant or 
associated item not found in `ScEnvMetaEntry`
...
5305 | pub enum ScEnvMetaEntry {
     | ----------------------- variant or associated item `try_size_hint` not 
found for this enum
     |
     = note: this error originates in the derive macro `Arbitrary` (in Nightly 
builds, run with -Z macro-backtrace for more info)

error[E0599]: no function or associated item named `try_size_hint` found for 
struct `ScMetaV0` in the current scope
    --> C:\Users\pc\.cargo\registry\src\index.crates.io-1949cf8c6b5b557f\stella
r-xdr-21.2.0\src\curr\generated.rs:5399:42
     |
5399 | #[cfg_attr(feature = "arbitrary", derive(Arbitrary))]
     |                                          ^^^^^^^^^ function or 
associated item not found in `ScMetaV0`
...
5406 | pub struct ScMetaV0 {
     | ------------------- function or associated item `try_size_hint` not 
found for this struct
     |
     = note: this error originates in the derive macro `Arbitrary` (in Nightly 
builds, run with -Z macro-backtrace for more info)

error[E0599]: no variant or associated item named `try_size_hint` found for 
enum `ScMetaEntry` in the current scope
    --> C:\Users\pc\.cargo\registry\src\index.crates.io-1949cf8c6b5b557f\stella
r-xdr-21.2.0\src\curr\generated.rs:5548:42
     |
5548 | #[cfg_attr(feature = "arbitrary", derive(Arbitrary))]
     |                                          ^^^^^^^^^ variant or 
associated item not found in `ScMetaEntry`
...
5556 | pub enum ScMetaEntry {
     | -------------------- variant or associated item `try_size_hint` not 
found for this enum
     |
     = note: this error originates in the derive macro `Arbitrary` (in Nightly 
builds, run with -Z macro-backtrace for more info)

error[E0599]: no function or associated item named `try_size_hint` found for 
struct `ScSpecTypeOption` in the current scope
    --> C:\Users\pc\.cargo\registry\src\index.crates.io-1949cf8c6b5b557f\stella
r-xdr-21.2.0\src\curr\generated.rs:5911:42
     |
5911 | #[cfg_attr(feature = "arbitrary", derive(Arbitrary))]
     |                                          ^^^^^^^^^ function or 
associated item not found in `ScSpecTypeOption`
...
5918 | pub struct ScSpecTypeOption {
     | --------------------------- function or associated item `try_size_hint` 
not found for this struct
     |
     = note: this error originates in the derive macro `Arbitrary` (in Nightly 
builds, run with -Z macro-backtrace for more info)

error[E0599]: no function or associated item named `try_size_hint` found for 
struct `ScSpecTypeResult` in the current scope
    --> C:\Users\pc\.cargo\registry\src\index.crates.io-1949cf8c6b5b557f\stella
r-xdr-21.2.0\src\curr\generated.rs:5954:42
     |
5954 | #[cfg_attr(feature = "arbitrary", derive(Arbitrary))]
     |                                          ^^^^^^^^^ function or 
associated item not found in `ScSpecTypeResult`
...
5961 | pub struct ScSpecTypeResult {
     | --------------------------- function or associated item `try_size_hint` 
not found for this struct
     |
     = note: this error originates in the derive macro `Arbitrary` (in Nightly 
builds, run with -Z macro-backtrace for more info)

error[E0599]: no function or associated item named `try_size_hint` found for 
struct `ScSpecTypeVec` in the current scope
    --> C:\Users\pc\.cargo\registry\src\index.crates.io-1949cf8c6b5b557f\stella
r-xdr-21.2.0\src\curr\generated.rs:5999:42
     |
5999 | #[cfg_attr(feature = "arbitrary", derive(Arbitrary))]
     |                                          ^^^^^^^^^ function or 
associated item not found in `ScSpecTypeVec`
...
6006 | pub struct ScSpecTypeVec {
     | ------------------------ function or associated item `try_size_hint` 
not found for this struct
     |
     = note: this error originates in the derive macro `Arbitrary` (in Nightly 
builds, run with -Z macro-backtrace for more info)

error[E0599]: no function or associated item named `try_size_hint` found for 
struct `ScSpecTypeMap` in the current scope
    --> C:\Users\pc\.cargo\registry\src\index.crates.io-1949cf8c6b5b557f\stella
r-xdr-21.2.0\src\curr\generated.rs:6042:42
     |
6042 | #[cfg_attr(feature = "arbitrary", derive(Arbitrary))]
     |                                          ^^^^^^^^^ function or 
associated item not found in `ScSpecTypeMap`
...
6049 | pub struct ScSpecTypeMap {
     | ------------------------ function or associated item `try_size_hint` 
not found for this struct
     |
     = note: this error originates in the derive macro `Arbitrary` (in Nightly 
builds, run with -Z macro-backtrace for more info)

error[E0599]: no function or associated item named `try_size_hint` found for 
struct `ScSpecTypeTuple` in the current scope
    --> C:\Users\pc\.cargo\registry\src\index.crates.io-1949cf8c6b5b557f\stella
r-xdr-21.2.0\src\curr\generated.rs:6087:42
     |
6087 | #[cfg_attr(feature = "arbitrary", derive(Arbitrary))]
     |                                          ^^^^^^^^^ function or 
associated item not found in `ScSpecTypeTuple`
...
6094 | pub struct ScSpecTypeTuple {
     | -------------------------- function or associated item `try_size_hint` 
not found for this struct
     |
     = note: this error originates in the derive macro `Arbitrary` (in Nightly 
builds, run with -Z macro-backtrace for more info)

error[E0599]: no function or associated item named `try_size_hint` found for 
struct `ScSpecTypeBytesN` in the current scope
    --> C:\Users\pc\.cargo\registry\src\index.crates.io-1949cf8c6b5b557f\stella
r-xdr-21.2.0\src\curr\generated.rs:6129:42
     |
6129 | #[cfg_attr(feature = "arbitrary", derive(Arbitrary))]
     |                                          ^^^^^^^^^ function or 
associated item not found in `ScSpecTypeBytesN`
...
6136 | pub struct ScSpecTypeBytesN {
     | --------------------------- function or associated item `try_size_hint` 
not found for this struct
     |
     = note: this error originates in the derive macro `Arbitrary` (in Nightly 
builds, run with -Z macro-backtrace for more info)

error[E0599]: no function or associated item named `try_size_hint` found for 
struct `ScSpecTypeUdt` in the current scope
    --> C:\Users\pc\.cargo\registry\src\index.crates.io-1949cf8c6b5b557f\stella
r-xdr-21.2.0\src\curr\generated.rs:6171:42
     |
6171 | #[cfg_attr(feature = "arbitrary", derive(Arbitrary))]
     |                                          ^^^^^^^^^ function or 
associated item not found in `ScSpecTypeUdt`
...
6178 | pub struct ScSpecTypeUdt {
     | ------------------------ function or associated item `try_size_hint` 
not found for this struct
     |
     = note: this error originates in the derive macro `Arbitrary` (in Nightly 
builds, run with -Z macro-backtrace for more info)

error[E0599]: no variant or associated item named `try_size_hint` found for 
enum `ScSpecTypeDef` in the current scope
    --> C:\Users\pc\.cargo\registry\src\index.crates.io-1949cf8c6b5b557f\stella
r-xdr-21.2.0\src\curr\generated.rs:6246:42
     |
6246 | #[cfg_attr(feature = "arbitrary", derive(Arbitrary))]
     |                                          ^^^^^^^^^ variant or 
associated item not found in `ScSpecTypeDef`
...
6254 | pub enum ScSpecTypeDef {
     | ---------------------- variant or associated item `try_size_hint` not 
found for this enum
     |
     = note: this error originates in the derive macro `Arbitrary` (in Nightly 
builds, run with -Z macro-backtrace for more info)

error[E0599]: no function or associated item named `try_size_hint` found for 
struct `ScSpecUdtStructFieldV0` in the current scope
    --> C:\Users\pc\.cargo\registry\src\index.crates.io-1949cf8c6b5b557f\stella
r-xdr-21.2.0\src\curr\generated.rs:6519:42
     |
6519 | #[cfg_attr(feature = "arbitrary", derive(Arbitrary))]
     |                                          ^^^^^^^^^ function or 
associated item not found in `ScSpecUdtStructFieldV0`
...
6526 | pub struct ScSpecUdtStructFieldV0 {
     | --------------------------------- function or associated item 
`try_size_hint` not found for this struct
     |
     = note: this error originates in the derive macro `Arbitrary` (in Nightly 
builds, run with -Z macro-backtrace for more info)

error[E0599]: no function or associated item named `try_size_hint` found for 
struct `ScSpecUdtStructV0` in the current scope
    --> C:\Users\pc\.cargo\registry\src\index.crates.io-1949cf8c6b5b557f\stella
r-xdr-21.2.0\src\curr\generated.rs:6570:42
     |
6570 | #[cfg_attr(feature = "arbitrary", derive(Arbitrary))]
     |                                          ^^^^^^^^^ function or 
associated item not found in `ScSpecUdtStructV0`
...
6577 | pub struct ScSpecUdtStructV0 {
     | ---------------------------- function or associated item 
`try_size_hint` not found for this struct
     |
     = note: this error originates in the derive macro `Arbitrary` (in Nightly 
builds, run with -Z macro-backtrace for more info)

error[E0599]: no function or associated item named `try_size_hint` found for 
struct `ScSpecUdtUnionCaseVoidV0` in the current scope
    --> C:\Users\pc\.cargo\registry\src\index.crates.io-1949cf8c6b5b557f\stella
r-xdr-21.2.0\src\curr\generated.rs:6622:42
     |
6622 | #[cfg_attr(feature = "arbitrary", derive(Arbitrary))]
     |                                          ^^^^^^^^^ function or 
associated item not found in `ScSpecUdtUnionCaseVoidV0`
...
6629 | pub struct ScSpecUdtUnionCaseVoidV0 {
     | ----------------------------------- function or associated item 
`try_size_hint` not found for this struct
     |
     = note: this error originates in the derive macro `Arbitrary` (in Nightly 
builds, run with -Z macro-backtrace for more info)

error[E0599]: no function or associated item named `try_size_hint` found for 
struct `ScSpecUdtUnionCaseTupleV0` in the current scope
    --> C:\Users\pc\.cargo\registry\src\index.crates.io-1949cf8c6b5b557f\stella
r-xdr-21.2.0\src\curr\generated.rs:6669:42
     |
6669 | #[cfg_attr(feature = "arbitrary", derive(Arbitrary))]
     |                                          ^^^^^^^^^ function or 
associated item not found in `ScSpecUdtUnionCaseTupleV0`
...
6676 | pub struct ScSpecUdtUnionCaseTupleV0 {
     | ------------------------------------ function or associated item 
`try_size_hint` not found for this struct
     |
     = note: this error originates in the derive macro `Arbitrary` (in Nightly 
builds, run with -Z macro-backtrace for more info)

error[E0599]: no variant or associated item named `try_size_hint` found for 
enum `ScSpecUdtUnionCaseV0` in the current scope
    --> C:\Users\pc\.cargo\registry\src\index.crates.io-1949cf8c6b5b557f\stella
r-xdr-21.2.0\src\curr\generated.rs:6830:42
     |
6830 | #[cfg_attr(feature = "arbitrary", derive(Arbitrary))]
     |                                          ^^^^^^^^^ variant or 
associated item not found in `ScSpecUdtUnionCaseV0`
...
6838 | pub enum ScSpecUdtUnionCaseV0 {
     | ----------------------------- variant or associated item 
`try_size_hint` not found for this enum
     |
     = note: this error originates in the derive macro `Arbitrary` (in Nightly 
builds, run with -Z macro-backtrace for more info)

error[E0599]: no function or associated item named `try_size_hint` found for 
struct `ScSpecUdtUnionV0` in the current scope
    --> C:\Users\pc\.cargo\registry\src\index.crates.io-1949cf8c6b5b557f\stella
r-xdr-21.2.0\src\curr\generated.rs:6944:42
     |
6944 | #[cfg_attr(feature = "arbitrary", derive(Arbitrary))]
     |                                          ^^^^^^^^^ function or 
associated item not found in `ScSpecUdtUnionV0`
...
6951 | pub struct ScSpecUdtUnionV0 {
     | --------------------------- function or associated item `try_size_hint` 
not found for this struct
     |
     = note: this error originates in the derive macro `Arbitrary` (in Nightly 
builds, run with -Z macro-backtrace for more info)

error[E0599]: no function or associated item named `try_size_hint` found for 
struct `ScSpecUdtEnumCaseV0` in the current scope
    --> C:\Users\pc\.cargo\registry\src\index.crates.io-1949cf8c6b5b557f\stella
r-xdr-21.2.0\src\curr\generated.rs:6997:42
     |
6997 | #[cfg_attr(feature = "arbitrary", derive(Arbitrary))]
     |                                          ^^^^^^^^^ function or 
associated item not found in `ScSpecUdtEnumCaseV0`
...
7004 | pub struct ScSpecUdtEnumCaseV0 {
     | ------------------------------ function or associated item 
`try_size_hint` not found for this struct
     |
     = note: this error originates in the derive macro `Arbitrary` (in Nightly 
builds, run with -Z macro-backtrace for more info)

error[E0599]: no function or associated item named `try_size_hint` found for 
struct `ScSpecUdtEnumV0` in the current scope
    --> C:\Users\pc\.cargo\registry\src\index.crates.io-1949cf8c6b5b557f\stella
r-xdr-21.2.0\src\curr\generated.rs:7048:42
     |
7048 | #[cfg_attr(feature = "arbitrary", derive(Arbitrary))]
     |                                          ^^^^^^^^^ function or 
associated item not found in `ScSpecUdtEnumV0`
...
7055 | pub struct ScSpecUdtEnumV0 {
     | -------------------------- function or associated item `try_size_hint` 
not found for this struct
     |
     = note: this error originates in the derive macro `Arbitrary` (in Nightly 
builds, run with -Z macro-backtrace for more info)

error[E0599]: no function or associated item named `try_size_hint` found for 
struct `ScSpecUdtErrorEnumCaseV0` in the current scope
    --> C:\Users\pc\.cargo\registry\src\index.crates.io-1949cf8c6b5b557f\stella
r-xdr-21.2.0\src\curr\generated.rs:7101:42
     |
7101 | #[cfg_attr(feature = "arbitrary", derive(Arbitrary))]
     |                                          ^^^^^^^^^ function or 
associated item not found in `ScSpecUdtErrorEnumCaseV0`
...
7108 | pub struct ScSpecUdtErrorEnumCaseV0 {
     | ----------------------------------- function or associated item 
`try_size_hint` not found for this struct
     |
     = note: this error originates in the derive macro `Arbitrary` (in Nightly 
builds, run with -Z macro-backtrace for more info)

error[E0599]: no function or associated item named `try_size_hint` found for 
struct `ScSpecUdtErrorEnumV0` in the current scope
    --> C:\Users\pc\.cargo\registry\src\index.crates.io-1949cf8c6b5b557f\stella
r-xdr-21.2.0\src\curr\generated.rs:7152:42
     |
7152 | #[cfg_attr(feature = "arbitrary", derive(Arbitrary))]
     |                                          ^^^^^^^^^ function or 
associated item not found in `ScSpecUdtErrorEnumV0`
...
7159 | pub struct ScSpecUdtErrorEnumV0 {
     | ------------------------------- function or associated item 
`try_size_hint` not found for this struct
     |
     = note: this error originates in the derive macro `Arbitrary` (in Nightly 
builds, run with -Z macro-backtrace for more info)

error[E0599]: no function or associated item named `try_size_hint` found for 
struct `ScSpecFunctionInputV0` in the current scope
    --> C:\Users\pc\.cargo\registry\src\index.crates.io-1949cf8c6b5b557f\stella
r-xdr-21.2.0\src\curr\generated.rs:7205:42
     |
7205 | #[cfg_attr(feature = "arbitrary", derive(Arbitrary))]
     |                                          ^^^^^^^^^ function or 
associated item not found in `ScSpecFunctionInputV0`
...
7212 | pub struct ScSpecFunctionInputV0 {
     | -------------------------------- function or associated item 
`try_size_hint` not found for this struct
     |
     = note: this error originates in the derive macro `Arbitrary` (in Nightly 
builds, run with -Z macro-backtrace for more info)

error[E0599]: no function or associated item named `try_size_hint` found for 
struct `ScSpecFunctionV0` in the current scope
    --> C:\Users\pc\.cargo\registry\src\index.crates.io-1949cf8c6b5b557f\stella
r-xdr-21.2.0\src\curr\generated.rs:7256:42
     |
7256 | #[cfg_attr(feature = "arbitrary", derive(Arbitrary))]
     |                                          ^^^^^^^^^ function or 
associated item not found in `ScSpecFunctionV0`
...
7263 | pub struct ScSpecFunctionV0 {
     | --------------------------- function or associated item `try_size_hint` 
not found for this struct
     |
     = note: this error originates in the derive macro `Arbitrary` (in Nightly 
builds, run with -Z macro-backtrace for more info)

error[E0599]: no variant or associated item named `try_size_hint` found for 
enum `ScSpecEntry` in the current scope
    --> C:\Users\pc\.cargo\registry\src\index.crates.io-1949cf8c6b5b557f\stella
r-xdr-21.2.0\src\curr\generated.rs:7447:42
     |
7447 | #[cfg_attr(feature = "arbitrary", derive(Arbitrary))]
     |                                          ^^^^^^^^^ variant or 
associated item not found in `ScSpecEntry`
...
7455 | pub enum ScSpecEntry {
     | -------------------- variant or associated item `try_size_hint` not 
found for this enum
     |
     = note: this error originates in the derive macro `Arbitrary` (in Nightly 
builds, run with -Z macro-backtrace for more info)

error[E0599]: no variant or associated item named `try_size_hint` found for 
enum `generated::ScError` in the current scope
    --> C:\Users\pc\.cargo\registry\src\index.crates.io-1949cf8c6b5b557f\stella
r-xdr-21.2.0\src\curr\generated.rs:8165:42
     |
8165 | #[cfg_attr(feature = "arbitrary", derive(Arbitrary))]
     |                                          ^^^^^^^^^ variant or 
associated item not found in `generated::ScError`
...
8173 | pub enum ScError {
     | ---------------- variant or associated item `try_size_hint` not found 
for this enum
     |
     = note: this error originates in the derive macro `Arbitrary` (in Nightly 
builds, run with -Z macro-backtrace for more info)

error[E0599]: no function or associated item named `try_size_hint` found for 
struct `generated::UInt128Parts` in the current scope
    --> C:\Users\pc\.cargo\registry\src\index.crates.io-1949cf8c6b5b557f\stella
r-xdr-21.2.0\src\curr\generated.rs:8323:42
     |
8323 | #[cfg_attr(feature = "arbitrary", derive(Arbitrary))]
     |                                          ^^^^^^^^^ function or 
associated item not found in `generated::UInt128Parts`
...
8330 | pub struct UInt128Parts {
     | ----------------------- function or associated item `try_size_hint` not 
found for this struct
     |
     = note: this error originates in the derive macro `Arbitrary` (in Nightly 
builds, run with -Z macro-backtrace for more info)

error[E0599]: no function or associated item named `try_size_hint` found for 
struct `generated::Int128Parts` in the current scope
    --> C:\Users\pc\.cargo\registry\src\index.crates.io-1949cf8c6b5b557f\stella
r-xdr-21.2.0\src\curr\generated.rs:8368:42
     |
8368 | #[cfg_attr(feature = "arbitrary", derive(Arbitrary))]
     |                                          ^^^^^^^^^ function or 
associated item not found in `generated::Int128Parts`
...
8375 | pub struct Int128Parts {
     | ---------------------- function or associated item `try_size_hint` not 
found for this struct
     |
     = note: this error originates in the derive macro `Arbitrary` (in Nightly 
builds, run with -Z macro-backtrace for more info)

error[E0599]: no function or associated item named `try_size_hint` found for 
struct `UInt256Parts` in the current scope
    --> C:\Users\pc\.cargo\registry\src\index.crates.io-1949cf8c6b5b557f\stella
r-xdr-21.2.0\src\curr\generated.rs:8415:42
     |
8415 | #[cfg_attr(feature = "arbitrary", derive(Arbitrary))]
     |                                          ^^^^^^^^^ function or 
associated item not found in `UInt256Parts`
...
8422 | pub struct UInt256Parts {
     | ----------------------- function or associated item `try_size_hint` not 
found for this struct
     |
     = note: this error originates in the derive macro `Arbitrary` (in Nightly 
builds, run with -Z macro-backtrace for more info)

error[E0599]: no function or associated item named `try_size_hint` found for 
struct `Int256Parts` in the current scope
    --> C:\Users\pc\.cargo\registry\src\index.crates.io-1949cf8c6b5b557f\stella
r-xdr-21.2.0\src\curr\generated.rs:8468:42
     |
8468 | #[cfg_attr(feature = "arbitrary", derive(Arbitrary))]
     |                                          ^^^^^^^^^ function or 
associated item not found in `Int256Parts`
...
8475 | pub struct Int256Parts {
     | ---------------------- function or associated item `try_size_hint` not 
found for this struct
     |
     = note: this error originates in the derive macro `Arbitrary` (in Nightly 
builds, run with -Z macro-backtrace for more info)

error[E0599]: no variant or associated item named `try_size_hint` found for 
enum `ContractExecutable` in the current scope
    --> C:\Users\pc\.cargo\registry\src\index.crates.io-1949cf8c6b5b557f\stella
r-xdr-21.2.0\src\curr\generated.rs:8632:42
     |
8632 | #[cfg_attr(feature = "arbitrary", derive(Arbitrary))]
     |                                          ^^^^^^^^^ variant or 
associated item not found in `ContractExecutable`
...
8640 | pub enum ContractExecutable {
     | --------------------------- variant or associated item `try_size_hint` 
not found for this enum
     |
     = note: this error originates in the derive macro `Arbitrary` (in Nightly 
builds, run with -Z macro-backtrace for more info)

error[E0599]: no variant or associated item named `try_size_hint` found for 
enum `generated::ScAddress` in the current scope
    --> C:\Users\pc\.cargo\registry\src\index.crates.io-1949cf8c6b5b557f\stella
r-xdr-21.2.0\src\curr\generated.rs:8849:42
     |
8849 | #[cfg_attr(feature = "arbitrary", derive(Arbitrary))]
     |                                          ^^^^^^^^^ variant or 
associated item not found in `generated::ScAddress`
...
8855 | pub enum ScAddress {
     | ------------------ variant or associated item `try_size_hint` not found 
for this enum
     |
     = note: this error originates in the derive macro `Arbitrary` (in Nightly 
builds, run with -Z macro-backtrace for more info)

error[E0599]: no function or associated item named `try_size_hint` found for 
struct `generated::ScVec` in the current scope
    --> C:\Users\pc\.cargo\registry\src\index.crates.io-1949cf8c6b5b557f\stella
r-xdr-21.2.0\src\curr\generated.rs:8956:42
     |
8956 | #[cfg_attr(feature = "arbitrary", derive(Arbitrary))]
     |                                          ^^^^^^^^^ function or 
associated item not found in `generated::ScVec`
...
8965 | pub struct ScVec(pub VecM<ScVal>);
     | ---------------- function or associated item `try_size_hint` not found 
for this struct
     |
     = note: this error originates in the derive macro `Arbitrary` (in Nightly 
builds, run with -Z macro-backtrace for more info)

error[E0599]: no function or associated item named `try_size_hint` found for 
struct `generated::ScMap` in the current scope
    --> C:\Users\pc\.cargo\registry\src\index.crates.io-1949cf8c6b5b557f\stella
r-xdr-21.2.0\src\curr\generated.rs:9062:42
     |
9062 | #[cfg_attr(feature = "arbitrary", derive(Arbitrary))]
     |                                          ^^^^^^^^^ function or 
associated item not found in `generated::ScMap`
...
9071 | pub struct ScMap(pub VecM<ScMapEntry>);
     | ---------------- function or associated item `try_size_hint` not found 
for this struct
     |
note: if you're trying to build a new `generated::ScMap` consider using one of 
the following associated functions:
      scmap::<impl generated::ScMap>::sorted_from_entries
      scmap::<impl generated::ScMap>::sorted_from_pairs
      scmap::<impl generated::ScMap>::sorted_from
    --> C:\Users\pc\.cargo\registry\src\index.crates.io-1949cf8c6b5b557f\stella
r-xdr-21.2.0\src\curr\scmap.rs:8:5
     |
   8 | /     pub fn sorted_from_entries<I, E>(entries: I) -> Result<ScMap, 
Error>
   9 | |     where
  10 | |         E: TryInto<ScMapEntry>,
  11 | |         I: Iterator<Item = E>,
     | |______________________________^
...
  25 | /     pub fn sorted_from_pairs<K, V, I>(pairs: I) -> Result<ScMap, 
Error>
  26 | |     where
  27 | |         K: TryInto<ScVal>,
  28 | |         V: TryInto<ScVal>,
  29 | |         I: Iterator<Item = (K, V)>,
     | |___________________________________^
...
  34 | /     pub fn sorted_from<I, E>(src: I) -> Result<ScMap, Error>
  35 | |     where
  36 | |         E: TryInto<ScMapEntry>,
  37 | |         I: IntoIterator<Item = E>,
     | |__________________________________^
     = note: this error originates in the derive macro `Arbitrary` (in Nightly 
builds, run with -Z macro-backtrace for more info)

error[E0599]: no function or associated item named `try_size_hint` found for 
struct `generated::ScBytes` in the current scope
    --> C:\Users\pc\.cargo\registry\src\index.crates.io-1949cf8c6b5b557f\stella
r-xdr-21.2.0\src\curr\generated.rs:9168:42
     |
9168 | #[cfg_attr(feature = "arbitrary", derive(Arbitrary))]
     |                                          ^^^^^^^^^ function or 
associated item not found in `generated::ScBytes`
...
9177 | pub struct ScBytes(pub BytesM);
     | ------------------ function or associated item `try_size_hint` not 
found for this struct
     |
     = note: this error originates in the derive macro `Arbitrary` (in Nightly 
builds, run with -Z macro-backtrace for more info)

error[E0599]: no function or associated item named `try_size_hint` found for 
struct `ScString` in the current scope
    --> C:\Users\pc\.cargo\registry\src\index.crates.io-1949cf8c6b5b557f\stella
r-xdr-21.2.0\src\curr\generated.rs:9274:42
     |
9274 | #[cfg_attr(feature = "arbitrary", derive(Arbitrary))]
     |                                          ^^^^^^^^^ function or 
associated item not found in `ScString`
...
9283 | pub struct ScString(pub StringM);
     | ------------------- function or associated item `try_size_hint` not 
found for this struct
     |
     = note: this error originates in the derive macro `Arbitrary` (in Nightly 
builds, run with -Z macro-backtrace for more info)

error[E0599]: no function or associated item named `try_size_hint` found for 
struct `generated::ScSymbol` in the current scope
    --> C:\Users\pc\.cargo\registry\src\index.crates.io-1949cf8c6b5b557f\stella
r-xdr-21.2.0\src\curr\generated.rs:9380:42
     |
9380 | #[cfg_attr(feature = "arbitrary", derive(Arbitrary))]
     |                                          ^^^^^^^^^ function or 
associated item not found in `generated::ScSymbol`
...
9389 | pub struct ScSymbol(pub StringM<32>);
     | ------------------- function or associated item `try_size_hint` not 
found for this struct
     |
     = note: this error originates in the derive macro `Arbitrary` (in Nightly 
builds, run with -Z macro-backtrace for more info)

error[E0599]: no function or associated item named `try_size_hint` found for 
struct `ScNonceKey` in the current scope
    --> C:\Users\pc\.cargo\registry\src\index.crates.io-1949cf8c6b5b557f\stella
r-xdr-21.2.0\src\curr\generated.rs:9488:42
     |
9488 | #[cfg_attr(feature = "arbitrary", derive(Arbitrary))]
     |                                          ^^^^^^^^^ function or 
associated item not found in `ScNonceKey`
...
9495 | pub struct ScNonceKey {
     | --------------------- function or associated item `try_size_hint` not 
found for this struct
     |
     = note: this error originates in the derive macro `Arbitrary` (in Nightly 
builds, run with -Z macro-backtrace for more info)

error[E0599]: no function or associated item named `try_size_hint` found for 
struct `ScContractInstance` in the current scope
    --> C:\Users\pc\.cargo\registry\src\index.crates.io-1949cf8c6b5b557f\stella
r-xdr-21.2.0\src\curr\generated.rs:9530:42
     |
9530 | #[cfg_attr(feature = "arbitrary", derive(Arbitrary))]
     |                                          ^^^^^^^^^ function or 
associated item not found in `ScContractInstance`
...
9537 | pub struct ScContractInstance {
     | ----------------------------- function or associated item 
`try_size_hint` not found for this struct
     |
     = note: this error originates in the derive macro `Arbitrary` (in Nightly 
builds, run with -Z macro-backtrace for more info)

error[E0599]: no variant or associated item named `try_size_hint` found for 
enum `generated::ScVal` in the current scope
    --> C:\Users\pc\.cargo\registry\src\index.crates.io-1949cf8c6b5b557f\stella
r-xdr-21.2.0\src\curr\generated.rs:9633:42
     |
9633 | #[cfg_attr(feature = "arbitrary", derive(Arbitrary))]
     |                                          ^^^^^^^^^ variant or 
associated item not found in `generated::ScVal`
...
9641 | pub enum ScVal {
     | -------------- variant or associated item `try_size_hint` not found for 
this enum
     |
     = note: this error originates in the derive macro `Arbitrary` (in Nightly 
builds, run with -Z macro-backtrace for more info)

error[E0599]: no function or associated item named `try_size_hint` found for 
struct `generated::ScMapEntry` in the current scope
    --> C:\Users\pc\.cargo\registry\src\index.crates.io-1949cf8c6b5b557f\stella
r-xdr-21.2.0\src\curr\generated.rs:9886:42
     |
9886 | #[cfg_attr(feature = "arbitrary", derive(Arbitrary))]
     |                                          ^^^^^^^^^ function or 
associated item not found in `generated::ScMapEntry`
...
9893 | pub struct ScMapEntry {
     | --------------------- function or associated item `try_size_hint` not 
found for this struct
     |
     = note: this error originates in the derive macro `Arbitrary` (in Nightly 
builds, run with -Z macro-backtrace for more info)

error[E0599]: no variant or associated item named `try_size_hint` found for 
enum `StoredTransactionSet` in the current scope
    --> C:\Users\pc\.cargo\registry\src\index.crates.io-1949cf8c6b5b557f\stella
r-xdr-21.2.0\src\curr\generated.rs:9935:42
     |
9935 | #[cfg_attr(feature = "arbitrary", derive(Arbitrary))]
     |                                          ^^^^^^^^^ variant or 
associated item not found in `StoredTransactionSet`
...
9943 | pub enum StoredTransactionSet {
     | ----------------------------- variant or associated item 
`try_size_hint` not found for this enum
     |
     = note: this error originates in the derive macro `Arbitrary` (in Nightly 
builds, run with -Z macro-backtrace for more info)

error[E0599]: no function or associated item named `try_size_hint` found for 
struct `StoredDebugTransactionSet` in the current scope
     --> C:\Users\pc\.cargo\registry\src\index.crates.io-1949cf8c6b5b557f\stell
ar-xdr-21.2.0\src\curr\generated.rs:10041:42
      |
10041 | #[cfg_attr(feature = "arbitrary", derive(Arbitrary))]
      |                                          ^^^^^^^^^ function or 
associated item not found in `StoredDebugTransactionSet`
...
10048 | pub struct StoredDebugTransactionSet {
      | ------------------------------------ function or associated item 
`try_size_hint` not found for this struct
      |
      = note: this error originates in the derive macro `Arbitrary` (in 
Nightly builds, run with -Z macro-backtrace for more info)

error[E0599]: no function or associated item named `try_size_hint` found for 
struct `PersistedScpStateV0` in the current scope
     --> C:\Users\pc\.cargo\registry\src\index.crates.io-1949cf8c6b5b557f\stell
ar-xdr-21.2.0\src\curr\generated.rs:10091:42
      |
10091 | #[cfg_attr(feature = "arbitrary", derive(Arbitrary))]
      |                                          ^^^^^^^^^ function or 
associated item not found in `PersistedScpStateV0`
...
10098 | pub struct PersistedScpStateV0 {
      | ------------------------------ function or associated item 
`try_size_hint` not found for this struct
      |
      = note: this error originates in the derive macro `Arbitrary` (in 
Nightly builds, run with -Z macro-backtrace for more info)

error[E0599]: no function or associated item named `try_size_hint` found for 
struct `PersistedScpStateV1` in the current scope
     --> C:\Users\pc\.cargo\registry\src\index.crates.io-1949cf8c6b5b557f\stell
ar-xdr-21.2.0\src\curr\generated.rs:10141:42
      |
10141 | #[cfg_attr(feature = "arbitrary", derive(Arbitrary))]
      |                                          ^^^^^^^^^ function or 
associated item not found in `PersistedScpStateV1`
...
10148 | pub struct PersistedScpStateV1 {
      | ------------------------------ function or associated item 
`try_size_hint` not found for this struct
      |
      = note: this error originates in the derive macro `Arbitrary` (in 
Nightly builds, run with -Z macro-backtrace for more info)

error[E0599]: no variant or associated item named `try_size_hint` found for 
enum `PersistedScpState` in the current scope
     --> C:\Users\pc\.cargo\registry\src\index.crates.io-1949cf8c6b5b557f\stell
ar-xdr-21.2.0\src\curr\generated.rs:10190:42
      |
10190 | #[cfg_attr(feature = "arbitrary", derive(Arbitrary))]
      |                                          ^^^^^^^^^ variant or 
associated item not found in `PersistedScpState`
...
10198 | pub enum PersistedScpState {
      | -------------------------- variant or associated item `try_size_hint` 
not found for this enum
      |
      = note: this error originates in the derive macro `Arbitrary` (in 
Nightly builds, run with -Z macro-backtrace for more info)

error[E0599]: no function or associated item named `try_size_hint` found for 
struct `Thresholds` in the current scope
     --> C:\Users\pc\.cargo\registry\src\index.crates.io-1949cf8c6b5b557f\stell
ar-xdr-21.2.0\src\curr\generated.rs:10291:42
      |
10291 | #[cfg_attr(feature = "arbitrary", derive(Arbitrary))]
      |                                          ^^^^^^^^^ function or 
associated item not found in `Thresholds`
...
10296 | pub struct Thresholds(pub [u8; 4]);
      | --------------------- function or associated item `try_size_hint` not 
found for this struct
      |
      = note: this error originates in the derive macro `Arbitrary` (in 
Nightly builds, run with -Z macro-backtrace for more info)

error[E0599]: no function or associated item named `try_size_hint` found for 
struct `String32` in the current scope
     --> C:\Users\pc\.cargo\registry\src\index.crates.io-1949cf8c6b5b557f\stell
ar-xdr-21.2.0\src\curr\generated.rs:10442:42
      |
10442 | #[cfg_attr(feature = "arbitrary", derive(Arbitrary))]
      |                                          ^^^^^^^^^ function or 
associated item not found in `String32`
...
10451 | pub struct String32(pub StringM<32>);
      | ------------------- function or associated item `try_size_hint` not 
found for this struct
      |
      = note: this error originates in the derive macro `Arbitrary` (in 
Nightly builds, run with -Z macro-backtrace for more info)

error[E0599]: no function or associated item named `try_size_hint` found for 
struct `String64` in the current scope
     --> C:\Users\pc\.cargo\registry\src\index.crates.io-1949cf8c6b5b557f\stell
ar-xdr-21.2.0\src\curr\generated.rs:10548:42
      |
10548 | #[cfg_attr(feature = "arbitrary", derive(Arbitrary))]
      |                                          ^^^^^^^^^ function or 
associated item not found in `String64`
...
10557 | pub struct String64(pub StringM<64>);
      | ------------------- function or associated item `try_size_hint` not 
found for this struct
      |
      = note: this error originates in the derive macro `Arbitrary` (in 
Nightly builds, run with -Z macro-backtrace for more info)

error[E0599]: no function or associated item named `try_size_hint` found for 
struct `SequenceNumber` in the current scope
     --> C:\Users\pc\.cargo\registry\src\index.crates.io-1949cf8c6b5b557f\stell
ar-xdr-21.2.0\src\curr\generated.rs:10654:42
      |
10654 | #[cfg_attr(feature = "arbitrary", derive(Arbitrary))]
      |                                          ^^^^^^^^^ function or 
associated item not found in `SequenceNumber`
...
10662 | pub struct SequenceNumber(pub i64);
      | ------------------------- function or associated item `try_size_hint` 
not found for this struct
      |
      = note: this error originates in the derive macro `Arbitrary` (in 
Nightly builds, run with -Z macro-backtrace for more info)

error[E0599]: no function or associated item named `try_size_hint` found for 
struct `DataValue` in the current scope
     --> C:\Users\pc\.cargo\registry\src\index.crates.io-1949cf8c6b5b557f\stell
ar-xdr-21.2.0\src\curr\generated.rs:10710:42
      |
10710 | #[cfg_attr(feature = "arbitrary", derive(Arbitrary))]
      |                                          ^^^^^^^^^ function or 
associated item not found in `DataValue`
...
10719 | pub struct DataValue(pub BytesM<64>);
      | -------------------- function or associated item `try_size_hint` not 
found for this struct
      |
      = note: this error originates in the derive macro `Arbitrary` (in 
Nightly builds, run with -Z macro-backtrace for more info)

error[E0599]: no function or associated item named `try_size_hint` found for 
struct `PoolId` in the current scope
     --> C:\Users\pc\.cargo\registry\src\index.crates.io-1949cf8c6b5b557f\stell
ar-xdr-21.2.0\src\curr\generated.rs:10816:42
      |
10816 | #[cfg_attr(feature = "arbitrary", derive(Arbitrary))]
      |                                          ^^^^^^^^^ function or 
associated item not found in `PoolId`
...
10824 | pub struct PoolId(pub Hash);
      | ----------------- function or associated item `try_size_hint` not 
found for this struct
      |
      = note: this error originates in the derive macro `Arbitrary` (in 
Nightly builds, run with -Z macro-backtrace for more info)

error[E0599]: no function or associated item named `try_size_hint` found for 
struct `generated::AssetCode4` in the current scope
     --> C:\Users\pc\.cargo\registry\src\index.crates.io-1949cf8c6b5b557f\stell
ar-xdr-21.2.0\src\curr\generated.rs:10872:42
      |
10872 | #[cfg_attr(feature = "arbitrary", derive(Arbitrary))]
      |                                          ^^^^^^^^^ function or 
associated item not found in `generated::AssetCode4`
...
10877 | pub struct AssetCode4(pub [u8; 4]);
      | --------------------- function or associated item `try_size_hint` not 
found for this struct
      |
      = note: this error originates in the derive macro `Arbitrary` (in 
Nightly builds, run with -Z macro-backtrace for more info)

error[E0599]: no function or associated item named `try_size_hint` found for 
struct `generated::AssetCode12` in the current scope
     --> C:\Users\pc\.cargo\registry\src\index.crates.io-1949cf8c6b5b557f\stell
ar-xdr-21.2.0\src\curr\generated.rs:10973:42
      |
10973 | #[cfg_attr(feature = "arbitrary", derive(Arbitrary))]
      |                                          ^^^^^^^^^ function or 
associated item not found in `generated::AssetCode12`
...
10978 | pub struct AssetCode12(pub [u8; 12]);
      | ---------------------- function or associated item `try_size_hint` not 
found for this struct
      |
      = note: this error originates in the derive macro `Arbitrary` (in 
Nightly builds, run with -Z macro-backtrace for more info)

error[E0599]: no variant or associated item named `try_size_hint` found for 
enum `generated::AssetCode` in the current scope
     --> C:\Users\pc\.cargo\registry\src\index.crates.io-1949cf8c6b5b557f\stell
ar-xdr-21.2.0\src\curr\generated.rs:11204:42
      |
11204 | #[cfg_attr(feature = "arbitrary", derive(Arbitrary))]
      |                                          ^^^^^^^^^ variant or 
associated item not found in `generated::AssetCode`
...
11210 | pub enum AssetCode {
      | ------------------ variant or associated item `try_size_hint` not 
found for this enum
      |
      = note: this error originates in the derive macro `Arbitrary` (in 
Nightly builds, run with -Z macro-backtrace for more info)

error[E0599]: no function or associated item named `try_size_hint` found for 
struct `AlphaNum4` in the current scope
     --> C:\Users\pc\.cargo\registry\src\index.crates.io-1949cf8c6b5b557f\stell
ar-xdr-21.2.0\src\curr\generated.rs:11307:42
      |
11307 | #[cfg_attr(feature = "arbitrary", derive(Arbitrary))]
      |                                          ^^^^^^^^^ function or 
associated item not found in `AlphaNum4`
...
11314 | pub struct AlphaNum4 {
      | -------------------- function or associated item `try_size_hint` not 
found for this struct
      |
      = note: this error originates in the derive macro `Arbitrary` (in 
Nightly builds, run with -Z macro-backtrace for more info)

error[E0599]: no function or associated item named `try_size_hint` found for 
struct `AlphaNum12` in the current scope
     --> C:\Users\pc\.cargo\registry\src\index.crates.io-1949cf8c6b5b557f\stell
ar-xdr-21.2.0\src\curr\generated.rs:11353:42
      |
11353 | #[cfg_attr(feature = "arbitrary", derive(Arbitrary))]
      |                                          ^^^^^^^^^ function or 
associated item not found in `AlphaNum12`
...
11360 | pub struct AlphaNum12 {
      | --------------------- function or associated item `try_size_hint` not 
found for this struct
      |
      = note: this error originates in the derive macro `Arbitrary` (in 
Nightly builds, run with -Z macro-backtrace for more info)

error[E0599]: no variant or associated item named `try_size_hint` found for 
enum `Asset` in the current scope
     --> C:\Users\pc\.cargo\registry\src\index.crates.io-1949cf8c6b5b557f\stell
ar-xdr-21.2.0\src\curr\generated.rs:11408:42
      |
11408 | #[cfg_attr(feature = "arbitrary", derive(Arbitrary))]
      |                                          ^^^^^^^^^ variant or 
associated item not found in `Asset`
...
11416 | pub enum Asset {
      | -------------- variant or associated item `try_size_hint` not found 
for this enum
      |
      = note: this error originates in the derive macro `Arbitrary` (in 
Nightly builds, run with -Z macro-backtrace for more info)

error[E0599]: no function or associated item named `try_size_hint` found for 
struct `Price` in the current scope
     --> C:\Users\pc\.cargo\registry\src\index.crates.io-1949cf8c6b5b557f\stell
ar-xdr-21.2.0\src\curr\generated.rs:11522:42
      |
11522 | #[cfg_attr(feature = "arbitrary", derive(Arbitrary))]
      |                                          ^^^^^^^^^ function or 
associated item not found in `Price`
...
11529 | pub struct Price {
      | ---------------- function or associated item `try_size_hint` not found 
for this struct
      |
      = note: this error originates in the derive macro `Arbitrary` (in 
Nightly builds, run with -Z macro-backtrace for more info)

error[E0599]: no function or associated item named `try_size_hint` found for 
struct `Liabilities` in the current scope
     --> C:\Users\pc\.cargo\registry\src\index.crates.io-1949cf8c6b5b557f\stell
ar-xdr-21.2.0\src\curr\generated.rs:11568:42
      |
11568 | #[cfg_attr(feature = "arbitrary", derive(Arbitrary))]
      |                                          ^^^^^^^^^ function or 
associated item not found in `Liabilities`
...
11575 | pub struct Liabilities {
      | ---------------------- function or associated item `try_size_hint` not 
found for this struct
      |
      = note: this error originates in the derive macro `Arbitrary` (in 
Nightly builds, run with -Z macro-backtrace for more info)

error[E0599]: no function or associated item named `try_size_hint` found for 
struct `Signer` in the current scope
     --> C:\Users\pc\.cargo\registry\src\index.crates.io-1949cf8c6b5b557f\stell
ar-xdr-21.2.0\src\curr\generated.rs:11893:42
      |
11893 | #[cfg_attr(feature = "arbitrary", derive(Arbitrary))]
      |                                          ^^^^^^^^^ function or 
associated item not found in `Signer`
...
11900 | pub struct Signer {
      | ----------------- function or associated item `try_size_hint` not 
found for this struct
      |
      = note: this error originates in the derive macro `Arbitrary` (in 
Nightly builds, run with -Z macro-backtrace for more info)

error[E0599]: no function or associated item named `try_size_hint` found for 
struct `SponsorshipDescriptor` in the current scope
     --> C:\Users\pc\.cargo\registry\src\index.crates.io-1949cf8c6b5b557f\stell
ar-xdr-21.2.0\src\curr\generated.rs:12093:42
      |
12093 | #[cfg_attr(feature = "arbitrary", derive(Arbitrary))]
      |                                          ^^^^^^^^^ function or 
associated item not found in `SponsorshipDescriptor`
...
12101 | pub struct SponsorshipDescriptor(pub Option<AccountId>);
      | -------------------------------- function or associated item 
`try_size_hint` not found for this struct
      |
      = note: this error originates in the derive macro `Arbitrary` (in 
Nightly builds, run with -Z macro-backtrace for more info)

error[E0599]: no function or associated item named `try_size_hint` found for 
struct `AccountEntryExtensionV3` in the current scope
     --> C:\Users\pc\.cargo\registry\src\index.crates.io-1949cf8c6b5b557f\stell
ar-xdr-21.2.0\src\curr\generated.rs:12160:42
      |
12160 | #[cfg_attr(feature = "arbitrary", derive(Arbitrary))]
      |                                          ^^^^^^^^^ function or 
associated item not found in `AccountEntryExtensionV3`
...
12167 | pub struct AccountEntryExtensionV3 {
      | ---------------------------------- function or associated item 
`try_size_hint` not found for this struct
      |
      = note: this error originates in the derive macro `Arbitrary` (in 
Nightly builds, run with -Z macro-backtrace for more info)

error[E0599]: no variant or associated item named `try_size_hint` found for 
enum `AccountEntryExtensionV2Ext` in the current scope
     --> C:\Users\pc\.cargo\registry\src\index.crates.io-1949cf8c6b5b557f\stell
ar-xdr-21.2.0\src\curr\generated.rs:12212:42
      |
12212 | #[cfg_attr(feature = "arbitrary", derive(Arbitrary))]
      |                                          ^^^^^^^^^ variant or 
associated item not found in `AccountEntryExtensionV2Ext`
...
12220 | pub enum AccountEntryExtensionV2Ext {
      | ----------------------------------- variant or associated item 
`try_size_hint` not found for this enum
      |
      = note: this error originates in the derive macro `Arbitrary` (in 
Nightly builds, run with -Z macro-backtrace for more info)

error[E0599]: no function or associated item named `try_size_hint` found for 
struct `AccountEntryExtensionV2` in the current scope
     --> C:\Users\pc\.cargo\registry\src\index.crates.io-1949cf8c6b5b557f\stell
ar-xdr-21.2.0\src\curr\generated.rs:12327:42
      |
12327 | #[cfg_attr(feature = "arbitrary", derive(Arbitrary))]
      |                                          ^^^^^^^^^ function or 
associated item not found in `AccountEntryExtensionV2`
...
12334 | pub struct AccountEntryExtensionV2 {
      | ---------------------------------- function or associated item 
`try_size_hint` not found for this struct
      |
      = note: this error originates in the derive macro `Arbitrary` (in 
Nightly builds, run with -Z macro-backtrace for more info)

error[E0599]: no variant or associated item named `try_size_hint` found for 
enum `AccountEntryExtensionV1Ext` in the current scope
     --> C:\Users\pc\.cargo\registry\src\index.crates.io-1949cf8c6b5b557f\stell
ar-xdr-21.2.0\src\curr\generated.rs:12382:42
      |
12382 | #[cfg_attr(feature = "arbitrary", derive(Arbitrary))]
      |                                          ^^^^^^^^^ variant or 
associated item not found in `AccountEntryExtensionV1Ext`
...
12390 | pub enum AccountEntryExtensionV1Ext {
      | ----------------------------------- variant or associated item 
`try_size_hint` not found for this enum
      |
      = note: this error originates in the derive macro `Arbitrary` (in 
Nightly builds, run with -Z macro-backtrace for more info)

error[E0599]: no function or associated item named `try_size_hint` found for 
struct `AccountEntryExtensionV1` in the current scope
     --> C:\Users\pc\.cargo\registry\src\index.crates.io-1949cf8c6b5b557f\stell
ar-xdr-21.2.0\src\curr\generated.rs:12495:42
      |
12495 | #[cfg_attr(feature = "arbitrary", derive(Arbitrary))]
      |                                          ^^^^^^^^^ function or 
associated item not found in `AccountEntryExtensionV1`
...
12502 | pub struct AccountEntryExtensionV1 {
      | ---------------------------------- function or associated item 
`try_size_hint` not found for this struct
      |
      = note: this error originates in the derive macro `Arbitrary` (in 
Nightly builds, run with -Z macro-backtrace for more info)

error[E0599]: no variant or associated item named `try_size_hint` found for 
enum `AccountEntryExt` in the current scope
     --> C:\Users\pc\.cargo\registry\src\index.crates.io-1949cf8c6b5b557f\stell
ar-xdr-21.2.0\src\curr\generated.rs:12544:42
      |
12544 | #[cfg_attr(feature = "arbitrary", derive(Arbitrary))]
      |                                          ^^^^^^^^^ variant or 
associated item not found in `AccountEntryExt`
...
12552 | pub enum AccountEntryExt {
      | ------------------------ variant or associated item `try_size_hint` 
not found for this enum
      |
      = note: this error originates in the derive macro `Arbitrary` (in 
Nightly builds, run with -Z macro-backtrace for more info)

error[E0599]: no function or associated item named `try_size_hint` found for 
struct `AccountEntry` in the current scope
     --> C:\Users\pc\.cargo\registry\src\index.crates.io-1949cf8c6b5b557f\stell
ar-xdr-21.2.0\src\curr\generated.rs:12672:42
      |
12672 | #[cfg_attr(feature = "arbitrary", derive(Arbitrary))]
      |                                          ^^^^^^^^^ function or 
associated item not found in `AccountEntry`
...
12679 | pub struct AccountEntry {
      | ----------------------- function or associated item `try_size_hint` 
not found for this struct
      |
      = note: this error originates in the derive macro `Arbitrary` (in 
Nightly builds, run with -Z macro-backtrace for more info)

error[E0599]: no variant or associated item named `try_size_hint` found for 
enum `TrustLineAsset` in the current scope
     --> C:\Users\pc\.cargo\registry\src\index.crates.io-1949cf8c6b5b557f\stell
ar-xdr-21.2.0\src\curr\generated.rs:13003:42
      |
13003 | #[cfg_attr(feature = "arbitrary", derive(Arbitrary))]
      |                                          ^^^^^^^^^ variant or 
associated item not found in `TrustLineAsset`
...
13011 | pub enum TrustLineAsset {
      | ----------------------- variant or associated item `try_size_hint` not 
found for this enum
      |
      = note: this error originates in the derive macro `Arbitrary` (in 
Nightly builds, run with -Z macro-backtrace for more info)

error[E0599]: no function or associated item named `try_size_hint` found for 
struct `TrustLineEntryExtensionV2` in the current scope
     --> C:\Users\pc\.cargo\registry\src\index.crates.io-1949cf8c6b5b557f\stell
ar-xdr-21.2.0\src\curr\generated.rs:13231:42
      |
13231 | #[cfg_attr(feature = "arbitrary", derive(Arbitrary))]
      |                                          ^^^^^^^^^ function or 
associated item not found in `TrustLineEntryExtensionV2`
...
13238 | pub struct TrustLineEntryExtensionV2 {
      | ------------------------------------ function or associated item 
`try_size_hint` not found for this struct
      |
      = note: this error originates in the derive macro `Arbitrary` (in 
Nightly builds, run with -Z macro-backtrace for more info)

error[E0599]: no variant or associated item named `try_size_hint` found for 
enum `TrustLineEntryV1Ext` in the current scope
     --> C:\Users\pc\.cargo\registry\src\index.crates.io-1949cf8c6b5b557f\stell
ar-xdr-21.2.0\src\curr\generated.rs:13280:42
      |
13280 | #[cfg_attr(feature = "arbitrary", derive(Arbitrary))]
      |                                          ^^^^^^^^^ variant or 
associated item not found in `TrustLineEntryV1Ext`
...
13288 | pub enum TrustLineEntryV1Ext {
      | ---------------------------- variant or associated item 
`try_size_hint` not found for this enum
      |
      = note: this error originates in the derive macro `Arbitrary` (in 
Nightly builds, run with -Z macro-backtrace for more info)

error[E0599]: no function or associated item named `try_size_hint` found for 
struct `TrustLineEntryV1` in the current scope
     --> C:\Users\pc\.cargo\registry\src\index.crates.io-1949cf8c6b5b557f\stell
ar-xdr-21.2.0\src\curr\generated.rs:13393:42
      |
13393 | #[cfg_attr(feature = "arbitrary", derive(Arbitrary))]
      |                                          ^^^^^^^^^ function or 
associated item not found in `TrustLineEntryV1`
...
13400 | pub struct TrustLineEntryV1 {
      | --------------------------- function or associated item 
`try_size_hint` not found for this struct
      |
      = note: this error originates in the derive macro `Arbitrary` (in 
Nightly builds, run with -Z macro-backtrace for more info)

error[E0599]: no variant or associated item named `try_size_hint` found for 
enum `TrustLineEntryExt` in the current scope
     --> C:\Users\pc\.cargo\registry\src\index.crates.io-1949cf8c6b5b557f\stell
ar-xdr-21.2.0\src\curr\generated.rs:13454:42
      |
13454 | #[cfg_attr(feature = "arbitrary", derive(Arbitrary))]
      |                                          ^^^^^^^^^ variant or 
associated item not found in `TrustLineEntryExt`
...
13462 | pub enum TrustLineEntryExt {
      | -------------------------- variant or associated item `try_size_hint` 
not found for this enum
      |
      = note: this error originates in the derive macro `Arbitrary` (in 
Nightly builds, run with -Z macro-backtrace for more info)

error[E0599]: no function or associated item named `try_size_hint` found for 
struct `TrustLineEntry` in the current scope
     --> C:\Users\pc\.cargo\registry\src\index.crates.io-1949cf8c6b5b557f\stell
ar-xdr-21.2.0\src\curr\generated.rs:13586:42
      |
13586 | #[cfg_attr(feature = "arbitrary", derive(Arbitrary))]
      |                                          ^^^^^^^^^ function or 
associated item not found in `TrustLineEntry`
...
13593 | pub struct TrustLineEntry {
      | ------------------------- function or associated item `try_size_hint` 
not found for this struct
      |
      = note: this error originates in the derive macro `Arbitrary` (in 
Nightly builds, run with -Z macro-backtrace for more info)

error[E0599]: no function or associated item named `try_size_hint` found for 
struct `OfferEntry` in the current scope
     --> C:\Users\pc\.cargo\registry\src\index.crates.io-1949cf8c6b5b557f\stell
ar-xdr-21.2.0\src\curr\generated.rs:13876:42
      |
13876 | #[cfg_attr(feature = "arbitrary", derive(Arbitrary))]
      |                                          ^^^^^^^^^ function or 
associated item not found in `OfferEntry`
...
13883 | pub struct OfferEntry {
      | --------------------- function or associated item `try_size_hint` not 
found for this struct
      |
      = note: this error originates in the derive macro `Arbitrary` (in 
Nightly builds, run with -Z macro-backtrace for more info)

error[E0599]: no function or associated item named `try_size_hint` found for 
struct `DataEntry` in the current scope
     --> C:\Users\pc\.cargo\registry\src\index.crates.io-1949cf8c6b5b557f\stell
ar-xdr-21.2.0\src\curr\generated.rs:14050:42
      |
14050 | #[cfg_attr(feature = "arbitrary", derive(Arbitrary))]
      |                                          ^^^^^^^^^ function or 
associated item not found in `DataEntry`
...
14057 | pub struct DataEntry {
      | -------------------- function or associated item `try_size_hint` not 
found for this struct
      |
      = note: this error originates in the derive macro `Arbitrary` (in 
Nightly builds, run with -Z macro-backtrace for more info)

error[E0599]: no variant or associated item named `try_size_hint` found for 
enum `ClaimPredicate` in the current scope
     --> C:\Users\pc\.cargo\registry\src\index.crates.io-1949cf8c6b5b557f\stell
ar-xdr-21.2.0\src\curr\generated.rs:14250:42
      |
14250 | #[cfg_attr(feature = "arbitrary", derive(Arbitrary))]
      |                                          ^^^^^^^^^ variant or 
associated item not found in `ClaimPredicate`
...
14258 | pub enum ClaimPredicate {
      | ----------------------- variant or associated item `try_size_hint` not 
found for this enum
      |
      = note: this error originates in the derive macro `Arbitrary` (in 
Nightly builds, run with -Z macro-backtrace for more info)

error[E0599]: no function or associated item named `try_size_hint` found for 
struct `ClaimantV0` in the current scope
     --> C:\Users\pc\.cargo\registry\src\index.crates.io-1949cf8c6b5b557f\stell
ar-xdr-21.2.0\src\curr\generated.rs:14495:42
      |
14495 | #[cfg_attr(feature = "arbitrary", derive(Arbitrary))]
      |                                          ^^^^^^^^^ function or 
associated item not found in `ClaimantV0`
...
14502 | pub struct ClaimantV0 {
      | --------------------- function or associated item `try_size_hint` not 
found for this struct
      |
      = note: this error originates in the derive macro `Arbitrary` (in 
Nightly builds, run with -Z macro-backtrace for more info)

error[E0599]: no variant or associated item named `try_size_hint` found for 
enum `Claimant` in the current scope
     --> C:\Users\pc\.cargo\registry\src\index.crates.io-1949cf8c6b5b557f\stell
ar-xdr-21.2.0\src\curr\generated.rs:14546:42
      |
14546 | #[cfg_attr(feature = "arbitrary", derive(Arbitrary))]
      |                                          ^^^^^^^^^ variant or 
associated item not found in `Claimant`
...
14554 | pub enum Claimant {
      | ----------------- variant or associated item `try_size_hint` not found 
for this enum
      |
      = note: this error originates in the derive macro `Arbitrary` (in 
Nightly builds, run with -Z macro-backtrace for more info)

error[E0599]: no variant or associated item named `try_size_hint` found for 
enum `generated::ClaimableBalanceId` in the current scope
     --> C:\Users\pc\.cargo\registry\src\index.crates.io-1949cf8c6b5b557f\stell
ar-xdr-21.2.0\src\curr\generated.rs:14750:42
      |
14750 | #[cfg_attr(feature = "arbitrary", derive(Arbitrary))]
      |                                          ^^^^^^^^^ variant or 
associated item not found in `generated::ClaimableBalanceId`
...
14756 | pub enum ClaimableBalanceId {
      | --------------------------- variant or associated item `try_size_hint` 
not found for this enum
      |
      = note: this error originates in the derive macro `Arbitrary` (in 
Nightly builds, run with -Z macro-backtrace for more info)

error[E0599]: no function or associated item named `try_size_hint` found for 
struct `ClaimableBalanceEntryExtensionV1` in the current scope
     --> C:\Users\pc\.cargo\registry\src\index.crates.io-1949cf8c6b5b557f\stell
ar-xdr-21.2.0\src\curr\generated.rs:15071:42
      |
15071 | #[cfg_attr(feature = "arbitrary", derive(Arbitrary))]
      |                                          ^^^^^^^^^ function or 
associated item not found in `ClaimableBalanceEntryExtensionV1`
...
15078 | pub struct ClaimableBalanceEntryExtensionV1 {
      | ------------------------------------------- function or associated 
item `try_size_hint` not found for this struct
      |
      = note: this error originates in the derive macro `Arbitrary` (in 
Nightly builds, run with -Z macro-backtrace for more info)

error[E0599]: no variant or associated item named `try_size_hint` found for 
enum `ClaimableBalanceEntryExt` in the current scope
     --> C:\Users\pc\.cargo\registry\src\index.crates.io-1949cf8c6b5b557f\stell
ar-xdr-21.2.0\src\curr\generated.rs:15120:42
      |
15120 | #[cfg_attr(feature = "arbitrary", derive(Arbitrary))]
      |                                          ^^^^^^^^^ variant or 
associated item not found in `ClaimableBalanceEntryExt`
...
15128 | pub enum ClaimableBalanceEntryExt {
      | --------------------------------- variant or associated item 
`try_size_hint` not found for this enum
      |
      = note: this error originates in the derive macro `Arbitrary` (in 
Nightly builds, run with -Z macro-backtrace for more info)

error[E0599]: no function or associated item named `try_size_hint` found for 
struct `ClaimableBalanceEntry` in the current scope
     --> C:\Users\pc\.cargo\registry\src\index.crates.io-1949cf8c6b5b557f\stell
ar-xdr-21.2.0\src\curr\generated.rs:15244:42
      |
15244 | #[cfg_attr(feature = "arbitrary", derive(Arbitrary))]
      |                                          ^^^^^^^^^ function or 
associated item not found in `ClaimableBalanceEntry`
...
15251 | pub struct ClaimableBalanceEntry {
      | -------------------------------- function or associated item 
`try_size_hint` not found for this struct
      |
      = note: this error originates in the derive macro `Arbitrary` (in 
Nightly builds, run with -Z macro-backtrace for more info)

error[E0599]: no function or associated item named `try_size_hint` found for 
struct `LiquidityPoolConstantProductParameters` in the current scope
     --> C:\Users\pc\.cargo\registry\src\index.crates.io-1949cf8c6b5b557f\stell
ar-xdr-21.2.0\src\curr\generated.rs:15300:42
      |
15300 | #[cfg_attr(feature = "arbitrary", derive(Arbitrary))]
      |                                          ^^^^^^^^^ function or 
associated item not found in `LiquidityPoolConstantProductParameters`
...
15307 | pub struct LiquidityPoolConstantProductParameters {
      | ------------------------------------------------- function or 
associated item `try_size_hint` not found for this struct
      |
      = note: this error originates in the derive macro `Arbitrary` (in 
Nightly builds, run with -Z macro-backtrace for more info)

error[E0599]: no function or associated item named `try_size_hint` found for 
struct `LiquidityPoolEntryConstantProduct` in the current scope
     --> C:\Users\pc\.cargo\registry\src\index.crates.io-1949cf8c6b5b557f\stell
ar-xdr-21.2.0\src\curr\generated.rs:15354:42
      |
15354 | #[cfg_attr(feature = "arbitrary", derive(Arbitrary))]
      |                                          ^^^^^^^^^ function or 
associated item not found in `LiquidityPoolEntryConstantProduct`
...
15361 | pub struct LiquidityPoolEntryConstantProduct {
      | -------------------------------------------- function or associated 
item `try_size_hint` not found for this struct
      |
      = note: this error originates in the derive macro `Arbitrary` (in 
Nightly builds, run with -Z macro-backtrace for more info)

error[E0599]: no variant or associated item named `try_size_hint` found for 
enum `LiquidityPoolEntryBody` in the current scope
     --> C:\Users\pc\.cargo\registry\src\index.crates.io-1949cf8c6b5b557f\stell
ar-xdr-21.2.0\src\curr\generated.rs:15419:42
      |
15419 | #[cfg_attr(feature = "arbitrary", derive(Arbitrary))]
      |                                          ^^^^^^^^^ variant or 
associated item not found in `LiquidityPoolEntryBody`
...
15427 | pub enum LiquidityPoolEntryBody {
      | ------------------------------- variant or associated item 
`try_size_hint` not found for this enum
      |
      = note: this error originates in the derive macro `Arbitrary` (in 
Nightly builds, run with -Z macro-backtrace for more info)

error[E0599]: no function or associated item named `try_size_hint` found for 
struct `LiquidityPoolEntry` in the current scope
     --> C:\Users\pc\.cargo\registry\src\index.crates.io-1949cf8c6b5b557f\stell
ar-xdr-21.2.0\src\curr\generated.rs:15540:42
      |
15540 | #[cfg_attr(feature = "arbitrary", derive(Arbitrary))]
      |                                          ^^^^^^^^^ function or 
associated item not found in `LiquidityPoolEntry`
...
15547 | pub struct LiquidityPoolEntry {
      | ----------------------------- function or associated item 
`try_size_hint` not found for this struct
      |
      = note: this error originates in the derive macro `Arbitrary` (in 
Nightly builds, run with -Z macro-backtrace for more info)

error[E0599]: no function or associated item named `try_size_hint` found for 
struct `ContractDataEntry` in the current scope
     --> C:\Users\pc\.cargo\registry\src\index.crates.io-1949cf8c6b5b557f\stell
ar-xdr-21.2.0\src\curr\generated.rs:15697:42
      |
15697 | #[cfg_attr(feature = "arbitrary", derive(Arbitrary))]
      |                                          ^^^^^^^^^ function or 
associated item not found in `ContractDataEntry`
...
15704 | pub struct ContractDataEntry {
      | ---------------------------- function or associated item 
`try_size_hint` not found for this struct
      |
      = note: this error originates in the derive macro `Arbitrary` (in 
Nightly builds, run with -Z macro-backtrace for more info)

error[E0599]: no function or associated item named `try_size_hint` found for 
struct `ContractCodeCostInputs` in the current scope
     --> C:\Users\pc\.cargo\registry\src\index.crates.io-1949cf8c6b5b557f\stell
ar-xdr-21.2.0\src\curr\generated.rs:15760:42
      |
15760 | #[cfg_attr(feature = "arbitrary", derive(Arbitrary))]
      |                                          ^^^^^^^^^ function or 
associated item not found in `ContractCodeCostInputs`
...
15767 | pub struct ContractCodeCostInputs {
      | --------------------------------- function or associated item 
`try_size_hint` not found for this struct
      |
      = note: this error originates in the derive macro `Arbitrary` (in 
Nightly builds, run with -Z macro-backtrace for more info)

error[E0599]: no function or associated item named `try_size_hint` found for 
struct `ContractCodeEntryV1` in the current scope
     --> C:\Users\pc\.cargo\registry\src\index.crates.io-1949cf8c6b5b557f\stell
ar-xdr-21.2.0\src\curr\generated.rs:15833:42
      |
15833 | #[cfg_attr(feature = "arbitrary", derive(Arbitrary))]
      |                                          ^^^^^^^^^ function or 
associated item not found in `ContractCodeEntryV1`
...
15840 | pub struct ContractCodeEntryV1 {
      | ------------------------------ function or associated item 
`try_size_hint` not found for this struct
      |
      = note: this error originates in the derive macro `Arbitrary` (in 
Nightly builds, run with -Z macro-backtrace for more info)

error[E0599]: no variant or associated item named `try_size_hint` found for 
enum `ContractCodeEntryExt` in the current scope
     --> C:\Users\pc\.cargo\registry\src\index.crates.io-1949cf8c6b5b557f\stell
ar-xdr-21.2.0\src\curr\generated.rs:15886:42
      |
15886 | #[cfg_attr(feature = "arbitrary", derive(Arbitrary))]
      |                                          ^^^^^^^^^ variant or 
associated item not found in `ContractCodeEntryExt`
...
15894 | pub enum ContractCodeEntryExt {
      | ----------------------------- variant or associated item 
`try_size_hint` not found for this enum
      |
      = note: this error originates in the derive macro `Arbitrary` (in 
Nightly builds, run with -Z macro-backtrace for more info)

error[E0599]: no function or associated item named `try_size_hint` found for 
struct `ContractCodeEntry` in the current scope
     --> C:\Users\pc\.cargo\registry\src\index.crates.io-1949cf8c6b5b557f\stell
ar-xdr-21.2.0\src\curr\generated.rs:16002:42
      |
16002 | #[cfg_attr(feature = "arbitrary", derive(Arbitrary))]
      |                                          ^^^^^^^^^ function or 
associated item not found in `ContractCodeEntry`
...
16009 | pub struct ContractCodeEntry {
      | ---------------------------- function or associated item 
`try_size_hint` not found for this struct
      |
      = note: this error originates in the derive macro `Arbitrary` (in 
Nightly builds, run with -Z macro-backtrace for more info)

error[E0599]: no function or associated item named `try_size_hint` found for 
struct `TtlEntry` in the current scope
     --> C:\Users\pc\.cargo\registry\src\index.crates.io-1949cf8c6b5b557f\stell
ar-xdr-21.2.0\src\curr\generated.rs:16051:42
      |
16051 | #[cfg_attr(feature = "arbitrary", derive(Arbitrary))]
      |                                          ^^^^^^^^^ function or 
associated item not found in `TtlEntry`
...
16058 | pub struct TtlEntry {
      | ------------------- function or associated item `try_size_hint` not 
found for this struct
      |
      = note: this error originates in the derive macro `Arbitrary` (in 
Nightly builds, run with -Z macro-backtrace for more info)

error[E0599]: no function or associated item named `try_size_hint` found for 
struct `LedgerEntryExtensionV1` in the current scope
     --> C:\Users\pc\.cargo\registry\src\index.crates.io-1949cf8c6b5b557f\stell
ar-xdr-21.2.0\src\curr\generated.rs:16204:42
      |
16204 | #[cfg_attr(feature = "arbitrary", derive(Arbitrary))]
      |                                          ^^^^^^^^^ function or 
associated item not found in `LedgerEntryExtensionV1`
...
16211 | pub struct LedgerEntryExtensionV1 {
      | --------------------------------- function or associated item 
`try_size_hint` not found for this struct
      |
      = note: this error originates in the derive macro `Arbitrary` (in 
Nightly builds, run with -Z macro-backtrace for more info)

error[E0599]: no variant or associated item named `try_size_hint` found for 
enum `LedgerEntryData` in the current scope
     --> C:\Users\pc\.cargo\registry\src\index.crates.io-1949cf8c6b5b557f\stell
ar-xdr-21.2.0\src\curr\generated.rs:16269:42
      |
16269 | #[cfg_attr(feature = "arbitrary", derive(Arbitrary))]
      |                                          ^^^^^^^^^ variant or 
associated item not found in `LedgerEntryData`
...
16277 | pub enum LedgerEntryData {
      | ------------------------ variant or associated item `try_size_hint` 
not found for this enum
      |
      = note: this error originates in the derive macro `Arbitrary` (in 
Nightly builds, run with -Z macro-backtrace for more info)

error[E0599]: no variant or associated item named `try_size_hint` found for 
enum `LedgerEntryExt` in the current scope
     --> C:\Users\pc\.cargo\registry\src\index.crates.io-1949cf8c6b5b557f\stell
ar-xdr-21.2.0\src\curr\generated.rs:16449:42
      |
16449 | #[cfg_attr(feature = "arbitrary", derive(Arbitrary))]
      |                                          ^^^^^^^^^ variant or 
associated item not found in `LedgerEntryExt`
...
16457 | pub enum LedgerEntryExt {
      | ----------------------- variant or associated item `try_size_hint` not 
found for this enum
      |
      = note: this error originates in the derive macro `Arbitrary` (in 
Nightly builds, run with -Z macro-backtrace for more info)

error[E0599]: no function or associated item named `try_size_hint` found for 
struct `LedgerEntry` in the current scope
     --> C:\Users\pc\.cargo\registry\src\index.crates.io-1949cf8c6b5b557f\stell
ar-xdr-21.2.0\src\curr\generated.rs:16588:42
      |
16588 | #[cfg_attr(feature = "arbitrary", derive(Arbitrary))]
      |                                          ^^^^^^^^^ function or 
associated item not found in `LedgerEntry`
...
16595 | pub struct LedgerEntry {
      | ---------------------- function or associated item `try_size_hint` not 
found for this struct
      |
      = note: this error originates in the derive macro `Arbitrary` (in 
Nightly builds, run with -Z macro-backtrace for more info)

error[E0599]: no function or associated item named `try_size_hint` found for 
struct `LedgerKeyAccount` in the current scope
     --> C:\Users\pc\.cargo\registry\src\index.crates.io-1949cf8c6b5b557f\stell
ar-xdr-21.2.0\src\curr\generated.rs:16636:42
      |
16636 | #[cfg_attr(feature = "arbitrary", derive(Arbitrary))]
      |                                          ^^^^^^^^^ function or 
associated item not found in `LedgerKeyAccount`
...
16643 | pub struct LedgerKeyAccount {
      | --------------------------- function or associated item 
`try_size_hint` not found for this struct
      |
      = note: this error originates in the derive macro `Arbitrary` (in 
Nightly builds, run with -Z macro-backtrace for more info)

error[E0599]: no function or associated item named `try_size_hint` found for 
struct `LedgerKeyTrustLine` in the current scope
     --> C:\Users\pc\.cargo\registry\src\index.crates.io-1949cf8c6b5b557f\stell
ar-xdr-21.2.0\src\curr\generated.rs:16679:42
      |
16679 | #[cfg_attr(feature = "arbitrary", derive(Arbitrary))]
      |                                          ^^^^^^^^^ function or 
associated item not found in `LedgerKeyTrustLine`
...
16686 | pub struct LedgerKeyTrustLine {
      | ----------------------------- function or associated item 
`try_size_hint` not found for this struct
      |
      = note: this error originates in the derive macro `Arbitrary` (in 
Nightly builds, run with -Z macro-backtrace for more info)

error[E0599]: no function or associated item named `try_size_hint` found for 
struct `LedgerKeyOffer` in the current scope
     --> C:\Users\pc\.cargo\registry\src\index.crates.io-1949cf8c6b5b557f\stell
ar-xdr-21.2.0\src\curr\generated.rs:16725:42
      |
16725 | #[cfg_attr(feature = "arbitrary", derive(Arbitrary))]
      |                                          ^^^^^^^^^ function or 
associated item not found in `LedgerKeyOffer`
...
16732 | pub struct LedgerKeyOffer {
      | ------------------------- function or associated item `try_size_hint` 
not found for this struct
      |
      = note: this error originates in the derive macro `Arbitrary` (in 
Nightly builds, run with -Z macro-backtrace for more info)

error[E0599]: no function or associated item named `try_size_hint` found for 
struct `LedgerKeyData` in the current scope
     --> C:\Users\pc\.cargo\registry\src\index.crates.io-1949cf8c6b5b557f\stell
ar-xdr-21.2.0\src\curr\generated.rs:16771:42
      |
16771 | #[cfg_attr(feature = "arbitrary", derive(Arbitrary))]
      |                                          ^^^^^^^^^ function or 
associated item not found in `LedgerKeyData`
...
16778 | pub struct LedgerKeyData {
      | ------------------------ function or associated item `try_size_hint` 
not found for this struct
      |
      = note: this error originates in the derive macro `Arbitrary` (in 
Nightly builds, run with -Z macro-backtrace for more info)

error[E0599]: no function or associated item named `try_size_hint` found for 
struct `LedgerKeyClaimableBalance` in the current scope
     --> C:\Users\pc\.cargo\registry\src\index.crates.io-1949cf8c6b5b557f\stell
ar-xdr-21.2.0\src\curr\generated.rs:16816:42
      |
16816 | #[cfg_attr(feature = "arbitrary", derive(Arbitrary))]
      |                                          ^^^^^^^^^ function or 
associated item not found in `LedgerKeyClaimableBalance`
...
16823 | pub struct LedgerKeyClaimableBalance {
      | ------------------------------------ function or associated item 
`try_size_hint` not found for this struct
      |
      = note: this error originates in the derive macro `Arbitrary` (in 
Nightly builds, run with -Z macro-backtrace for more info)

error[E0599]: no function or associated item named `try_size_hint` found for 
struct `LedgerKeyLiquidityPool` in the current scope
     --> C:\Users\pc\.cargo\registry\src\index.crates.io-1949cf8c6b5b557f\stell
ar-xdr-21.2.0\src\curr\generated.rs:16858:42
      |
16858 | #[cfg_attr(feature = "arbitrary", derive(Arbitrary))]
      |                                          ^^^^^^^^^ function or 
associated item not found in `LedgerKeyLiquidityPool`
...
16865 | pub struct LedgerKeyLiquidityPool {
      | --------------------------------- function or associated item 
`try_size_hint` not found for this struct
      |
      = note: this error originates in the derive macro `Arbitrary` (in 
Nightly builds, run with -Z macro-backtrace for more info)

error[E0599]: no function or associated item named `try_size_hint` found for 
struct `LedgerKeyContractData` in the current scope
     --> C:\Users\pc\.cargo\registry\src\index.crates.io-1949cf8c6b5b557f\stell
ar-xdr-21.2.0\src\curr\generated.rs:16902:42
      |
16902 | #[cfg_attr(feature = "arbitrary", derive(Arbitrary))]
      |                                          ^^^^^^^^^ function or 
associated item not found in `LedgerKeyContractData`
...
16909 | pub struct LedgerKeyContractData {
      | -------------------------------- function or associated item 
`try_size_hint` not found for this struct
      |
      = note: this error originates in the derive macro `Arbitrary` (in 
Nightly builds, run with -Z macro-backtrace for more info)

error[E0599]: no function or associated item named `try_size_hint` found for 
struct `LedgerKeyContractCode` in the current scope
     --> C:\Users\pc\.cargo\registry\src\index.crates.io-1949cf8c6b5b557f\stell
ar-xdr-21.2.0\src\curr\generated.rs:16950:42
      |
16950 | #[cfg_attr(feature = "arbitrary", derive(Arbitrary))]
      |                                          ^^^^^^^^^ function or 
associated item not found in `LedgerKeyContractCode`
...
16957 | pub struct LedgerKeyContractCode {
      | -------------------------------- function or associated item 
`try_size_hint` not found for this struct
      |
      = note: this error originates in the derive macro `Arbitrary` (in 
Nightly builds, run with -Z macro-backtrace for more info)

error[E0599]: no function or associated item named `try_size_hint` found for 
struct `LedgerKeyConfigSetting` in the current scope
     --> C:\Users\pc\.cargo\registry\src\index.crates.io-1949cf8c6b5b557f\stell
ar-xdr-21.2.0\src\curr\generated.rs:16992:42
      |
16992 | #[cfg_attr(feature = "arbitrary", derive(Arbitrary))]
      |                                          ^^^^^^^^^ function or 
associated item not found in `LedgerKeyConfigSetting`
...
16999 | pub struct LedgerKeyConfigSetting {
      | --------------------------------- function or associated item 
`try_size_hint` not found for this struct
      |
      = note: this error originates in the derive macro `Arbitrary` (in 
Nightly builds, run with -Z macro-backtrace for more info)

error[E0599]: no function or associated item named `try_size_hint` found for 
struct `LedgerKeyTtl` in the current scope
     --> C:\Users\pc\.cargo\registry\src\index.crates.io-1949cf8c6b5b557f\stell
ar-xdr-21.2.0\src\curr\generated.rs:17035:42
      |
17035 | #[cfg_attr(feature = "arbitrary", derive(Arbitrary))]
      |                                          ^^^^^^^^^ function or 
associated item not found in `LedgerKeyTtl`
...
17042 | pub struct LedgerKeyTtl {
      | ----------------------- function or associated item `try_size_hint` 
not found for this struct
      |
      = note: this error originates in the derive macro `Arbitrary` (in 
Nightly builds, run with -Z macro-backtrace for more info)

error[E0599]: no variant or associated item named `try_size_hint` found for 
enum `LedgerKey` in the current scope
     --> C:\Users\pc\.cargo\registry\src\index.crates.io-1949cf8c6b5b557f\stell
ar-xdr-21.2.0\src\curr\generated.rs:17138:42
      |
17138 | #[cfg_attr(feature = "arbitrary", derive(Arbitrary))]
      |                                          ^^^^^^^^^ variant or 
associated item not found in `LedgerKey`
...
17146 | pub enum LedgerKey {
      | ------------------ variant or associated item `try_size_hint` not 
found for this enum
      |
      = note: this error originates in the derive macro `Arbitrary` (in 
Nightly builds, run with -Z macro-backtrace for more info)

error[E0599]: no function or associated item named `try_size_hint` found for 
struct `UpgradeType` in the current scope
     --> C:\Users\pc\.cargo\registry\src\index.crates.io-1949cf8c6b5b557f\stell
ar-xdr-21.2.0\src\curr\generated.rs:17471:42
      |
17471 | #[cfg_attr(feature = "arbitrary", derive(Arbitrary))]
      |                                          ^^^^^^^^^ function or 
associated item not found in `UpgradeType`
...
17480 | pub struct UpgradeType(pub BytesM<128>);
      | ---------------------- function or associated item `try_size_hint` not 
found for this struct
      |
      = note: this error originates in the derive macro `Arbitrary` (in 
Nightly builds, run with -Z macro-backtrace for more info)

error[E0599]: no function or associated item named `try_size_hint` found for 
struct `LedgerCloseValueSignature` in the current scope
     --> C:\Users\pc\.cargo\registry\src\index.crates.io-1949cf8c6b5b557f\stell
ar-xdr-21.2.0\src\curr\generated.rs:17687:42
      |
17687 | #[cfg_attr(feature = "arbitrary", derive(Arbitrary))]
      |                                          ^^^^^^^^^ function or 
associated item not found in `LedgerCloseValueSignature`
...
17694 | pub struct LedgerCloseValueSignature {
      | ------------------------------------ function or associated item 
`try_size_hint` not found for this struct
      |
      = note: this error originates in the derive macro `Arbitrary` (in 
Nightly builds, run with -Z macro-backtrace for more info)

error[E0599]: no variant or associated item named `try_size_hint` found for 
enum `StellarValueExt` in the current scope
     --> C:\Users\pc\.cargo\registry\src\index.crates.io-1949cf8c6b5b557f\stell
ar-xdr-21.2.0\src\curr\generated.rs:17736:42
      |
17736 | #[cfg_attr(feature = "arbitrary", derive(Arbitrary))]
      |                                          ^^^^^^^^^ variant or 
associated item not found in `StellarValueExt`
...
17744 | pub enum StellarValueExt {
      | ------------------------ variant or associated item `try_size_hint` 
not found for this enum
      |
      = note: this error originates in the derive macro `Arbitrary` (in 
Nightly builds, run with -Z macro-backtrace for more info)

error[E0599]: no function or associated item named `try_size_hint` found for 
struct `StellarValue` in the current scope
     --> C:\Users\pc\.cargo\registry\src\index.crates.io-1949cf8c6b5b557f\stell
ar-xdr-21.2.0\src\curr\generated.rs:17858:42
      |
17858 | #[cfg_attr(feature = "arbitrary", derive(Arbitrary))]
      |                                          ^^^^^^^^^ function or 
associated item not found in `StellarValue`
...
17865 | pub struct StellarValue {
      | ----------------------- function or associated item `try_size_hint` 
not found for this struct
      |
      = note: this error originates in the derive macro `Arbitrary` (in 
Nightly builds, run with -Z macro-backtrace for more info)

error[E0599]: no function or associated item named `try_size_hint` found for 
struct `LedgerHeaderExtensionV1` in the current scope
     --> C:\Users\pc\.cargo\registry\src\index.crates.io-1949cf8c6b5b557f\stell
ar-xdr-21.2.0\src\curr\generated.rs:18139:42
      |
18139 | #[cfg_attr(feature = "arbitrary", derive(Arbitrary))]
      |                                          ^^^^^^^^^ function or 
associated item not found in `LedgerHeaderExtensionV1`
...
18146 | pub struct LedgerHeaderExtensionV1 {
      | ---------------------------------- function or associated item 
`try_size_hint` not found for this struct
      |
      = note: this error originates in the derive macro `Arbitrary` (in 
Nightly builds, run with -Z macro-backtrace for more info)

error[E0599]: no variant or associated item named `try_size_hint` found for 
enum `LedgerHeaderExt` in the current scope
     --> C:\Users\pc\.cargo\registry\src\index.crates.io-1949cf8c6b5b557f\stell
ar-xdr-21.2.0\src\curr\generated.rs:18188:42
      |
18188 | #[cfg_attr(feature = "arbitrary", derive(Arbitrary))]
      |                                          ^^^^^^^^^ variant or 
associated item not found in `LedgerHeaderExt`
...
18196 | pub enum LedgerHeaderExt {
      | ------------------------ variant or associated item `try_size_hint` 
not found for this enum
      |
      = note: this error originates in the derive macro `Arbitrary` (in 
Nightly builds, run with -Z macro-backtrace for more info)

error[E0599]: no function or associated item named `try_size_hint` found for 
struct `LedgerHeader` in the current scope
     --> C:\Users\pc\.cargo\registry\src\index.crates.io-1949cf8c6b5b557f\stell
ar-xdr-21.2.0\src\curr\generated.rs:18327:42
      |
18327 | #[cfg_attr(feature = "arbitrary", derive(Arbitrary))]
      |                                          ^^^^^^^^^ function or 
associated item not found in `LedgerHeader`
...
18334 | pub struct LedgerHeader {
      | ----------------------- function or associated item `try_size_hint` 
not found for this struct
      |
      = note: this error originates in the derive macro `Arbitrary` (in 
Nightly builds, run with -Z macro-backtrace for more info)

error[E0599]: no function or associated item named `try_size_hint` found for 
struct `ConfigUpgradeSetKey` in the current scope
     --> C:\Users\pc\.cargo\registry\src\index.crates.io-1949cf8c6b5b557f\stell
ar-xdr-21.2.0\src\curr\generated.rs:18553:42
      |
18553 | #[cfg_attr(feature = "arbitrary", derive(Arbitrary))]
      |                                          ^^^^^^^^^ function or 
associated item not found in `ConfigUpgradeSetKey`
...
18560 | pub struct ConfigUpgradeSetKey {
      | ------------------------------ function or associated item 
`try_size_hint` not found for this struct
      |
      = note: this error originates in the derive macro `Arbitrary` (in 
Nightly builds, run with -Z macro-backtrace for more info)

error[E0599]: no variant or associated item named `try_size_hint` found for 
enum `LedgerUpgrade` in the current scope
     --> C:\Users\pc\.cargo\registry\src\index.crates.io-1949cf8c6b5b557f\stell
ar-xdr-21.2.0\src\curr\generated.rs:18615:42
      |
18615 | #[cfg_attr(feature = "arbitrary", derive(Arbitrary))]
      |                                          ^^^^^^^^^ variant or 
associated item not found in `LedgerUpgrade`
...
18623 | pub enum LedgerUpgrade {
      | ---------------------- variant or associated item `try_size_hint` not 
found for this enum
      |
      = note: this error originates in the derive macro `Arbitrary` (in 
Nightly builds, run with -Z macro-backtrace for more info)

error[E0599]: no function or associated item named `try_size_hint` found for 
struct `ConfigUpgradeSet` in the current scope
     --> C:\Users\pc\.cargo\registry\src\index.crates.io-1949cf8c6b5b557f\stell
ar-xdr-21.2.0\src\curr\generated.rs:18761:42
      |
18761 | #[cfg_attr(feature = "arbitrary", derive(Arbitrary))]
      |                                          ^^^^^^^^^ function or 
associated item not found in `ConfigUpgradeSet`
...
18768 | pub struct ConfigUpgradeSet {
      | --------------------------- function or associated item 
`try_size_hint` not found for this struct
      |
      = note: this error originates in the derive macro `Arbitrary` (in 
Nightly builds, run with -Z macro-backtrace for more info)

error[E0599]: no function or associated item named `try_size_hint` found for 
struct `BucketMetadata` in the current scope
     --> C:\Users\pc\.cargo\registry\src\index.crates.io-1949cf8c6b5b557f\stell
ar-xdr-21.2.0\src\curr\generated.rs:19035:42
      |
19035 | #[cfg_attr(feature = "arbitrary", derive(Arbitrary))]
      |                                          ^^^^^^^^^ function or 
associated item not found in `BucketMetadata`
...
19042 | pub struct BucketMetadata {
      | ------------------------- function or associated item `try_size_hint` 
not found for this struct
      |
      = note: this error originates in the derive macro `Arbitrary` (in 
Nightly builds, run with -Z macro-backtrace for more info)

error[E0599]: no variant or associated item named `try_size_hint` found for 
enum `BucketEntry` in the current scope
     --> C:\Users\pc\.cargo\registry\src\index.crates.io-1949cf8c6b5b557f\stell
ar-xdr-21.2.0\src\curr\generated.rs:19088:42
      |
19088 | #[cfg_attr(feature = "arbitrary", derive(Arbitrary))]
      |                                          ^^^^^^^^^ variant or 
associated item not found in `BucketEntry`
...
19096 | pub enum BucketEntry {
      | -------------------- variant or associated item `try_size_hint` not 
found for this enum
      |
      = note: this error originates in the derive macro `Arbitrary` (in 
Nightly builds, run with -Z macro-backtrace for more info)

error[E0599]: no function or associated item named `try_size_hint` found for 
struct `TxSetComponentTxsMaybeDiscountedFee` in the current scope
     --> C:\Users\pc\.cargo\registry\src\index.crates.io-1949cf8c6b5b557f\stell
ar-xdr-21.2.0\src\curr\generated.rs:19314:42
      |
19314 | #[cfg_attr(feature = "arbitrary", derive(Arbitrary))]
      |                                          ^^^^^^^^^ function or 
associated item not found in `TxSetComponentTxsMaybeDiscountedFee`
...
19321 | pub struct TxSetComponentTxsMaybeDiscountedFee {
      | ---------------------------------------------- function or associated 
item `try_size_hint` not found for this struct
      |
      = note: this error originates in the derive macro `Arbitrary` (in 
Nightly builds, run with -Z macro-backtrace for more info)

error[E0599]: no variant or associated item named `try_size_hint` found for 
enum `TxSetComponent` in the current scope
     --> C:\Users\pc\.cargo\registry\src\index.crates.io-1949cf8c6b5b557f\stell
ar-xdr-21.2.0\src\curr\generated.rs:19365:42
      |
19365 | #[cfg_attr(feature = "arbitrary", derive(Arbitrary))]
      |                                          ^^^^^^^^^ variant or 
associated item not found in `TxSetComponent`
...
19373 | pub enum TxSetComponent {
      | ----------------------- variant or associated item `try_size_hint` not 
found for this enum
      |
      = note: this error originates in the derive macro `Arbitrary` (in 
Nightly builds, run with -Z macro-backtrace for more info)

error[E0599]: no variant or associated item named `try_size_hint` found for 
enum `TransactionPhase` in the current scope
     --> C:\Users\pc\.cargo\registry\src\index.crates.io-1949cf8c6b5b557f\stell
ar-xdr-21.2.0\src\curr\generated.rs:19473:42
      |
19473 | #[cfg_attr(feature = "arbitrary", derive(Arbitrary))]
      |                                          ^^^^^^^^^ variant or 
associated item not found in `TransactionPhase`
...
19481 | pub enum TransactionPhase {
      | ------------------------- variant or associated item `try_size_hint` 
not found for this enum
      |
      = note: this error originates in the derive macro `Arbitrary` (in 
Nightly builds, run with -Z macro-backtrace for more info)

error[E0599]: no function or associated item named `try_size_hint` found for 
struct `TransactionSet` in the current scope
     --> C:\Users\pc\.cargo\registry\src\index.crates.io-1949cf8c6b5b557f\stell
ar-xdr-21.2.0\src\curr\generated.rs:19573:42
      |
19573 | #[cfg_attr(feature = "arbitrary", derive(Arbitrary))]
      |                                          ^^^^^^^^^ function or 
associated item not found in `TransactionSet`
...
19580 | pub struct TransactionSet {
      | ------------------------- function or associated item `try_size_hint` 
not found for this struct
      |
      = note: this error originates in the derive macro `Arbitrary` (in 
Nightly builds, run with -Z macro-backtrace for more info)

error[E0599]: no function or associated item named `try_size_hint` found for 
struct `TransactionSetV1` in the current scope
     --> C:\Users\pc\.cargo\registry\src\index.crates.io-1949cf8c6b5b557f\stell
ar-xdr-21.2.0\src\curr\generated.rs:19619:42
      |
19619 | #[cfg_attr(feature = "arbitrary", derive(Arbitrary))]
      |                                          ^^^^^^^^^ function or 
associated item not found in `TransactionSetV1`
...
19626 | pub struct TransactionSetV1 {
      | --------------------------- function or associated item 
`try_size_hint` not found for this struct
      |
      = note: this error originates in the derive macro `Arbitrary` (in 
Nightly builds, run with -Z macro-backtrace for more info)

error[E0599]: no variant or associated item named `try_size_hint` found for 
enum `GeneralizedTransactionSet` in the current scope
     --> C:\Users\pc\.cargo\registry\src\index.crates.io-1949cf8c6b5b557f\stell
ar-xdr-21.2.0\src\curr\generated.rs:19667:42
      |
19667 | #[cfg_attr(feature = "arbitrary", derive(Arbitrary))]
      |                                          ^^^^^^^^^ variant or 
associated item not found in `GeneralizedTransactionSet`
...
19675 | pub enum GeneralizedTransactionSet {
      | ---------------------------------- variant or associated item 
`try_size_hint` not found for this enum
      |
      = note: this error originates in the derive macro `Arbitrary` (in 
Nightly builds, run with -Z macro-backtrace for more info)

error[E0599]: no function or associated item named `try_size_hint` found for 
struct `TransactionResultPair` in the current scope
     --> C:\Users\pc\.cargo\registry\src\index.crates.io-1949cf8c6b5b557f\stell
ar-xdr-21.2.0\src\curr\generated.rs:19767:42
      |
19767 | #[cfg_attr(feature = "arbitrary", derive(Arbitrary))]
      |                                          ^^^^^^^^^ function or 
associated item not found in `TransactionResultPair`
...
19774 | pub struct TransactionResultPair {
      | -------------------------------- function or associated item 
`try_size_hint` not found for this struct
      |
      = note: this error originates in the derive macro `Arbitrary` (in 
Nightly builds, run with -Z macro-backtrace for more info)

error[E0599]: no function or associated item named `try_size_hint` found for 
struct `TransactionResultSet` in the current scope
     --> C:\Users\pc\.cargo\registry\src\index.crates.io-1949cf8c6b5b557f\stell
ar-xdr-21.2.0\src\curr\generated.rs:19812:42
      |
19812 | #[cfg_attr(feature = "arbitrary", derive(Arbitrary))]
      |                                          ^^^^^^^^^ function or 
associated item not found in `TransactionResultSet`
...
19819 | pub struct TransactionResultSet {
      | ------------------------------- function or associated item 
`try_size_hint` not found for this struct
      |
      = note: this error originates in the derive macro `Arbitrary` (in 
Nightly builds, run with -Z macro-backtrace for more info)

error[E0599]: no variant or associated item named `try_size_hint` found for 
enum `TransactionHistoryEntryExt` in the current scope
     --> C:\Users\pc\.cargo\registry\src\index.crates.io-1949cf8c6b5b557f\stell
ar-xdr-21.2.0\src\curr\generated.rs:19858:42
      |
19858 | #[cfg_attr(feature = "arbitrary", derive(Arbitrary))]
      |                                          ^^^^^^^^^ variant or 
associated item not found in `TransactionHistoryEntryExt`
...
19866 | pub enum TransactionHistoryEntryExt {
      | ----------------------------------- variant or associated item 
`try_size_hint` not found for this enum
      |
      = note: this error originates in the derive macro `Arbitrary` (in 
Nightly builds, run with -Z macro-backtrace for more info)

error[E0599]: no function or associated item named `try_size_hint` found for 
struct `TransactionHistoryEntry` in the current scope
     --> C:\Users\pc\.cargo\registry\src\index.crates.io-1949cf8c6b5b557f\stell
ar-xdr-21.2.0\src\curr\generated.rs:19973:42
      |
19973 | #[cfg_attr(feature = "arbitrary", derive(Arbitrary))]
      |                                          ^^^^^^^^^ function or 
associated item not found in `TransactionHistoryEntry`
...
19980 | pub struct TransactionHistoryEntry {
      | ---------------------------------- function or associated item 
`try_size_hint` not found for this struct
      |
      = note: this error originates in the derive macro `Arbitrary` (in 
Nightly builds, run with -Z macro-backtrace for more info)

error[E0599]: no function or associated item named `try_size_hint` found for 
struct `TransactionHistoryResultEntry` in the current scope
     --> C:\Users\pc\.cargo\registry\src\index.crates.io-1949cf8c6b5b557f\stell
ar-xdr-21.2.0\src\curr\generated.rs:20131:42
      |
20131 | #[cfg_attr(feature = "arbitrary", derive(Arbitrary))]
      |                                          ^^^^^^^^^ function or 
associated item not found in `TransactionHistoryResultEntry`
...
20138 | pub struct TransactionHistoryResultEntry {
      | ---------------------------------------- function or associated item 
`try_size_hint` not found for this struct
      |
      = note: this error originates in the derive macro `Arbitrary` (in 
Nightly builds, run with -Z macro-backtrace for more info)

error[E0599]: no function or associated item named `try_size_hint` found for 
struct `LedgerHeaderHistoryEntry` in the current scope
     --> C:\Users\pc\.cargo\registry\src\index.crates.io-1949cf8c6b5b557f\stell
ar-xdr-21.2.0\src\curr\generated.rs:20289:42
      |
20289 | #[cfg_attr(feature = "arbitrary", derive(Arbitrary))]
      |                                          ^^^^^^^^^ function or 
associated item not found in `LedgerHeaderHistoryEntry`
...
20296 | pub struct LedgerHeaderHistoryEntry {
      | ----------------------------------- function or associated item 
`try_size_hint` not found for this struct
      |
      = note: this error originates in the derive macro `Arbitrary` (in 
Nightly builds, run with -Z macro-backtrace for more info)

error[E0599]: no function or associated item named `try_size_hint` found for 
struct `LedgerScpMessages` in the current scope
     --> C:\Users\pc\.cargo\registry\src\index.crates.io-1949cf8c6b5b557f\stell
ar-xdr-21.2.0\src\curr\generated.rs:20338:42
      |
20338 | #[cfg_attr(feature = "arbitrary", derive(Arbitrary))]
      |                                          ^^^^^^^^^ function or 
associated item not found in `LedgerScpMessages`
...
20345 | pub struct LedgerScpMessages {
      | ---------------------------- function or associated item 
`try_size_hint` not found for this struct
      |
      = note: this error originates in the derive macro `Arbitrary` (in 
Nightly builds, run with -Z macro-backtrace for more info)

error[E0599]: no function or associated item named `try_size_hint` found for 
struct `ScpHistoryEntryV0` in the current scope
     --> C:\Users\pc\.cargo\registry\src\index.crates.io-1949cf8c6b5b557f\stell
ar-xdr-21.2.0\src\curr\generated.rs:20384:42
      |
20384 | #[cfg_attr(feature = "arbitrary", derive(Arbitrary))]
      |                                          ^^^^^^^^^ function or 
associated item not found in `ScpHistoryEntryV0`
...
20391 | pub struct ScpHistoryEntryV0 {
      | ---------------------------- function or associated item 
`try_size_hint` not found for this struct
      |
      = note: this error originates in the derive macro `Arbitrary` (in 
Nightly builds, run with -Z macro-backtrace for more info)

error[E0599]: no variant or associated item named `try_size_hint` found for 
enum `ScpHistoryEntry` in the current scope
     --> C:\Users\pc\.cargo\registry\src\index.crates.io-1949cf8c6b5b557f\stell
ar-xdr-21.2.0\src\curr\generated.rs:20431:42
      |
20431 | #[cfg_attr(feature = "arbitrary", derive(Arbitrary))]
      |                                          ^^^^^^^^^ variant or 
associated item not found in `ScpHistoryEntry`
...
20439 | pub enum ScpHistoryEntry {
      | ------------------------ variant or associated item `try_size_hint` 
not found for this enum
      |
      = note: this error originates in the derive macro `Arbitrary` (in 
Nightly builds, run with -Z macro-backtrace for more info)

error[E0599]: no variant or associated item named `try_size_hint` found for 
enum `LedgerEntryChange` in the current scope
     --> C:\Users\pc\.cargo\registry\src\index.crates.io-1949cf8c6b5b557f\stell
ar-xdr-21.2.0\src\curr\generated.rs:20657:42
      |
20657 | #[cfg_attr(feature = "arbitrary", derive(Arbitrary))]
      |                                          ^^^^^^^^^ variant or 
associated item not found in `LedgerEntryChange`
...
20665 | pub enum LedgerEntryChange {
      | -------------------------- variant or associated item `try_size_hint` 
not found for this enum
      |
      = note: this error originates in the derive macro `Arbitrary` (in 
Nightly builds, run with -Z macro-backtrace for more info)

error[E0599]: no function or associated item named `try_size_hint` found for 
struct `LedgerEntryChanges` in the current scope
     --> C:\Users\pc\.cargo\registry\src\index.crates.io-1949cf8c6b5b557f\stell
ar-xdr-21.2.0\src\curr\generated.rs:20773:42
      |
20773 | #[cfg_attr(feature = "arbitrary", derive(Arbitrary))]
      |                                          ^^^^^^^^^ function or 
associated item not found in `LedgerEntryChanges`
...
20782 | pub struct LedgerEntryChanges(pub VecM<LedgerEntryChange>);
      | ----------------------------- function or associated item 
`try_size_hint` not found for this struct
      |
      = note: this error originates in the derive macro `Arbitrary` (in 
Nightly builds, run with -Z macro-backtrace for more info)

error[E0599]: no function or associated item named `try_size_hint` found for 
struct `OperationMeta` in the current scope
     --> C:\Users\pc\.cargo\registry\src\index.crates.io-1949cf8c6b5b557f\stell
ar-xdr-21.2.0\src\curr\generated.rs:20882:42
      |
20882 | #[cfg_attr(feature = "arbitrary", derive(Arbitrary))]
      |                                          ^^^^^^^^^ function or 
associated item not found in `OperationMeta`
...
20889 | pub struct OperationMeta {
      | ------------------------ function or associated item `try_size_hint` 
not found for this struct
      |
      = note: this error originates in the derive macro `Arbitrary` (in 
Nightly builds, run with -Z macro-backtrace for more info)

error[E0599]: no function or associated item named `try_size_hint` found for 
struct `TransactionMetaV1` in the current scope
     --> C:\Users\pc\.cargo\registry\src\index.crates.io-1949cf8c6b5b557f\stell
ar-xdr-21.2.0\src\curr\generated.rs:20925:42
      |
20925 | #[cfg_attr(feature = "arbitrary", derive(Arbitrary))]
      |                                          ^^^^^^^^^ function or 
associated item not found in `TransactionMetaV1`
...
20932 | pub struct TransactionMetaV1 {
      | ---------------------------- function or associated item 
`try_size_hint` not found for this struct
      |
      = note: this error originates in the derive macro `Arbitrary` (in 
Nightly builds, run with -Z macro-backtrace for more info)

error[E0599]: no function or associated item named `try_size_hint` found for 
struct `TransactionMetaV2` in the current scope
     --> C:\Users\pc\.cargo\registry\src\index.crates.io-1949cf8c6b5b557f\stell
ar-xdr-21.2.0\src\curr\generated.rs:20974:42
      |
20974 | #[cfg_attr(feature = "arbitrary", derive(Arbitrary))]
      |                                          ^^^^^^^^^ function or 
associated item not found in `TransactionMetaV2`
...
20981 | pub struct TransactionMetaV2 {
      | ---------------------------- function or associated item 
`try_size_hint` not found for this struct
      |
      = note: this error originates in the derive macro `Arbitrary` (in 
Nightly builds, run with -Z macro-backtrace for more info)

error[E0599]: no function or associated item named `try_size_hint` found for 
struct `ContractEventV0` in the current scope
     --> C:\Users\pc\.cargo\registry\src\index.crates.io-1949cf8c6b5b557f\stell
ar-xdr-21.2.0\src\curr\generated.rs:21137:42
      |
21137 | #[cfg_attr(feature = "arbitrary", derive(Arbitrary))]
      |                                          ^^^^^^^^^ function or 
associated item not found in `ContractEventV0`
...
21144 | pub struct ContractEventV0 {
      | -------------------------- function or associated item `try_size_hint` 
not found for this struct
      |
      = note: this error originates in the derive macro `Arbitrary` (in 
Nightly builds, run with -Z macro-backtrace for more info)

error[E0599]: no variant or associated item named `try_size_hint` found for 
enum `ContractEventBody` in the current scope
     --> C:\Users\pc\.cargo\registry\src\index.crates.io-1949cf8c6b5b557f\stell
ar-xdr-21.2.0\src\curr\generated.rs:21188:42
      |
21188 | #[cfg_attr(feature = "arbitrary", derive(Arbitrary))]
      |                                          ^^^^^^^^^ variant or 
associated item not found in `ContractEventBody`
...
21196 | pub enum ContractEventBody {
      | -------------------------- variant or associated item `try_size_hint` 
not found for this enum
      |
      = note: this error originates in the derive macro `Arbitrary` (in 
Nightly builds, run with -Z macro-backtrace for more info)

error[E0599]: no function or associated item named `try_size_hint` found for 
struct `ContractEvent` in the current scope
     --> C:\Users\pc\.cargo\registry\src\index.crates.io-1949cf8c6b5b557f\stell
ar-xdr-21.2.0\src\curr\generated.rs:21303:42
      |
21303 | #[cfg_attr(feature = "arbitrary", derive(Arbitrary))]
      |                                          ^^^^^^^^^ function or 
associated item not found in `ContractEvent`
...
21310 | pub struct ContractEvent {
      | ------------------------ function or associated item `try_size_hint` 
not found for this struct
      |
      = note: this error originates in the derive macro `Arbitrary` (in 
Nightly builds, run with -Z macro-backtrace for more info)

error[E0599]: no function or associated item named `try_size_hint` found for 
struct `DiagnosticEvent` in the current scope
     --> C:\Users\pc\.cargo\registry\src\index.crates.io-1949cf8c6b5b557f\stell
ar-xdr-21.2.0\src\curr\generated.rs:21355:42
      |
21355 | #[cfg_attr(feature = "arbitrary", derive(Arbitrary))]
      |                                          ^^^^^^^^^ function or 
associated item not found in `DiagnosticEvent`
...
21362 | pub struct DiagnosticEvent {
      | -------------------------- function or associated item `try_size_hint` 
not found for this struct
      |
      = note: this error originates in the derive macro `Arbitrary` (in 
Nightly builds, run with -Z macro-backtrace for more info)

error[E0599]: no function or associated item named `try_size_hint` found for 
struct `DiagnosticEvents` in the current scope
     --> C:\Users\pc\.cargo\registry\src\index.crates.io-1949cf8c6b5b557f\stell
ar-xdr-21.2.0\src\curr\generated.rs:21397:42
      |
21397 | #[cfg_attr(feature = "arbitrary", derive(Arbitrary))]
      |                                          ^^^^^^^^^ function or 
associated item not found in `DiagnosticEvents`
...
21406 | pub struct DiagnosticEvents(pub VecM<DiagnosticEvent>);
      | --------------------------- function or associated item 
`try_size_hint` not found for this struct
      |
      = note: this error originates in the derive macro `Arbitrary` (in 
Nightly builds, run with -Z macro-backtrace for more info)

error[E0599]: no function or associated item named `try_size_hint` found for 
struct `SorobanTransactionMetaExtV1` in the current scope
     --> C:\Users\pc\.cargo\registry\src\index.crates.io-1949cf8c6b5b557f\stell
ar-xdr-21.2.0\src\curr\generated.rs:21535:42
      |
21535 | #[cfg_attr(feature = "arbitrary", derive(Arbitrary))]
      |                                          ^^^^^^^^^ function or 
associated item not found in `SorobanTransactionMetaExtV1`
...
21542 | pub struct SorobanTransactionMetaExtV1 {
      | -------------------------------------- function or associated item 
`try_size_hint` not found for this struct
      |
      = note: this error originates in the derive macro `Arbitrary` (in 
Nightly builds, run with -Z macro-backtrace for more info)

error[E0599]: no variant or associated item named `try_size_hint` found for 
enum `SorobanTransactionMetaExt` in the current scope
     --> C:\Users\pc\.cargo\registry\src\index.crates.io-1949cf8c6b5b557f\stell
ar-xdr-21.2.0\src\curr\generated.rs:21591:42
      |
21591 | #[cfg_attr(feature = "arbitrary", derive(Arbitrary))]
      |                                          ^^^^^^^^^ variant or 
associated item not found in `SorobanTransactionMetaExt`
...
21599 | pub enum SorobanTransactionMetaExt {
      | ---------------------------------- variant or associated item 
`try_size_hint` not found for this enum
      |
      = note: this error originates in the derive macro `Arbitrary` (in 
Nightly builds, run with -Z macro-backtrace for more info)

error[E0599]: no function or associated item named `try_size_hint` found for 
struct `SorobanTransactionMeta` in the current scope
     --> C:\Users\pc\.cargo\registry\src\index.crates.io-1949cf8c6b5b557f\stell
ar-xdr-21.2.0\src\curr\generated.rs:21704:42
      |
21704 | #[cfg_attr(feature = "arbitrary", derive(Arbitrary))]
      |                                          ^^^^^^^^^ function or 
associated item not found in `SorobanTransactionMeta`
...
21711 | pub struct SorobanTransactionMeta {
      | --------------------------------- function or associated item 
`try_size_hint` not found for this struct
      |
      = note: this error originates in the derive macro `Arbitrary` (in 
Nightly builds, run with -Z macro-backtrace for more info)

error[E0599]: no function or associated item named `try_size_hint` found for 
struct `TransactionMetaV3` in the current scope
     --> C:\Users\pc\.cargo\registry\src\index.crates.io-1949cf8c6b5b557f\stell
ar-xdr-21.2.0\src\curr\generated.rs:21763:42
      |
21763 | #[cfg_attr(feature = "arbitrary", derive(Arbitrary))]
      |                                          ^^^^^^^^^ function or 
associated item not found in `TransactionMetaV3`
...
21770 | pub struct TransactionMetaV3 {
      | ---------------------------- function or associated item 
`try_size_hint` not found for this struct
      |
      = note: this error originates in the derive macro `Arbitrary` (in 
Nightly builds, run with -Z macro-backtrace for more info)

error[E0599]: no function or associated item named `try_size_hint` found for 
struct `InvokeHostFunctionSuccessPreImage` in the current scope
     --> C:\Users\pc\.cargo\registry\src\index.crates.io-1949cf8c6b5b557f\stell
ar-xdr-21.2.0\src\curr\generated.rs:21818:42
      |
21818 | #[cfg_attr(feature = "arbitrary", derive(Arbitrary))]
      |                                          ^^^^^^^^^ function or 
associated item not found in `InvokeHostFunctionSuccessPreImage`
...
21825 | pub struct InvokeHostFunctionSuccessPreImage {
      | -------------------------------------------- function or associated 
item `try_size_hint` not found for this struct
      |
      = note: this error originates in the derive macro `Arbitrary` (in 
Nightly builds, run with -Z macro-backtrace for more info)

error[E0599]: no variant or associated item named `try_size_hint` found for 
enum `TransactionMeta` in the current scope
     --> C:\Users\pc\.cargo\registry\src\index.crates.io-1949cf8c6b5b557f\stell
ar-xdr-21.2.0\src\curr\generated.rs:21871:42
      |
21871 | #[cfg_attr(feature = "arbitrary", derive(Arbitrary))]
      |                                          ^^^^^^^^^ variant or 
associated item not found in `TransactionMeta`
...
21879 | pub enum TransactionMeta {
      | ------------------------ variant or associated item `try_size_hint` 
not found for this enum
      |
      = note: this error originates in the derive macro `Arbitrary` (in 
Nightly builds, run with -Z macro-backtrace for more info)

error[E0599]: no function or associated item named `try_size_hint` found for 
struct `TransactionResultMeta` in the current scope
     --> C:\Users\pc\.cargo\registry\src\index.crates.io-1949cf8c6b5b557f\stell
ar-xdr-21.2.0\src\curr\generated.rs:21987:42
      |
21987 | #[cfg_attr(feature = "arbitrary", derive(Arbitrary))]
      |                                          ^^^^^^^^^ function or 
associated item not found in `TransactionResultMeta`
...
21994 | pub struct TransactionResultMeta {
      | -------------------------------- function or associated item 
`try_size_hint` not found for this struct
      |
      = note: this error originates in the derive macro `Arbitrary` (in 
Nightly builds, run with -Z macro-backtrace for more info)

error[E0599]: no function or associated item named `try_size_hint` found for 
struct `UpgradeEntryMeta` in the current scope
     --> C:\Users\pc\.cargo\registry\src\index.crates.io-1949cf8c6b5b557f\stell
ar-xdr-21.2.0\src\curr\generated.rs:22036:42
      |
22036 | #[cfg_attr(feature = "arbitrary", derive(Arbitrary))]
      |                                          ^^^^^^^^^ function or 
associated item not found in `UpgradeEntryMeta`
...
22043 | pub struct UpgradeEntryMeta {
      | --------------------------- function or associated item 
`try_size_hint` not found for this struct
      |
      = note: this error originates in the derive macro `Arbitrary` (in 
Nightly builds, run with -Z macro-backtrace for more info)

error[E0599]: no function or associated item named `try_size_hint` found for 
struct `LedgerCloseMetaV0` in the current scope
     --> C:\Users\pc\.cargo\registry\src\index.crates.io-1949cf8c6b5b557f\stell
ar-xdr-21.2.0\src\curr\generated.rs:22094:42
      |
22094 | #[cfg_attr(feature = "arbitrary", derive(Arbitrary))]
      |                                          ^^^^^^^^^ function or 
associated item not found in `LedgerCloseMetaV0`
...
22101 | pub struct LedgerCloseMetaV0 {
      | ---------------------------- function or associated item 
`try_size_hint` not found for this struct
      |
      = note: this error originates in the derive macro `Arbitrary` (in 
Nightly builds, run with -Z macro-backtrace for more info)

error[E0599]: no function or associated item named `try_size_hint` found for 
struct `LedgerCloseMetaExtV1` in the current scope
     --> C:\Users\pc\.cargo\registry\src\index.crates.io-1949cf8c6b5b557f\stell
ar-xdr-21.2.0\src\curr\generated.rs:22149:42
      |
22149 | #[cfg_attr(feature = "arbitrary", derive(Arbitrary))]
      |                                          ^^^^^^^^^ function or 
associated item not found in `LedgerCloseMetaExtV1`
...
22156 | pub struct LedgerCloseMetaExtV1 {
      | ------------------------------- function or associated item 
`try_size_hint` not found for this struct
      |
      = note: this error originates in the derive macro `Arbitrary` (in 
Nightly builds, run with -Z macro-backtrace for more info)

error[E0599]: no variant or associated item named `try_size_hint` found for 
enum `LedgerCloseMetaExt` in the current scope
     --> C:\Users\pc\.cargo\registry\src\index.crates.io-1949cf8c6b5b557f\stell
ar-xdr-21.2.0\src\curr\generated.rs:22198:42
      |
22198 | #[cfg_attr(feature = "arbitrary", derive(Arbitrary))]
      |                                          ^^^^^^^^^ variant or 
associated item not found in `LedgerCloseMetaExt`
...
22206 | pub enum LedgerCloseMetaExt {
      | --------------------------- variant or associated item `try_size_hint` 
not found for this enum
      |
      = note: this error originates in the derive macro `Arbitrary` (in 
Nightly builds, run with -Z macro-backtrace for more info)

error[E0599]: no function or associated item named `try_size_hint` found for 
struct `LedgerCloseMetaV1` in the current scope
     --> C:\Users\pc\.cargo\registry\src\index.crates.io-1949cf8c6b5b557f\stell
ar-xdr-21.2.0\src\curr\generated.rs:22328:42
      |
22328 | #[cfg_attr(feature = "arbitrary", derive(Arbitrary))]
      |                                          ^^^^^^^^^ function or 
associated item not found in `LedgerCloseMetaV1`
...
22335 | pub struct LedgerCloseMetaV1 {
      | ---------------------------- function or associated item 
`try_size_hint` not found for this struct
      |
      = note: this error originates in the derive macro `Arbitrary` (in 
Nightly builds, run with -Z macro-backtrace for more info)

error[E0599]: no variant or associated item named `try_size_hint` found for 
enum `LedgerCloseMeta` in the current scope
     --> C:\Users\pc\.cargo\registry\src\index.crates.io-1949cf8c6b5b557f\stell
ar-xdr-21.2.0\src\curr\generated.rs:22398:42
      |
22398 | #[cfg_attr(feature = "arbitrary", derive(Arbitrary))]
      |                                          ^^^^^^^^^ variant or 
associated item not found in `LedgerCloseMeta`
...
22406 | pub enum LedgerCloseMeta {
      | ------------------------ variant or associated item `try_size_hint` 
not found for this enum
      |
      = note: this error originates in the derive macro `Arbitrary` (in 
Nightly builds, run with -Z macro-backtrace for more info)

error[E0599]: no function or associated item named `try_size_hint` found for 
struct `SError` in the current scope
     --> C:\Users\pc\.cargo\registry\src\index.crates.io-1949cf8c6b5b557f\stell
ar-xdr-21.2.0\src\curr\generated.rs:22627:42
      |
22627 | #[cfg_attr(feature = "arbitrary", derive(Arbitrary))]
      |                                          ^^^^^^^^^ function or 
associated item not found in `SError`
...
22634 | pub struct SError {
      | ----------------- function or associated item `try_size_hint` not 
found for this struct
      |
      = note: this error originates in the derive macro `Arbitrary` (in 
Nightly builds, run with -Z macro-backtrace for more info)

error[E0599]: no function or associated item named `try_size_hint` found for 
struct `SendMore` in the current scope
     --> C:\Users\pc\.cargo\registry\src\index.crates.io-1949cf8c6b5b557f\stell
ar-xdr-21.2.0\src\curr\generated.rs:22672:42
      |
22672 | #[cfg_attr(feature = "arbitrary", derive(Arbitrary))]
      |                                          ^^^^^^^^^ function or 
associated item not found in `SendMore`
...
22679 | pub struct SendMore {
      | ------------------- function or associated item `try_size_hint` not 
found for this struct
      |
      = note: this error originates in the derive macro `Arbitrary` (in 
Nightly builds, run with -Z macro-backtrace for more info)

error[E0599]: no function or associated item named `try_size_hint` found for 
struct `SendMoreExtended` in the current scope
     --> C:\Users\pc\.cargo\registry\src\index.crates.io-1949cf8c6b5b557f\stell
ar-xdr-21.2.0\src\curr\generated.rs:22715:42
      |
22715 | #[cfg_attr(feature = "arbitrary", derive(Arbitrary))]
      |                                          ^^^^^^^^^ function or 
associated item not found in `SendMoreExtended`
...
22722 | pub struct SendMoreExtended {
      | --------------------------- function or associated item 
`try_size_hint` not found for this struct
      |
      = note: this error originates in the derive macro `Arbitrary` (in 
Nightly builds, run with -Z macro-backtrace for more info)

error[E0599]: no function or associated item named `try_size_hint` found for 
struct `AuthCert` in the current scope
     --> C:\Users\pc\.cargo\registry\src\index.crates.io-1949cf8c6b5b557f\stell
ar-xdr-21.2.0\src\curr\generated.rs:22762:42
      |
22762 | #[cfg_attr(feature = "arbitrary", derive(Arbitrary))]
      |                                          ^^^^^^^^^ function or 
associated item not found in `AuthCert`
...
22769 | pub struct AuthCert {
      | ------------------- function or associated item `try_size_hint` not 
found for this struct
      |
      = note: this error originates in the derive macro `Arbitrary` (in 
Nightly builds, run with -Z macro-backtrace for more info)

error[E0599]: no function or associated item named `try_size_hint` found for 
struct `Hello` in the current scope
     --> C:\Users\pc\.cargo\registry\src\index.crates.io-1949cf8c6b5b557f\stell
ar-xdr-21.2.0\src\curr\generated.rs:22818:42
      |
22818 | #[cfg_attr(feature = "arbitrary", derive(Arbitrary))]
      |                                          ^^^^^^^^^ function or 
associated item not found in `Hello`
...
22825 | pub struct Hello {
      | ---------------- function or associated item `try_size_hint` not found 
for this struct
      |
      = note: this error originates in the derive macro `Arbitrary` (in 
Nightly builds, run with -Z macro-backtrace for more info)

error[E0599]: no function or associated item named `try_size_hint` found for 
struct `Auth` in the current scope
     --> C:\Users\pc\.cargo\registry\src\index.crates.io-1949cf8c6b5b557f\stell
ar-xdr-21.2.0\src\curr\generated.rs:22892:42
      |
22892 | #[cfg_attr(feature = "arbitrary", derive(Arbitrary))]
      |                                          ^^^^^^^^^ function or 
associated item not found in `Auth`
...
22899 | pub struct Auth {
      | --------------- function or associated item `try_size_hint` not found 
for this struct
      |
      = note: this error originates in the derive macro `Arbitrary` (in 
Nightly builds, run with -Z macro-backtrace for more info)

error[E0599]: no variant or associated item named `try_size_hint` found for 
enum `PeerAddressIp` in the current scope
     --> C:\Users\pc\.cargo\registry\src\index.crates.io-1949cf8c6b5b557f\stell
ar-xdr-21.2.0\src\curr\generated.rs:23044:42
      |
23044 | #[cfg_attr(feature = "arbitrary", derive(Arbitrary))]
      |                                          ^^^^^^^^^ variant or 
associated item not found in `PeerAddressIp`
...
23052 | pub enum PeerAddressIp {
      | ---------------------- variant or associated item `try_size_hint` not 
found for this enum
      |
      = note: this error originates in the derive macro `Arbitrary` (in 
Nightly builds, run with -Z macro-backtrace for more info)

error[E0599]: no function or associated item named `try_size_hint` found for 
struct `PeerAddress` in the current scope
     --> C:\Users\pc\.cargo\registry\src\index.crates.io-1949cf8c6b5b557f\stell
ar-xdr-21.2.0\src\curr\generated.rs:23157:42
      |
23157 | #[cfg_attr(feature = "arbitrary", derive(Arbitrary))]
      |                                          ^^^^^^^^^ function or 
associated item not found in `PeerAddress`
...
23164 | pub struct PeerAddress {
      | ---------------------- function or associated item `try_size_hint` not 
found for this struct
      |
      = note: this error originates in the derive macro `Arbitrary` (in 
Nightly builds, run with -Z macro-backtrace for more info)

error[E0599]: no function or associated item named `try_size_hint` found for 
struct `DontHave` in the current scope
     --> C:\Users\pc\.cargo\registry\src\index.crates.io-1949cf8c6b5b557f\stell
ar-xdr-21.2.0\src\curr\generated.rs:23461:42
      |
23461 | #[cfg_attr(feature = "arbitrary", derive(Arbitrary))]
      |                                          ^^^^^^^^^ function or 
associated item not found in `DontHave`
...
23468 | pub struct DontHave {
      | ------------------- function or associated item `try_size_hint` not 
found for this struct
      |
      = note: this error originates in the derive macro `Arbitrary` (in 
Nightly builds, run with -Z macro-backtrace for more info)

error[E0599]: no function or associated item named `try_size_hint` found for 
struct `TimeSlicedSurveyStartCollectingMessage` in the current scope
     --> C:\Users\pc\.cargo\registry\src\index.crates.io-1949cf8c6b5b557f\stell
ar-xdr-21.2.0\src\curr\generated.rs:23731:42
      |
23731 | #[cfg_attr(feature = "arbitrary", derive(Arbitrary))]
      |                                          ^^^^^^^^^ function or 
associated item not found in `TimeSlicedSurveyStartCollectingMessage`
...
23738 | pub struct TimeSlicedSurveyStartCollectingMessage {
      | ------------------------------------------------- function or 
associated item `try_size_hint` not found for this struct
      |
      = note: this error originates in the derive macro `Arbitrary` (in 
Nightly builds, run with -Z macro-backtrace for more info)

error[E0599]: no function or associated item named `try_size_hint` found for 
struct `SignedTimeSlicedSurveyStartCollectingMessage` in the current scope
     --> C:\Users\pc\.cargo\registry\src\index.crates.io-1949cf8c6b5b557f\stell
ar-xdr-21.2.0\src\curr\generated.rs:23780:42
      |
23780 | #[cfg_attr(feature = "arbitrary", derive(Arbitrary))]
      |                                          ^^^^^^^^^ function or 
associated item not found in `SignedTimeSlicedSurveyStartCollectingMessage`
...
23787 | pub struct SignedTimeSlicedSurveyStartCollectingMessage {
      | ------------------------------------------------------- function or 
associated item `try_size_hint` not found for this struct
      |
      = note: this error originates in the derive macro `Arbitrary` (in 
Nightly builds, run with -Z macro-backtrace for more info)

error[E0599]: no function or associated item named `try_size_hint` found for 
struct `TimeSlicedSurveyStopCollectingMessage` in the current scope
     --> C:\Users\pc\.cargo\registry\src\index.crates.io-1949cf8c6b5b557f\stell
ar-xdr-21.2.0\src\curr\generated.rs:23827:42
      |
23827 | #[cfg_attr(feature = "arbitrary", derive(Arbitrary))]
      |                                          ^^^^^^^^^ function or 
associated item not found in `TimeSlicedSurveyStopCollectingMessage`
...
23834 | pub struct TimeSlicedSurveyStopCollectingMessage {
      | ------------------------------------------------ function or 
associated item `try_size_hint` not found for this struct
      |
      = note: this error originates in the derive macro `Arbitrary` (in 
Nightly builds, run with -Z macro-backtrace for more info)

error[E0599]: no function or associated item named `try_size_hint` found for 
struct `SignedTimeSlicedSurveyStopCollectingMessage` in the current scope
     --> C:\Users\pc\.cargo\registry\src\index.crates.io-1949cf8c6b5b557f\stell
ar-xdr-21.2.0\src\curr\generated.rs:23876:42
      |
23876 | #[cfg_attr(feature = "arbitrary", derive(Arbitrary))]
      |                                          ^^^^^^^^^ function or 
associated item not found in `SignedTimeSlicedSurveyStopCollectingMessage`
...
23883 | pub struct SignedTimeSlicedSurveyStopCollectingMessage {
      | ------------------------------------------------------ function or 
associated item `try_size_hint` not found for this struct
      |
      = note: this error originates in the derive macro `Arbitrary` (in 
Nightly builds, run with -Z macro-backtrace for more info)

error[E0599]: no function or associated item named `try_size_hint` found for 
struct `SurveyRequestMessage` in the current scope
     --> C:\Users\pc\.cargo\registry\src\index.crates.io-1949cf8c6b5b557f\stell
ar-xdr-21.2.0\src\curr\generated.rs:23925:42
      |
23925 | #[cfg_attr(feature = "arbitrary", derive(Arbitrary))]
      |                                          ^^^^^^^^^ function or 
associated item not found in `SurveyRequestMessage`
...
23932 | pub struct SurveyRequestMessage {
      | ------------------------------- function or associated item 
`try_size_hint` not found for this struct
      |
      = note: this error originates in the derive macro `Arbitrary` (in 
Nightly builds, run with -Z macro-backtrace for more info)

error[E0599]: no function or associated item named `try_size_hint` found for 
struct `TimeSlicedSurveyRequestMessage` in the current scope
     --> C:\Users\pc\.cargo\registry\src\index.crates.io-1949cf8c6b5b557f\stell
ar-xdr-21.2.0\src\curr\generated.rs:23982:42
      |
23982 | #[cfg_attr(feature = "arbitrary", derive(Arbitrary))]
      |                                          ^^^^^^^^^ function or 
associated item not found in `TimeSlicedSurveyRequestMessage`
...
23989 | pub struct TimeSlicedSurveyRequestMessage {
      | ----------------------------------------- function or associated item 
`try_size_hint` not found for this struct
      |
      = note: this error originates in the derive macro `Arbitrary` (in 
Nightly builds, run with -Z macro-backtrace for more info)

error[E0599]: no function or associated item named `try_size_hint` found for 
struct `SignedSurveyRequestMessage` in the current scope
     --> C:\Users\pc\.cargo\registry\src\index.crates.io-1949cf8c6b5b557f\stell
ar-xdr-21.2.0\src\curr\generated.rs:24034:42
      |
24034 | #[cfg_attr(feature = "arbitrary", derive(Arbitrary))]
      |                                          ^^^^^^^^^ function or 
associated item not found in `SignedSurveyRequestMessage`
...
24041 | pub struct SignedSurveyRequestMessage {
      | ------------------------------------- function or associated item 
`try_size_hint` not found for this struct
      |
      = note: this error originates in the derive macro `Arbitrary` (in 
Nightly builds, run with -Z macro-backtrace for more info)

error[E0599]: no function or associated item named `try_size_hint` found for 
struct `SignedTimeSlicedSurveyRequestMessage` in the current scope
     --> C:\Users\pc\.cargo\registry\src\index.crates.io-1949cf8c6b5b557f\stell
ar-xdr-21.2.0\src\curr\generated.rs:24080:42
      |
24080 | #[cfg_attr(feature = "arbitrary", derive(Arbitrary))]
      |                                          ^^^^^^^^^ function or 
associated item not found in `SignedTimeSlicedSurveyRequestMessage`
...
24087 | pub struct SignedTimeSlicedSurveyRequestMessage {
      | ----------------------------------------------- function or associated 
item `try_size_hint` not found for this struct
      |
      = note: this error originates in the derive macro `Arbitrary` (in 
Nightly builds, run with -Z macro-backtrace for more info)

error[E0599]: no function or associated item named `try_size_hint` found for 
struct `EncryptedBody` in the current scope
     --> C:\Users\pc\.cargo\registry\src\index.crates.io-1949cf8c6b5b557f\stell
ar-xdr-21.2.0\src\curr\generated.rs:24122:42
      |
24122 | #[cfg_attr(feature = "arbitrary", derive(Arbitrary))]
      |                                          ^^^^^^^^^ function or 
associated item not found in `EncryptedBody`
...
24131 | pub struct EncryptedBody(pub BytesM<64000>);
      | ------------------------ function or associated item `try_size_hint` 
not found for this struct
      |
      = note: this error originates in the derive macro `Arbitrary` (in 
Nightly builds, run with -Z macro-backtrace for more info)

error[E0599]: no function or associated item named `try_size_hint` found for 
struct `SurveyResponseMessage` in the current scope
     --> C:\Users\pc\.cargo\registry\src\index.crates.io-1949cf8c6b5b557f\stell
ar-xdr-21.2.0\src\curr\generated.rs:24235:42
      |
24235 | #[cfg_attr(feature = "arbitrary", derive(Arbitrary))]
      |                                          ^^^^^^^^^ function or 
associated item not found in `SurveyResponseMessage`
...
24242 | pub struct SurveyResponseMessage {
      | -------------------------------- function or associated item 
`try_size_hint` not found for this struct
      |
      = note: this error originates in the derive macro `Arbitrary` (in 
Nightly builds, run with -Z macro-backtrace for more info)

error[E0599]: no function or associated item named `try_size_hint` found for 
struct `TimeSlicedSurveyResponseMessage` in the current scope
     --> C:\Users\pc\.cargo\registry\src\index.crates.io-1949cf8c6b5b557f\stell
ar-xdr-21.2.0\src\curr\generated.rs:24290:42
      |
24290 | #[cfg_attr(feature = "arbitrary", derive(Arbitrary))]
      |                                          ^^^^^^^^^ function or 
associated item not found in `TimeSlicedSurveyResponseMessage`
...
24297 | pub struct TimeSlicedSurveyResponseMessage {
      | ------------------------------------------ function or associated item 
`try_size_hint` not found for this struct
      |
      = note: this error originates in the derive macro `Arbitrary` (in 
Nightly builds, run with -Z macro-backtrace for more info)

error[E0599]: no function or associated item named `try_size_hint` found for 
struct `SignedSurveyResponseMessage` in the current scope
     --> C:\Users\pc\.cargo\registry\src\index.crates.io-1949cf8c6b5b557f\stell
ar-xdr-21.2.0\src\curr\generated.rs:24336:42
      |
24336 | #[cfg_attr(feature = "arbitrary", derive(Arbitrary))]
      |                                          ^^^^^^^^^ function or 
associated item not found in `SignedSurveyResponseMessage`
...
24343 | pub struct SignedSurveyResponseMessage {
      | -------------------------------------- function or associated item 
`try_size_hint` not found for this struct
      |
      = note: this error originates in the derive macro `Arbitrary` (in 
Nightly builds, run with -Z macro-backtrace for more info)

error[E0599]: no function or associated item named `try_size_hint` found for 
struct `SignedTimeSlicedSurveyResponseMessage` in the current scope
     --> C:\Users\pc\.cargo\registry\src\index.crates.io-1949cf8c6b5b557f\stell
ar-xdr-21.2.0\src\curr\generated.rs:24382:42
      |
24382 | #[cfg_attr(feature = "arbitrary", derive(Arbitrary))]
      |                                          ^^^^^^^^^ function or 
associated item not found in `SignedTimeSlicedSurveyResponseMessage`
...
24389 | pub struct SignedTimeSlicedSurveyResponseMessage {
      | ------------------------------------------------ function or 
associated item `try_size_hint` not found for this struct
      |
      = note: this error originates in the derive macro `Arbitrary` (in 
Nightly builds, run with -Z macro-backtrace for more info)

error[E0599]: no function or associated item named `try_size_hint` found for 
struct `PeerStats` in the current scope
     --> C:\Users\pc\.cargo\registry\src\index.crates.io-1949cf8c6b5b557f\stell
ar-xdr-21.2.0\src\curr\generated.rs:24443:42
      |
24443 | #[cfg_attr(feature = "arbitrary", derive(Arbitrary))]
      |                                          ^^^^^^^^^ function or 
associated item not found in `PeerStats`
...
24450 | pub struct PeerStats {
      | -------------------- function or associated item `try_size_hint` not 
found for this struct
      |
      = note: this error originates in the derive macro `Arbitrary` (in 
Nightly builds, run with -Z macro-backtrace for more info)

error[E0599]: no function or associated item named `try_size_hint` found for 
struct `PeerStatList` in the current scope
     --> C:\Users\pc\.cargo\registry\src\index.crates.io-1949cf8c6b5b557f\stell
ar-xdr-21.2.0\src\curr\generated.rs:24524:42
      |
24524 | #[cfg_attr(feature = "arbitrary", derive(Arbitrary))]
      |                                          ^^^^^^^^^ function or 
associated item not found in `PeerStatList`
...
24533 | pub struct PeerStatList(pub VecM<PeerStats, 25>);
      | ----------------------- function or associated item `try_size_hint` 
not found for this struct
      |
      = note: this error originates in the derive macro `Arbitrary` (in 
Nightly builds, run with -Z macro-backtrace for more info)

error[E0599]: no function or associated item named `try_size_hint` found for 
struct `TimeSlicedNodeData` in the current scope
     --> C:\Users\pc\.cargo\registry\src\index.crates.io-1949cf8c6b5b557f\stell
ar-xdr-21.2.0\src\curr\generated.rs:24648:42
      |
24648 | #[cfg_attr(feature = "arbitrary", derive(Arbitrary))]
      |                                          ^^^^^^^^^ function or 
associated item not found in `TimeSlicedNodeData`
...
24655 | pub struct TimeSlicedNodeData {
      | ----------------------------- function or associated item 
`try_size_hint` not found for this struct
      |
      = note: this error originates in the derive macro `Arbitrary` (in 
Nightly builds, run with -Z macro-backtrace for more info)

error[E0599]: no function or associated item named `try_size_hint` found for 
struct `TimeSlicedPeerData` in the current scope
     --> C:\Users\pc\.cargo\registry\src\index.crates.io-1949cf8c6b5b557f\stell
ar-xdr-21.2.0\src\curr\generated.rs:24718:42
      |
24718 | #[cfg_attr(feature = "arbitrary", derive(Arbitrary))]
      |                                          ^^^^^^^^^ function or 
associated item not found in `TimeSlicedPeerData`
...
24725 | pub struct TimeSlicedPeerData {
      | ----------------------------- function or associated item 
`try_size_hint` not found for this struct
      |
      = note: this error originates in the derive macro `Arbitrary` (in 
Nightly builds, run with -Z macro-backtrace for more info)

error[E0599]: no function or associated item named `try_size_hint` found for 
struct `TimeSlicedPeerDataList` in the current scope
     --> C:\Users\pc\.cargo\registry\src\index.crates.io-1949cf8c6b5b557f\stell
ar-xdr-21.2.0\src\curr\generated.rs:24760:42
      |
24760 | #[cfg_attr(feature = "arbitrary", derive(Arbitrary))]
      |                                          ^^^^^^^^^ function or 
associated item not found in `TimeSlicedPeerDataList`
...
24769 | pub struct TimeSlicedPeerDataList(pub VecM<TimeSlicedPeerData, 25>);
      | --------------------------------- function or associated item 
`try_size_hint` not found for this struct
      |
      = note: this error originates in the derive macro `Arbitrary` (in 
Nightly builds, run with -Z macro-backtrace for more info)

error[E0599]: no function or associated item named `try_size_hint` found for 
struct `TopologyResponseBodyV0` in the current scope
     --> C:\Users\pc\.cargo\registry\src\index.crates.io-1949cf8c6b5b557f\stell
ar-xdr-21.2.0\src\curr\generated.rs:24873:42
      |
24873 | #[cfg_attr(feature = "arbitrary", derive(Arbitrary))]
      |                                          ^^^^^^^^^ function or 
associated item not found in `TopologyResponseBodyV0`
...
24880 | pub struct TopologyResponseBodyV0 {
      | --------------------------------- function or associated item 
`try_size_hint` not found for this struct
      |
      = note: this error originates in the derive macro `Arbitrary` (in 
Nightly builds, run with -Z macro-backtrace for more info)

error[E0599]: no function or associated item named `try_size_hint` found for 
struct `TopologyResponseBodyV1` in the current scope
     --> C:\Users\pc\.cargo\registry\src\index.crates.io-1949cf8c6b5b557f\stell
ar-xdr-21.2.0\src\curr\generated.rs:24931:42
      |
24931 | #[cfg_attr(feature = "arbitrary", derive(Arbitrary))]
      |                                          ^^^^^^^^^ function or 
associated item not found in `TopologyResponseBodyV1`
...
24938 | pub struct TopologyResponseBodyV1 {
      | --------------------------------- function or associated item 
`try_size_hint` not found for this struct
      |
      = note: this error originates in the derive macro `Arbitrary` (in 
Nightly builds, run with -Z macro-backtrace for more info)

error[E0599]: no function or associated item named `try_size_hint` found for 
struct `TopologyResponseBodyV2` in the current scope
     --> C:\Users\pc\.cargo\registry\src\index.crates.io-1949cf8c6b5b557f\stell
ar-xdr-21.2.0\src\curr\generated.rs:24990:42
      |
24990 | #[cfg_attr(feature = "arbitrary", derive(Arbitrary))]
      |                                          ^^^^^^^^^ function or 
associated item not found in `TopologyResponseBodyV2`
...
24997 | pub struct TopologyResponseBodyV2 {
      | --------------------------------- function or associated item 
`try_size_hint` not found for this struct
      |
      = note: this error originates in the derive macro `Arbitrary` (in 
Nightly builds, run with -Z macro-backtrace for more info)

error[E0599]: no variant or associated item named `try_size_hint` found for 
enum `SurveyResponseBody` in the current scope
     --> C:\Users\pc\.cargo\registry\src\index.crates.io-1949cf8c6b5b557f\stell
ar-xdr-21.2.0\src\curr\generated.rs:25044:42
      |
25044 | #[cfg_attr(feature = "arbitrary", derive(Arbitrary))]
      |                                          ^^^^^^^^^ variant or 
associated item not found in `SurveyResponseBody`
...
25052 | pub enum SurveyResponseBody {
      | --------------------------- variant or associated item `try_size_hint` 
not found for this enum
      |
      = note: this error originates in the derive macro `Arbitrary` (in 
Nightly builds, run with -Z macro-backtrace for more info)

error[E0599]: no function or associated item named `try_size_hint` found for 
struct `TxAdvertVector` in the current scope
     --> C:\Users\pc\.cargo\registry\src\index.crates.io-1949cf8c6b5b557f\stell
ar-xdr-21.2.0\src\curr\generated.rs:25163:42
      |
25163 | #[cfg_attr(feature = "arbitrary", derive(Arbitrary))]
      |                                          ^^^^^^^^^ function or 
associated item not found in `TxAdvertVector`
...
25172 | pub struct TxAdvertVector(pub VecM<Hash, 1000>);
      | ------------------------- function or associated item `try_size_hint` 
not found for this struct
      |
      = note: this error originates in the derive macro `Arbitrary` (in 
Nightly builds, run with -Z macro-backtrace for more info)

error[E0599]: no function or associated item named `try_size_hint` found for 
struct `FloodAdvert` in the current scope
     --> C:\Users\pc\.cargo\registry\src\index.crates.io-1949cf8c6b5b557f\stell
ar-xdr-21.2.0\src\curr\generated.rs:25272:42
      |
25272 | #[cfg_attr(feature = "arbitrary", derive(Arbitrary))]
      |                                          ^^^^^^^^^ function or 
associated item not found in `FloodAdvert`
...
25279 | pub struct FloodAdvert {
      | ---------------------- function or associated item `try_size_hint` not 
found for this struct
      |
      = note: this error originates in the derive macro `Arbitrary` (in 
Nightly builds, run with -Z macro-backtrace for more info)

error[E0599]: no function or associated item named `try_size_hint` found for 
struct `TxDemandVector` in the current scope
     --> C:\Users\pc\.cargo\registry\src\index.crates.io-1949cf8c6b5b557f\stell
ar-xdr-21.2.0\src\curr\generated.rs:25319:42
      |
25319 | #[cfg_attr(feature = "arbitrary", derive(Arbitrary))]
      |                                          ^^^^^^^^^ function or 
associated item not found in `TxDemandVector`
...
25328 | pub struct TxDemandVector(pub VecM<Hash, 1000>);
      | ------------------------- function or associated item `try_size_hint` 
not found for this struct
      |
      = note: this error originates in the derive macro `Arbitrary` (in 
Nightly builds, run with -Z macro-backtrace for more info)

error[E0599]: no function or associated item named `try_size_hint` found for 
struct `FloodDemand` in the current scope
     --> C:\Users\pc\.cargo\registry\src\index.crates.io-1949cf8c6b5b557f\stell
ar-xdr-21.2.0\src\curr\generated.rs:25428:42
      |
25428 | #[cfg_attr(feature = "arbitrary", derive(Arbitrary))]
      |                                          ^^^^^^^^^ function or 
associated item not found in `FloodDemand`
...
25435 | pub struct FloodDemand {
      | ---------------------- function or associated item `try_size_hint` not 
found for this struct
      |
      = note: this error originates in the derive macro `Arbitrary` (in 
Nightly builds, run with -Z macro-backtrace for more info)

error[E0599]: no variant or associated item named `try_size_hint` found for 
enum `StellarMessage` in the current scope
     --> C:\Users\pc\.cargo\registry\src\index.crates.io-1949cf8c6b5b557f\stell
ar-xdr-21.2.0\src\curr\generated.rs:25531:42
      |
25531 | #[cfg_attr(feature = "arbitrary", derive(Arbitrary))]
      |                                          ^^^^^^^^^ variant or 
associated item not found in `StellarMessage`
...
25539 | pub enum StellarMessage {
      | ----------------------- variant or associated item `try_size_hint` not 
found for this enum
      |
      = note: this error originates in the derive macro `Arbitrary` (in 
Nightly builds, run with -Z macro-backtrace for more info)

error[E0599]: no function or associated item named `try_size_hint` found for 
struct `AuthenticatedMessageV0` in the current scope
     --> C:\Users\pc\.cargo\registry\src\index.crates.io-1949cf8c6b5b557f\stell
ar-xdr-21.2.0\src\curr\generated.rs:25819:42
      |
25819 | #[cfg_attr(feature = "arbitrary", derive(Arbitrary))]
      |                                          ^^^^^^^^^ function or 
associated item not found in `AuthenticatedMessageV0`
...
25826 | pub struct AuthenticatedMessageV0 {
      | --------------------------------- function or associated item 
`try_size_hint` not found for this struct
      |
      = note: this error originates in the derive macro `Arbitrary` (in 
Nightly builds, run with -Z macro-backtrace for more info)

error[E0599]: no variant or associated item named `try_size_hint` found for 
enum `AuthenticatedMessage` in the current scope
     --> C:\Users\pc\.cargo\registry\src\index.crates.io-1949cf8c6b5b557f\stell
ar-xdr-21.2.0\src\curr\generated.rs:25874:42
      |
25874 | #[cfg_attr(feature = "arbitrary", derive(Arbitrary))]
      |                                          ^^^^^^^^^ variant or 
associated item not found in `AuthenticatedMessage`
...
25882 | pub enum AuthenticatedMessage {
      | ----------------------------- variant or associated item 
`try_size_hint` not found for this enum
      |
      = note: this error originates in the derive macro `Arbitrary` (in 
Nightly builds, run with -Z macro-backtrace for more info)

error[E0599]: no variant or associated item named `try_size_hint` found for 
enum `LiquidityPoolParameters` in the current scope
     --> C:\Users\pc\.cargo\registry\src\index.crates.io-1949cf8c6b5b557f\stell
ar-xdr-21.2.0\src\curr\generated.rs:25983:42
      |
25983 | #[cfg_attr(feature = "arbitrary", derive(Arbitrary))]
      |                                          ^^^^^^^^^ variant or 
associated item not found in `LiquidityPoolParameters`
...
25991 | pub enum LiquidityPoolParameters {
      | -------------------------------- variant or associated item 
`try_size_hint` not found for this enum
      |
      = note: this error originates in the derive macro `Arbitrary` (in 
Nightly builds, run with -Z macro-backtrace for more info)

error[E0599]: no function or associated item named `try_size_hint` found for 
struct `generated::MuxedAccountMed25519` in the current scope
     --> C:\Users\pc\.cargo\registry\src\index.crates.io-1949cf8c6b5b557f\stell
ar-xdr-21.2.0\src\curr\generated.rs:26089:42
      |
26089 | #[cfg_attr(feature = "arbitrary", derive(Arbitrary))]
      |                                          ^^^^^^^^^ function or 
associated item not found in `generated::MuxedAccountMed25519`
...
26094 | pub struct MuxedAccountMed25519 {
      | ------------------------------- function or associated item 
`try_size_hint` not found for this struct
      |
      = note: this error originates in the derive macro `Arbitrary` (in 
Nightly builds, run with -Z macro-backtrace for more info)

error[E0599]: no variant or associated item named `try_size_hint` found for 
enum `generated::MuxedAccount` in the current scope
     --> C:\Users\pc\.cargo\registry\src\index.crates.io-1949cf8c6b5b557f\stell
ar-xdr-21.2.0\src\curr\generated.rs:26140:42
      |
26140 | #[cfg_attr(feature = "arbitrary", derive(Arbitrary))]
      |                                          ^^^^^^^^^ variant or 
associated item not found in `generated::MuxedAccount`
...
26146 | pub enum MuxedAccount {
      | --------------------- variant or associated item `try_size_hint` not 
found for this enum
      |
      = note: this error originates in the derive macro `Arbitrary` (in 
Nightly builds, run with -Z macro-backtrace for more info)

error[E0599]: no function or associated item named `try_size_hint` found for 
struct `DecoratedSignature` in the current scope
     --> C:\Users\pc\.cargo\registry\src\index.crates.io-1949cf8c6b5b557f\stell
ar-xdr-21.2.0\src\curr\generated.rs:26245:42
      |
26245 | #[cfg_attr(feature = "arbitrary", derive(Arbitrary))]
      |                                          ^^^^^^^^^ function or 
associated item not found in `DecoratedSignature`
...
26252 | pub struct DecoratedSignature {
      | ----------------------------- function or associated item 
`try_size_hint` not found for this struct
      |
      = note: this error originates in the derive macro `Arbitrary` (in 
Nightly builds, run with -Z macro-backtrace for more info)

error[E0599]: no function or associated item named `try_size_hint` found for 
struct `CreateAccountOp` in the current scope
     --> C:\Users\pc\.cargo\registry\src\index.crates.io-1949cf8c6b5b557f\stell
ar-xdr-21.2.0\src\curr\generated.rs:26553:42
      |
26553 | #[cfg_attr(feature = "arbitrary", derive(Arbitrary))]
      |                                          ^^^^^^^^^ function or 
associated item not found in `CreateAccountOp`
...
26560 | pub struct CreateAccountOp {
      | -------------------------- function or associated item `try_size_hint` 
not found for this struct
      |
      = note: this error originates in the derive macro `Arbitrary` (in 
Nightly builds, run with -Z macro-backtrace for more info)

error[E0599]: no function or associated item named `try_size_hint` found for 
struct `PaymentOp` in the current scope
     --> C:\Users\pc\.cargo\registry\src\index.crates.io-1949cf8c6b5b557f\stell
ar-xdr-21.2.0\src\curr\generated.rs:26600:42
      |
26600 | #[cfg_attr(feature = "arbitrary", derive(Arbitrary))]
      |                                          ^^^^^^^^^ function or 
associated item not found in `PaymentOp`
...
26607 | pub struct PaymentOp {
      | -------------------- function or associated item `try_size_hint` not 
found for this struct
      |
      = note: this error originates in the derive macro `Arbitrary` (in 
Nightly builds, run with -Z macro-backtrace for more info)

error[E0599]: no function or associated item named `try_size_hint` found for 
struct `PathPaymentStrictReceiveOp` in the current scope
     --> C:\Users\pc\.cargo\registry\src\index.crates.io-1949cf8c6b5b557f\stell
ar-xdr-21.2.0\src\curr\generated.rs:26657:42
      |
26657 | #[cfg_attr(feature = "arbitrary", derive(Arbitrary))]
      |                                          ^^^^^^^^^ function or 
associated item not found in `PathPaymentStrictReceiveOp`
...
26664 | pub struct PathPaymentStrictReceiveOp {
      | ------------------------------------- function or associated item 
`try_size_hint` not found for this struct
      |
      = note: this error originates in the derive macro `Arbitrary` (in 
Nightly builds, run with -Z macro-backtrace for more info)

error[E0599]: no function or associated item named `try_size_hint` found for 
struct `PathPaymentStrictSendOp` in the current scope
     --> C:\Users\pc\.cargo\registry\src\index.crates.io-1949cf8c6b5b557f\stell
ar-xdr-21.2.0\src\curr\generated.rs:26723:42
      |
26723 | #[cfg_attr(feature = "arbitrary", derive(Arbitrary))]
      |                                          ^^^^^^^^^ function or 
associated item not found in `PathPaymentStrictSendOp`
...
26730 | pub struct PathPaymentStrictSendOp {
      | ---------------------------------- function or associated item 
`try_size_hint` not found for this struct
      |
      = note: this error originates in the derive macro `Arbitrary` (in 
Nightly builds, run with -Z macro-backtrace for more info)

error[E0599]: no function or associated item named `try_size_hint` found for 
struct `ManageSellOfferOp` in the current scope
     --> C:\Users\pc\.cargo\registry\src\index.crates.io-1949cf8c6b5b557f\stell
ar-xdr-21.2.0\src\curr\generated.rs:26786:42
      |
26786 | #[cfg_attr(feature = "arbitrary", derive(Arbitrary))]
      |                                          ^^^^^^^^^ function or 
associated item not found in `ManageSellOfferOp`
...
26793 | pub struct ManageSellOfferOp {
      | ---------------------------- function or associated item 
`try_size_hint` not found for this struct
      |
      = note: this error originates in the derive macro `Arbitrary` (in 
Nightly builds, run with -Z macro-backtrace for more info)

error[E0599]: no function or associated item named `try_size_hint` found for 
struct `ManageBuyOfferOp` in the current scope
     --> C:\Users\pc\.cargo\registry\src\index.crates.io-1949cf8c6b5b557f\stell
ar-xdr-21.2.0\src\curr\generated.rs:26847:42
      |
26847 | #[cfg_attr(feature = "arbitrary", derive(Arbitrary))]
      |                                          ^^^^^^^^^ function or 
associated item not found in `ManageBuyOfferOp`
...
26854 | pub struct ManageBuyOfferOp {
      | --------------------------- function or associated item 
`try_size_hint` not found for this struct
      |
      = note: this error originates in the derive macro `Arbitrary` (in 
Nightly builds, run with -Z macro-backtrace for more info)

error[E0599]: no function or associated item named `try_size_hint` found for 
struct `CreatePassiveSellOfferOp` in the current scope
     --> C:\Users\pc\.cargo\registry\src\index.crates.io-1949cf8c6b5b557f\stell
ar-xdr-21.2.0\src\curr\generated.rs:26904:42
      |
26904 | #[cfg_attr(feature = "arbitrary", derive(Arbitrary))]
      |                                          ^^^^^^^^^ function or 
associated item not found in `CreatePassiveSellOfferOp`
...
26911 | pub struct CreatePassiveSellOfferOp {
      | ----------------------------------- function or associated item 
`try_size_hint` not found for this struct
      |
      = note: this error originates in the derive macro `Arbitrary` (in 
Nightly builds, run with -Z macro-backtrace for more info)

error[E0599]: no function or associated item named `try_size_hint` found for 
struct `SetOptionsOp` in the current scope
     --> C:\Users\pc\.cargo\registry\src\index.crates.io-1949cf8c6b5b557f\stell
ar-xdr-21.2.0\src\curr\generated.rs:26970:42
      |
26970 | #[cfg_attr(feature = "arbitrary", derive(Arbitrary))]
      |                                          ^^^^^^^^^ function or 
associated item not found in `SetOptionsOp`
...
26977 | pub struct SetOptionsOp {
      | ----------------------- function or associated item `try_size_hint` 
not found for this struct
      |
      = note: this error originates in the derive macro `Arbitrary` (in 
Nightly builds, run with -Z macro-backtrace for more info)

error[E0599]: no variant or associated item named `try_size_hint` found for 
enum `ChangeTrustAsset` in the current scope
     --> C:\Users\pc\.cargo\registry\src\index.crates.io-1949cf8c6b5b557f\stell
ar-xdr-21.2.0\src\curr\generated.rs:27049:42
      |
27049 | #[cfg_attr(feature = "arbitrary", derive(Arbitrary))]
      |                                          ^^^^^^^^^ variant or 
associated item not found in `ChangeTrustAsset`
...
27057 | pub enum ChangeTrustAsset {
      | ------------------------- variant or associated item `try_size_hint` 
not found for this enum
      |
      = note: this error originates in the derive macro `Arbitrary` (in 
Nightly builds, run with -Z macro-backtrace for more info)

error[E0599]: no function or associated item named `try_size_hint` found for 
struct `ChangeTrustOp` in the current scope
     --> C:\Users\pc\.cargo\registry\src\index.crates.io-1949cf8c6b5b557f\stell
ar-xdr-21.2.0\src\curr\generated.rs:27172:42
      |
27172 | #[cfg_attr(feature = "arbitrary", derive(Arbitrary))]
      |                                          ^^^^^^^^^ function or 
associated item not found in `ChangeTrustOp`
...
27179 | pub struct ChangeTrustOp {
      | ------------------------ function or associated item `try_size_hint` 
not found for this struct
      |
      = note: this error originates in the derive macro `Arbitrary` (in 
Nightly builds, run with -Z macro-backtrace for more info)

error[E0599]: no function or associated item named `try_size_hint` found for 
struct `AllowTrustOp` in the current scope
     --> C:\Users\pc\.cargo\registry\src\index.crates.io-1949cf8c6b5b557f\stell
ar-xdr-21.2.0\src\curr\generated.rs:27221:42
      |
27221 | #[cfg_attr(feature = "arbitrary", derive(Arbitrary))]
      |                                          ^^^^^^^^^ function or 
associated item not found in `AllowTrustOp`
...
27228 | pub struct AllowTrustOp {
      | ----------------------- function or associated item `try_size_hint` 
not found for this struct
      |
      = note: this error originates in the derive macro `Arbitrary` (in 
Nightly builds, run with -Z macro-backtrace for more info)

error[E0599]: no function or associated item named `try_size_hint` found for 
struct `ManageDataOp` in the current scope
     --> C:\Users\pc\.cargo\registry\src\index.crates.io-1949cf8c6b5b557f\stell
ar-xdr-21.2.0\src\curr\generated.rs:27270:42
      |
27270 | #[cfg_attr(feature = "arbitrary", derive(Arbitrary))]
      |                                          ^^^^^^^^^ function or 
associated item not found in `ManageDataOp`
...
27277 | pub struct ManageDataOp {
      | ----------------------- function or associated item `try_size_hint` 
not found for this struct
      |
      = note: this error originates in the derive macro `Arbitrary` (in 
Nightly builds, run with -Z macro-backtrace for more info)

error[E0599]: no function or associated item named `try_size_hint` found for 
struct `BumpSequenceOp` in the current scope
     --> C:\Users\pc\.cargo\registry\src\index.crates.io-1949cf8c6b5b557f\stell
ar-xdr-21.2.0\src\curr\generated.rs:27315:42
      |
27315 | #[cfg_attr(feature = "arbitrary", derive(Arbitrary))]
      |                                          ^^^^^^^^^ function or 
associated item not found in `BumpSequenceOp`
...
27322 | pub struct BumpSequenceOp {
      | ------------------------- function or associated item `try_size_hint` 
not found for this struct
      |
      = note: this error originates in the derive macro `Arbitrary` (in 
Nightly builds, run with -Z macro-backtrace for more info)

error[E0599]: no function or associated item named `try_size_hint` found for 
struct `CreateClaimableBalanceOp` in the current scope
     --> C:\Users\pc\.cargo\registry\src\index.crates.io-1949cf8c6b5b557f\stell
ar-xdr-21.2.0\src\curr\generated.rs:27359:42
      |
27359 | #[cfg_attr(feature = "arbitrary", derive(Arbitrary))]
      |                                          ^^^^^^^^^ function or 
associated item not found in `CreateClaimableBalanceOp`
...
27366 | pub struct CreateClaimableBalanceOp {
      | ----------------------------------- function or associated item 
`try_size_hint` not found for this struct
      |
      = note: this error originates in the derive macro `Arbitrary` (in 
Nightly builds, run with -Z macro-backtrace for more info)

error[E0599]: no function or associated item named `try_size_hint` found for 
struct `ClaimClaimableBalanceOp` in the current scope
     --> C:\Users\pc\.cargo\registry\src\index.crates.io-1949cf8c6b5b557f\stell
ar-xdr-21.2.0\src\curr\generated.rs:27407:42
      |
27407 | #[cfg_attr(feature = "arbitrary", derive(Arbitrary))]
      |                                          ^^^^^^^^^ function or 
associated item not found in `ClaimClaimableBalanceOp`
...
27414 | pub struct ClaimClaimableBalanceOp {
      | ---------------------------------- function or associated item 
`try_size_hint` not found for this struct
      |
      = note: this error originates in the derive macro `Arbitrary` (in 
Nightly builds, run with -Z macro-backtrace for more info)

error[E0599]: no function or associated item named `try_size_hint` found for 
struct `BeginSponsoringFutureReservesOp` in the current scope
     --> C:\Users\pc\.cargo\registry\src\index.crates.io-1949cf8c6b5b557f\stell
ar-xdr-21.2.0\src\curr\generated.rs:27449:42
      |
27449 | #[cfg_attr(feature = "arbitrary", derive(Arbitrary))]
      |                                          ^^^^^^^^^ function or 
associated item not found in `BeginSponsoringFutureReservesOp`
...
27456 | pub struct BeginSponsoringFutureReservesOp {
      | ------------------------------------------ function or associated item 
`try_size_hint` not found for this struct
      |
      = note: this error originates in the derive macro `Arbitrary` (in 
Nightly builds, run with -Z macro-backtrace for more info)

error[E0599]: no function or associated item named `try_size_hint` found for 
struct `RevokeSponsorshipOpSigner` in the current scope
     --> C:\Users\pc\.cargo\registry\src\index.crates.io-1949cf8c6b5b557f\stell
ar-xdr-21.2.0\src\curr\generated.rs:27601:42
      |
27601 | #[cfg_attr(feature = "arbitrary", derive(Arbitrary))]
      |                                          ^^^^^^^^^ function or 
associated item not found in `RevokeSponsorshipOpSigner`
...
27608 | pub struct RevokeSponsorshipOpSigner {
      | ------------------------------------ function or associated item 
`try_size_hint` not found for this struct
      |
      = note: this error originates in the derive macro `Arbitrary` (in 
Nightly builds, run with -Z macro-backtrace for more info)

error[E0599]: no variant or associated item named `try_size_hint` found for 
enum `RevokeSponsorshipOp` in the current scope
     --> C:\Users\pc\.cargo\registry\src\index.crates.io-1949cf8c6b5b557f\stell
ar-xdr-21.2.0\src\curr\generated.rs:27654:42
      |
27654 | #[cfg_attr(feature = "arbitrary", derive(Arbitrary))]
      |                                          ^^^^^^^^^ variant or 
associated item not found in `RevokeSponsorshipOp`
...
27662 | pub enum RevokeSponsorshipOp {
      | ---------------------------- variant or associated item 
`try_size_hint` not found for this enum
      |
      = note: this error originates in the derive macro `Arbitrary` (in 
Nightly builds, run with -Z macro-backtrace for more info)

error[E0599]: no function or associated item named `try_size_hint` found for 
struct `ClawbackOp` in the current scope
     --> C:\Users\pc\.cargo\registry\src\index.crates.io-1949cf8c6b5b557f\stell
ar-xdr-21.2.0\src\curr\generated.rs:27765:42
      |
27765 | #[cfg_attr(feature = "arbitrary", derive(Arbitrary))]
      |                                          ^^^^^^^^^ function or 
associated item not found in `ClawbackOp`
...
27772 | pub struct ClawbackOp {
      | --------------------- function or associated item `try_size_hint` not 
found for this struct
      |
      = note: this error originates in the derive macro `Arbitrary` (in 
Nightly builds, run with -Z macro-backtrace for more info)

error[E0599]: no function or associated item named `try_size_hint` found for 
struct `ClawbackClaimableBalanceOp` in the current scope
     --> C:\Users\pc\.cargo\registry\src\index.crates.io-1949cf8c6b5b557f\stell
ar-xdr-21.2.0\src\curr\generated.rs:27813:42
      |
27813 | #[cfg_attr(feature = "arbitrary", derive(Arbitrary))]
      |                                          ^^^^^^^^^ function or 
associated item not found in `ClawbackClaimableBalanceOp`
...
27820 | pub struct ClawbackClaimableBalanceOp {
      | ------------------------------------- function or associated item 
`try_size_hint` not found for this struct
      |
      = note: this error originates in the derive macro `Arbitrary` (in 
Nightly builds, run with -Z macro-backtrace for more info)

error[E0599]: no function or associated item named `try_size_hint` found for 
struct `SetTrustLineFlagsOp` in the current scope
     --> C:\Users\pc\.cargo\registry\src\index.crates.io-1949cf8c6b5b557f\stell
ar-xdr-21.2.0\src\curr\generated.rs:27859:42
      |
27859 | #[cfg_attr(feature = "arbitrary", derive(Arbitrary))]
      |                                          ^^^^^^^^^ function or 
associated item not found in `SetTrustLineFlagsOp`
...
27866 | pub struct SetTrustLineFlagsOp {
      | ------------------------------ function or associated item 
`try_size_hint` not found for this struct
      |
      = note: this error originates in the derive macro `Arbitrary` (in 
Nightly builds, run with -Z macro-backtrace for more info)

error[E0599]: no function or associated item named `try_size_hint` found for 
struct `LiquidityPoolDepositOp` in the current scope
     --> C:\Users\pc\.cargo\registry\src\index.crates.io-1949cf8c6b5b557f\stell
ar-xdr-21.2.0\src\curr\generated.rs:27922:42
      |
27922 | #[cfg_attr(feature = "arbitrary", derive(Arbitrary))]
      |                                          ^^^^^^^^^ function or 
associated item not found in `LiquidityPoolDepositOp`
...
27929 | pub struct LiquidityPoolDepositOp {
      | --------------------------------- function or associated item 
`try_size_hint` not found for this struct
      |
      = note: this error originates in the derive macro `Arbitrary` (in 
Nightly builds, run with -Z macro-backtrace for more info)

error[E0599]: no function or associated item named `try_size_hint` found for 
struct `LiquidityPoolWithdrawOp` in the current scope
     --> C:\Users\pc\.cargo\registry\src\index.crates.io-1949cf8c6b5b557f\stell
ar-xdr-21.2.0\src\curr\generated.rs:27979:42
      |
27979 | #[cfg_attr(feature = "arbitrary", derive(Arbitrary))]
      |                                          ^^^^^^^^^ function or 
associated item not found in `LiquidityPoolWithdrawOp`
...
27986 | pub struct LiquidityPoolWithdrawOp {
      | ---------------------------------- function or associated item 
`try_size_hint` not found for this struct
      |
      = note: this error originates in the derive macro `Arbitrary` (in 
Nightly builds, run with -Z macro-backtrace for more info)

error[E0599]: no function or associated item named `try_size_hint` found for 
struct `ContractIdPreimageFromAddress` in the current scope
     --> C:\Users\pc\.cargo\registry\src\index.crates.io-1949cf8c6b5b557f\stell
ar-xdr-21.2.0\src\curr\generated.rs:28255:42
      |
28255 | #[cfg_attr(feature = "arbitrary", derive(Arbitrary))]
      |                                          ^^^^^^^^^ function or 
associated item not found in `ContractIdPreimageFromAddress`
...
28262 | pub struct ContractIdPreimageFromAddress {
      | ---------------------------------------- function or associated item 
`try_size_hint` not found for this struct
      |
      = note: this error originates in the derive macro `Arbitrary` (in 
Nightly builds, run with -Z macro-backtrace for more info)

error[E0599]: no variant or associated item named `try_size_hint` found for 
enum `ContractIdPreimage` in the current scope
     --> C:\Users\pc\.cargo\registry\src\index.crates.io-1949cf8c6b5b557f\stell
ar-xdr-21.2.0\src\curr\generated.rs:28308:42
      |
28308 | #[cfg_attr(feature = "arbitrary", derive(Arbitrary))]
      |                                          ^^^^^^^^^ variant or 
associated item not found in `ContractIdPreimage`
...
28316 | pub enum ContractIdPreimage {
      | --------------------------- variant or associated item `try_size_hint` 
not found for this enum
      |
      = note: this error originates in the derive macro `Arbitrary` (in 
Nightly builds, run with -Z macro-backtrace for more info)

error[E0599]: no function or associated item named `try_size_hint` found for 
struct `CreateContractArgs` in the current scope
     --> C:\Users\pc\.cargo\registry\src\index.crates.io-1949cf8c6b5b557f\stell
ar-xdr-21.2.0\src\curr\generated.rs:28418:42
      |
28418 | #[cfg_attr(feature = "arbitrary", derive(Arbitrary))]
      |                                          ^^^^^^^^^ function or 
associated item not found in `CreateContractArgs`
...
28425 | pub struct CreateContractArgs {
      | ----------------------------- function or associated item 
`try_size_hint` not found for this struct
      |
      = note: this error originates in the derive macro `Arbitrary` (in 
Nightly builds, run with -Z macro-backtrace for more info)

error[E0599]: no function or associated item named `try_size_hint` found for 
struct `InvokeContractArgs` in the current scope
     --> C:\Users\pc\.cargo\registry\src\index.crates.io-1949cf8c6b5b557f\stell
ar-xdr-21.2.0\src\curr\generated.rs:28464:42
      |
28464 | #[cfg_attr(feature = "arbitrary", derive(Arbitrary))]
      |                                          ^^^^^^^^^ function or 
associated item not found in `InvokeContractArgs`
...
28471 | pub struct InvokeContractArgs {
      | ----------------------------- function or associated item 
`try_size_hint` not found for this struct
      |
      = note: this error originates in the derive macro `Arbitrary` (in 
Nightly builds, run with -Z macro-backtrace for more info)

error[E0599]: no variant or associated item named `try_size_hint` found for 
enum `HostFunction` in the current scope
     --> C:\Users\pc\.cargo\registry\src\index.crates.io-1949cf8c6b5b557f\stell
ar-xdr-21.2.0\src\curr\generated.rs:28518:42
      |
28518 | #[cfg_attr(feature = "arbitrary", derive(Arbitrary))]
      |                                          ^^^^^^^^^ variant or 
associated item not found in `HostFunction`
...
28526 | pub enum HostFunction {
      | --------------------- variant or associated item `try_size_hint` not 
found for this enum
      |
      = note: this error originates in the derive macro `Arbitrary` (in 
Nightly builds, run with -Z macro-backtrace for more info)

error[E0599]: no variant or associated item named `try_size_hint` found for 
enum `SorobanAuthorizedFunction` in the current scope
     --> C:\Users\pc\.cargo\registry\src\index.crates.io-1949cf8c6b5b557f\stell
ar-xdr-21.2.0\src\curr\generated.rs:28751:42
      |
28751 | #[cfg_attr(feature = "arbitrary", derive(Arbitrary))]
      |                                          ^^^^^^^^^ variant or 
associated item not found in `SorobanAuthorizedFunction`
...
28759 | pub enum SorobanAuthorizedFunction {
      | ---------------------------------- variant or associated item 
`try_size_hint` not found for this enum
      |
      = note: this error originates in the derive macro `Arbitrary` (in 
Nightly builds, run with -Z macro-backtrace for more info)

error[E0599]: no function or associated item named `try_size_hint` found for 
struct `SorobanAuthorizedInvocation` in the current scope
     --> C:\Users\pc\.cargo\registry\src\index.crates.io-1949cf8c6b5b557f\stell
ar-xdr-21.2.0\src\curr\generated.rs:28864:42
      |
28864 | #[cfg_attr(feature = "arbitrary", derive(Arbitrary))]
      |                                          ^^^^^^^^^ function or 
associated item not found in `SorobanAuthorizedInvocation`
...
28871 | pub struct SorobanAuthorizedInvocation {
      | -------------------------------------- function or associated item 
`try_size_hint` not found for this struct
      |
      = note: this error originates in the derive macro `Arbitrary` (in 
Nightly builds, run with -Z macro-backtrace for more info)

error[E0599]: no function or associated item named `try_size_hint` found for 
struct `SorobanAddressCredentials` in the current scope
     --> C:\Users\pc\.cargo\registry\src\index.crates.io-1949cf8c6b5b557f\stell
ar-xdr-21.2.0\src\curr\generated.rs:28912:42
      |
28912 | #[cfg_attr(feature = "arbitrary", derive(Arbitrary))]
      |                                          ^^^^^^^^^ function or 
associated item not found in `SorobanAddressCredentials`
...
28919 | pub struct SorobanAddressCredentials {
      | ------------------------------------ function or associated item 
`try_size_hint` not found for this struct
      |
      = note: this error originates in the derive macro `Arbitrary` (in 
Nightly builds, run with -Z macro-backtrace for more info)

error[E0599]: no variant or associated item named `try_size_hint` found for 
enum `SorobanCredentials` in the current scope
     --> C:\Users\pc\.cargo\registry\src\index.crates.io-1949cf8c6b5b557f\stell
ar-xdr-21.2.0\src\curr\generated.rs:29076:42
      |
29076 | #[cfg_attr(feature = "arbitrary", derive(Arbitrary))]
      |                                          ^^^^^^^^^ variant or 
associated item not found in `SorobanCredentials`
...
29084 | pub enum SorobanCredentials {
      | --------------------------- variant or associated item `try_size_hint` 
not found for this enum
      |
      = note: this error originates in the derive macro `Arbitrary` (in 
Nightly builds, run with -Z macro-backtrace for more info)

error[E0599]: no function or associated item named `try_size_hint` found for 
struct `SorobanAuthorizationEntry` in the current scope
     --> C:\Users\pc\.cargo\registry\src\index.crates.io-1949cf8c6b5b557f\stell
ar-xdr-21.2.0\src\curr\generated.rs:29186:42
      |
29186 | #[cfg_attr(feature = "arbitrary", derive(Arbitrary))]
      |                                          ^^^^^^^^^ function or 
associated item not found in `SorobanAuthorizationEntry`
...
29193 | pub struct SorobanAuthorizationEntry {
      | ------------------------------------ function or associated item 
`try_size_hint` not found for this struct
      |
      = note: this error originates in the derive macro `Arbitrary` (in 
Nightly builds, run with -Z macro-backtrace for more info)

error[E0599]: no function or associated item named `try_size_hint` found for 
struct `InvokeHostFunctionOp` in the current scope
     --> C:\Users\pc\.cargo\registry\src\index.crates.io-1949cf8c6b5b557f\stell
ar-xdr-21.2.0\src\curr\generated.rs:29234:42
      |
29234 | #[cfg_attr(feature = "arbitrary", derive(Arbitrary))]
      |                                          ^^^^^^^^^ function or 
associated item not found in `InvokeHostFunctionOp`
...
29241 | pub struct InvokeHostFunctionOp {
      | ------------------------------- function or associated item 
`try_size_hint` not found for this struct
      |
      = note: this error originates in the derive macro `Arbitrary` (in 
Nightly builds, run with -Z macro-backtrace for more info)

error[E0599]: no function or associated item named `try_size_hint` found for 
struct `ExtendFootprintTtlOp` in the current scope
     --> C:\Users\pc\.cargo\registry\src\index.crates.io-1949cf8c6b5b557f\stell
ar-xdr-21.2.0\src\curr\generated.rs:29280:42
      |
29280 | #[cfg_attr(feature = "arbitrary", derive(Arbitrary))]
      |                                          ^^^^^^^^^ function or 
associated item not found in `ExtendFootprintTtlOp`
...
29287 | pub struct ExtendFootprintTtlOp {
      | ------------------------------- function or associated item 
`try_size_hint` not found for this struct
      |
      = note: this error originates in the derive macro `Arbitrary` (in 
Nightly builds, run with -Z macro-backtrace for more info)

error[E0599]: no function or associated item named `try_size_hint` found for 
struct `RestoreFootprintOp` in the current scope
     --> C:\Users\pc\.cargo\registry\src\index.crates.io-1949cf8c6b5b557f\stell
ar-xdr-21.2.0\src\curr\generated.rs:29325:42
      |
29325 | #[cfg_attr(feature = "arbitrary", derive(Arbitrary))]
      |                                          ^^^^^^^^^ function or 
associated item not found in `RestoreFootprintOp`
...
29332 | pub struct RestoreFootprintOp {
      | ----------------------------- function or associated item 
`try_size_hint` not found for this struct
      |
      = note: this error originates in the derive macro `Arbitrary` (in 
Nightly builds, run with -Z macro-backtrace for more info)

error[E0599]: no variant or associated item named `try_size_hint` found for 
enum `OperationBody` in the current scope
     --> C:\Users\pc\.cargo\registry\src\index.crates.io-1949cf8c6b5b557f\stell
ar-xdr-21.2.0\src\curr\generated.rs:29421:42
      |
29421 | #[cfg_attr(feature = "arbitrary", derive(Arbitrary))]
      |                                          ^^^^^^^^^ variant or 
associated item not found in `OperationBody`
...
29429 | pub enum OperationBody {
      | ---------------------- variant or associated item `try_size_hint` not 
found for this enum
      |
      = note: this error originates in the derive macro `Arbitrary` (in 
Nightly builds, run with -Z macro-backtrace for more info)

error[E0599]: no function or associated item named `try_size_hint` found for 
struct `Operation` in the current scope
     --> C:\Users\pc\.cargo\registry\src\index.crates.io-1949cf8c6b5b557f\stell
ar-xdr-21.2.0\src\curr\generated.rs:29802:42
      |
29802 | #[cfg_attr(feature = "arbitrary", derive(Arbitrary))]
      |                                          ^^^^^^^^^ function or 
associated item not found in `Operation`
...
29809 | pub struct Operation {
      | -------------------- function or associated item `try_size_hint` not 
found for this struct
      |
      = note: this error originates in the derive macro `Arbitrary` (in 
Nightly builds, run with -Z macro-backtrace for more info)

error[E0599]: no function or associated item named `try_size_hint` found for 
struct `HashIdPreimageOperationId` in the current scope
     --> C:\Users\pc\.cargo\registry\src\index.crates.io-1949cf8c6b5b557f\stell
ar-xdr-21.2.0\src\curr\generated.rs:29849:42
      |
29849 | #[cfg_attr(feature = "arbitrary", derive(Arbitrary))]
      |                                          ^^^^^^^^^ function or 
associated item not found in `HashIdPreimageOperationId`
...
29856 | pub struct HashIdPreimageOperationId {
      | ------------------------------------ function or associated item 
`try_size_hint` not found for this struct
      |
      = note: this error originates in the derive macro `Arbitrary` (in 
Nightly builds, run with -Z macro-backtrace for more info)

error[E0599]: no function or associated item named `try_size_hint` found for 
struct `HashIdPreimageRevokeId` in the current scope
     --> C:\Users\pc\.cargo\registry\src\index.crates.io-1949cf8c6b5b557f\stell
ar-xdr-21.2.0\src\curr\generated.rs:29901:42
      |
29901 | #[cfg_attr(feature = "arbitrary", derive(Arbitrary))]
      |                                          ^^^^^^^^^ function or 
associated item not found in `HashIdPreimageRevokeId`
...
29908 | pub struct HashIdPreimageRevokeId {
      | --------------------------------- function or associated item 
`try_size_hint` not found for this struct
      |
      = note: this error originates in the derive macro `Arbitrary` (in 
Nightly builds, run with -Z macro-backtrace for more info)

error[E0599]: no function or associated item named `try_size_hint` found for 
struct `HashIdPreimageContractId` in the current scope
     --> C:\Users\pc\.cargo\registry\src\index.crates.io-1949cf8c6b5b557f\stell
ar-xdr-21.2.0\src\curr\generated.rs:29956:42
      |
29956 | #[cfg_attr(feature = "arbitrary", derive(Arbitrary))]
      |                                          ^^^^^^^^^ function or 
associated item not found in `HashIdPreimageContractId`
...
29963 | pub struct HashIdPreimageContractId {
      | ----------------------------------- function or associated item 
`try_size_hint` not found for this struct
      |
      = note: this error originates in the derive macro `Arbitrary` (in 
Nightly builds, run with -Z macro-backtrace for more info)

error[E0599]: no function or associated item named `try_size_hint` found for 
struct `HashIdPreimageSorobanAuthorization` in the current scope
     --> C:\Users\pc\.cargo\registry\src\index.crates.io-1949cf8c6b5b557f\stell
ar-xdr-21.2.0\src\curr\generated.rs:30004:42
      |
30004 | #[cfg_attr(feature = "arbitrary", derive(Arbitrary))]
      |                                          ^^^^^^^^^ function or 
associated item not found in `HashIdPreimageSorobanAuthorization`
...
30011 | pub struct HashIdPreimageSorobanAuthorization {
      | --------------------------------------------- function or associated 
item `try_size_hint` not found for this struct
      |
      = note: this error originates in the derive macro `Arbitrary` (in 
Nightly builds, run with -Z macro-backtrace for more info)

error[E0599]: no variant or associated item named `try_size_hint` found for 
enum `HashIdPreimage` in the current scope
     --> C:\Users\pc\.cargo\registry\src\index.crates.io-1949cf8c6b5b557f\stell
ar-xdr-21.2.0\src\curr\generated.rs:30085:42
      |
30085 | #[cfg_attr(feature = "arbitrary", derive(Arbitrary))]
      |                                          ^^^^^^^^^ variant or 
associated item not found in `HashIdPreimage`
...
30093 | pub enum HashIdPreimage {
      | ----------------------- variant or associated item `try_size_hint` not 
found for this enum
      |
      = note: this error originates in the derive macro `Arbitrary` (in 
Nightly builds, run with -Z macro-backtrace for more info)

error[E0599]: no variant or associated item named `try_size_hint` found for 
enum `Memo` in the current scope
     --> C:\Users\pc\.cargo\registry\src\index.crates.io-1949cf8c6b5b557f\stell
ar-xdr-21.2.0\src\curr\generated.rs:30349:42
      |
30349 | #[cfg_attr(feature = "arbitrary", derive(Arbitrary))]
      |                                          ^^^^^^^^^ variant or 
associated item not found in `Memo`
...
30357 | pub enum Memo {
      | ------------- variant or associated item `try_size_hint` not found for 
this enum
      |
      = note: this error originates in the derive macro `Arbitrary` (in 
Nightly builds, run with -Z macro-backtrace for more info)

error[E0599]: no function or associated item named `try_size_hint` found for 
struct `TimeBounds` in the current scope
     --> C:\Users\pc\.cargo\registry\src\index.crates.io-1949cf8c6b5b557f\stell
ar-xdr-21.2.0\src\curr\generated.rs:30475:42
      |
30475 | #[cfg_attr(feature = "arbitrary", derive(Arbitrary))]
      |                                          ^^^^^^^^^ function or 
associated item not found in `TimeBounds`
...
30482 | pub struct TimeBounds {
      | --------------------- function or associated item `try_size_hint` not 
found for this struct
      |
      = note: this error originates in the derive macro `Arbitrary` (in 
Nightly builds, run with -Z macro-backtrace for more info)

error[E0599]: no function or associated item named `try_size_hint` found for 
struct `LedgerBounds` in the current scope
     --> C:\Users\pc\.cargo\registry\src\index.crates.io-1949cf8c6b5b557f\stell
ar-xdr-21.2.0\src\curr\generated.rs:30521:42
      |
30521 | #[cfg_attr(feature = "arbitrary", derive(Arbitrary))]
      |                                          ^^^^^^^^^ function or 
associated item not found in `LedgerBounds`
...
30528 | pub struct LedgerBounds {
      | ----------------------- function or associated item `try_size_hint` 
not found for this struct
      |
      = note: this error originates in the derive macro `Arbitrary` (in 
Nightly builds, run with -Z macro-backtrace for more info)

error[E0599]: no function or associated item named `try_size_hint` found for 
struct `PreconditionsV2` in the current scope
     --> C:\Users\pc\.cargo\registry\src\index.crates.io-1949cf8c6b5b557f\stell
ar-xdr-21.2.0\src\curr\generated.rs:30594:42
      |
30594 | #[cfg_attr(feature = "arbitrary", derive(Arbitrary))]
      |                                          ^^^^^^^^^ function or 
associated item not found in `PreconditionsV2`
...
30601 | pub struct PreconditionsV2 {
      | -------------------------- function or associated item `try_size_hint` 
not found for this struct
      |
      = note: this error originates in the derive macro `Arbitrary` (in 
Nightly builds, run with -Z macro-backtrace for more info)

error[E0599]: no variant or associated item named `try_size_hint` found for 
enum `Preconditions` in the current scope
     --> C:\Users\pc\.cargo\registry\src\index.crates.io-1949cf8c6b5b557f\stell
ar-xdr-21.2.0\src\curr\generated.rs:30771:42
      |
30771 | #[cfg_attr(feature = "arbitrary", derive(Arbitrary))]
      |                                          ^^^^^^^^^ variant or 
associated item not found in `Preconditions`
...
30779 | pub enum Preconditions {
      | ---------------------- variant or associated item `try_size_hint` not 
found for this enum
      |
      = note: this error originates in the derive macro `Arbitrary` (in 
Nightly builds, run with -Z macro-backtrace for more info)

error[E0599]: no function or associated item named `try_size_hint` found for 
struct `LedgerFootprint` in the current scope
     --> C:\Users\pc\.cargo\registry\src\index.crates.io-1949cf8c6b5b557f\stell
ar-xdr-21.2.0\src\curr\generated.rs:30885:42
      |
30885 | #[cfg_attr(feature = "arbitrary", derive(Arbitrary))]
      |                                          ^^^^^^^^^ function or 
associated item not found in `LedgerFootprint`
...
30892 | pub struct LedgerFootprint {
      | -------------------------- function or associated item `try_size_hint` 
not found for this struct
      |
      = note: this error originates in the derive macro `Arbitrary` (in 
Nightly builds, run with -Z macro-backtrace for more info)

error[E0599]: no function or associated item named `try_size_hint` found for 
struct `SorobanResources` in the current scope
     --> C:\Users\pc\.cargo\registry\src\index.crates.io-1949cf8c6b5b557f\stell
ar-xdr-21.2.0\src\curr\generated.rs:30938:42
      |
30938 | #[cfg_attr(feature = "arbitrary", derive(Arbitrary))]
      |                                          ^^^^^^^^^ function or 
associated item not found in `SorobanResources`
...
30945 | pub struct SorobanResources {
      | --------------------------- function or associated item 
`try_size_hint` not found for this struct
      |
      = note: this error originates in the derive macro `Arbitrary` (in 
Nightly builds, run with -Z macro-backtrace for more info)

error[E0599]: no function or associated item named `try_size_hint` found for 
struct `SorobanTransactionData` in the current scope
     --> C:\Users\pc\.cargo\registry\src\index.crates.io-1949cf8c6b5b557f\stell
ar-xdr-21.2.0\src\curr\generated.rs:31000:42
      |
31000 | #[cfg_attr(feature = "arbitrary", derive(Arbitrary))]
      |                                          ^^^^^^^^^ function or 
associated item not found in `SorobanTransactionData`
...
31007 | pub struct SorobanTransactionData {
      | --------------------------------- function or associated item 
`try_size_hint` not found for this struct
      |
      = note: this error originates in the derive macro `Arbitrary` (in 
Nightly builds, run with -Z macro-backtrace for more info)

error[E0599]: no function or associated item named `try_size_hint` found for 
struct `TransactionV0` in the current scope
     --> C:\Users\pc\.cargo\registry\src\index.crates.io-1949cf8c6b5b557f\stell
ar-xdr-21.2.0\src\curr\generated.rs:31160:42
      |
31160 | #[cfg_attr(feature = "arbitrary", derive(Arbitrary))]
      |                                          ^^^^^^^^^ function or 
associated item not found in `TransactionV0`
...
31167 | pub struct TransactionV0 {
      | ------------------------ function or associated item `try_size_hint` 
not found for this struct
      |
      = note: this error originates in the derive macro `Arbitrary` (in 
Nightly builds, run with -Z macro-backtrace for more info)

error[E0599]: no function or associated item named `try_size_hint` found for 
struct `TransactionV0Envelope` in the current scope
     --> C:\Users\pc\.cargo\registry\src\index.crates.io-1949cf8c6b5b557f\stell
ar-xdr-21.2.0\src\curr\generated.rs:31223:42
      |
31223 | #[cfg_attr(feature = "arbitrary", derive(Arbitrary))]
      |                                          ^^^^^^^^^ function or 
associated item not found in `TransactionV0Envelope`
...
31230 | pub struct TransactionV0Envelope {
      | -------------------------------- function or associated item 
`try_size_hint` not found for this struct
      |
      = note: this error originates in the derive macro `Arbitrary` (in 
Nightly builds, run with -Z macro-backtrace for more info)

error[E0599]: no variant or associated item named `try_size_hint` found for 
enum `TransactionExt` in the current scope
     --> C:\Users\pc\.cargo\registry\src\index.crates.io-1949cf8c6b5b557f\stell
ar-xdr-21.2.0\src\curr\generated.rs:31272:42
      |
31272 | #[cfg_attr(feature = "arbitrary", derive(Arbitrary))]
      |                                          ^^^^^^^^^ variant or 
associated item not found in `TransactionExt`
...
31280 | pub enum TransactionExt {
      | ----------------------- variant or associated item `try_size_hint` not 
found for this enum
      |
      = note: this error originates in the derive macro `Arbitrary` (in 
Nightly builds, run with -Z macro-backtrace for more info)

error[E0599]: no function or associated item named `try_size_hint` found for 
struct `generated::Transaction` in the current scope
     --> C:\Users\pc\.cargo\registry\src\index.crates.io-1949cf8c6b5b557f\stell
ar-xdr-21.2.0\src\curr\generated.rs:31400:42
      |
31400 | #[cfg_attr(feature = "arbitrary", derive(Arbitrary))]
      |                                          ^^^^^^^^^ function or 
associated item not found in `generated::Transaction`
...
31407 | pub struct Transaction {
      | ---------------------- function or associated item `try_size_hint` not 
found for this struct
      |
      = note: this error originates in the derive macro `Arbitrary` (in 
Nightly builds, run with -Z macro-backtrace for more info)

error[E0599]: no function or associated item named `try_size_hint` found for 
struct `generated::TransactionV1Envelope` in the current scope
     --> C:\Users\pc\.cargo\registry\src\index.crates.io-1949cf8c6b5b557f\stell
ar-xdr-21.2.0\src\curr\generated.rs:31463:42
      |
31463 | #[cfg_attr(feature = "arbitrary", derive(Arbitrary))]
      |                                          ^^^^^^^^^ function or 
associated item not found in `generated::TransactionV1Envelope`
...
31470 | pub struct TransactionV1Envelope {
      | -------------------------------- function or associated item 
`try_size_hint` not found for this struct
      |
      = note: this error originates in the derive macro `Arbitrary` (in 
Nightly builds, run with -Z macro-backtrace for more info)

error[E0599]: no variant or associated item named `try_size_hint` found for 
enum `FeeBumpTransactionInnerTx` in the current scope
     --> C:\Users\pc\.cargo\registry\src\index.crates.io-1949cf8c6b5b557f\stell
ar-xdr-21.2.0\src\curr\generated.rs:31510:42
      |
31510 | #[cfg_attr(feature = "arbitrary", derive(Arbitrary))]
      |                                          ^^^^^^^^^ variant or 
associated item not found in `FeeBumpTransactionInnerTx`
...
31518 | pub enum FeeBumpTransactionInnerTx {
      | ---------------------------------- variant or associated item 
`try_size_hint` not found for this enum
      |
      = note: this error originates in the derive macro `Arbitrary` (in 
Nightly builds, run with -Z macro-backtrace for more info)

error[E0599]: no function or associated item named `try_size_hint` found for 
struct `generated::FeeBumpTransaction` in the current scope
     --> C:\Users\pc\.cargo\registry\src\index.crates.io-1949cf8c6b5b557f\stell
ar-xdr-21.2.0\src\curr\generated.rs:31723:42
      |
31723 | #[cfg_attr(feature = "arbitrary", derive(Arbitrary))]
      |                                          ^^^^^^^^^ function or 
associated item not found in `generated::FeeBumpTransaction`
...
31730 | pub struct FeeBumpTransaction {
      | ----------------------------- function or associated item 
`try_size_hint` not found for this struct
      |
      = note: this error originates in the derive macro `Arbitrary` (in 
Nightly builds, run with -Z macro-backtrace for more info)

error[E0599]: no function or associated item named `try_size_hint` found for 
struct `generated::FeeBumpTransactionEnvelope` in the current scope
     --> C:\Users\pc\.cargo\registry\src\index.crates.io-1949cf8c6b5b557f\stell
ar-xdr-21.2.0\src\curr\generated.rs:31777:42
      |
31777 | #[cfg_attr(feature = "arbitrary", derive(Arbitrary))]
      |                                          ^^^^^^^^^ function or 
associated item not found in `generated::FeeBumpTransactionEnvelope`
...
31784 | pub struct FeeBumpTransactionEnvelope {
      | ------------------------------------- function or associated item 
`try_size_hint` not found for this struct
      |
      = note: this error originates in the derive macro `Arbitrary` (in 
Nightly builds, run with -Z macro-backtrace for more info)

error[E0599]: no variant or associated item named `try_size_hint` found for 
enum `generated::TransactionEnvelope` in the current scope
     --> C:\Users\pc\.cargo\registry\src\index.crates.io-1949cf8c6b5b557f\stell
ar-xdr-21.2.0\src\curr\generated.rs:31828:42
      |
31828 | #[cfg_attr(feature = "arbitrary", derive(Arbitrary))]
      |                                          ^^^^^^^^^ variant or 
associated item not found in `generated::TransactionEnvelope`
...
31836 | pub enum TransactionEnvelope {
      | ---------------------------- variant or associated item 
`try_size_hint` not found for this enum
      |
      = note: this error originates in the derive macro `Arbitrary` (in 
Nightly builds, run with -Z macro-backtrace for more info)

error[E0599]: no variant or associated item named `try_size_hint` found for 
enum `TransactionSignaturePayloadTaggedTransaction` in the current scope
     --> C:\Users\pc\.cargo\registry\src\index.crates.io-1949cf8c6b5b557f\stell
ar-xdr-21.2.0\src\curr\generated.rs:31948:42
      |
31948 | #[cfg_attr(feature = "arbitrary", derive(Arbitrary))]
      |                                          ^^^^^^^^^ variant or 
associated item not found in `TransactionSignaturePayloadTaggedTransaction`
...
31956 | pub enum TransactionSignaturePayloadTaggedTransaction {
      | ----------------------------------------------------- variant or 
associated item `try_size_hint` not found for this enum
      |
      = note: this error originates in the derive macro `Arbitrary` (in 
Nightly builds, run with -Z macro-backtrace for more info)

error[E0599]: no function or associated item named `try_size_hint` found for 
struct `TransactionSignaturePayload` in the current scope
     --> C:\Users\pc\.cargo\registry\src\index.crates.io-1949cf8c6b5b557f\stell
ar-xdr-21.2.0\src\curr\generated.rs:32061:42
      |
32061 | #[cfg_attr(feature = "arbitrary", derive(Arbitrary))]
      |                                          ^^^^^^^^^ function or 
associated item not found in `TransactionSignaturePayload`
...
32068 | pub struct TransactionSignaturePayload {
      | -------------------------------------- function or associated item 
`try_size_hint` not found for this struct
      |
      = note: this error originates in the derive macro `Arbitrary` (in 
Nightly builds, run with -Z macro-backtrace for more info)

error[E0599]: no function or associated item named `try_size_hint` found for 
struct `ClaimOfferAtomV0` in the current scope
     --> C:\Users\pc\.cargo\registry\src\index.crates.io-1949cf8c6b5b557f\stell
ar-xdr-21.2.0\src\curr\generated.rs:32230:42
      |
32230 | #[cfg_attr(feature = "arbitrary", derive(Arbitrary))]
      |                                          ^^^^^^^^^ function or 
associated item not found in `ClaimOfferAtomV0`
...
32237 | pub struct ClaimOfferAtomV0 {
      | --------------------------- function or associated item 
`try_size_hint` not found for this struct
      |
      = note: this error originates in the derive macro `Arbitrary` (in 
Nightly builds, run with -Z macro-backtrace for more info)

error[E0599]: no function or associated item named `try_size_hint` found for 
struct `ClaimOfferAtom` in the current scope
     --> C:\Users\pc\.cargo\registry\src\index.crates.io-1949cf8c6b5b557f\stell
ar-xdr-21.2.0\src\curr\generated.rs:32297:42
      |
32297 | #[cfg_attr(feature = "arbitrary", derive(Arbitrary))]
      |                                          ^^^^^^^^^ function or 
associated item not found in `ClaimOfferAtom`
...
32304 | pub struct ClaimOfferAtom {
      | ------------------------- function or associated item `try_size_hint` 
not found for this struct
      |
      = note: this error originates in the derive macro `Arbitrary` (in 
Nightly builds, run with -Z macro-backtrace for more info)

error[E0599]: no function or associated item named `try_size_hint` found for 
struct `ClaimLiquidityAtom` in the current scope
     --> C:\Users\pc\.cargo\registry\src\index.crates.io-1949cf8c6b5b557f\stell
ar-xdr-21.2.0\src\curr\generated.rs:32362:42
      |
32362 | #[cfg_attr(feature = "arbitrary", derive(Arbitrary))]
      |                                          ^^^^^^^^^ function or 
associated item not found in `ClaimLiquidityAtom`
...
32369 | pub struct ClaimLiquidityAtom {
      | ----------------------------- function or associated item 
`try_size_hint` not found for this struct
      |
      = note: this error originates in the derive macro `Arbitrary` (in 
Nightly builds, run with -Z macro-backtrace for more info)

error[E0599]: no variant or associated item named `try_size_hint` found for 
enum `ClaimAtom` in the current scope
     --> C:\Users\pc\.cargo\registry\src\index.crates.io-1949cf8c6b5b557f\stell
ar-xdr-21.2.0\src\curr\generated.rs:32422:42
      |
32422 | #[cfg_attr(feature = "arbitrary", derive(Arbitrary))]
      |                                          ^^^^^^^^^ variant or 
associated item not found in `ClaimAtom`
...
32430 | pub enum ClaimAtom {
      | ------------------ variant or associated item `try_size_hint` not 
found for this enum
      |
      = note: this error originates in the derive macro `Arbitrary` (in 
Nightly builds, run with -Z macro-backtrace for more info)

error[E0599]: no function or associated item named `try_size_hint` found for 
struct `SimplePaymentResult` in the current scope
     --> C:\Users\pc\.cargo\registry\src\index.crates.io-1949cf8c6b5b557f\stell
ar-xdr-21.2.0\src\curr\generated.rs:33342:42
      |
33342 | #[cfg_attr(feature = "arbitrary", derive(Arbitrary))]
      |                                          ^^^^^^^^^ function or 
associated item not found in `SimplePaymentResult`
...
33349 | pub struct SimplePaymentResult {
      | ------------------------------ function or associated item 
`try_size_hint` not found for this struct
      |
      = note: this error originates in the derive macro `Arbitrary` (in 
Nightly builds, run with -Z macro-backtrace for more info)

error[E0599]: no function or associated item named `try_size_hint` found for 
struct `PathPaymentStrictReceiveResultSuccess` in the current scope
     --> C:\Users\pc\.cargo\registry\src\index.crates.io-1949cf8c6b5b557f\stell
ar-xdr-21.2.0\src\curr\generated.rs:33391:42
      |
33391 | #[cfg_attr(feature = "arbitrary", derive(Arbitrary))]
      |                                          ^^^^^^^^^ function or 
associated item not found in `PathPaymentStrictReceiveResultSuccess`
...
33398 | pub struct PathPaymentStrictReceiveResultSuccess {
      | ------------------------------------------------ function or 
associated item `try_size_hint` not found for this struct
      |
      = note: this error originates in the derive macro `Arbitrary` (in 
Nightly builds, run with -Z macro-backtrace for more info)

error[E0599]: no variant or associated item named `try_size_hint` found for 
enum `PathPaymentStrictReceiveResult` in the current scope
     --> C:\Users\pc\.cargo\registry\src\index.crates.io-1949cf8c6b5b557f\stell
ar-xdr-21.2.0\src\curr\generated.rs:33458:42
      |
33458 | #[cfg_attr(feature = "arbitrary", derive(Arbitrary))]
      |                                          ^^^^^^^^^ variant or 
associated item not found in `PathPaymentStrictReceiveResult`
...
33466 | pub enum PathPaymentStrictReceiveResult {
      | --------------------------------------- variant or associated item 
`try_size_hint` not found for this enum
      |
      = note: this error originates in the derive macro `Arbitrary` (in 
Nightly builds, run with -Z macro-backtrace for more info)

error[E0599]: no function or associated item named `try_size_hint` found for 
struct `PathPaymentStrictSendResultSuccess` in the current scope
     --> C:\Users\pc\.cargo\registry\src\index.crates.io-1949cf8c6b5b557f\stell
ar-xdr-21.2.0\src\curr\generated.rs:33838:42
      |
33838 | #[cfg_attr(feature = "arbitrary", derive(Arbitrary))]
      |                                          ^^^^^^^^^ function or 
associated item not found in `PathPaymentStrictSendResultSuccess`
...
33845 | pub struct PathPaymentStrictSendResultSuccess {
      | --------------------------------------------- function or associated 
item `try_size_hint` not found for this struct
      |
      = note: this error originates in the derive macro `Arbitrary` (in 
Nightly builds, run with -Z macro-backtrace for more info)

error[E0599]: no variant or associated item named `try_size_hint` found for 
enum `PathPaymentStrictSendResult` in the current scope
     --> C:\Users\pc\.cargo\registry\src\index.crates.io-1949cf8c6b5b557f\stell
ar-xdr-21.2.0\src\curr\generated.rs:33904:42
      |
33904 | #[cfg_attr(feature = "arbitrary", derive(Arbitrary))]
      |                                          ^^^^^^^^^ variant or 
associated item not found in `PathPaymentStrictSendResult`
...
33912 | pub enum PathPaymentStrictSendResult {
      | ------------------------------------ variant or associated item 
`try_size_hint` not found for this enum
      |
      = note: this error originates in the derive macro `Arbitrary` (in 
Nightly builds, run with -Z macro-backtrace for more info)

error[E0599]: no variant or associated item named `try_size_hint` found for 
enum `ManageOfferSuccessResultOffer` in the current scope
     --> C:\Users\pc\.cargo\registry\src\index.crates.io-1949cf8c6b5b557f\stell
ar-xdr-21.2.0\src\curr\generated.rs:34401:42
      |
34401 | #[cfg_attr(feature = "arbitrary", derive(Arbitrary))]
      |                                          ^^^^^^^^^ variant or 
associated item not found in `ManageOfferSuccessResultOffer`
...
34409 | pub enum ManageOfferSuccessResultOffer {
      | -------------------------------------- variant or associated item 
`try_size_hint` not found for this enum
      |
      = note: this error originates in the derive macro `Arbitrary` (in 
Nightly builds, run with -Z macro-backtrace for more info)

error[E0599]: no function or associated item named `try_size_hint` found for 
struct `ManageOfferSuccessResult` in the current scope
     --> C:\Users\pc\.cargo\registry\src\index.crates.io-1949cf8c6b5b557f\stell
ar-xdr-21.2.0\src\curr\generated.rs:34525:42
      |
34525 | #[cfg_attr(feature = "arbitrary", derive(Arbitrary))]
      |                                          ^^^^^^^^^ function or 
associated item not found in `ManageOfferSuccessResult`
...
34532 | pub struct ManageOfferSuccessResult {
      | ----------------------------------- function or associated item 
`try_size_hint` not found for this struct
      |
      = note: this error originates in the derive macro `Arbitrary` (in 
Nightly builds, run with -Z macro-backtrace for more info)

error[E0599]: no variant or associated item named `try_size_hint` found for 
enum `ManageSellOfferResult` in the current scope
     --> C:\Users\pc\.cargo\registry\src\index.crates.io-1949cf8c6b5b557f\stell
ar-xdr-21.2.0\src\curr\generated.rs:34585:42
      |
34585 | #[cfg_attr(feature = "arbitrary", derive(Arbitrary))]
      |                                          ^^^^^^^^^ variant or 
associated item not found in `ManageSellOfferResult`
...
34593 | pub enum ManageSellOfferResult {
      | ------------------------------ variant or associated item 
`try_size_hint` not found for this enum
      |
      = note: this error originates in the derive macro `Arbitrary` (in 
Nightly builds, run with -Z macro-backtrace for more info)

error[E0599]: no variant or associated item named `try_size_hint` found for 
enum `ManageBuyOfferResult` in the current scope
     --> C:\Users\pc\.cargo\registry\src\index.crates.io-1949cf8c6b5b557f\stell
ar-xdr-21.2.0\src\curr\generated.rs:34975:42
      |
34975 | #[cfg_attr(feature = "arbitrary", derive(Arbitrary))]
      |                                          ^^^^^^^^^ variant or 
associated item not found in `ManageBuyOfferResult`
...
34983 | pub enum ManageBuyOfferResult {
      | ----------------------------- variant or associated item 
`try_size_hint` not found for this enum
      |
      = note: this error originates in the derive macro `Arbitrary` (in 
Nightly builds, run with -Z macro-backtrace for more info)

error[E0599]: no variant or associated item named `try_size_hint` found for 
enum `AccountMergeResult` in the current scope
     --> C:\Users\pc\.cargo\registry\src\index.crates.io-1949cf8c6b5b557f\stell
ar-xdr-21.2.0\src\curr\generated.rs:36312:42
      |
36312 | #[cfg_attr(feature = "arbitrary", derive(Arbitrary))]
      |                                          ^^^^^^^^^ variant or 
associated item not found in `AccountMergeResult`
...
36320 | pub enum AccountMergeResult {
      | --------------------------- variant or associated item `try_size_hint` 
not found for this enum
      |
      = note: this error originates in the derive macro `Arbitrary` (in 
Nightly builds, run with -Z macro-backtrace for more info)

error[E0599]: no function or associated item named `try_size_hint` found for 
struct `InflationPayout` in the current scope
     --> C:\Users\pc\.cargo\registry\src\index.crates.io-1949cf8c6b5b557f\stell
ar-xdr-21.2.0\src\curr\generated.rs:36574:42
      |
36574 | #[cfg_attr(feature = "arbitrary", derive(Arbitrary))]
      |                                          ^^^^^^^^^ function or 
associated item not found in `InflationPayout`
...
36581 | pub struct InflationPayout {
      | -------------------------- function or associated item `try_size_hint` 
not found for this struct
      |
      = note: this error originates in the derive macro `Arbitrary` (in 
Nightly builds, run with -Z macro-backtrace for more info)

error[E0599]: no variant or associated item named `try_size_hint` found for 
enum `InflationResult` in the current scope
     --> C:\Users\pc\.cargo\registry\src\index.crates.io-1949cf8c6b5b557f\stell
ar-xdr-21.2.0\src\curr\generated.rs:36623:42
      |
36623 | #[cfg_attr(feature = "arbitrary", derive(Arbitrary))]
      |                                          ^^^^^^^^^ variant or 
associated item not found in `InflationResult`
...
36631 | pub enum InflationResult {
      | ------------------------ variant or associated item `try_size_hint` 
not found for this enum
      |
      = note: this error originates in the derive macro `Arbitrary` (in 
Nightly builds, run with -Z macro-backtrace for more info)

error[E0599]: no variant or associated item named `try_size_hint` found for 
enum `CreateClaimableBalanceResult` in the current scope
     --> C:\Users\pc\.cargo\registry\src\index.crates.io-1949cf8c6b5b557f\stell
ar-xdr-21.2.0\src\curr\generated.rs:37369:42
      |
37369 | #[cfg_attr(feature = "arbitrary", derive(Arbitrary))]
      |                                          ^^^^^^^^^ variant or 
associated item not found in `CreateClaimableBalanceResult`
...
37377 | pub enum CreateClaimableBalanceResult {
      | ------------------------------------- variant or associated item 
`try_size_hint` not found for this enum
      |
      = note: this error originates in the derive macro `Arbitrary` (in 
Nightly builds, run with -Z macro-backtrace for more info)

error[E0599]: no variant or associated item named `try_size_hint` found for 
enum `InvokeHostFunctionResult` in the current scope
     --> C:\Users\pc\.cargo\registry\src\index.crates.io-1949cf8c6b5b557f\stell
ar-xdr-21.2.0\src\curr\generated.rs:40118:42
      |
40118 | #[cfg_attr(feature = "arbitrary", derive(Arbitrary))]
      |                                          ^^^^^^^^^ variant or 
associated item not found in `InvokeHostFunctionResult`
...
40126 | pub enum InvokeHostFunctionResult {
      | --------------------------------- variant or associated item 
`try_size_hint` not found for this enum
      |
      = note: this error originates in the derive macro `Arbitrary` (in 
Nightly builds, run with -Z macro-backtrace for more info)

error[E0599]: no variant or associated item named `try_size_hint` found for 
enum `OperationResultTr` in the current scope
     --> C:\Users\pc\.cargo\registry\src\index.crates.io-1949cf8c6b5b557f\stell
ar-xdr-21.2.0\src\curr\generated.rs:40982:42
      |
40982 | #[cfg_attr(feature = "arbitrary", derive(Arbitrary))]
      |                                          ^^^^^^^^^ variant or 
associated item not found in `OperationResultTr`
...
40990 | pub enum OperationResultTr {
      | -------------------------- variant or associated item `try_size_hint` 
not found for this enum
      |
      = note: this error originates in the derive macro `Arbitrary` (in 
Nightly builds, run with -Z macro-backtrace for more info)

error[E0599]: no variant or associated item named `try_size_hint` found for 
enum `OperationResult` in the current scope
     --> C:\Users\pc\.cargo\registry\src\index.crates.io-1949cf8c6b5b557f\stell
ar-xdr-21.2.0\src\curr\generated.rs:41371:42
      |
41371 | #[cfg_attr(feature = "arbitrary", derive(Arbitrary))]
      |                                          ^^^^^^^^^ variant or 
associated item not found in `OperationResult`
...
41379 | pub enum OperationResult {
      | ------------------------ variant or associated item `try_size_hint` 
not found for this enum
      |
      = note: this error originates in the derive macro `Arbitrary` (in 
Nightly builds, run with -Z macro-backtrace for more info)

error[E0599]: no variant or associated item named `try_size_hint` found for 
enum `InnerTransactionResultResult` in the current scope
     --> C:\Users\pc\.cargo\registry\src\index.crates.io-1949cf8c6b5b557f\stell
ar-xdr-21.2.0\src\curr\generated.rs:41755:42
      |
41755 | #[cfg_attr(feature = "arbitrary", derive(Arbitrary))]
      |                                          ^^^^^^^^^ variant or 
associated item not found in `InnerTransactionResultResult`
...
41763 | pub enum InnerTransactionResultResult {
      | ------------------------------------- variant or associated item 
`try_size_hint` not found for this enum
      |
      = note: this error originates in the derive macro `Arbitrary` (in 
Nightly builds, run with -Z macro-backtrace for more info)

error[E0599]: no function or associated item named `try_size_hint` found for 
struct `InnerTransactionResult` in the current scope
     --> C:\Users\pc\.cargo\registry\src\index.crates.io-1949cf8c6b5b557f\stell
ar-xdr-21.2.0\src\curr\generated.rs:42110:42
      |
42110 | #[cfg_attr(feature = "arbitrary", derive(Arbitrary))]
      |                                          ^^^^^^^^^ function or 
associated item not found in `InnerTransactionResult`
...
42117 | pub struct InnerTransactionResult {
      | --------------------------------- function or associated item 
`try_size_hint` not found for this struct
      |
      = note: this error originates in the derive macro `Arbitrary` (in 
Nightly builds, run with -Z macro-backtrace for more info)

error[E0599]: no function or associated item named `try_size_hint` found for 
struct `InnerTransactionResultPair` in the current scope
     --> C:\Users\pc\.cargo\registry\src\index.crates.io-1949cf8c6b5b557f\stell
ar-xdr-21.2.0\src\curr\generated.rs:42159:42
      |
42159 | #[cfg_attr(feature = "arbitrary", derive(Arbitrary))]
      |                                          ^^^^^^^^^ function or 
associated item not found in `InnerTransactionResultPair`
...
42166 | pub struct InnerTransactionResultPair {
      | ------------------------------------- function or associated item 
`try_size_hint` not found for this struct
      |
      = note: this error originates in the derive macro `Arbitrary` (in 
Nightly builds, run with -Z macro-backtrace for more info)

error[E0599]: no variant or associated item named `try_size_hint` found for 
enum `TransactionResultResult` in the current scope
     --> C:\Users\pc\.cargo\registry\src\index.crates.io-1949cf8c6b5b557f\stell
ar-xdr-21.2.0\src\curr\generated.rs:42227:42
      |
42227 | #[cfg_attr(feature = "arbitrary", derive(Arbitrary))]
      |                                          ^^^^^^^^^ variant or 
associated item not found in `TransactionResultResult`
...
42235 | pub enum TransactionResultResult {
      | -------------------------------- variant or associated item 
`try_size_hint` not found for this enum
      |
      = note: this error originates in the derive macro `Arbitrary` (in 
Nightly builds, run with -Z macro-backtrace for more info)

error[E0599]: no function or associated item named `try_size_hint` found for 
struct `TransactionResult` in the current scope
     --> C:\Users\pc\.cargo\registry\src\index.crates.io-1949cf8c6b5b557f\stell
ar-xdr-21.2.0\src\curr\generated.rs:42601:42
      |
42601 | #[cfg_attr(feature = "arbitrary", derive(Arbitrary))]
      |                                          ^^^^^^^^^ function or 
associated item not found in `TransactionResult`
...
42608 | pub struct TransactionResult {
      | ---------------------------- function or associated item 
`try_size_hint` not found for this struct
      |
      = note: this error originates in the derive macro `Arbitrary` (in 
Nightly builds, run with -Z macro-backtrace for more info)

error[E0599]: no function or associated item named `try_size_hint` found for 
struct `generated::Hash` in the current scope
     --> C:\Users\pc\.cargo\registry\src\index.crates.io-1949cf8c6b5b557f\stell
ar-xdr-21.2.0\src\curr\generated.rs:42646:42
      |
42646 | #[cfg_attr(feature = "arbitrary", derive(Arbitrary))]
      |                                          ^^^^^^^^^ function or 
associated item not found in `generated::Hash`
...
42651 | pub struct Hash(pub [u8; 32]);
      | --------------- function or associated item `try_size_hint` not found 
for this struct
      |
      = note: this error originates in the derive macro `Arbitrary` (in 
Nightly builds, run with -Z macro-backtrace for more info)

error[E0599]: no function or associated item named `try_size_hint` found for 
struct `generated::Uint256` in the current scope
     --> C:\Users\pc\.cargo\registry\src\index.crates.io-1949cf8c6b5b557f\stell
ar-xdr-21.2.0\src\curr\generated.rs:42797:42
      |
42797 | #[cfg_attr(feature = "arbitrary", derive(Arbitrary))]
      |                                          ^^^^^^^^^ function or 
associated item not found in `generated::Uint256`
...
42802 | pub struct Uint256(pub [u8; 32]);
      | ------------------ function or associated item `try_size_hint` not 
found for this struct
      |
      = note: this error originates in the derive macro `Arbitrary` (in 
Nightly builds, run with -Z macro-backtrace for more info)

error[E0599]: no function or associated item named `try_size_hint` found for 
struct `TimePoint` in the current scope
     --> C:\Users\pc\.cargo\registry\src\index.crates.io-1949cf8c6b5b557f\stell
ar-xdr-21.2.0\src\curr\generated.rs:42980:42
      |
42980 | #[cfg_attr(feature = "arbitrary", derive(Arbitrary))]
      |                                          ^^^^^^^^^ function or 
associated item not found in `TimePoint`
...
42988 | pub struct TimePoint(pub u64);
      | -------------------- function or associated item `try_size_hint` not 
found for this struct
      |
      = note: this error originates in the derive macro `Arbitrary` (in 
Nightly builds, run with -Z macro-backtrace for more info)

error[E0599]: no function or associated item named `try_size_hint` found for 
struct `generated::Duration` in the current scope
     --> C:\Users\pc\.cargo\registry\src\index.crates.io-1949cf8c6b5b557f\stell
ar-xdr-21.2.0\src\curr\generated.rs:43036:42
      |
43036 | #[cfg_attr(feature = "arbitrary", derive(Arbitrary))]
      |                                          ^^^^^^^^^ function or 
associated item not found in `generated::Duration`
...
43044 | pub struct Duration(pub u64);
      | ------------------- function or associated item `try_size_hint` not 
found for this struct
      |
      = note: this error originates in the derive macro `Arbitrary` (in 
Nightly builds, run with -Z macro-backtrace for more info)

error[E0599]: no variant or associated item named `try_size_hint` found for 
enum `generated::PublicKey` in the current scope
     --> C:\Users\pc\.cargo\registry\src\index.crates.io-1949cf8c6b5b557f\stell
ar-xdr-21.2.0\src\curr\generated.rs:43552:42
      |
43552 | #[cfg_attr(feature = "arbitrary", derive(Arbitrary))]
      |                                          ^^^^^^^^^ variant or 
associated item not found in `generated::PublicKey`
...
43558 | pub enum PublicKey {
      | ------------------ variant or associated item `try_size_hint` not 
found for this enum
      |
      = note: this error originates in the derive macro `Arbitrary` (in 
Nightly builds, run with -Z macro-backtrace for more info)

error[E0599]: no function or associated item named `try_size_hint` found for 
struct `generated::SignerKeyEd25519SignedPayload` in the current scope
     --> C:\Users\pc\.cargo\registry\src\index.crates.io-1949cf8c6b5b557f\stell
ar-xdr-21.2.0\src\curr\generated.rs:43654:42
      |
43654 | #[cfg_attr(feature = "arbitrary", derive(Arbitrary))]
      |                                          ^^^^^^^^^ function or 
associated item not found in `generated::SignerKeyEd25519SignedPayload`
...
43659 | pub struct SignerKeyEd25519SignedPayload {
      | ---------------------------------------- function or associated item 
`try_size_hint` not found for this struct
      |
      = note: this error originates in the derive macro `Arbitrary` (in 
Nightly builds, run with -Z macro-backtrace for more info)

error[E0599]: no variant or associated item named `try_size_hint` found for 
enum `generated::SignerKey` in the current scope
     --> C:\Users\pc\.cargo\registry\src\index.crates.io-1949cf8c6b5b557f\stell
ar-xdr-21.2.0\src\curr\generated.rs:43713:42
      |
43713 | #[cfg_attr(feature = "arbitrary", derive(Arbitrary))]
      |                                          ^^^^^^^^^ variant or 
associated item not found in `generated::SignerKey`
...
43719 | pub enum SignerKey {
      | ------------------ variant or associated item `try_size_hint` not 
found for this enum
      |
      = note: this error originates in the derive macro `Arbitrary` (in 
Nightly builds, run with -Z macro-backtrace for more info)

error[E0599]: no function or associated item named `try_size_hint` found for 
struct `Signature` in the current scope
     --> C:\Users\pc\.cargo\registry\src\index.crates.io-1949cf8c6b5b557f\stell
ar-xdr-21.2.0\src\curr\generated.rs:43830:42
      |
43830 | #[cfg_attr(feature = "arbitrary", derive(Arbitrary))]
      |                                          ^^^^^^^^^ function or 
associated item not found in `Signature`
...
43839 | pub struct Signature(pub BytesM<64>);
      | -------------------- function or associated item `try_size_hint` not 
found for this struct
      |
      = note: this error originates in the derive macro `Arbitrary` (in 
Nightly builds, run with -Z macro-backtrace for more info)

error[E0599]: no function or associated item named `try_size_hint` found for 
struct `SignatureHint` in the current scope
     --> C:\Users\pc\.cargo\registry\src\index.crates.io-1949cf8c6b5b557f\stell
ar-xdr-21.2.0\src\curr\generated.rs:43936:42
      |
43936 | #[cfg_attr(feature = "arbitrary", derive(Arbitrary))]
      |                                          ^^^^^^^^^ function or 
associated item not found in `SignatureHint`
...
43941 | pub struct SignatureHint(pub [u8; 4]);
      | ------------------------ function or associated item `try_size_hint` 
not found for this struct
      |
      = note: this error originates in the derive macro `Arbitrary` (in 
Nightly builds, run with -Z macro-backtrace for more info)

error[E0599]: no function or associated item named `try_size_hint` found for 
struct `generated::NodeId` in the current scope
     --> C:\Users\pc\.cargo\registry\src\index.crates.io-1949cf8c6b5b557f\stell
ar-xdr-21.2.0\src\curr\generated.rs:44087:42
      |
44087 | #[cfg_attr(feature = "arbitrary", derive(Arbitrary))]
      |                                          ^^^^^^^^^ function or 
associated item not found in `generated::NodeId`
...
44093 | pub struct NodeId(pub PublicKey);
      | ----------------- function or associated item `try_size_hint` not 
found for this struct
      |
      = note: this error originates in the derive macro `Arbitrary` (in 
Nightly builds, run with -Z macro-backtrace for more info)

error[E0599]: no function or associated item named `try_size_hint` found for 
struct `generated::AccountId` in the current scope
     --> C:\Users\pc\.cargo\registry\src\index.crates.io-1949cf8c6b5b557f\stell
ar-xdr-21.2.0\src\curr\generated.rs:44141:42
      |
44141 | #[cfg_attr(feature = "arbitrary", derive(Arbitrary))]
      |                                          ^^^^^^^^^ function or 
associated item not found in `generated::AccountId`
...
44147 | pub struct AccountId(pub PublicKey);
      | -------------------- function or associated item `try_size_hint` not 
found for this struct
      |
      = note: this error originates in the derive macro `Arbitrary` (in 
Nightly builds, run with -Z macro-backtrace for more info)

error[E0599]: no function or associated item named `try_size_hint` found for 
struct `Curve25519Secret` in the current scope
     --> C:\Users\pc\.cargo\registry\src\index.crates.io-1949cf8c6b5b557f\stell
ar-xdr-21.2.0\src\curr\generated.rs:44198:42
      |
44198 | #[cfg_attr(feature = "arbitrary", derive(Arbitrary))]
      |                                          ^^^^^^^^^ function or 
associated item not found in `Curve25519Secret`
...
44205 | pub struct Curve25519Secret {
      | --------------------------- function or associated item 
`try_size_hint` not found for this struct
      |
      = note: this error originates in the derive macro `Arbitrary` (in 
Nightly builds, run with -Z macro-backtrace for more info)

error[E0599]: no function or associated item named `try_size_hint` found for 
struct `Curve25519Public` in the current scope
     --> C:\Users\pc\.cargo\registry\src\index.crates.io-1949cf8c6b5b557f\stell
ar-xdr-21.2.0\src\curr\generated.rs:44240:42
      |
44240 | #[cfg_attr(feature = "arbitrary", derive(Arbitrary))]
      |                                          ^^^^^^^^^ function or 
associated item not found in `Curve25519Public`
...
44247 | pub struct Curve25519Public {
      | --------------------------- function or associated item 
`try_size_hint` not found for this struct
      |
      = note: this error originates in the derive macro `Arbitrary` (in 
Nightly builds, run with -Z macro-backtrace for more info)

error[E0599]: no function or associated item named `try_size_hint` found for 
struct `HmacSha256Key` in the current scope
     --> C:\Users\pc\.cargo\registry\src\index.crates.io-1949cf8c6b5b557f\stell
ar-xdr-21.2.0\src\curr\generated.rs:44282:42
      |
44282 | #[cfg_attr(feature = "arbitrary", derive(Arbitrary))]
      |                                          ^^^^^^^^^ function or 
associated item not found in `HmacSha256Key`
...
44289 | pub struct HmacSha256Key {
      | ------------------------ function or associated item `try_size_hint` 
not found for this struct
      |
      = note: this error originates in the derive macro `Arbitrary` (in 
Nightly builds, run with -Z macro-backtrace for more info)

error[E0599]: no function or associated item named `try_size_hint` found for 
struct `HmacSha256Mac` in the current scope
     --> C:\Users\pc\.cargo\registry\src\index.crates.io-1949cf8c6b5b557f\stell
ar-xdr-21.2.0\src\curr\generated.rs:44324:42
      |
44324 | #[cfg_attr(feature = "arbitrary", derive(Arbitrary))]
      |                                          ^^^^^^^^^ function or 
associated item not found in `HmacSha256Mac`
...
44331 | pub struct HmacSha256Mac {
      | ------------------------ function or associated item `try_size_hint` 
not found for this struct
      |
      = note: this error originates in the derive macro `Arbitrary` (in 
Nightly builds, run with -Z macro-backtrace for more info)

Some errors have detailed explanations: E0407, E0425, E0433, E0576, E0599.
For more information about an error, try `rustc --explain E0407`.
error: could not compile `stellar-xdr` (lib) due to 1956 previous errors
